HEAP DUMP BEGIN (5695 objects, 754512 bytes) Thu Nov 11 18:48:39 2021
ROOT 0 (kind=<thread>, id=200000, trace=300000)
ROOT 50001634 (kind=<thread>, id=200003, trace=300001)
ROOT 50001634 (kind=<thread block>, thread=200003)
ROOT 50001640 (kind=<thread>, id=200004, trace=300000)
ROOT 50001640 (kind=<thread block>, thread=200004)
ROOT 50001640 (kind=<JNI local ref>, thread=200000, frame=0)
ROOT 50001641 (kind=<thread>, id=200005, trace=300000)
ROOT 50001641 (kind=<thread block>, thread=200005)
ROOT 50001642 (kind=<thread>, id=200006, trace=300000)
ROOT 50001642 (kind=<thread block>, thread=200006)
ROOT 50001643 (kind=<thread>, id=200007, trace=300000)
ROOT 50001643 (kind=<thread block>, thread=200007)
ROOT 50001644 (kind=<Java stack>, thread=200000, frame=1)
ROOT 50001645 (kind=<Java stack>, thread=200000, frame=1)
ROOT 50001644 (kind=<Java stack>, thread=200000, frame=2)
ROOT 50001643 (kind=<Java stack>, thread=200000, frame=3)
ROOT 50001646 (kind=<Java stack>, thread=200000, frame=3)
ROOT 50001647 (kind=<thread>, id=200008, trace=300000)
ROOT 50001647 (kind=<thread block>, thread=200008)
ROOT 50001648 (kind=<Java stack>, thread=200000, frame=1)
ROOT 50001648 (kind=<Java stack>, thread=200000, frame=2)
ROOT 50001647 (kind=<Java stack>, thread=200000, frame=3)
ROOT 50001649 (kind=<JNI global ref>, id=1, trace=300000)
ROOT 50000181 (kind=<JNI global ref>, id=2, trace=300000)
ROOT 50000001 (kind=<JNI global ref>, id=3, trace=300000)
ROOT 50000185 (kind=<JNI global ref>, id=4, trace=300000)
ROOT 50000002 (kind=<JNI global ref>, id=5, trace=300000)
ROOT 50000003 (kind=<JNI global ref>, id=6, trace=300000)
ROOT 5000000f (kind=<JNI global ref>, id=7, trace=300000)
ROOT 50000004 (kind=<JNI global ref>, id=8, trace=300000)
ROOT 50000005 (kind=<JNI global ref>, id=9, trace=300000)
ROOT 500000ed (kind=<JNI global ref>, id=a, trace=300000)
ROOT 50000006 (kind=<JNI global ref>, id=b, trace=300000)
ROOT 50000007 (kind=<JNI global ref>, id=c, trace=300000)
ROOT 50000008 (kind=<JNI global ref>, id=d, trace=300000)
ROOT 50000009 (kind=<JNI global ref>, id=e, trace=300000)
ROOT 5000000a (kind=<JNI global ref>, id=f, trace=300000)
ROOT 5000000b (kind=<JNI global ref>, id=10, trace=300000)
ROOT 5000000c (kind=<JNI global ref>, id=11, trace=300000)
ROOT 5000000d (kind=<JNI global ref>, id=12, trace=300000)
ROOT 5000000e (kind=<JNI global ref>, id=13, trace=300000)
ROOT 50000010 (kind=<JNI global ref>, id=14, trace=300000)
ROOT 50000011 (kind=<JNI global ref>, id=15, trace=300000)
ROOT 50000012 (kind=<JNI global ref>, id=16, trace=300000)
ROOT 50000013 (kind=<JNI global ref>, id=17, trace=300000)
ROOT 50000014 (kind=<JNI global ref>, id=18, trace=300000)
ROOT 50000054 (kind=<JNI global ref>, id=19, trace=300000)
ROOT 50000015 (kind=<JNI global ref>, id=1a, trace=300000)
ROOT 50000016 (kind=<JNI global ref>, id=1b, trace=300000)
ROOT 50000017 (kind=<JNI global ref>, id=1c, trace=300000)
ROOT 50000018 (kind=<JNI global ref>, id=1d, trace=300000)
ROOT 50000019 (kind=<JNI global ref>, id=1e, trace=300000)
ROOT 50000165 (kind=<JNI global ref>, id=1f, trace=300000)
ROOT 5000001a (kind=<JNI global ref>, id=20, trace=300000)
ROOT 5000001b (kind=<JNI global ref>, id=21, trace=300000)
ROOT 5000002e (kind=<JNI global ref>, id=22, trace=300000)
ROOT 5000001c (kind=<JNI global ref>, id=23, trace=300000)
ROOT 5000001d (kind=<JNI global ref>, id=24, trace=300000)
ROOT 50000020 (kind=<JNI global ref>, id=25, trace=300000)
ROOT 5000001e (kind=<JNI global ref>, id=26, trace=300000)
ROOT 5000001f (kind=<JNI global ref>, id=27, trace=300000)
ROOT 50000021 (kind=<JNI global ref>, id=28, trace=300000)
ROOT 50000022 (kind=<JNI global ref>, id=29, trace=300000)
ROOT 50000023 (kind=<JNI global ref>, id=2a, trace=300000)
ROOT 50000024 (kind=<JNI global ref>, id=2b, trace=300000)
ROOT 50000025 (kind=<JNI global ref>, id=2c, trace=300000)
ROOT 50000026 (kind=<JNI global ref>, id=2d, trace=300000)
ROOT 50000027 (kind=<JNI global ref>, id=2e, trace=300000)
ROOT 50000028 (kind=<JNI global ref>, id=2f, trace=300000)
ROOT 50000029 (kind=<JNI global ref>, id=30, trace=300000)
ROOT 5000002a (kind=<JNI global ref>, id=31, trace=300000)
ROOT 5000002b (kind=<JNI global ref>, id=32, trace=300000)
ROOT 500000ea (kind=<JNI global ref>, id=33, trace=300000)
ROOT 5000002c (kind=<JNI global ref>, id=34, trace=300000)
ROOT 5000002d (kind=<JNI global ref>, id=35, trace=300000)
ROOT 5000002f (kind=<JNI global ref>, id=36, trace=300000)
ROOT 50000030 (kind=<JNI global ref>, id=37, trace=300000)
ROOT 50000031 (kind=<JNI global ref>, id=38, trace=300000)
ROOT 50000035 (kind=<JNI global ref>, id=39, trace=300000)
ROOT 50000032 (kind=<JNI global ref>, id=3a, trace=300000)
ROOT 50000033 (kind=<JNI global ref>, id=3b, trace=300000)
ROOT 50000034 (kind=<JNI global ref>, id=3c, trace=300000)
ROOT 50000036 (kind=<JNI global ref>, id=3d, trace=300000)
ROOT 50000037 (kind=<JNI global ref>, id=3e, trace=300000)
ROOT 50000038 (kind=<JNI global ref>, id=3f, trace=300000)
ROOT 50000039 (kind=<JNI global ref>, id=40, trace=300000)
ROOT 5000003a (kind=<JNI global ref>, id=41, trace=300000)
ROOT 5000003b (kind=<JNI global ref>, id=42, trace=300000)
ROOT 5000003c (kind=<JNI global ref>, id=43, trace=300000)
ROOT 5000003d (kind=<JNI global ref>, id=44, trace=300000)
ROOT 5000003e (kind=<JNI global ref>, id=45, trace=300000)
ROOT 5000003f (kind=<JNI global ref>, id=46, trace=300000)
ROOT 50000164 (kind=<JNI global ref>, id=47, trace=300000)
ROOT 50000040 (kind=<JNI global ref>, id=48, trace=300000)
ROOT 50000041 (kind=<JNI global ref>, id=49, trace=300000)
ROOT 50000042 (kind=<JNI global ref>, id=4a, trace=300000)
ROOT 50000043 (kind=<JNI global ref>, id=4b, trace=300000)
ROOT 50000044 (kind=<JNI global ref>, id=4c, trace=300000)
ROOT 50000045 (kind=<JNI global ref>, id=4d, trace=300000)
ROOT 50000046 (kind=<JNI global ref>, id=4e, trace=300000)
ROOT 50000175 (kind=<JNI global ref>, id=4f, trace=300000)
ROOT 50000047 (kind=<JNI global ref>, id=50, trace=300000)
ROOT 50000048 (kind=<JNI global ref>, id=51, trace=300000)
ROOT 50000049 (kind=<JNI global ref>, id=52, trace=300000)
ROOT 5000004a (kind=<JNI global ref>, id=53, trace=300000)
ROOT 5000004b (kind=<JNI global ref>, id=54, trace=300000)
ROOT 5000004c (kind=<JNI global ref>, id=55, trace=300000)
ROOT 5000004d (kind=<JNI global ref>, id=56, trace=300000)
ROOT 5000004e (kind=<JNI global ref>, id=57, trace=300000)
ROOT 5000004f (kind=<JNI global ref>, id=58, trace=300000)
ROOT 50000050 (kind=<JNI global ref>, id=59, trace=300000)
ROOT 50000051 (kind=<JNI global ref>, id=5a, trace=300000)
ROOT 50000052 (kind=<JNI global ref>, id=5b, trace=300000)
ROOT 50000053 (kind=<JNI global ref>, id=5c, trace=300000)
ROOT 500000d7 (kind=<JNI global ref>, id=5d, trace=300000)
ROOT 50000055 (kind=<JNI global ref>, id=5e, trace=300000)
ROOT 50000056 (kind=<JNI global ref>, id=5f, trace=300000)
ROOT 50000057 (kind=<JNI global ref>, id=60, trace=300000)
ROOT 50000058 (kind=<JNI global ref>, id=61, trace=300000)
ROOT 50000059 (kind=<JNI global ref>, id=62, trace=300000)
ROOT 5000005a (kind=<JNI global ref>, id=63, trace=300000)
ROOT 5000005b (kind=<JNI global ref>, id=64, trace=300000)
ROOT 5000005c (kind=<JNI global ref>, id=65, trace=300000)
ROOT 5000005d (kind=<JNI global ref>, id=66, trace=300000)
ROOT 5000005e (kind=<JNI global ref>, id=67, trace=300000)
ROOT 5000005f (kind=<JNI global ref>, id=68, trace=300000)
ROOT 500000d9 (kind=<JNI global ref>, id=69, trace=300000)
ROOT 50000060 (kind=<JNI global ref>, id=6a, trace=300000)
ROOT 50000061 (kind=<JNI global ref>, id=6b, trace=300000)
ROOT 50000062 (kind=<JNI global ref>, id=6c, trace=300000)
ROOT 50000063 (kind=<JNI global ref>, id=6d, trace=300000)
ROOT 50000064 (kind=<JNI global ref>, id=6e, trace=300000)
ROOT 50000065 (kind=<JNI global ref>, id=6f, trace=300000)
ROOT 50000079 (kind=<JNI global ref>, id=70, trace=300000)
ROOT 50000066 (kind=<JNI global ref>, id=71, trace=300000)
ROOT 50000068 (kind=<JNI global ref>, id=72, trace=300000)
ROOT 50000067 (kind=<JNI global ref>, id=73, trace=300000)
ROOT 50000069 (kind=<JNI global ref>, id=74, trace=300000)
ROOT 5000006a (kind=<JNI global ref>, id=75, trace=300000)
ROOT 5000006b (kind=<JNI global ref>, id=76, trace=300000)
ROOT 50000125 (kind=<JNI global ref>, id=77, trace=300000)
ROOT 5000006c (kind=<JNI global ref>, id=78, trace=300000)
ROOT 5000006d (kind=<JNI global ref>, id=79, trace=300000)
ROOT 5000006e (kind=<JNI global ref>, id=7a, trace=300000)
ROOT 5000006f (kind=<JNI global ref>, id=7b, trace=300000)
ROOT 50000122 (kind=<JNI global ref>, id=7c, trace=300000)
ROOT 50000070 (kind=<JNI global ref>, id=7d, trace=300000)
ROOT 50000071 (kind=<JNI global ref>, id=7e, trace=300000)
ROOT 50000072 (kind=<JNI global ref>, id=7f, trace=300000)
ROOT 50000073 (kind=<JNI global ref>, id=80, trace=300000)
ROOT 50000074 (kind=<JNI global ref>, id=81, trace=300000)
ROOT 50000075 (kind=<JNI global ref>, id=82, trace=300000)
ROOT 50000076 (kind=<JNI global ref>, id=83, trace=300000)
ROOT 50000077 (kind=<JNI global ref>, id=84, trace=300000)
ROOT 50000078 (kind=<JNI global ref>, id=85, trace=300000)
ROOT 5000007a (kind=<JNI global ref>, id=86, trace=300000)
ROOT 500000cf (kind=<JNI global ref>, id=87, trace=300000)
ROOT 5000007b (kind=<JNI global ref>, id=88, trace=300000)
ROOT 5000007d (kind=<JNI global ref>, id=89, trace=300000)
ROOT 5000007c (kind=<JNI global ref>, id=8a, trace=300000)
ROOT 50000086 (kind=<JNI global ref>, id=8b, trace=300000)
ROOT 5000007e (kind=<JNI global ref>, id=8c, trace=300000)
ROOT 5000007f (kind=<JNI global ref>, id=8d, trace=300000)
ROOT 50000080 (kind=<JNI global ref>, id=8e, trace=300000)
ROOT 50000081 (kind=<JNI global ref>, id=8f, trace=300000)
ROOT 50000082 (kind=<JNI global ref>, id=90, trace=300000)
ROOT 50000083 (kind=<JNI global ref>, id=91, trace=300000)
ROOT 50000084 (kind=<JNI global ref>, id=92, trace=300000)
ROOT 50000130 (kind=<JNI global ref>, id=93, trace=300000)
ROOT 50000085 (kind=<JNI global ref>, id=94, trace=300000)
ROOT 50000087 (kind=<JNI global ref>, id=95, trace=300000)
ROOT 50000088 (kind=<JNI global ref>, id=96, trace=300000)
ROOT 50000089 (kind=<JNI global ref>, id=97, trace=300000)
ROOT 5000008a (kind=<JNI global ref>, id=98, trace=300000)
ROOT 5000008b (kind=<JNI global ref>, id=99, trace=300000)
ROOT 5000008c (kind=<JNI global ref>, id=9a, trace=300000)
ROOT 5000008d (kind=<JNI global ref>, id=9b, trace=300000)
ROOT 5000008e (kind=<JNI global ref>, id=9c, trace=300000)
ROOT 5000008f (kind=<JNI global ref>, id=9d, trace=300000)
ROOT 50000090 (kind=<JNI global ref>, id=9e, trace=300000)
ROOT 50000091 (kind=<JNI global ref>, id=9f, trace=300000)
ROOT 50000092 (kind=<JNI global ref>, id=a0, trace=300000)
ROOT 50000093 (kind=<JNI global ref>, id=a1, trace=300000)
ROOT 50000094 (kind=<JNI global ref>, id=a2, trace=300000)
ROOT 50000095 (kind=<JNI global ref>, id=a3, trace=300000)
ROOT 50000096 (kind=<JNI global ref>, id=a4, trace=300000)
ROOT 50000097 (kind=<JNI global ref>, id=a5, trace=300000)
ROOT 50000098 (kind=<JNI global ref>, id=a6, trace=300000)
ROOT 50000099 (kind=<JNI global ref>, id=a7, trace=300000)
ROOT 5000009a (kind=<JNI global ref>, id=a8, trace=300000)
ROOT 5000009b (kind=<JNI global ref>, id=a9, trace=300000)
ROOT 5000009c (kind=<JNI global ref>, id=aa, trace=300000)
ROOT 5000009d (kind=<JNI global ref>, id=ab, trace=300000)
ROOT 5000009e (kind=<JNI global ref>, id=ac, trace=300000)
ROOT 5000009f (kind=<JNI global ref>, id=ad, trace=300000)
ROOT 500000a0 (kind=<JNI global ref>, id=ae, trace=300000)
ROOT 500000a1 (kind=<JNI global ref>, id=af, trace=300000)
ROOT 500000a2 (kind=<JNI global ref>, id=b0, trace=300000)
ROOT 500000a3 (kind=<JNI global ref>, id=b1, trace=300000)
ROOT 500000a4 (kind=<JNI global ref>, id=b2, trace=300000)
ROOT 500000a5 (kind=<JNI global ref>, id=b3, trace=300000)
ROOT 500000a6 (kind=<JNI global ref>, id=b4, trace=300000)
ROOT 500000a7 (kind=<JNI global ref>, id=b5, trace=300000)
ROOT 500000a8 (kind=<JNI global ref>, id=b6, trace=300000)
ROOT 500000a9 (kind=<JNI global ref>, id=b7, trace=300000)
ROOT 500000aa (kind=<JNI global ref>, id=b8, trace=300000)
ROOT 500000ab (kind=<JNI global ref>, id=b9, trace=300000)
ROOT 5000014b (kind=<JNI global ref>, id=ba, trace=300000)
ROOT 500000ac (kind=<JNI global ref>, id=bb, trace=300000)
ROOT 500000ad (kind=<JNI global ref>, id=bc, trace=300000)
ROOT 500000ae (kind=<JNI global ref>, id=bd, trace=300000)
ROOT 500000af (kind=<JNI global ref>, id=be, trace=300000)
ROOT 500000b0 (kind=<JNI global ref>, id=bf, trace=300000)
ROOT 500000b1 (kind=<JNI global ref>, id=c0, trace=300000)
ROOT 500000b2 (kind=<JNI global ref>, id=c1, trace=300000)
ROOT 500000ce (kind=<JNI global ref>, id=c2, trace=300000)
ROOT 500000b3 (kind=<JNI global ref>, id=c3, trace=300000)
ROOT 500000b4 (kind=<JNI global ref>, id=c4, trace=300000)
ROOT 500000b5 (kind=<JNI global ref>, id=c5, trace=300000)
ROOT 500000b6 (kind=<JNI global ref>, id=c6, trace=300000)
ROOT 500000b7 (kind=<JNI global ref>, id=c7, trace=300000)
ROOT 500000b8 (kind=<JNI global ref>, id=c8, trace=300000)
ROOT 500000b9 (kind=<JNI global ref>, id=c9, trace=300000)
ROOT 500000ba (kind=<JNI global ref>, id=ca, trace=300000)
ROOT 500000bb (kind=<JNI global ref>, id=cb, trace=300000)
ROOT 500000bc (kind=<JNI global ref>, id=cc, trace=300000)
ROOT 500000bd (kind=<JNI global ref>, id=cd, trace=300000)
ROOT 500000be (kind=<JNI global ref>, id=ce, trace=300000)
ROOT 500000bf (kind=<JNI global ref>, id=cf, trace=300000)
ROOT 500000c0 (kind=<JNI global ref>, id=d0, trace=300000)
ROOT 500000c1 (kind=<JNI global ref>, id=d1, trace=300000)
ROOT 500000c2 (kind=<JNI global ref>, id=d2, trace=300000)
ROOT 500000c3 (kind=<JNI global ref>, id=d3, trace=300000)
ROOT 500000c4 (kind=<JNI global ref>, id=d4, trace=300000)
ROOT 500000c5 (kind=<JNI global ref>, id=d5, trace=300000)
ROOT 500000c6 (kind=<JNI global ref>, id=d6, trace=300000)
ROOT 500000c7 (kind=<JNI global ref>, id=d7, trace=300000)
ROOT 500000c8 (kind=<JNI global ref>, id=d8, trace=300000)
ROOT 500000cb (kind=<JNI global ref>, id=d9, trace=300000)
ROOT 500000c9 (kind=<JNI global ref>, id=da, trace=300000)
ROOT 500000ca (kind=<JNI global ref>, id=db, trace=300000)
ROOT 500000cc (kind=<JNI global ref>, id=dc, trace=300000)
ROOT 500000cd (kind=<JNI global ref>, id=dd, trace=300000)
ROOT 500000d0 (kind=<JNI global ref>, id=de, trace=300000)
ROOT 5000015d (kind=<JNI global ref>, id=df, trace=300000)
ROOT 500000d1 (kind=<JNI global ref>, id=e0, trace=300000)
ROOT 500000d2 (kind=<JNI global ref>, id=e1, trace=300000)
ROOT 500000d3 (kind=<JNI global ref>, id=e2, trace=300000)
ROOT 500000d4 (kind=<JNI global ref>, id=e3, trace=300000)
ROOT 500000d5 (kind=<JNI global ref>, id=e4, trace=300000)
ROOT 500000d6 (kind=<JNI global ref>, id=e5, trace=300000)
ROOT 500000d8 (kind=<JNI global ref>, id=e6, trace=300000)
ROOT 500000da (kind=<JNI global ref>, id=e7, trace=300000)
ROOT 500000db (kind=<JNI global ref>, id=e8, trace=300000)
ROOT 500000dc (kind=<JNI global ref>, id=e9, trace=300000)
ROOT 500000dd (kind=<JNI global ref>, id=ea, trace=300000)
ROOT 500000de (kind=<JNI global ref>, id=eb, trace=300000)
ROOT 5000016e (kind=<JNI global ref>, id=ec, trace=300000)
ROOT 500000df (kind=<JNI global ref>, id=ed, trace=300000)
ROOT 500000e0 (kind=<JNI global ref>, id=ee, trace=300000)
ROOT 500000e1 (kind=<JNI global ref>, id=ef, trace=300000)
ROOT 500000e2 (kind=<JNI global ref>, id=f0, trace=300000)
ROOT 500000e3 (kind=<JNI global ref>, id=f1, trace=300000)
ROOT 500000e4 (kind=<JNI global ref>, id=f2, trace=300000)
ROOT 500000e5 (kind=<JNI global ref>, id=f3, trace=300000)
ROOT 5000015f (kind=<JNI global ref>, id=f4, trace=300000)
ROOT 500000e6 (kind=<JNI global ref>, id=f5, trace=300000)
ROOT 500000e7 (kind=<JNI global ref>, id=f6, trace=300000)
ROOT 500000e8 (kind=<JNI global ref>, id=f7, trace=300000)
ROOT 500000e9 (kind=<JNI global ref>, id=f8, trace=300000)
ROOT 500000eb (kind=<JNI global ref>, id=f9, trace=300000)
ROOT 500000f7 (kind=<JNI global ref>, id=fa, trace=300000)
ROOT 500000ec (kind=<JNI global ref>, id=fb, trace=300000)
ROOT 500000f8 (kind=<JNI global ref>, id=fc, trace=300000)
ROOT 500000ee (kind=<JNI global ref>, id=fd, trace=300000)
ROOT 500000ef (kind=<JNI global ref>, id=fe, trace=300000)
ROOT 500000f0 (kind=<JNI global ref>, id=ff, trace=300000)
ROOT 500000f1 (kind=<JNI global ref>, id=100, trace=300000)
ROOT 50000176 (kind=<JNI global ref>, id=101, trace=300000)
ROOT 500000f2 (kind=<JNI global ref>, id=102, trace=300000)
ROOT 500000f3 (kind=<JNI global ref>, id=103, trace=300000)
ROOT 500000f4 (kind=<JNI global ref>, id=104, trace=300000)
ROOT 500000f5 (kind=<JNI global ref>, id=105, trace=300000)
ROOT 500000f6 (kind=<JNI global ref>, id=106, trace=300000)
ROOT 500000f9 (kind=<JNI global ref>, id=107, trace=300000)
ROOT 500000fa (kind=<JNI global ref>, id=108, trace=300000)
ROOT 500000fb (kind=<JNI global ref>, id=109, trace=300000)
ROOT 500000fc (kind=<JNI global ref>, id=10a, trace=300000)
ROOT 500000fd (kind=<JNI global ref>, id=10b, trace=300000)
ROOT 500000fe (kind=<JNI global ref>, id=10c, trace=300000)
ROOT 500000ff (kind=<JNI global ref>, id=10d, trace=300000)
ROOT 50000100 (kind=<JNI global ref>, id=10e, trace=300000)
ROOT 50000101 (kind=<JNI global ref>, id=10f, trace=300000)
ROOT 50000104 (kind=<JNI global ref>, id=110, trace=300000)
ROOT 50000102 (kind=<JNI global ref>, id=111, trace=300000)
ROOT 50000103 (kind=<JNI global ref>, id=112, trace=300000)
ROOT 50000105 (kind=<JNI global ref>, id=113, trace=300000)
ROOT 50000106 (kind=<JNI global ref>, id=114, trace=300000)
ROOT 50000107 (kind=<JNI global ref>, id=115, trace=300000)
ROOT 50000108 (kind=<JNI global ref>, id=116, trace=300000)
ROOT 50000109 (kind=<JNI global ref>, id=117, trace=300000)
ROOT 5000010a (kind=<JNI global ref>, id=118, trace=300000)
ROOT 5000010b (kind=<JNI global ref>, id=119, trace=300000)
ROOT 5000010c (kind=<JNI global ref>, id=11a, trace=300000)
ROOT 5000010d (kind=<JNI global ref>, id=11b, trace=300000)
ROOT 5000010e (kind=<JNI global ref>, id=11c, trace=300000)
ROOT 5000010f (kind=<JNI global ref>, id=11d, trace=300000)
ROOT 50000110 (kind=<JNI global ref>, id=11e, trace=300000)
ROOT 50000111 (kind=<JNI global ref>, id=11f, trace=300000)
ROOT 50000112 (kind=<JNI global ref>, id=120, trace=300000)
ROOT 50000113 (kind=<JNI global ref>, id=121, trace=300000)
ROOT 50000114 (kind=<JNI global ref>, id=122, trace=300000)
ROOT 50000115 (kind=<JNI global ref>, id=123, trace=300000)
ROOT 50000116 (kind=<JNI global ref>, id=124, trace=300000)
ROOT 50000117 (kind=<JNI global ref>, id=125, trace=300000)
ROOT 50000118 (kind=<JNI global ref>, id=126, trace=300000)
ROOT 50000119 (kind=<JNI global ref>, id=127, trace=300000)
ROOT 5000011a (kind=<JNI global ref>, id=128, trace=300000)
ROOT 5000011b (kind=<JNI global ref>, id=129, trace=300000)
ROOT 5000011c (kind=<JNI global ref>, id=12a, trace=300000)
ROOT 5000011d (kind=<JNI global ref>, id=12b, trace=300000)
ROOT 5000011e (kind=<JNI global ref>, id=12c, trace=300000)
ROOT 5000011f (kind=<JNI global ref>, id=12d, trace=300000)
ROOT 50000120 (kind=<JNI global ref>, id=12e, trace=300000)
ROOT 50000121 (kind=<JNI global ref>, id=12f, trace=300000)
ROOT 50000123 (kind=<JNI global ref>, id=130, trace=300000)
ROOT 50000124 (kind=<JNI global ref>, id=131, trace=300000)
ROOT 50000126 (kind=<JNI global ref>, id=132, trace=300000)
ROOT 50000127 (kind=<JNI global ref>, id=133, trace=300000)
ROOT 50000128 (kind=<JNI global ref>, id=134, trace=300000)
ROOT 5000012d (kind=<JNI global ref>, id=135, trace=300000)
ROOT 50000129 (kind=<JNI global ref>, id=136, trace=300000)
ROOT 5000012a (kind=<JNI global ref>, id=137, trace=300000)
ROOT 5000012b (kind=<JNI global ref>, id=138, trace=300000)
ROOT 5000012c (kind=<JNI global ref>, id=139, trace=300000)
ROOT 50000171 (kind=<JNI global ref>, id=13a, trace=300000)
ROOT 5000012e (kind=<JNI global ref>, id=13b, trace=300000)
ROOT 5000012f (kind=<JNI global ref>, id=13c, trace=300000)
ROOT 50000131 (kind=<JNI global ref>, id=13d, trace=300000)
ROOT 50000132 (kind=<JNI global ref>, id=13e, trace=300000)
ROOT 50000133 (kind=<JNI global ref>, id=13f, trace=300000)
ROOT 50000134 (kind=<JNI global ref>, id=140, trace=300000)
ROOT 50000136 (kind=<JNI global ref>, id=141, trace=300000)
ROOT 50000135 (kind=<JNI global ref>, id=142, trace=300000)
ROOT 50000137 (kind=<JNI global ref>, id=143, trace=300000)
ROOT 50000138 (kind=<JNI global ref>, id=144, trace=300000)
ROOT 5000013b (kind=<JNI global ref>, id=145, trace=300000)
ROOT 50000139 (kind=<JNI global ref>, id=146, trace=300000)
ROOT 5000013a (kind=<JNI global ref>, id=147, trace=300000)
ROOT 5000013c (kind=<JNI global ref>, id=148, trace=300000)
ROOT 5000013d (kind=<JNI global ref>, id=149, trace=300000)
ROOT 5000013e (kind=<JNI global ref>, id=14a, trace=300000)
ROOT 5000013f (kind=<JNI global ref>, id=14b, trace=300000)
ROOT 50000140 (kind=<JNI global ref>, id=14c, trace=300000)
ROOT 50000141 (kind=<JNI global ref>, id=14d, trace=300000)
ROOT 50000142 (kind=<JNI global ref>, id=14e, trace=300000)
ROOT 50000143 (kind=<JNI global ref>, id=14f, trace=300000)
ROOT 50000144 (kind=<JNI global ref>, id=150, trace=300000)
ROOT 50000145 (kind=<JNI global ref>, id=151, trace=300000)
ROOT 50000146 (kind=<JNI global ref>, id=152, trace=300000)
ROOT 50000147 (kind=<JNI global ref>, id=153, trace=300000)
ROOT 5000014f (kind=<JNI global ref>, id=154, trace=300000)
ROOT 50000148 (kind=<JNI global ref>, id=155, trace=300000)
ROOT 50000149 (kind=<JNI global ref>, id=156, trace=300000)
ROOT 5000014a (kind=<JNI global ref>, id=157, trace=300000)
ROOT 5000017b (kind=<JNI global ref>, id=158, trace=300000)
ROOT 5000014c (kind=<JNI global ref>, id=159, trace=300000)
ROOT 5000014d (kind=<JNI global ref>, id=15a, trace=300000)
ROOT 5000014e (kind=<JNI global ref>, id=15b, trace=300000)
ROOT 50000150 (kind=<JNI global ref>, id=15c, trace=300000)
ROOT 50000152 (kind=<JNI global ref>, id=15d, trace=300000)
ROOT 50000151 (kind=<JNI global ref>, id=15e, trace=300000)
ROOT 50000156 (kind=<JNI global ref>, id=15f, trace=300000)
ROOT 50000153 (kind=<JNI global ref>, id=160, trace=300000)
ROOT 50000154 (kind=<JNI global ref>, id=161, trace=300000)
ROOT 50000155 (kind=<JNI global ref>, id=162, trace=300000)
ROOT 50000157 (kind=<JNI global ref>, id=163, trace=300000)
ROOT 50000158 (kind=<JNI global ref>, id=164, trace=300000)
ROOT 50000159 (kind=<JNI global ref>, id=165, trace=300000)
ROOT 5000015a (kind=<JNI global ref>, id=166, trace=300000)
ROOT 5000015b (kind=<JNI global ref>, id=167, trace=300000)
ROOT 5000015c (kind=<JNI global ref>, id=168, trace=300000)
ROOT 5000015e (kind=<JNI global ref>, id=169, trace=300000)
ROOT 50000160 (kind=<JNI global ref>, id=16a, trace=300000)
ROOT 50000163 (kind=<JNI global ref>, id=16b, trace=300000)
ROOT 50000161 (kind=<JNI global ref>, id=16c, trace=300000)
ROOT 50000162 (kind=<JNI global ref>, id=16d, trace=300000)
ROOT 50000166 (kind=<JNI global ref>, id=16e, trace=300000)
ROOT 50000167 (kind=<JNI global ref>, id=16f, trace=300000)
ROOT 50000168 (kind=<JNI global ref>, id=170, trace=300000)
ROOT 5000016a (kind=<JNI global ref>, id=171, trace=300000)
ROOT 50000169 (kind=<JNI global ref>, id=172, trace=300000)
ROOT 50000178 (kind=<JNI global ref>, id=173, trace=300000)
ROOT 5000016b (kind=<JNI global ref>, id=174, trace=300000)
ROOT 5000016c (kind=<JNI global ref>, id=175, trace=300000)
ROOT 5000016d (kind=<JNI global ref>, id=176, trace=300000)
ROOT 5000016f (kind=<JNI global ref>, id=177, trace=300000)
ROOT 50000170 (kind=<JNI global ref>, id=178, trace=300000)
ROOT 50000172 (kind=<JNI global ref>, id=179, trace=300000)
ROOT 50000173 (kind=<JNI global ref>, id=17a, trace=300000)
ROOT 50000174 (kind=<JNI global ref>, id=17b, trace=300000)
ROOT 50000179 (kind=<JNI global ref>, id=17c, trace=300000)
ROOT 50000177 (kind=<JNI global ref>, id=17d, trace=300000)
ROOT 5000017a (kind=<JNI global ref>, id=17e, trace=300000)
ROOT 5000017c (kind=<JNI global ref>, id=17f, trace=300000)
ROOT 5000017d (kind=<JNI global ref>, id=180, trace=300000)
ROOT 5000017e (kind=<JNI global ref>, id=181, trace=300000)
ROOT 5000017f (kind=<JNI global ref>, id=182, trace=300000)
ROOT 50000180 (kind=<JNI global ref>, id=183, trace=300000)
ROOT 50000181 (kind=<JNI global ref>, id=184, trace=300000)
ROOT 50000182 (kind=<JNI global ref>, id=185, trace=300000)
ROOT 50000183 (kind=<JNI global ref>, id=186, trace=300000)
ROOT 50000184 (kind=<JNI global ref>, id=187, trace=300000)
ROOT 50000186 (kind=<JNI global ref>, id=188, trace=300000)
ROOT 50000187 (kind=<JNI global ref>, id=189, trace=300000)
ROOT 50000188 (kind=<JNI global ref>, id=18a, trace=300000)
ROOT 50000189 (kind=<JNI global ref>, id=18b, trace=300000)
ROOT 5000018a (kind=<JNI global ref>, id=18c, trace=300000)
ROOT 5000018b (kind=<JNI global ref>, id=18d, trace=300000)
ROOT 5000018c (kind=<JNI global ref>, id=18e, trace=300000)
ROOT 5000018d (kind=<JNI global ref>, id=18f, trace=300000)
ROOT 50000197 (kind=<JNI global ref>, id=190, trace=300003)
ROOT 5000019a (kind=<JNI global ref>, id=191, trace=300006)
ROOT 500001a3 (kind=<JNI global ref>, id=192, trace=300014)
ROOT 500001a4 (kind=<JNI global ref>, id=193, trace=300014)
ROOT 500001a6 (kind=<JNI global ref>, id=194, trace=300016)
ROOT 500001a8 (kind=<JNI global ref>, id=195, trace=300018)
ROOT 500001ac (kind=<JNI global ref>, id=196, trace=300021)
ROOT 500001ad (kind=<JNI global ref>, id=197, trace=300021)
ROOT 500001ae (kind=<JNI global ref>, id=198, trace=300022)
ROOT 500001af (kind=<JNI global ref>, id=199, trace=300023)
ROOT 500001b4 (kind=<JNI global ref>, id=19a, trace=300027)
ROOT 500001b6 (kind=<JNI global ref>, id=19b, trace=300029)
ROOT 500001ba (kind=<JNI global ref>, id=19c, trace=300033)
ROOT 500001bc (kind=<JNI global ref>, id=19d, trace=300035)
ROOT 500001be (kind=<JNI global ref>, id=19e, trace=300037)
ROOT 500001c5 (kind=<JNI global ref>, id=19f, trace=300000)
ROOT 500001c6 (kind=<JNI global ref>, id=1a0, trace=300042)
ROOT 500001c8 (kind=<JNI global ref>, id=1a1, trace=300044)
ROOT 500001cd (kind=<JNI global ref>, id=1a2, trace=300046)
ROOT 500001d7 (kind=<JNI global ref>, id=1a3, trace=300054)
ROOT 500001e5 (kind=<JNI global ref>, id=1a4, trace=300066)
ROOT 500001e7 (kind=<JNI global ref>, id=1a5, trace=300068)
ROOT 500001f8 (kind=<JNI global ref>, id=1a6, trace=300081)
ROOT 50000230 (kind=<JNI global ref>, id=1a7, trace=300124)
ROOT 50000231 (kind=<JNI global ref>, id=1a8, trace=300124)
ROOT 5000023c (kind=<JNI global ref>, id=1a9, trace=300134)
ROOT 50000243 (kind=<JNI global ref>, id=1aa, trace=300140)
ROOT 50000246 (kind=<JNI global ref>, id=1ab, trace=300000)
ROOT 50000248 (kind=<JNI global ref>, id=1ac, trace=300143)
ROOT 5000024d (kind=<JNI global ref>, id=1ad, trace=300147)
ROOT 5000024e (kind=<JNI global ref>, id=1ae, trace=300148)
ROOT 5000024f (kind=<JNI global ref>, id=1af, trace=300149)
ROOT 50000254 (kind=<JNI global ref>, id=1b0, trace=300154)
ROOT 50000255 (kind=<JNI global ref>, id=1b1, trace=300155)
ROOT 50000258 (kind=<JNI global ref>, id=1b2, trace=300158)
ROOT 5000025a (kind=<JNI global ref>, id=1b3, trace=300160)
ROOT 5000025c (kind=<JNI global ref>, id=1b4, trace=300162)
ROOT 5000025e (kind=<JNI global ref>, id=1b5, trace=300164)
ROOT 5000025f (kind=<JNI global ref>, id=1b6, trace=300164)
ROOT 50000267 (kind=<JNI global ref>, id=1b7, trace=300170)
ROOT 50000269 (kind=<JNI global ref>, id=1b8, trace=300171)
ROOT 5000026a (kind=<JNI global ref>, id=1b9, trace=300172)
ROOT 500004ce (kind=<JNI global ref>, id=1ba, trace=300268)
ROOT 500004d0 (kind=<JNI global ref>, id=1bb, trace=300270)
ROOT 500004d2 (kind=<JNI global ref>, id=1bc, trace=300272)
ROOT 500004d4 (kind=<JNI global ref>, id=1bd, trace=300274)
ROOT 500004d6 (kind=<JNI global ref>, id=1be, trace=300276)
ROOT 500004d8 (kind=<JNI global ref>, id=1bf, trace=300278)
ROOT 500004de (kind=<JNI global ref>, id=1c0, trace=300283)
ROOT 500004e0 (kind=<JNI global ref>, id=1c1, trace=300285)
ROOT 500004e1 (kind=<JNI global ref>, id=1c2, trace=300285)
ROOT 500004e2 (kind=<JNI global ref>, id=1c3, trace=300286)
ROOT 500004e3 (kind=<JNI global ref>, id=1c4, trace=300286)
ROOT 500004e4 (kind=<JNI global ref>, id=1c5, trace=300287)
ROOT 500004e5 (kind=<JNI global ref>, id=1c6, trace=300287)
ROOT 50000536 (kind=<JNI global ref>, id=1c7, trace=300306)
ROOT 50000538 (kind=<JNI global ref>, id=1c8, trace=300308)
ROOT 50000541 (kind=<JNI global ref>, id=1c9, trace=300317)
ROOT 50000542 (kind=<JNI global ref>, id=1ca, trace=300317)
ROOT 50000544 (kind=<JNI global ref>, id=1cb, trace=300319)
ROOT 500005de (kind=<JNI global ref>, id=1cc, trace=300321)
ROOT 50000733 (kind=<JNI global ref>, id=1cd, trace=300323)
ROOT 50000734 (kind=<JNI global ref>, id=1ce, trace=300324)
ROOT 50000744 (kind=<JNI global ref>, id=1cf, trace=300338)
ROOT 50000746 (kind=<JNI global ref>, id=1d0, trace=300340)
ROOT 50000750 (kind=<JNI global ref>, id=1d1, trace=300346)
ROOT 50000755 (kind=<JNI global ref>, id=1d2, trace=300351)
ROOT 50000757 (kind=<JNI global ref>, id=1d3, trace=300353)
ROOT 50000758 (kind=<JNI global ref>, id=1d4, trace=300353)
ROOT 5000075a (kind=<JNI global ref>, id=1d5, trace=300355)
ROOT 5000075b (kind=<JNI global ref>, id=1d6, trace=300355)
ROOT 5000075c (kind=<JNI global ref>, id=1d7, trace=300355)
ROOT 5000075d (kind=<JNI global ref>, id=1d8, trace=300355)
ROOT 50000770 (kind=<JNI global ref>, id=1d9, trace=300369)
ROOT 5000079c (kind=<JNI global ref>, id=1da, trace=300382)
ROOT 5000079d (kind=<JNI global ref>, id=1db, trace=300382)
ROOT 500007a7 (kind=<JNI global ref>, id=1dc, trace=300386)
ROOT 500007b2 (kind=<JNI global ref>, id=1dd, trace=300394)
ROOT 500007c3 (kind=<JNI global ref>, id=1de, trace=300407)
ROOT 500007c5 (kind=<JNI global ref>, id=1df, trace=300409)
ROOT 500007d1 (kind=<JNI global ref>, id=1e0, trace=300382)
ROOT 50000815 (kind=<JNI global ref>, id=1e1, trace=300413)
ROOT 5000083f (kind=<JNI global ref>, id=1e2, trace=300435)
ROOT 50000840 (kind=<JNI global ref>, id=1e3, trace=300435)
ROOT 50000846 (kind=<JNI global ref>, id=1e4, trace=300441)
ROOT 5000084a (kind=<JNI global ref>, id=1e5, trace=300444)
ROOT 5000084d (kind=<JNI global ref>, id=1e6, trace=300447)
ROOT 5000084f (kind=<JNI global ref>, id=1e7, trace=300448)
ROOT 5000085b (kind=<JNI global ref>, id=1e8, trace=300454)
ROOT 50000874 (kind=<JNI global ref>, id=1e9, trace=300466)
ROOT 50000878 (kind=<JNI global ref>, id=1ea, trace=300470)
ROOT 50000879 (kind=<JNI global ref>, id=1eb, trace=300471)
ROOT 5000087a (kind=<JNI global ref>, id=1ec, trace=300471)
ROOT 5000087b (kind=<JNI global ref>, id=1ed, trace=300471)
ROOT 500008ad (kind=<JNI global ref>, id=1ee, trace=300487)
ROOT 500008ae (kind=<JNI global ref>, id=1ef, trace=300488)
ROOT 500008af (kind=<JNI global ref>, id=1f0, trace=300488)
ROOT 500008b0 (kind=<JNI global ref>, id=1f1, trace=300489)
ROOT 500008b1 (kind=<JNI global ref>, id=1f2, trace=300490)
ROOT 500008b2 (kind=<JNI global ref>, id=1f3, trace=300490)
ROOT 500008b6 (kind=<JNI global ref>, id=1f4, trace=300494)
ROOT 500008b7 (kind=<JNI global ref>, id=1f5, trace=300494)
ROOT 500008b8 (kind=<JNI global ref>, id=1f6, trace=300495)
ROOT 500008bf (kind=<JNI global ref>, id=1f7, trace=300502)
ROOT 500008c5 (kind=<JNI global ref>, id=1f8, trace=300508)
ROOT 500008cc (kind=<JNI global ref>, id=1f9, trace=300512)
ROOT 500008ce (kind=<JNI global ref>, id=1fa, trace=300514)
ROOT 500008d0 (kind=<JNI global ref>, id=1fb, trace=300516)
ROOT 500008d4 (kind=<JNI global ref>, id=1fc, trace=300520)
ROOT 500008d5 (kind=<JNI global ref>, id=1fd, trace=300520)
ROOT 500008d6 (kind=<JNI global ref>, id=1fe, trace=300521)
ROOT 50000915 (kind=<JNI global ref>, id=1ff, trace=300536)
ROOT 50000a95 (kind=<JNI global ref>, id=200, trace=300542)
ROOT 50000a97 (kind=<JNI global ref>, id=201, trace=300544)
ROOT 50000adf (kind=<JNI global ref>, id=202, trace=300579)
ROOT 50000ae5 (kind=<JNI global ref>, id=203, trace=300585)
ROOT 50000aeb (kind=<JNI global ref>, id=204, trace=300591)
ROOT 50000af4 (kind=<JNI global ref>, id=205, trace=300599)
ROOT 50000af6 (kind=<JNI global ref>, id=206, trace=300601)
ROOT 50000afa (kind=<JNI global ref>, id=207, trace=300604)
ROOT 50000b1e (kind=<JNI global ref>, id=208, trace=300382)
ROOT 50000b1f (kind=<JNI global ref>, id=209, trace=300382)
ROOT 50000b28 (kind=<JNI global ref>, id=20a, trace=300616)
ROOT 50000b2b (kind=<JNI global ref>, id=20b, trace=300617)
ROOT 50000b50 (kind=<JNI global ref>, id=20c, trace=300632)
ROOT 50000b51 (kind=<JNI global ref>, id=20d, trace=300633)
ROOT 50000b52 (kind=<JNI global ref>, id=20e, trace=300633)
ROOT 50000b5c (kind=<JNI global ref>, id=20f, trace=300639)
ROOT 50000b60 (kind=<JNI global ref>, id=210, trace=300640)
ROOT 50000b6b (kind=<JNI global ref>, id=211, trace=300124)
ROOT 50000b81 (kind=<JNI global ref>, id=212, trace=300124)
ROOT 50000b93 (kind=<JNI global ref>, id=213, trace=300124)
ROOT 50000ba5 (kind=<JNI global ref>, id=214, trace=300124)
ROOT 50000bb5 (kind=<JNI global ref>, id=215, trace=300652)
ROOT 50000bb8 (kind=<JNI global ref>, id=216, trace=300655)
ROOT 50000bcd (kind=<JNI global ref>, id=217, trace=300667)
ROOT 50000bce (kind=<JNI global ref>, id=218, trace=300668)
ROOT 50000bd0 (kind=<JNI global ref>, id=219, trace=300670)
ROOT 50000bd2 (kind=<JNI global ref>, id=21a, trace=300672)
ROOT 50000bd4 (kind=<JNI global ref>, id=21b, trace=300674)
ROOT 50000bd5 (kind=<JNI global ref>, id=21c, trace=300674)
ROOT 50000bd6 (kind=<JNI global ref>, id=21d, trace=300674)
ROOT 50000125 (kind=<JNI global ref>, id=21e, trace=300000)
ROOT 50000bd4 (kind=<JNI global ref>, id=21f, trace=300674)
ROOT 50000bd6 (kind=<JNI global ref>, id=220, trace=300674)
ROOT 50000bd9 (kind=<JNI global ref>, id=221, trace=300677)
ROOT 50000bda (kind=<JNI global ref>, id=222, trace=300677)
ROOT 50000beb (kind=<JNI global ref>, id=223, trace=300684)
ROOT 50000c12 (kind=<JNI global ref>, id=224, trace=300689)
ROOT 50000c14 (kind=<JNI global ref>, id=225, trace=300691)
ROOT 50000c19 (kind=<JNI global ref>, id=226, trace=300696)
ROOT 50000c1a (kind=<JNI global ref>, id=227, trace=300696)
ROOT 50000c34 (kind=<JNI global ref>, id=228, trace=300718)
ROOT 50000c35 (kind=<JNI global ref>, id=229, trace=300718)
ROOT 50000c44 (kind=<JNI global ref>, id=22a, trace=300725)
ROOT 50000c48 (kind=<JNI global ref>, id=22b, trace=300728)
ROOT 50000c4d (kind=<JNI global ref>, id=22c, trace=300733)
ROOT 50000c51 (kind=<JNI global ref>, id=22d, trace=300737)
ROOT 50000c60 (kind=<JNI global ref>, id=22e, trace=300746)
ROOT 50000c7b (kind=<JNI global ref>, id=22f, trace=300766)
ROOT 50000c80 (kind=<JNI global ref>, id=230, trace=300771)
ROOT 50000c81 (kind=<JNI global ref>, id=231, trace=300772)
ROOT 50000c83 (kind=<JNI global ref>, id=232, trace=300773)
ROOT 50000c8c (kind=<JNI global ref>, id=233, trace=300782)
ROOT 50000c91 (kind=<JNI global ref>, id=234, trace=300787)
ROOT 50000ca4 (kind=<JNI global ref>, id=235, trace=300802)
ROOT 50000ca5 (kind=<JNI global ref>, id=236, trace=300803)
ROOT 50000ca6 (kind=<JNI global ref>, id=237, trace=300803)
ROOT 50000ca7 (kind=<JNI global ref>, id=238, trace=300803)
ROOT 50000ca8 (kind=<JNI global ref>, id=239, trace=300804)
ROOT 50000ca9 (kind=<JNI global ref>, id=23a, trace=300805)
ROOT 50000caa (kind=<JNI global ref>, id=23b, trace=300806)
ROOT 50000cab (kind=<JNI global ref>, id=23c, trace=300806)
ROOT 50000cae (kind=<JNI global ref>, id=23d, trace=300809)
ROOT 50000cb3 (kind=<JNI global ref>, id=23e, trace=300814)
ROOT 50000cb4 (kind=<JNI global ref>, id=23f, trace=300815)
ROOT 50000cb6 (kind=<JNI global ref>, id=240, trace=300816)
ROOT 50000cb7 (kind=<JNI global ref>, id=241, trace=300816)
ROOT 50000cb8 (kind=<JNI global ref>, id=242, trace=300816)
ROOT 50000cba (kind=<JNI global ref>, id=243, trace=300818)
ROOT 50000cbb (kind=<JNI global ref>, id=244, trace=300818)
ROOT 50000cbc (kind=<JNI global ref>, id=245, trace=300819)
ROOT 50000cbd (kind=<JNI global ref>, id=246, trace=300820)
ROOT 50000cbe (kind=<JNI global ref>, id=247, trace=300821)
ROOT 50000cc0 (kind=<JNI global ref>, id=248, trace=300823)
ROOT 50000cc7 (kind=<JNI global ref>, id=249, trace=300830)
ROOT 50000cc9 (kind=<JNI global ref>, id=24a, trace=300832)
ROOT 50000ccd (kind=<JNI global ref>, id=24b, trace=300834)
ROOT 50000ccf (kind=<JNI global ref>, id=24c, trace=300836)
ROOT 50000cd1 (kind=<JNI global ref>, id=24d, trace=300838)
ROOT 50000cd7 (kind=<JNI global ref>, id=24e, trace=300841)
ROOT 50000cd9 (kind=<JNI global ref>, id=24f, trace=300843)
ROOT 50000cda (kind=<JNI global ref>, id=250, trace=300844)
ROOT 50000ceb (kind=<JNI global ref>, id=251, trace=300858)
ROOT 50000dac (kind=<JNI global ref>, id=252, trace=300879)
ROOT 50000dae (kind=<JNI global ref>, id=253, trace=300881)
ROOT 50000daf (kind=<JNI global ref>, id=254, trace=300881)
ROOT 50000db7 (kind=<JNI global ref>, id=255, trace=300885)
ROOT 50000dc0 (kind=<JNI global ref>, id=256, trace=300894)
ROOT 50000dc3 (kind=<JNI global ref>, id=257, trace=300897)
ROOT 50000dc4 (kind=<JNI global ref>, id=258, trace=300897)
ROOT 50000dcc (kind=<JNI global ref>, id=259, trace=300904)
ROOT 50000dd0 (kind=<JNI global ref>, id=25a, trace=300908)
ROOT 50000dd1 (kind=<JNI global ref>, id=25b, trace=300908)
ROOT 50000dff (kind=<JNI global ref>, id=25c, trace=300917)
ROOT 50000e02 (kind=<JNI global ref>, id=25d, trace=300919)
ROOT 50000e09 (kind=<JNI global ref>, id=25e, trace=300926)
ROOT 50000e0e (kind=<JNI global ref>, id=25f, trace=300929)
ROOT 50000e3b (kind=<JNI global ref>, id=260, trace=300935)
ROOT 50000e4f (kind=<JNI global ref>, id=261, trace=300948)
ROOT 50000e54 (kind=<JNI global ref>, id=262, trace=300952)
ROOT 50000e55 (kind=<JNI global ref>, id=263, trace=300952)
ROOT 50000e7b (kind=<JNI global ref>, id=264, trace=300971)
ROOT 50000e7c (kind=<JNI global ref>, id=265, trace=300971)
ROOT 50000e7d (kind=<JNI global ref>, id=266, trace=300971)
ROOT 50000e82 (kind=<JNI global ref>, id=267, trace=300976)
ROOT 50000e86 (kind=<JNI global ref>, id=268, trace=300980)
ROOT 50000e8a (kind=<JNI global ref>, id=269, trace=300984)
ROOT 50000e91 (kind=<JNI global ref>, id=26a, trace=300987)
ROOT 50000ea5 (kind=<JNI global ref>, id=26b, trace=300993)
ROOT 50000ea6 (kind=<JNI global ref>, id=26c, trace=300994)
ROOT 50000eb8 (kind=<JNI global ref>, id=26d, trace=301004)
ROOT 50000f14 (kind=<JNI global ref>, id=26e, trace=301004)
ROOT 50000f2c (kind=<JNI global ref>, id=26f, trace=301024)
ROOT 50000f36 (kind=<JNI global ref>, id=270, trace=301031)
ROOT 50000f3a (kind=<JNI global ref>, id=271, trace=301035)
ROOT 50000f3b (kind=<JNI global ref>, id=272, trace=301036)
ROOT 50000f42 (kind=<JNI global ref>, id=273, trace=301039)
ROOT 50000f50 (kind=<JNI global ref>, id=274, trace=301047)
ROOT 50001080 (kind=<JNI global ref>, id=275, trace=301232)
ROOT 50001082 (kind=<JNI global ref>, id=276, trace=301234)
ROOT 5000108a (kind=<JNI global ref>, id=277, trace=301240)
ROOT 5000108b (kind=<JNI global ref>, id=278, trace=301240)
ROOT 500010e9 (kind=<JNI global ref>, id=279, trace=301278)
ROOT 500010ea (kind=<JNI global ref>, id=27a, trace=301279)
ROOT 500010ed (kind=<JNI global ref>, id=27b, trace=301282)
ROOT 500010ee (kind=<JNI global ref>, id=27c, trace=301283)
ROOT 500010ef (kind=<JNI global ref>, id=27d, trace=301284)
ROOT 500010f0 (kind=<JNI global ref>, id=27e, trace=301285)
ROOT 500010f1 (kind=<JNI global ref>, id=27f, trace=301286)
ROOT 500010f2 (kind=<JNI global ref>, id=280, trace=301287)
ROOT 500010f3 (kind=<JNI global ref>, id=281, trace=301288)
ROOT 500010fb (kind=<JNI global ref>, id=282, trace=301293)
ROOT 5000126f (kind=<JNI global ref>, id=283, trace=301297)
ROOT 50001288 (kind=<JNI global ref>, id=284, trace=301305)
ROOT 50001289 (kind=<JNI global ref>, id=285, trace=301305)
ROOT 500012b0 (kind=<JNI global ref>, id=286, trace=300382)
ROOT 500012b1 (kind=<JNI global ref>, id=287, trace=300382)
ROOT 500012b2 (kind=<JNI global ref>, id=288, trace=300382)
ROOT 5000131d (kind=<JNI global ref>, id=289, trace=301004)
ROOT 500014d7 (kind=<JNI global ref>, id=28a, trace=301536)
ROOT 500014db (kind=<JNI global ref>, id=28b, trace=301540)
ROOT 500014dc (kind=<JNI global ref>, id=28c, trace=301541)
ROOT 500014df (kind=<JNI global ref>, id=28d, trace=301543)
ROOT 500014e3 (kind=<JNI global ref>, id=28e, trace=301547)
ROOT 500014ec (kind=<JNI global ref>, id=28f, trace=301556)
ROOT 5000150b (kind=<JNI global ref>, id=290, trace=301582)
ROOT 5000150c (kind=<JNI global ref>, id=291, trace=301582)
ROOT 5000150e (kind=<JNI global ref>, id=292, trace=301584)
ROOT 50001636 (kind=<JNI global ref>, id=293, trace=300000)
ROOT 50001638 (kind=<JNI global ref>, id=294, trace=301619)
ROOT 5000163b (kind=<JNI global ref>, id=295, trace=300000)
ROOT 5000163c (kind=<JNI global ref>, id=296, trace=300000)
ROOT 5000163d (kind=<JNI global ref>, id=297, trace=300000)
ROOT 5000163e (kind=<JNI global ref>, id=298, trace=300000)
ROOT 5000163f (kind=<JNI global ref>, id=299, trace=300000)
ROOT 5000164a (kind=<unknown>)
ROOT 5000164b (kind=<unknown>)
ROOT 5000164c (kind=<unknown>)
ROOT 5000164d (kind=<unknown>)
ROOT 5000164e (kind=<unknown>)
ROOT 5000164f (kind=<unknown>)
ROOT 50001650 (kind=<unknown>)
ROOT 50001651 (kind=<unknown>)
ROOT 50001652 (kind=<unknown>)
ROOT 50001653 (kind=<unknown>)
ROOT 50001654 (kind=<unknown>)
ROOT 50001655 (kind=<unknown>)
ROOT 50001656 (kind=<unknown>)
ROOT 50001657 (kind=<unknown>)
ROOT 50001658 (kind=<unknown>)
ROOT 50001659 (kind=<unknown>)
ROOT 5000165a (kind=<unknown>)
ROOT 5000165b (kind=<unknown>)
ROOT 5000165c (kind=<unknown>)
ROOT 5000165d (kind=<unknown>)
ROOT 5000165e (kind=<unknown>)
ROOT 5000165f (kind=<unknown>)
ROOT 50001660 (kind=<unknown>)
ROOT 50001661 (kind=<unknown>)
ROOT 50001662 (kind=<unknown>)
ROOT 50001663 (kind=<unknown>)
ROOT 50001664 (kind=<unknown>)
ROOT 50001665 (kind=<unknown>)
ROOT 50001666 (kind=<unknown>)
ROOT 50001667 (kind=<unknown>)
ROOT 50001668 (kind=<unknown>)
ROOT 50001669 (kind=<unknown>)
ROOT 5000166a (kind=<unknown>)
ROOT 5000166b (kind=<unknown>)
ROOT 5000166c (kind=<unknown>)
ROOT 5000166d (kind=<unknown>)
ROOT 5000166e (kind=<unknown>)
ROOT 5000166f (kind=<unknown>)
ROOT 50001670 (kind=<unknown>)
ROOT 50001671 (kind=<unknown>)
ROOT 50001672 (kind=<unknown>)
ROOT 50001673 (kind=<unknown>)
ROOT 50001674 (kind=<unknown>)
ROOT 50001675 (kind=<unknown>)
ROOT 50001676 (kind=<unknown>)
ROOT 50001677 (kind=<unknown>)
ROOT 50001678 (kind=<unknown>)
ROOT 50001679 (kind=<unknown>)
ROOT 5000167a (kind=<unknown>)
ROOT 5000167b (kind=<unknown>)
ROOT 5000167c (kind=<unknown>)
ROOT 5000167d (kind=<unknown>)
ROOT 5000167e (kind=<unknown>)
ROOT 5000167f (kind=<unknown>)
ROOT 50001680 (kind=<unknown>)
ROOT 50001681 (kind=<unknown>)
ROOT 50001682 (kind=<unknown>)
ROOT 50001683 (kind=<unknown>)
ROOT 50001684 (kind=<unknown>)
ROOT 50001685 (kind=<unknown>)
ROOT 50001686 (kind=<unknown>)
ROOT 50001687 (kind=<unknown>)
ROOT 50001688 (kind=<unknown>)
ROOT 50001689 (kind=<unknown>)
ROOT 5000168a (kind=<unknown>)
ROOT 5000168b (kind=<unknown>)
ROOT 5000168c (kind=<unknown>)
ROOT 5000168d (kind=<unknown>)
ROOT 5000168e (kind=<unknown>)
ROOT 5000168f (kind=<unknown>)
ROOT 50001690 (kind=<unknown>)
ROOT 50001691 (kind=<unknown>)
ROOT 50001692 (kind=<unknown>)
ROOT 50001693 (kind=<unknown>)
ROOT 50001694 (kind=<unknown>)
ROOT 50001695 (kind=<unknown>)
ROOT 50001696 (kind=<unknown>)
ROOT 50001697 (kind=<unknown>)
ROOT 50001698 (kind=<unknown>)
ROOT 50001699 (kind=<unknown>)
ROOT 5000169a (kind=<unknown>)
ROOT 5000169b (kind=<unknown>)
ROOT 5000169c (kind=<unknown>)
ROOT 5000169d (kind=<unknown>)
ROOT 5000169e (kind=<unknown>)
ROOT 5000169f (kind=<unknown>)
ROOT 500016a0 (kind=<unknown>)
ROOT 500016a1 (kind=<unknown>)
ROOT 500016a2 (kind=<unknown>)
ROOT 500016a3 (kind=<unknown>)
ROOT 500016a4 (kind=<unknown>)
ROOT 500016a5 (kind=<unknown>)
ROOT 500016a6 (kind=<unknown>)
ROOT 500016a7 (kind=<unknown>)
ROOT 500016a8 (kind=<unknown>)
ROOT 500016a9 (kind=<unknown>)
ROOT 500016aa (kind=<unknown>)
ROOT 500016ab (kind=<unknown>)
ROOT 500016ac (kind=<unknown>)
ROOT 500016ad (kind=<unknown>)
ROOT 500016ae (kind=<unknown>)
ROOT 500016af (kind=<unknown>)
ROOT 500016b0 (kind=<unknown>)
ROOT 500016b1 (kind=<unknown>)
ROOT 500016b2 (kind=<unknown>)
ROOT 500016b3 (kind=<unknown>)
ROOT 500016b4 (kind=<unknown>)
ROOT 500016b5 (kind=<unknown>)
ROOT 500016b6 (kind=<unknown>)
ROOT 500016b7 (kind=<unknown>)
ROOT 500016b8 (kind=<unknown>)
ROOT 500016b9 (kind=<unknown>)
ROOT 500016ba (kind=<unknown>)
ROOT 500016bb (kind=<unknown>)
ROOT 500016bc (kind=<unknown>)
ROOT 500016bd (kind=<unknown>)
ROOT 500016be (kind=<unknown>)
ROOT 500016bf (kind=<unknown>)
ROOT 500016c0 (kind=<unknown>)
ROOT 500016c1 (kind=<unknown>)
ROOT 500016c2 (kind=<unknown>)
ROOT 500016c3 (kind=<unknown>)
ROOT 500016c4 (kind=<unknown>)
ROOT 500016c5 (kind=<unknown>)
ROOT 500016c6 (kind=<unknown>)
ROOT 500016c7 (kind=<unknown>)
ROOT 500016c8 (kind=<unknown>)
ROOT 500016c9 (kind=<unknown>)
ROOT 500016ca (kind=<unknown>)
ROOT 500016cb (kind=<unknown>)
ROOT 500016cc (kind=<unknown>)
ROOT 500016cd (kind=<unknown>)
ROOT 500016ce (kind=<unknown>)
ROOT 500016cf (kind=<unknown>)
ROOT 500016d0 (kind=<unknown>)
ROOT 500016d1 (kind=<unknown>)
ROOT 500016d2 (kind=<unknown>)
ROOT 500016d3 (kind=<unknown>)
ROOT 500016d4 (kind=<unknown>)
ROOT 500016d5 (kind=<unknown>)
ROOT 500016d6 (kind=<unknown>)
ROOT 500016d7 (kind=<unknown>)
ROOT 500016d8 (kind=<unknown>)
ROOT 500016d9 (kind=<unknown>)
ROOT 500016da (kind=<unknown>)
ROOT 500016db (kind=<unknown>)
ROOT 500016dc (kind=<unknown>)
ROOT 500016dd (kind=<unknown>)
ROOT 500016de (kind=<unknown>)
ROOT 500016df (kind=<unknown>)
ROOT 500016e0 (kind=<unknown>)
ROOT 500016e1 (kind=<unknown>)
ROOT 500016e2 (kind=<unknown>)
ROOT 500016e3 (kind=<unknown>)
ROOT 500016e4 (kind=<unknown>)
ROOT 500016e5 (kind=<unknown>)
ROOT 500016e6 (kind=<unknown>)
ROOT 500016e7 (kind=<unknown>)
ROOT 500016e8 (kind=<unknown>)
ROOT 500016e9 (kind=<unknown>)
ROOT 500016ea (kind=<unknown>)
ROOT 500016eb (kind=<unknown>)
ROOT 500016ec (kind=<unknown>)
ROOT 500016ed (kind=<unknown>)
ROOT 500016ee (kind=<unknown>)
ROOT 500016ef (kind=<unknown>)
ROOT 500016f0 (kind=<unknown>)
ROOT 500016f1 (kind=<unknown>)
ROOT 500016f2 (kind=<unknown>)
ROOT 500016f3 (kind=<unknown>)
ROOT 500016f4 (kind=<unknown>)
ROOT 500016f5 (kind=<unknown>)
ROOT 500016f6 (kind=<unknown>)
ROOT 500016f7 (kind=<unknown>)
ROOT 500016f8 (kind=<unknown>)
ROOT 500016f9 (kind=<unknown>)
ROOT 500016fa (kind=<unknown>)
ROOT 500016fb (kind=<unknown>)
ROOT 500016fc (kind=<unknown>)
ROOT 500016fd (kind=<unknown>)
ROOT 500016fe (kind=<unknown>)
ROOT 500016ff (kind=<unknown>)
ROOT 50001700 (kind=<unknown>)
ROOT 50001701 (kind=<unknown>)
ROOT 50001702 (kind=<unknown>)
ROOT 50001703 (kind=<unknown>)
ROOT 50001704 (kind=<unknown>)
ROOT 50001705 (kind=<unknown>)
ROOT 50001706 (kind=<unknown>)
ROOT 50001707 (kind=<unknown>)
ROOT 50001708 (kind=<unknown>)
ROOT 50001709 (kind=<unknown>)
ROOT 5000170a (kind=<unknown>)
ROOT 5000170b (kind=<unknown>)
ROOT 5000170c (kind=<unknown>)
ROOT 5000170d (kind=<unknown>)
ROOT 5000170e (kind=<unknown>)
ROOT 5000170f (kind=<unknown>)
ROOT 50001710 (kind=<unknown>)
ROOT 50001711 (kind=<unknown>)
ROOT 50001712 (kind=<unknown>)
ROOT 50001713 (kind=<unknown>)
ROOT 50001714 (kind=<unknown>)
ROOT 50001715 (kind=<unknown>)
ROOT 50001716 (kind=<unknown>)
ROOT 50001717 (kind=<unknown>)
ROOT 50001718 (kind=<unknown>)
ROOT 50001719 (kind=<unknown>)
ROOT 5000171a (kind=<unknown>)
ROOT 5000171b (kind=<unknown>)
ROOT 5000171c (kind=<unknown>)
ROOT 5000171d (kind=<unknown>)
ROOT 5000171e (kind=<unknown>)
ROOT 5000171f (kind=<unknown>)
ROOT 50001720 (kind=<unknown>)
ROOT 50001721 (kind=<unknown>)
ROOT 50001722 (kind=<unknown>)
ROOT 50001723 (kind=<unknown>)
ROOT 50001724 (kind=<unknown>)
ROOT 50001725 (kind=<unknown>)
ROOT 50001726 (kind=<unknown>)
ROOT 50001727 (kind=<unknown>)
ROOT 50001728 (kind=<unknown>)
ROOT 50001729 (kind=<unknown>)
ROOT 5000172a (kind=<unknown>)
ROOT 5000172b (kind=<unknown>)
ROOT 5000172c (kind=<unknown>)
ROOT 5000172d (kind=<unknown>)
ROOT 5000172e (kind=<unknown>)
ROOT 5000172f (kind=<unknown>)
ROOT 50001730 (kind=<unknown>)
ROOT 50001731 (kind=<unknown>)
ROOT 50001732 (kind=<unknown>)
ROOT 50001733 (kind=<unknown>)
ROOT 50001734 (kind=<unknown>)
ROOT 50001735 (kind=<unknown>)
ROOT 50001736 (kind=<unknown>)
ROOT 50001737 (kind=<unknown>)
ROOT 50001738 (kind=<unknown>)
ROOT 50001739 (kind=<unknown>)
ROOT 5000173a (kind=<unknown>)
ROOT 5000173b (kind=<unknown>)
ROOT 5000173c (kind=<unknown>)
ROOT 5000173d (kind=<unknown>)
ROOT 5000173e (kind=<unknown>)
ROOT 5000173f (kind=<unknown>)
ROOT 50001740 (kind=<unknown>)
ROOT 50001741 (kind=<unknown>)
ROOT 50001742 (kind=<unknown>)
ROOT 50001743 (kind=<unknown>)
ROOT 50001744 (kind=<unknown>)
ROOT 50001745 (kind=<unknown>)
ROOT 50001746 (kind=<unknown>)
ROOT 50001747 (kind=<unknown>)
ROOT 50001748 (kind=<unknown>)
ROOT 50001749 (kind=<unknown>)
ROOT 5000174a (kind=<unknown>)
ROOT 5000174b (kind=<unknown>)
ROOT 5000174c (kind=<unknown>)
ROOT 5000174d (kind=<unknown>)
ROOT 5000174e (kind=<unknown>)
ROOT 5000174f (kind=<unknown>)
ROOT 50001750 (kind=<unknown>)
ROOT 50001751 (kind=<unknown>)
ROOT 50001752 (kind=<unknown>)
ROOT 50001753 (kind=<unknown>)
ROOT 50001754 (kind=<unknown>)
ROOT 50001755 (kind=<unknown>)
ROOT 50001756 (kind=<unknown>)
ROOT 50001757 (kind=<unknown>)
ROOT 50001638 (kind=<system class>, name=java.lang.Shutdown$Lock)
ROOT 50001636 (kind=<system class>, name=java.lang.Shutdown)
ROOT 5000150e (kind=<system class>, name=java.text.NumberFormat$Field)
ROOT 5000150c (kind=<system class>, name=java.text.FieldPosition$Delegate)
ROOT 5000150b (kind=<system class>, name=java.text.Format$FieldDelegate)
ROOT 500014ec (kind=<system class>, name=java.math.RoundingMode[])
ROOT 500014e3 (kind=<system class>, name=java.math.RoundingMode)
ROOT 500014e3 (kind=<system class>, name=java.math.RoundingMode)
ROOT 500014df (kind=<system class>, name=java.text.DigitList)
ROOT 500014dc (kind=<system class>, name=java.text.FieldPosition[])
ROOT 50000874 (kind=<system class>, name=java.text.FieldPosition)
ROOT 500014db (kind=<system class>, name=java.text.DecimalFormat)
ROOT 500014d7 (kind=<system class>, name=java.util.HashMap$KeySet)
ROOT 500012b2 (kind=<system class>, name=sun.util.resources.CurrencyNames)
ROOT 500012b1 (kind=<system class>, name=sun.util.resources.LocaleNamesBundle)
ROOT 500012b0 (kind=<system class>, name=sun.util.resources.OpenListResourceBundle)
ROOT 50001289 (kind=<system class>, name=java.util.Currency$CurrencyNameGetter)
ROOT 50001288 (kind=<system class>, name=sun.util.locale.provider.LocaleServiceProviderPool$LocalizedObjectGetter)
ROOT 5000126f (kind=<system class>, name=sun.util.locale.provider.SPILocaleProviderAdapter$1)
ROOT 500010fb (kind=<system class>, name=sun.util.locale.provider.CurrencyNameProviderImpl)
ROOT 500010f3 (kind=<system class>, name=java.util.spi.CalendarDataProvider)
ROOT 500010f2 (kind=<system class>, name=java.util.spi.TimeZoneNameProvider)
ROOT 500010f1 (kind=<system class>, name=java.util.spi.LocaleNameProvider)
ROOT 500010f0 (kind=<system class>, name=java.text.spi.DateFormatSymbolsProvider)
ROOT 500010ef (kind=<system class>, name=java.text.spi.DateFormatProvider)
ROOT 500010ee (kind=<system class>, name=java.text.spi.CollatorProvider)
ROOT 500010ed (kind=<system class>, name=java.text.spi.BreakIteratorProvider)
ROOT 500010ea (kind=<system class>, name=sun.util.locale.provider.LocaleServiceProviderPool)
ROOT 500010e9 (kind=<system class>, name=java.util.spi.CurrencyNameProvider)
ROOT 5000108b (kind=<system class>, name=java.io.DataInputStream)
ROOT 5000108a (kind=<system class>, name=java.io.DataInput)
ROOT 50001082 (kind=<system class>, name=java.util.Currency$1)
ROOT 50001080 (kind=<system class>, name=java.util.Currency)
ROOT 50000f50 (kind=<system class>, name=sun.util.resources.ParallelListResourceBundle$KeySet)
ROOT 50000f42 (kind=<system class>, name=sun.util.locale.provider.DecimalFormatSymbolsProviderImpl)
ROOT 50000f3b (kind=<system class>, name=java.text.spi.DecimalFormatSymbolsProvider)
ROOT 50000f3a (kind=<system class>, name=java.text.DecimalFormatSymbols)
ROOT 50000f36 (kind=<system class>, name=sun.util.locale.provider.LocaleResources$ResourceReference)
ROOT 50000f2c (kind=<system class>, name=java.util.concurrent.ConcurrentHashMap$ForwardingNode)
ROOT 50000ea6 (kind=<system class>, name=java.security.UnresolvedPermission)
ROOT 50000ea5 (kind=<system class>, name=java.security.AllPermission)
ROOT 50000e91 (kind=<system class>, name=java.io.FilePermissionCollection)
ROOT 50000e8a (kind=<system class>, name=java.io.FilePermission$1)
ROOT 50000e86 (kind=<system class>, name=java.io.FilePermission)
ROOT 50000e82 (kind=<system class>, name=sun.net.www.MessageHeader)
ROOT 50000e7d (kind=<system class>, name=sun.net.www.protocol.file.FileURLConnection)
ROOT 50000e7c (kind=<system class>, name=sun.net.www.URLConnection)
ROOT 50000e7b (kind=<system class>, name=java.net.URLConnection)
ROOT 50000e55 (kind=<system class>, name=java.security.Permissions)
ROOT 50000e54 (kind=<system class>, name=java.security.PermissionCollection)
ROOT 50000e4f (kind=<system class>, name=sun.nio.ByteBuffered)
ROOT 50000e3b (kind=<system class>, name=sun.security.util.ManifestEntryVerifier)
ROOT 50000e0e (kind=<system class>, name=sun.security.util.DisabledAlgorithmConstraints$1)
ROOT 50000e09 (kind=<system class>, name=sun.security.util.DisabledAlgorithmConstraints$Constraint$Operator[])
ROOT 50000e02 (kind=<system class>, name=sun.security.util.DisabledAlgorithmConstraints$Constraint$Operator)
ROOT 50000e02 (kind=<system class>, name=sun.security.util.DisabledAlgorithmConstraints$Constraint$Operator)
ROOT 50000dff (kind=<system class>, name=sun.security.util.DisabledAlgorithmConstraints$KeySizeConstraint)
ROOT 50000dd1 (kind=<system class>, name=sun.security.util.DisabledAlgorithmConstraints$DisabledConstraint)
ROOT 50000dd0 (kind=<system class>, name=sun.security.util.DisabledAlgorithmConstraints$Constraint)
ROOT 50000dcc (kind=<system class>, name=java.util.AbstractList$Itr)
ROOT 50000dc4 (kind=<system class>, name=java.util.regex.Matcher)
ROOT 50000dc3 (kind=<system class>, name=java.util.regex.MatchResult)
ROOT 50000dc0 (kind=<system class>, name=java.util.regex.Pattern$BnM)
ROOT 50000db7 (kind=<system class>, name=sun.security.util.DisabledAlgorithmConstraints$Constraints)
ROOT 50000daf (kind=<system class>, name=java.util.ArrayList$SubList$1)
ROOT 50000dae (kind=<system class>, name=java.util.ListIterator)
ROOT 50000dac (kind=<system class>, name=java.util.ArrayList$SubList)
ROOT 50000ceb (kind=<system class>, name=java.util.Properties$LineReader)
ROOT 50000cda (kind=<system class>, name=java.security.Security$1)
ROOT 50000cd9 (kind=<system class>, name=java.security.Security)
ROOT 50000cd7 (kind=<system class>, name=sun.security.util.AbstractAlgorithmConstraints$1)
ROOT 50000ccf (kind=<system class>, name=java.util.regex.Pattern$Branch)
ROOT 50000ccd (kind=<system class>, name=java.util.regex.Pattern$BranchConn)
ROOT 50000cc9 (kind=<system class>, name=java.util.regex.Pattern$SliceI)
ROOT 50000cc7 (kind=<system class>, name=java.util.regex.ASCII)
ROOT 50000cc0 (kind=<system class>, name=java.util.regex.Pattern$TreeInfo)
ROOT 50000cbe (kind=<system class>, name=java.util.regex.Pattern$Start)
ROOT 50000cbd (kind=<system class>, name=java.util.regex.Pattern$First)
ROOT 50000cbc (kind=<system class>, name=java.util.regex.Pattern$Begin)
ROOT 50000cbb (kind=<system class>, name=java.util.regex.Pattern$Slice)
ROOT 50000cba (kind=<system class>, name=java.util.regex.Pattern$SliceNode)
ROOT 50000cb8 (kind=<system class>, name=java.util.regex.Pattern$Single)
ROOT 50000cb7 (kind=<system class>, name=java.util.regex.Pattern$BmpCharProperty)
ROOT 50000cb6 (kind=<system class>, name=java.util.regex.Pattern$CharProperty)
ROOT 50000cb4 (kind=<system class>, name=java.util.regex.Pattern$GroupHead[])
ROOT 50000cb3 (kind=<system class>, name=java.util.regex.Pattern$GroupHead)
ROOT 50000cd1 (kind=<system class>, name=java.util.regex.Pattern$Node[])
ROOT 50000caa (kind=<system class>, name=java.util.regex.Pattern$Node)
ROOT 50000cb3 (kind=<system class>, name=java.util.regex.Pattern$GroupHead)
ROOT 50000cae (kind=<system class>, name=java.util.regex.Pattern$LastNode)
ROOT 50000cab (kind=<system class>, name=java.util.regex.Pattern$4)
ROOT 50000caa (kind=<system class>, name=java.util.regex.Pattern$Node)
ROOT 50000ca9 (kind=<system class>, name=java.util.regex.Pattern)
ROOT 50000ca8 (kind=<system class>, name=sun.security.util.AlgorithmDecomposer)
ROOT 50000ca7 (kind=<system class>, name=sun.security.util.DisabledAlgorithmConstraints)
ROOT 50000ca6 (kind=<system class>, name=sun.security.util.AbstractAlgorithmConstraints)
ROOT 50000ca5 (kind=<system class>, name=java.security.AlgorithmConstraints)
ROOT 50000ca4 (kind=<system class>, name=sun.security.util.SignatureFileVerifier)
ROOT 50000c91 (kind=<system class>, name=java.lang.Package)
ROOT 50000c8c (kind=<system class>, name=java.io.ByteArrayOutputStream)
ROOT 50000c83 (kind=<system class>, name=java.util.jar.JarVerifier$3)
ROOT 50000c81 (kind=<system class>, name=java.security.CodeSigner[])
ROOT 50000c80 (kind=<system class>, name=java.security.CodeSigner)
ROOT 50000c80 (kind=<system class>, name=java.security.CodeSigner)
ROOT 50000c7b (kind=<system class>, name=java.util.jar.JarVerifier)
ROOT 50000c60 (kind=<system class>, name=java.util.jar.Attributes$Name)
ROOT 50000c51 (kind=<system class>, name=java.util.jar.Manifest$FastInputStream)
ROOT 50000c4d (kind=<system class>, name=java.util.jar.Attributes)
ROOT 50000c48 (kind=<system class>, name=sun.misc.IOUtils)
ROOT 50000c44 (kind=<system class>, name=java.util.zip.ZipFile$ZipFileInputStream)
ROOT 50000c35 (kind=<system class>, name=sun.misc.URLClassPath$JarLoader$2)
ROOT 50000c34 (kind=<system class>, name=sun.misc.Resource)
ROOT 50000c1a (kind=<system class>, name=java.util.jar.JarFile$JarFileEntry)
ROOT 50000c19 (kind=<system class>, name=java.util.jar.JarEntry)
ROOT 50000c14 (kind=<system class>, name=sun.nio.cs.UTF_8$Decoder)
ROOT 50000c12 (kind=<system class>, name=java.util.zip.ZipEntry)
ROOT 50000beb (kind=<system class>, name=sun.misc.JarIndex)
ROOT 50000bda (kind=<system class>, name=java.nio.DirectLongBufferU)
ROOT 50000bd9 (kind=<system class>, name=java.nio.LongBuffer)
ROOT 50000bd6 (kind=<system class>, name=java.nio.DirectByteBuffer)
ROOT 50000bd5 (kind=<system class>, name=java.nio.MappedByteBuffer)
ROOT 50000bd4 (kind=<system class>, name=sun.nio.ch.DirectBuffer)
ROOT 50000bd2 (kind=<system class>, name=sun.misc.PerfCounter$CoreCounters)
ROOT 50000bd0 (kind=<system class>, name=sun.misc.Perf)
ROOT 50000bce (kind=<system class>, name=sun.misc.Perf$GetPerfAction)
ROOT 50000bcd (kind=<system class>, name=sun.misc.PerfCounter)
ROOT 50000bb8 (kind=<system class>, name=java.util.zip.ZipCoder)
ROOT 50000bb5 (kind=<system class>, name=java.util.ArrayDeque)
ROOT 50000ba5 (kind=<system class>, name=sun.nio.cs.UTF_16)
ROOT 50000b93 (kind=<system class>, name=sun.nio.cs.UTF_16LE)
ROOT 50000b81 (kind=<system class>, name=sun.nio.cs.UTF_16BE)
ROOT 50000b6b (kind=<system class>, name=sun.nio.cs.ISO_8859_1)
ROOT 50000b60 (kind=<system class>, name=sun.nio.cs.US_ASCII)
ROOT 50000b5c (kind=<system class>, name=java.nio.charset.StandardCharsets)
ROOT 50000b52 (kind=<system class>, name=java.util.jar.JavaUtilJarAccessImpl)
ROOT 50000b51 (kind=<system class>, name=sun.misc.JavaUtilJarAccess)
ROOT 50000b50 (kind=<system class>, name=java.util.jar.JarFile)
ROOT 50000b2b (kind=<system class>, name=java.util.concurrent.atomic.AtomicMarkableReference$Pair)
ROOT 50000b28 (kind=<system class>, name=java.util.concurrent.atomic.AtomicMarkableReference)
ROOT 50000b1f (kind=<system class>, name=sun.text.resources.FormatData)
ROOT 50000b1e (kind=<system class>, name=sun.util.resources.ParallelListResourceBundle)
ROOT 50000afa (kind=<system class>, name=java.util.ResourceBundle$SingleFormatControl)
ROOT 50000af6 (kind=<system class>, name=sun.util.resources.LocaleData$LocaleDataResourceBundleControl)
ROOT 50000af4 (kind=<system class>, name=sun.util.resources.LocaleData$1)
ROOT 50000aeb (kind=<system class>, name=sun.util.resources.LocaleData)
ROOT 50000ae5 (kind=<system class>, name=sun.util.locale.provider.LocaleResources)
ROOT 50000adf (kind=<system class>, name=java.util.Collections$EmptyIterator)
ROOT 50000a97 (kind=<system class>, name=java.lang.String[][])
ROOT 500000db (kind=<system class>, name=java.lang.String[])
ROOT 5000163b (kind=<system class>, name=java.io.Serializable[][])
ROOT 50000117 (kind=<system class>, name=java.io.Serializable[])
ROOT 5000163c (kind=<system class>, name=java.lang.Comparable[][])
ROOT 5000010e (kind=<system class>, name=java.lang.Comparable[])
ROOT 5000163d (kind=<system class>, name=java.lang.CharSequence[][])
ROOT 500000dc (kind=<system class>, name=java.lang.CharSequence[])
ROOT 50000a95 (kind=<system class>, name=sun.util.locale.LanguageTag)
ROOT 50000915 (kind=<system class>, name=sun.util.locale.provider.JRELocaleProviderAdapter$1)
ROOT 500008d6 (kind=<system class>, name=sun.util.locale.provider.LocaleDataMetaInfo)
ROOT 500008d5 (kind=<system class>, name=sun.util.locale.provider.NumberFormatProviderImpl)
ROOT 500008d4 (kind=<system class>, name=sun.util.locale.provider.AvailableLanguageTags)
ROOT 500008d0 (kind=<system class>, name=sun.util.locale.provider.LocaleProviderAdapter$1)
ROOT 500008ce (kind=<system class>, name=java.util.ArrayList$Itr)
ROOT 500008cc (kind=<system class>, name=java.util.Collections$UnmodifiableCollection$1)
ROOT 500008c5 (kind=<system class>, name=sun.util.locale.provider.LocaleProviderAdapter$Type[])
ROOT 500008bf (kind=<system class>, name=sun.util.locale.provider.LocaleProviderAdapter$Type)
ROOT 500008bf (kind=<system class>, name=sun.util.locale.provider.LocaleProviderAdapter$Type)
ROOT 500008b8 (kind=<system class>, name=sun.util.locale.provider.AuxLocaleProviderAdapter$NullProvider)
ROOT 500008b7 (kind=<system class>, name=sun.util.locale.provider.SPILocaleProviderAdapter)
ROOT 500008b6 (kind=<system class>, name=sun.util.locale.provider.AuxLocaleProviderAdapter)
ROOT 500008b2 (kind=<system class>, name=sun.util.locale.provider.JRELocaleProviderAdapter)
ROOT 500008b1 (kind=<system class>, name=sun.util.locale.provider.ResourceBundleBasedAdapter)
ROOT 500008b0 (kind=<system class>, name=sun.util.locale.provider.LocaleProviderAdapter)
ROOT 500008af (kind=<system class>, name=java.text.spi.NumberFormatProvider)
ROOT 500008ae (kind=<system class>, name=java.util.spi.LocaleServiceProvider)
ROOT 500008ad (kind=<system class>, name=java.text.NumberFormat)
ROOT 5000087b (kind=<system class>, name=java.text.MessageFormat$Field)
ROOT 5000087a (kind=<system class>, name=java.text.Format$Field)
ROOT 50000879 (kind=<system class>, name=java.text.AttributedCharacterIterator$Attribute)
ROOT 50000878 (kind=<system class>, name=java.util.Date)
ROOT 50000874 (kind=<system class>, name=java.text.FieldPosition)
ROOT 5000085b (kind=<system class>, name=java.lang.StringBuilder[])
ROOT 50000134 (kind=<system class>, name=java.lang.StringBuilder)
ROOT 5000163e (kind=<system class>, name=java.lang.AbstractStringBuilder[])
ROOT 50000136 (kind=<system class>, name=java.lang.AbstractStringBuilder)
ROOT 5000163f (kind=<system class>, name=java.lang.Appendable[])
ROOT 50000137 (kind=<system class>, name=java.lang.Appendable)
ROOT 5000084f (kind=<system class>, name=java.util.Locale$1)
ROOT 5000084d (kind=<system class>, name=java.util.Locale$Category[])
ROOT 5000084a (kind=<system class>, name=java.util.Locale$Category)
ROOT 5000084a (kind=<system class>, name=java.util.Locale$Category)
ROOT 50000846 (kind=<system class>, name=java.text.Format[])
ROOT 5000083f (kind=<system class>, name=java.text.Format)
ROOT 50000840 (kind=<system class>, name=java.text.MessageFormat)
ROOT 5000083f (kind=<system class>, name=java.text.Format)
ROOT 50000815 (kind=<system class>, name=java.lang.Object[][])
ROOT 5000011b (kind=<system class>, name=java.lang.Object[])
ROOT 500007d1 (kind=<system class>, name=sun.launcher.resources.launcher_zh_CN)
ROOT 500007c5 (kind=<system class>, name=java.net.URLClassLoader$2)
ROOT 500007c3 (kind=<system class>, name=java.util.ResourceBundle$Control$1)
ROOT 500007b2 (kind=<system class>, name=java.net.URLClassLoader$1)
ROOT 500007a7 (kind=<system class>, name=java.util.ResourceBundle$BundleReference)
ROOT 5000079d (kind=<system class>, name=sun.launcher.resources.launcher)
ROOT 5000079c (kind=<system class>, name=java.util.ListResourceBundle)
ROOT 50000770 (kind=<system class>, name=java.util.LinkedList$Node)
ROOT 5000075d (kind=<system class>, name=java.util.LinkedList)
ROOT 5000075c (kind=<system class>, name=java.util.AbstractSequentialList)
ROOT 5000075b (kind=<system class>, name=java.util.Deque)
ROOT 5000075a (kind=<system class>, name=java.util.Queue)
ROOT 50000758 (kind=<system class>, name=java.util.ResourceBundle$LoaderReference)
ROOT 50000757 (kind=<system class>, name=java.util.ResourceBundle$CacheKeyReference)
ROOT 50000755 (kind=<system class>, name=java.util.ResourceBundle$CacheKey)
ROOT 50000750 (kind=<system class>, name=java.util.ResourceBundle$Control$CandidateListCache)
ROOT 50000746 (kind=<system class>, name=java.util.Arrays$ArrayList)
ROOT 50000744 (kind=<system class>, name=java.util.ResourceBundle$Control)
ROOT 50000734 (kind=<system class>, name=java.util.ResourceBundle$RBClassLoader$1)
ROOT 50000733 (kind=<system class>, name=java.util.ResourceBundle$RBClassLoader)
ROOT 500005de (kind=<system class>, name=java.net.URLClassLoader$3$1)
ROOT 50000544 (kind=<system class>, name=java.security.PrivilegedActionException)
ROOT 50000542 (kind=<system class>, name=java.io.FileNotFoundException)
ROOT 50000541 (kind=<system class>, name=java.io.IOException)
ROOT 50000538 (kind=<system class>, name=sun.misc.FileURLMapper)
ROOT 50000536 (kind=<system class>, name=sun.misc.URLClassPath$JarLoader$1)
ROOT 500004e5 (kind=<system class>, name=java.util.zip.ZipFile$1)
ROOT 500004e4 (kind=<system class>, name=sun.misc.JavaUtilZipFileAccess)
ROOT 500004e3 (kind=<system class>, name=java.util.zip.ZipFile)
ROOT 500004e2 (kind=<system class>, name=java.util.zip.ZipConstants)
ROOT 500004e1 (kind=<system class>, name=sun.misc.URLClassPath$JarLoader)
ROOT 500004e0 (kind=<system class>, name=sun.misc.URLClassPath$Loader)
ROOT 500004de (kind=<system class>, name=sun.misc.URLClassPath$3)
ROOT 500004d8 (kind=<system class>, name=sun.net.util.URLUtil)
ROOT 500004d6 (kind=<system class>, name=sun.misc.CompoundEnumeration)
ROOT 500004d4 (kind=<system class>, name=java.net.URLClassLoader$3)
ROOT 500004d2 (kind=<system class>, name=sun.misc.URLClassPath$1)
ROOT 500004d0 (kind=<system class>, name=java.lang.ClassLoader$2)
ROOT 500004ce (kind=<system class>, name=sun.misc.URLClassPath$2)
ROOT 5000026a (kind=<system class>, name=sun.misc.Launcher$BootClassPathHolder$1)
ROOT 50000269 (kind=<system class>, name=sun.misc.Launcher$BootClassPathHolder)
ROOT 50000267 (kind=<system class>, name=java.util.Enumeration[])
ROOT 50000090 (kind=<system class>, name=java.util.Enumeration)
ROOT 5000025f (kind=<system class>, name=java.util.LinkedHashMap$LinkedEntryIterator)
ROOT 5000025e (kind=<system class>, name=java.util.LinkedHashMap$LinkedHashIterator)
ROOT 5000025c (kind=<system class>, name=java.util.LinkedHashMap$LinkedEntrySet)
ROOT 5000025a (kind=<system class>, name=java.util.ServiceLoader$1)
ROOT 50000258 (kind=<system class>, name=java.util.ServiceLoader$LazyIterator)
ROOT 50000255 (kind=<system class>, name=java.util.ServiceLoader)
ROOT 50000254 (kind=<system class>, name=java.util.spi.ResourceBundleControlProvider)
ROOT 5000024f (kind=<system class>, name=java.util.ResourceBundle$1)
ROOT 5000024e (kind=<system class>, name=java.util.ResourceBundle)
ROOT 5000024d (kind=<system class>, name=sun.launcher.LauncherHelper$ResourceBundleHolder)
ROOT 50000248 (kind=<system class>, name=sun.launcher.LauncherHelper[])
ROOT 50000246 (kind=<system class>, name=sun.launcher.LauncherHelper)
ROOT 50000246 (kind=<system class>, name=sun.launcher.LauncherHelper)
ROOT 50000243 (kind=<system class>, name=java.io.FileOutputStream$1)
ROOT 5000023c (kind=<system class>, name=sun.nio.cs.UTF_8$Encoder)
ROOT 50000231 (kind=<system class>, name=sun.nio.cs.UTF_8)
ROOT 50000230 (kind=<system class>, name=sun.nio.cs.Unicode)
ROOT 500001f8 (kind=<system class>, name=sun.usagetracker.UsageTrackerClient$3)
ROOT 500001e7 (kind=<system class>, name=jdk.internal.util.EnvUtils)
ROOT 500001e5 (kind=<system class>, name=sun.usagetracker.UsageTrackerClient$2)
ROOT 500001d7 (kind=<system class>, name=sun.usagetracker.UsageTrackerClient$4)
ROOT 500001cd (kind=<system class>, name=sun.usagetracker.UsageTrackerClient$1)
ROOT 500001c8 (kind=<system class>, name=java.util.concurrent.atomic.AtomicBoolean)
ROOT 500001c6 (kind=<system class>, name=sun.usagetracker.UsageTrackerClient)
ROOT 500001c5 (kind=<system class>, name=sun.misc.PostVMInitHook)
ROOT 500001be (kind=<system class>, name=java.lang.invoke.MethodHandleStatics$1)
ROOT 500001bc (kind=<system class>, name=java.lang.invoke.MethodHandleStatics)
ROOT 500001ba (kind=<system class>, name=java.lang.invoke.MemberName$Factory)
ROOT 500001b6 (kind=<system class>, name=java.lang.ClassValue$Version)
ROOT 500001b4 (kind=<system class>, name=java.lang.ClassValue$Identity)
ROOT 500001af (kind=<system class>, name=java.lang.ClassValue$Entry[])
ROOT 500001ae (kind=<system class>, name=java.lang.ClassValue$Entry)
ROOT 500001ae (kind=<system class>, name=java.lang.ClassValue$Entry)
ROOT 500001ad (kind=<system class>, name=java.lang.invoke.MethodHandleImpl$4)
ROOT 500001ac (kind=<system class>, name=java.lang.ClassValue)
ROOT 500001a8 (kind=<system class>, name=java.lang.invoke.MethodHandle[])
ROOT 50000142 (kind=<system class>, name=java.lang.invoke.MethodHandle)
ROOT 500001a6 (kind=<system class>, name=java.lang.invoke.MethodHandleImpl$3)
ROOT 500001a4 (kind=<system class>, name=java.lang.invoke.MethodHandleImpl$2)
ROOT 500001a3 (kind=<system class>, name=java.util.function.Function)
ROOT 5000019a (kind=<system class>, name=java.lang.invoke.MethodHandleImpl$1)
ROOT 50000197 (kind=<system class>, name=java.lang.invoke.MethodHandleImpl)
ROOT 50000001 (kind=<system class>, name=java.lang.SystemClassLoaderAction)
ROOT 50000002 (kind=<system class>, name=sun.misc.Launcher$AppClassLoader$1)
ROOT 50000003 (kind=<system class>, name=sun.net.www.protocol.jar.Handler)
ROOT 50000004 (kind=<system class>, name=sun.misc.URLClassPath)
ROOT 50000005 (kind=<system class>, name=java.util.HashSet)
ROOT 50000006 (kind=<system class>, name=java.security.Principal[])
ROOT 50000007 (kind=<system class>, name=java.security.Principal)
ROOT 50000007 (kind=<system class>, name=java.security.Principal)
ROOT 50000008 (kind=<system class>, name=java.security.ProtectionDomain$Key)
ROOT 50000009 (kind=<system class>, name=java.security.ProtectionDomain$2)
ROOT 5000000a (kind=<system class>, name=sun.misc.JavaSecurityProtectionDomainAccess)
ROOT 5000000b (kind=<system class>, name=java.security.ProtectionDomain$JavaSecurityAccessImpl)
ROOT 5000000c (kind=<system class>, name=sun.misc.JavaSecurityAccess)
ROOT 5000000d (kind=<system class>, name=java.net.URL[])
ROOT 5000012c (kind=<system class>, name=java.net.URL)
ROOT 5000000e (kind=<system class>, name=sun.net.www.protocol.file.Handler)
ROOT 5000000f (kind=<system class>, name=java.net.URLStreamHandler)
ROOT 50000010 (kind=<system class>, name=java.net.Parts)
ROOT 50000011 (kind=<system class>, name=java.util.BitSet)
ROOT 50000012 (kind=<system class>, name=sun.net.www.ParseUtil)
ROOT 50000013 (kind=<system class>, name=java.io.FileInputStream$1)
ROOT 50000014 (kind=<system class>, name=java.util.HashMap$TreeNode)
ROOT 50000015 (kind=<system class>, name=java.lang.CharacterDataLatin1)
ROOT 50000016 (kind=<system class>, name=java.lang.CharacterData)
ROOT 50000017 (kind=<system class>, name=sun.util.locale.LocaleUtils)
ROOT 50000018 (kind=<system class>, name=java.util.Locale$LocaleKey)
ROOT 50000019 (kind=<system class>, name=sun.util.locale.LocaleObjectCache$CacheEntry)
ROOT 5000001a (kind=<system class>, name=sun.util.locale.BaseLocale$Key)
ROOT 5000001b (kind=<system class>, name=sun.util.locale.BaseLocale$Cache)
ROOT 5000001c (kind=<system class>, name=sun.util.locale.BaseLocale)
ROOT 5000001d (kind=<system class>, name=java.util.concurrent.ConcurrentHashMap$EntrySetView)
ROOT 5000001e (kind=<system class>, name=java.util.concurrent.ConcurrentHashMap$ValuesView)
ROOT 5000001f (kind=<system class>, name=java.util.concurrent.ConcurrentHashMap$KeySetView)
ROOT 50000020 (kind=<system class>, name=java.util.concurrent.ConcurrentHashMap$CollectionView)
ROOT 50000021 (kind=<system class>, name=java.util.concurrent.ConcurrentHashMap$CounterCell[])
ROOT 50000022 (kind=<system class>, name=java.util.concurrent.ConcurrentHashMap$CounterCell)
ROOT 50000022 (kind=<system class>, name=java.util.concurrent.ConcurrentHashMap$CounterCell)
ROOT 50000023 (kind=<system class>, name=java.util.concurrent.ConcurrentHashMap$Node[])
ROOT 50000024 (kind=<system class>, name=java.util.concurrent.ConcurrentHashMap$Node)
ROOT 50000024 (kind=<system class>, name=java.util.concurrent.ConcurrentHashMap$Node)
ROOT 50000025 (kind=<system class>, name=java.util.concurrent.ConcurrentHashMap$Segment[])
ROOT 50000028 (kind=<system class>, name=java.util.concurrent.ConcurrentHashMap$Segment)
ROOT 50000026 (kind=<system class>, name=java.util.concurrent.locks.ReentrantLock[])
ROOT 50000029 (kind=<system class>, name=java.util.concurrent.locks.ReentrantLock)
ROOT 50000027 (kind=<system class>, name=java.util.concurrent.locks.Lock[])
ROOT 5000002a (kind=<system class>, name=java.util.concurrent.locks.Lock)
ROOT 50000028 (kind=<system class>, name=java.util.concurrent.ConcurrentHashMap$Segment)
ROOT 50000029 (kind=<system class>, name=java.util.concurrent.locks.ReentrantLock)
ROOT 5000002a (kind=<system class>, name=java.util.concurrent.locks.Lock)
ROOT 5000002b (kind=<system class>, name=java.util.concurrent.ConcurrentHashMap)
ROOT 5000002c (kind=<system class>, name=java.util.concurrent.ConcurrentMap)
ROOT 5000002d (kind=<system class>, name=java.util.Locale$Cache)
ROOT 5000002e (kind=<system class>, name=sun.util.locale.LocaleObjectCache)
ROOT 5000002f (kind=<system class>, name=java.util.Locale)
ROOT 50000030 (kind=<system class>, name=java.lang.reflect.Array)
ROOT 50000031 (kind=<system class>, name=sun.nio.cs.StreamDecoder)
ROOT 50000032 (kind=<system class>, name=java.io.FileReader)
ROOT 50000033 (kind=<system class>, name=java.io.InputStreamReader)
ROOT 50000034 (kind=<system class>, name=java.io.BufferedReader)
ROOT 50000035 (kind=<system class>, name=java.io.Reader)
ROOT 50000036 (kind=<system class>, name=sun.misc.MetaIndex)
ROOT 50000037 (kind=<system class>, name=java.io.File[])
ROOT 5000012e (kind=<system class>, name=java.io.File)
ROOT 50000038 (kind=<system class>, name=java.util.StringTokenizer)
ROOT 50000039 (kind=<system class>, name=sun.misc.Launcher$ExtClassLoader$1)
ROOT 5000003a (kind=<system class>, name=java.net.URLClassLoader$7)
ROOT 5000003b (kind=<system class>, name=sun.misc.JavaNetAccess)
ROOT 5000003c (kind=<system class>, name=java.util.WeakHashMap$KeySet)
ROOT 5000003d (kind=<system class>, name=java.util.Collections$SetFromMap)
ROOT 5000003e (kind=<system class>, name=java.util.WeakHashMap$Entry[])
ROOT 5000003f (kind=<system class>, name=java.util.WeakHashMap$Entry)
ROOT 5000003f (kind=<system class>, name=java.util.WeakHashMap$Entry)
ROOT 50000040 (kind=<system class>, name=java.lang.ClassLoader$ParallelLoaders)
ROOT 50000041 (kind=<system class>, name=sun.security.util.Debug)
ROOT 50000042 (kind=<system class>, name=sun.misc.Launcher$Factory)
ROOT 50000043 (kind=<system class>, name=java.net.URLStreamHandlerFactory)
ROOT 50000044 (kind=<system class>, name=java.lang.Compiler$1)
ROOT 50000045 (kind=<system class>, name=java.lang.Compiler)
ROOT 50000046 (kind=<system class>, name=java.lang.IllegalArgumentException)
ROOT 50000047 (kind=<system class>, name=java.lang.System$2)
ROOT 50000048 (kind=<system class>, name=sun.misc.JavaLangAccess)
ROOT 50000049 (kind=<system class>, name=sun.io.Win32ErrorMode)
ROOT 5000004a (kind=<system class>, name=sun.misc.OSEnvironment)
ROOT 5000004b (kind=<system class>, name=java.lang.Integer[])
ROOT 5000011d (kind=<system class>, name=java.lang.Integer)
ROOT 5000004c (kind=<system class>, name=java.lang.Number[])
ROOT 50000122 (kind=<system class>, name=java.lang.Number)
ROOT 5000004d (kind=<system class>, name=java.lang.Integer$IntegerCache)
ROOT 5000004e (kind=<system class>, name=sun.misc.NativeSignalHandler)
ROOT 5000004f (kind=<system class>, name=sun.misc.Signal)
ROOT 50000050 (kind=<system class>, name=java.lang.Terminator$1)
ROOT 50000051 (kind=<system class>, name=sun.misc.SignalHandler)
ROOT 50000052 (kind=<system class>, name=java.lang.Terminator)
ROOT 50000053 (kind=<system class>, name=java.lang.ClassLoader$NativeLibrary)
ROOT 50000054 (kind=<system class>, name=java.util.LinkedHashMap$Entry)
ROOT 50000055 (kind=<system class>, name=java.io.ExpiringCache$Entry)
ROOT 50000056 (kind=<system class>, name=java.io.File$PathStatus[])
ROOT 5000005c (kind=<system class>, name=java.io.File$PathStatus)
ROOT 50000057 (kind=<system class>, name=java.lang.Enum[])
ROOT 5000005d (kind=<system class>, name=java.lang.Enum)
ROOT 50000058 (kind=<system class>, name=java.lang.ClassLoader$3)
ROOT 50000059 (kind=<system class>, name=java.lang.StringCoding$StringEncoder)
ROOT 5000005a (kind=<system class>, name=java.nio.file.Path)
ROOT 5000005b (kind=<system class>, name=java.nio.file.Watchable)
ROOT 5000005c (kind=<system class>, name=java.io.File$PathStatus)
ROOT 5000005d (kind=<system class>, name=java.lang.Enum)
ROOT 5000005e (kind=<system class>, name=java.io.ExpiringCache$1)
ROOT 5000005f (kind=<system class>, name=java.util.LinkedHashMap)
ROOT 50000060 (kind=<system class>, name=java.io.ExpiringCache)
ROOT 50000061 (kind=<system class>, name=java.io.WinNTFileSystem)
ROOT 50000062 (kind=<system class>, name=java.io.FileSystem)
ROOT 50000063 (kind=<system class>, name=java.io.DefaultFileSystem)
ROOT 50000064 (kind=<system class>, name=sun.security.action.GetPropertyAction)
ROOT 50000065 (kind=<system class>, name=java.io.BufferedWriter)
ROOT 50000066 (kind=<system class>, name=java.nio.charset.CoderResult$2)
ROOT 50000067 (kind=<system class>, name=java.nio.charset.CoderResult$1)
ROOT 50000068 (kind=<system class>, name=java.nio.charset.CoderResult$Cache)
ROOT 50000069 (kind=<system class>, name=java.nio.charset.CoderResult)
ROOT 5000006a (kind=<system class>, name=java.nio.HeapCharBuffer)
ROOT 5000006b (kind=<system class>, name=java.nio.CharBuffer)
ROOT 5000006c (kind=<system class>, name=java.lang.Readable)
ROOT 5000006d (kind=<system class>, name=java.nio.Bits$1)
ROOT 5000006e (kind=<system class>, name=sun.misc.JavaNioAccess)
ROOT 5000006f (kind=<system class>, name=java.util.concurrent.atomic.AtomicLong)
ROOT 50000070 (kind=<system class>, name=java.nio.ByteOrder)
ROOT 50000071 (kind=<system class>, name=java.nio.Bits)
ROOT 50000072 (kind=<system class>, name=java.nio.HeapByteBuffer)
ROOT 50000073 (kind=<system class>, name=java.nio.ByteBuffer)
ROOT 50000074 (kind=<system class>, name=sun.nio.cs.ext.DoubleByte$Encoder)
ROOT 50000075 (kind=<system class>, name=java.nio.charset.CharsetEncoder)
ROOT 50000076 (kind=<system class>, name=sun.nio.cs.ArrayEncoder)
ROOT 50000077 (kind=<system class>, name=sun.nio.cs.StreamEncoder)
ROOT 50000078 (kind=<system class>, name=java.io.OutputStreamWriter)
ROOT 50000079 (kind=<system class>, name=java.io.Writer)
ROOT 5000007a (kind=<system class>, name=sun.nio.cs.ext.MS936)
ROOT 5000007b (kind=<system class>, name=java.io.BufferedOutputStream)
ROOT 5000007c (kind=<system class>, name=java.io.PrintStream)
ROOT 5000007d (kind=<system class>, name=java.io.FilterOutputStream)
ROOT 5000007e (kind=<system class>, name=sun.reflect.misc.ReflectUtil)
ROOT 5000007f (kind=<system class>, name=java.util.concurrent.atomic.AtomicReferenceFieldUpdater$AtomicReferenceFieldUpdaterImpl$1)
ROOT 50000080 (kind=<system class>, name=java.security.PrivilegedExceptionAction)
ROOT 50000081 (kind=<system class>, name=java.util.concurrent.atomic.AtomicReferenceFieldUpdater$AtomicReferenceFieldUpdaterImpl)
ROOT 50000082 (kind=<system class>, name=java.util.concurrent.atomic.AtomicReferenceFieldUpdater)
ROOT 50000083 (kind=<system class>, name=java.io.BufferedInputStream)
ROOT 50000084 (kind=<system class>, name=java.io.FilterInputStream)
ROOT 50000085 (kind=<system class>, name=java.io.FileOutputStream)
ROOT 50000086 (kind=<system class>, name=java.io.OutputStream)
ROOT 50000087 (kind=<system class>, name=java.io.Flushable)
ROOT 50000088 (kind=<system class>, name=java.io.FileDescriptor$1)
ROOT 50000089 (kind=<system class>, name=sun.misc.JavaIOFileDescriptorAccess)
ROOT 5000008a (kind=<system class>, name=java.io.FileDescriptor)
ROOT 5000008b (kind=<system class>, name=java.io.FileInputStream)
ROOT 5000008c (kind=<system class>, name=sun.misc.Version)
ROOT 5000008d (kind=<system class>, name=java.lang.Runtime)
ROOT 5000008e (kind=<system class>, name=java.util.Hashtable$Enumerator)
ROOT 5000008f (kind=<system class>, name=java.util.Iterator)
ROOT 50000090 (kind=<system class>, name=java.util.Enumeration)
ROOT 50000091 (kind=<system class>, name=java.util.Objects)
ROOT 50000092 (kind=<system class>, name=java.util.Collections$SynchronizedSet)
ROOT 50000093 (kind=<system class>, name=java.util.Collections$SynchronizedCollection)
ROOT 50000094 (kind=<system class>, name=java.util.Hashtable$EntrySet)
ROOT 50000095 (kind=<system class>, name=java.nio.charset.CodingErrorAction)
ROOT 50000096 (kind=<system class>, name=sun.nio.cs.ext.DoubleByte$Decoder)
ROOT 50000097 (kind=<system class>, name=java.nio.charset.CharsetDecoder)
ROOT 50000098 (kind=<system class>, name=sun.nio.cs.ArrayDecoder)
ROOT 50000099 (kind=<system class>, name=sun.nio.cs.ext.DelegatableDecoder)
ROOT 5000009a (kind=<system class>, name=sun.nio.cs.ext.DoubleByte)
ROOT 5000009b (kind=<system class>, name=java.lang.StringCoding$StringDecoder)
ROOT 5000009c (kind=<system class>, name=java.lang.ThreadLocal$ThreadLocalMap$Entry[])
ROOT 5000009f (kind=<system class>, name=java.lang.ThreadLocal$ThreadLocalMap$Entry)
ROOT 5000009d (kind=<system class>, name=java.lang.ref.WeakReference[])
ROOT 50000164 (kind=<system class>, name=java.lang.ref.WeakReference)
ROOT 5000009e (kind=<system class>, name=java.lang.ref.Reference[])
ROOT 50000166 (kind=<system class>, name=java.lang.ref.Reference)
ROOT 5000009f (kind=<system class>, name=java.lang.ThreadLocal$ThreadLocalMap$Entry)
ROOT 500000a0 (kind=<system class>, name=java.lang.ThreadLocal$ThreadLocalMap)
ROOT 500000a1 (kind=<system class>, name=java.lang.StringCoding)
ROOT 500000a2 (kind=<system class>, name=char[][])
ROOT 5000018c (kind=<system class>, name=char[])
ROOT 500000a3 (kind=<system class>, name=java.lang.Cloneable[])
ROOT 5000017c (kind=<system class>, name=java.lang.Cloneable)
ROOT 500000a4 (kind=<system class>, name=sun.nio.cs.ext.GBK)
ROOT 500000a5 (kind=<system class>, name=sun.nio.cs.HistoricallyNamedCharset)
ROOT 500000a6 (kind=<system class>, name=java.util.TreeMap$Entry)
ROOT 500000a7 (kind=<system class>, name=sun.misc.ASCIICaseInsensitiveComparator)
ROOT 500000a8 (kind=<system class>, name=java.util.TreeMap)
ROOT 500000a9 (kind=<system class>, name=java.util.NavigableMap)
ROOT 500000aa (kind=<system class>, name=java.util.SortedMap)
ROOT 500000ab (kind=<system class>, name=sun.reflect.DelegatingConstructorAccessorImpl)
ROOT 500000ac (kind=<system class>, name=sun.reflect.NativeConstructorAccessorImpl)
ROOT 500000ad (kind=<system class>, name=sun.reflect.ReflectionFactory$1)
ROOT 500000ae (kind=<system class>, name=java.lang.Class$1)
ROOT 500000af (kind=<system class>, name=java.lang.reflect.Constructor[])
ROOT 50000150 (kind=<system class>, name=java.lang.reflect.Constructor)
ROOT 500000b0 (kind=<system class>, name=java.lang.reflect.Executable[])
ROOT 50000152 (kind=<system class>, name=java.lang.reflect.Executable)
ROOT 500000b1 (kind=<system class>, name=sun.nio.cs.ext.ExtendedCharsets)
ROOT 500000b2 (kind=<system class>, name=sun.nio.cs.AbstractCharsetProvider)
ROOT 500000b3 (kind=<system class>, name=java.nio.charset.Charset$ExtendedProviderHolder$1)
ROOT 500000b4 (kind=<system class>, name=java.nio.charset.Charset$ExtendedProviderHolder)
ROOT 500000b5 (kind=<system class>, name=java.util.Arrays)
ROOT 500000b6 (kind=<system class>, name=java.lang.reflect.ReflectAccess)
ROOT 500000b7 (kind=<system class>, name=sun.reflect.LangReflectAccess)
ROOT 500000b8 (kind=<system class>, name=java.lang.reflect.Modifier)
ROOT 500000b9 (kind=<system class>, name=java.lang.ClassValue$ClassValueMap)
ROOT 500000ba (kind=<system class>, name=java.util.WeakHashMap)
ROOT 500000bb (kind=<system class>, name=sun.reflect.annotation.AnnotationType)
ROOT 500000bc (kind=<system class>, name=java.lang.Class$AnnotationData)
ROOT 500000bd (kind=<system class>, name=sun.reflect.generics.repository.ClassRepository)
ROOT 500000be (kind=<system class>, name=sun.reflect.generics.repository.GenericDeclRepository)
ROOT 500000bf (kind=<system class>, name=sun.reflect.generics.repository.AbstractRepository)
ROOT 500000c0 (kind=<system class>, name=java.lang.reflect.Field[])
ROOT 50000154 (kind=<system class>, name=java.lang.reflect.Field)
ROOT 500000c1 (kind=<system class>, name=java.lang.reflect.Member[])
ROOT 50000155 (kind=<system class>, name=java.lang.reflect.Member)
ROOT 500000c2 (kind=<system class>, name=java.lang.reflect.AccessibleObject[])
ROOT 50000156 (kind=<system class>, name=java.lang.reflect.AccessibleObject)
ROOT 500000c3 (kind=<system class>, name=java.lang.Class$Atomic)
ROOT 500000c4 (kind=<system class>, name=java.lang.Class$ReflectionData)
ROOT 500000c5 (kind=<system class>, name=java.lang.Class$3)
ROOT 500000c6 (kind=<system class>, name=java.util.concurrent.atomic.AtomicInteger)
ROOT 500000c7 (kind=<system class>, name=java.lang.ThreadLocal)
ROOT 500000c8 (kind=<system class>, name=sun.nio.cs.StandardCharsets$Cache)
ROOT 500000c9 (kind=<system class>, name=sun.nio.cs.StandardCharsets$Classes)
ROOT 500000ca (kind=<system class>, name=sun.nio.cs.StandardCharsets$Aliases)
ROOT 500000cb (kind=<system class>, name=sun.util.PreHashedMap)
ROOT 500000cc (kind=<system class>, name=sun.nio.cs.StandardCharsets)
ROOT 500000cd (kind=<system class>, name=sun.nio.cs.FastCharsetProvider)
ROOT 500000ce (kind=<system class>, name=java.nio.charset.spi.CharsetProvider)
ROOT 500000cf (kind=<system class>, name=java.nio.charset.Charset)
ROOT 500000d0 (kind=<system class>, name=java.lang.ref.Finalizer$FinalizerThread)
ROOT 500000d1 (kind=<system class>, name=java.lang.Math)
ROOT 500000d2 (kind=<system class>, name=java.util.Hashtable$Entry[])
ROOT 500000d3 (kind=<system class>, name=java.util.Hashtable$Entry)
ROOT 500000d3 (kind=<system class>, name=java.util.Hashtable$Entry)
ROOT 500000d4 (kind=<system class>, name=sun.misc.VM)
ROOT 500000d5 (kind=<system class>, name=java.util.HashMap$Node[])
ROOT 500000d7 (kind=<system class>, name=java.util.HashMap$Node)
ROOT 500000d6 (kind=<system class>, name=java.util.Map$Entry[])
ROOT 500000d8 (kind=<system class>, name=java.util.Map$Entry)
ROOT 500000d7 (kind=<system class>, name=java.util.HashMap$Node)
ROOT 500000d8 (kind=<system class>, name=java.util.Map$Entry)
ROOT 500000d9 (kind=<system class>, name=java.util.HashMap)
ROOT 500000da (kind=<system class>, name=sun.reflect.Reflection)
ROOT 500000db (kind=<system class>, name=java.lang.String[])
ROOT 50000181 (kind=<system class>, name=java.lang.String)
ROOT 500000dc (kind=<system class>, name=java.lang.CharSequence[])
ROOT 50000182 (kind=<system class>, name=java.lang.CharSequence)
ROOT 500000dd (kind=<system class>, name=java.lang.NoSuchMethodError)
ROOT 500000de (kind=<system class>, name=java.lang.IncompatibleClassChangeError)
ROOT 500000df (kind=<system class>, name=sun.misc.SharedSecrets)
ROOT 500000e0 (kind=<system class>, name=java.lang.ref.Reference$1)
ROOT 500000e1 (kind=<system class>, name=sun.misc.JavaLangRefAccess)
ROOT 500000e2 (kind=<system class>, name=java.lang.Thread[])
ROOT 5000015d (kind=<system class>, name=java.lang.Thread)
ROOT 500000e3 (kind=<system class>, name=java.lang.Runnable[])
ROOT 5000015e (kind=<system class>, name=java.lang.Runnable)
ROOT 500000e4 (kind=<system class>, name=java.lang.ref.ReferenceQueue$Lock)
ROOT 500000e5 (kind=<system class>, name=java.lang.ref.ReferenceQueue$Null)
ROOT 500000e6 (kind=<system class>, name=java.util.Collections$UnmodifiableRandomAccessList)
ROOT 500000e7 (kind=<system class>, name=java.util.Collections$UnmodifiableList)
ROOT 500000e8 (kind=<system class>, name=java.util.Collections$UnmodifiableCollection)
ROOT 500000e9 (kind=<system class>, name=java.util.Collections$EmptyMap)
ROOT 500000ea (kind=<system class>, name=java.util.AbstractMap)
ROOT 500000eb (kind=<system class>, name=java.util.Collections$EmptyList)
ROOT 500000ec (kind=<system class>, name=java.util.Collections$EmptySet)
ROOT 500000ed (kind=<system class>, name=java.util.AbstractSet)
ROOT 500000ee (kind=<system class>, name=java.util.Set)
ROOT 500000ef (kind=<system class>, name=java.util.Collections)
ROOT 500000f0 (kind=<system class>, name=java.util.ArrayList)
ROOT 500000f1 (kind=<system class>, name=java.lang.InterruptedException)
ROOT 500000f2 (kind=<system class>, name=java.lang.ref.Reference$ReferenceHandler)
ROOT 500000f3 (kind=<system class>, name=java.lang.ref.Reference$Lock)
ROOT 500000f4 (kind=<system class>, name=sun.reflect.ReflectionFactory)
ROOT 500000f5 (kind=<system class>, name=java.util.Stack)
ROOT 500000f6 (kind=<system class>, name=java.util.Vector)
ROOT 500000f7 (kind=<system class>, name=java.util.AbstractList)
ROOT 500000f8 (kind=<system class>, name=java.util.AbstractCollection)
ROOT 500000f9 (kind=<system class>, name=java.util.RandomAccess)
ROOT 500000fa (kind=<system class>, name=java.util.List)
ROOT 500000fb (kind=<system class>, name=java.util.Collection)
ROOT 500000fc (kind=<system class>, name=java.lang.Iterable)
ROOT 500000fd (kind=<system class>, name=java.security.cert.Certificate[])
ROOT 500000fe (kind=<system class>, name=java.security.cert.Certificate)
ROOT 500000fe (kind=<system class>, name=java.security.cert.Certificate)
ROOT 500000ff (kind=<system class>, name=sun.reflect.ReflectionFactory$GetReflectionFactoryAction)
ROOT 50000100 (kind=<system class>, name=java.security.PrivilegedAction)
ROOT 50000101 (kind=<system class>, name=java.lang.reflect.ReflectPermission)
ROOT 50000102 (kind=<system class>, name=java.security.AccessController)
ROOT 50000103 (kind=<system class>, name=java.lang.RuntimePermission)
ROOT 50000104 (kind=<system class>, name=java.security.BasicPermission)
ROOT 50000105 (kind=<system class>, name=java.security.Permission)
ROOT 50000106 (kind=<system class>, name=java.security.Guard)
ROOT 50000107 (kind=<system class>, name=java.lang.StackTraceElement[])
ROOT 50000126 (kind=<system class>, name=java.lang.StackTraceElement)
ROOT 50000108 (kind=<system class>, name=java.lang.ThreadGroup[])
ROOT 5000015b (kind=<system class>, name=java.lang.ThreadGroup)
ROOT 50000109 (kind=<system class>, name=java.lang.Thread$UncaughtExceptionHandler[])
ROOT 5000015c (kind=<system class>, name=java.lang.Thread$UncaughtExceptionHandler)
ROOT 5000010a (kind=<system class>, name=com.sun.demo.jvmti.hprof.Tracker)
ROOT 5000010b (kind=<system class>, name=java.lang.String$CaseInsensitiveComparator)
ROOT 5000010c (kind=<system class>, name=java.util.Comparator)
ROOT 5000010d (kind=<system class>, name=java.io.ObjectStreamField[])
ROOT 5000010f (kind=<system class>, name=java.io.ObjectStreamField)
ROOT 5000010e (kind=<system class>, name=java.lang.Comparable[])
ROOT 50000183 (kind=<system class>, name=java.lang.Comparable)
ROOT 5000010f (kind=<system class>, name=java.io.ObjectStreamField)
ROOT 50000110 (kind=<system class>, name=java.lang.OutOfMemoryError[])
ROOT 50000169 (kind=<system class>, name=java.lang.OutOfMemoryError)
ROOT 50000111 (kind=<system class>, name=java.lang.VirtualMachineError[])
ROOT 5000016a (kind=<system class>, name=java.lang.VirtualMachineError)
ROOT 50000112 (kind=<system class>, name=java.lang.Error[])
ROOT 50000178 (kind=<system class>, name=java.lang.Error)
ROOT 50000113 (kind=<system class>, name=java.lang.Throwable[])
ROOT 50000179 (kind=<system class>, name=java.lang.Throwable)
ROOT 50000114 (kind=<system class>, name=java.lang.ArithmeticException)
ROOT 50000115 (kind=<system class>, name=java.lang.NullPointerException)
ROOT 50000116 (kind=<system class>, name=java.lang.Class[])
ROOT 5000017d (kind=<system class>, name=java.lang.Class)
ROOT 50000117 (kind=<system class>, name=java.io.Serializable[])
ROOT 50000184 (kind=<system class>, name=java.io.Serializable)
ROOT 50000118 (kind=<system class>, name=java.lang.reflect.GenericDeclaration[])
ROOT 5000017f (kind=<system class>, name=java.lang.reflect.GenericDeclaration)
ROOT 50000119 (kind=<system class>, name=java.lang.reflect.AnnotatedElement[])
ROOT 50000180 (kind=<system class>, name=java.lang.reflect.AnnotatedElement)
ROOT 5000011a (kind=<system class>, name=java.lang.reflect.Type[])
ROOT 5000017e (kind=<system class>, name=java.lang.reflect.Type)
ROOT 5000011b (kind=<system class>, name=java.lang.Object[])
ROOT 50000185 (kind=<system class>, name=java.lang.Object)
ROOT 5000011c (kind=<system class>, name=java.lang.Long)
ROOT 5000011d (kind=<system class>, name=java.lang.Integer)
ROOT 5000011e (kind=<system class>, name=java.lang.Short)
ROOT 5000011f (kind=<system class>, name=java.lang.Byte)
ROOT 50000120 (kind=<system class>, name=java.lang.Double)
ROOT 50000121 (kind=<system class>, name=java.lang.Float)
ROOT 50000122 (kind=<system class>, name=java.lang.Number)
ROOT 50000123 (kind=<system class>, name=java.lang.Character)
ROOT 50000124 (kind=<system class>, name=java.lang.Boolean)
ROOT 50000125 (kind=<system class>, name=java.nio.Buffer)
ROOT 50000126 (kind=<system class>, name=java.lang.StackTraceElement)
ROOT 50000127 (kind=<system class>, name=java.security.CodeSource)
ROOT 50000128 (kind=<system class>, name=sun.misc.Launcher$ExtClassLoader)
ROOT 50000129 (kind=<system class>, name=sun.misc.Launcher$AppClassLoader)
ROOT 5000012a (kind=<system class>, name=sun.misc.Launcher)
ROOT 5000012b (kind=<system class>, name=java.util.jar.Manifest)
ROOT 5000012c (kind=<system class>, name=java.net.URL)
ROOT 5000012d (kind=<system class>, name=java.net.URLClassLoader)
ROOT 5000012e (kind=<system class>, name=java.io.File)
ROOT 5000012f (kind=<system class>, name=java.io.ByteArrayInputStream)
ROOT 50000130 (kind=<system class>, name=java.io.InputStream)
ROOT 50000131 (kind=<system class>, name=java.io.Closeable)
ROOT 50000132 (kind=<system class>, name=java.lang.AutoCloseable)
ROOT 50000133 (kind=<system class>, name=sun.misc.Unsafe)
ROOT 50000134 (kind=<system class>, name=java.lang.StringBuilder)
ROOT 50000135 (kind=<system class>, name=java.lang.StringBuffer)
ROOT 50000136 (kind=<system class>, name=java.lang.AbstractStringBuilder)
ROOT 50000137 (kind=<system class>, name=java.lang.Appendable)
ROOT 50000138 (kind=<system class>, name=java.lang.invoke.VolatileCallSite)
ROOT 50000139 (kind=<system class>, name=java.lang.invoke.MutableCallSite)
ROOT 5000013a (kind=<system class>, name=java.lang.invoke.ConstantCallSite)
ROOT 5000013b (kind=<system class>, name=java.lang.invoke.CallSite)
ROOT 5000013c (kind=<system class>, name=java.lang.BootstrapMethodError)
ROOT 5000013d (kind=<system class>, name=java.lang.invoke.MethodType)
ROOT 5000013e (kind=<system class>, name=java.lang.invoke.LambdaForm)
ROOT 5000013f (kind=<system class>, name=java.lang.invoke.MethodHandleNatives)
ROOT 50000140 (kind=<system class>, name=java.lang.invoke.MemberName)
ROOT 50000141 (kind=<system class>, name=java.lang.invoke.DirectMethodHandle)
ROOT 50000142 (kind=<system class>, name=java.lang.invoke.MethodHandle)
ROOT 50000143 (kind=<system class>, name=sun.reflect.CallerSensitive)
ROOT 50000144 (kind=<system class>, name=java.lang.annotation.Annotation)
ROOT 50000145 (kind=<system class>, name=sun.reflect.UnsafeStaticFieldAccessorImpl)
ROOT 50000146 (kind=<system class>, name=sun.reflect.UnsafeFieldAccessorImpl)
ROOT 50000147 (kind=<system class>, name=sun.reflect.FieldAccessorImpl)
ROOT 50000148 (kind=<system class>, name=sun.reflect.FieldAccessor)
ROOT 50000149 (kind=<system class>, name=sun.reflect.ConstantPool)
ROOT 5000014a (kind=<system class>, name=sun.reflect.DelegatingClassLoader)
ROOT 5000014b (kind=<system class>, name=sun.reflect.ConstructorAccessorImpl)
ROOT 5000014c (kind=<system class>, name=sun.reflect.ConstructorAccessor)
ROOT 5000014d (kind=<system class>, name=sun.reflect.MethodAccessorImpl)
ROOT 5000014e (kind=<system class>, name=sun.reflect.MethodAccessor)
ROOT 5000014f (kind=<system class>, name=sun.reflect.MagicAccessorImpl)
ROOT 50000150 (kind=<system class>, name=java.lang.reflect.Constructor)
ROOT 50000151 (kind=<system class>, name=java.lang.reflect.Method)
ROOT 50000152 (kind=<system class>, name=java.lang.reflect.Executable)
ROOT 50000153 (kind=<system class>, name=java.lang.reflect.Parameter)
ROOT 50000154 (kind=<system class>, name=java.lang.reflect.Field)
ROOT 50000155 (kind=<system class>, name=java.lang.reflect.Member)
ROOT 50000156 (kind=<system class>, name=java.lang.reflect.AccessibleObject)
ROOT 50000157 (kind=<system class>, name=java.util.Properties)
ROOT 50000158 (kind=<system class>, name=java.util.Hashtable)
ROOT 50000159 (kind=<system class>, name=java.util.Dictionary)
ROOT 5000015a (kind=<system class>, name=java.util.Map)
ROOT 5000015b (kind=<system class>, name=java.lang.ThreadGroup)
ROOT 5000015c (kind=<system class>, name=java.lang.Thread$UncaughtExceptionHandler)
ROOT 5000015d (kind=<system class>, name=java.lang.Thread)
ROOT 5000015e (kind=<system class>, name=java.lang.Runnable)
ROOT 5000015f (kind=<system class>, name=java.lang.ref.ReferenceQueue)
ROOT 50000160 (kind=<system class>, name=java.lang.ref.Finalizer)
ROOT 50000161 (kind=<system class>, name=sun.misc.Cleaner)
ROOT 50000162 (kind=<system class>, name=java.lang.ref.PhantomReference)
ROOT 50000163 (kind=<system class>, name=java.lang.ref.FinalReference)
ROOT 50000164 (kind=<system class>, name=java.lang.ref.WeakReference)
ROOT 50000165 (kind=<system class>, name=java.lang.ref.SoftReference)
ROOT 50000166 (kind=<system class>, name=java.lang.ref.Reference)
ROOT 50000167 (kind=<system class>, name=java.lang.IllegalMonitorStateException)
ROOT 50000168 (kind=<system class>, name=java.lang.StackOverflowError)
ROOT 50000169 (kind=<system class>, name=java.lang.OutOfMemoryError)
ROOT 5000016a (kind=<system class>, name=java.lang.VirtualMachineError)
ROOT 5000016b (kind=<system class>, name=java.lang.ArrayStoreException)
ROOT 5000016c (kind=<system class>, name=java.lang.ClassCastException)
ROOT 5000016d (kind=<system class>, name=java.lang.NoClassDefFoundError)
ROOT 5000016e (kind=<system class>, name=java.lang.LinkageError)
ROOT 5000016f (kind=<system class>, name=java.lang.ClassNotFoundException)
ROOT 50000170 (kind=<system class>, name=java.lang.ReflectiveOperationException)
ROOT 50000171 (kind=<system class>, name=java.security.SecureClassLoader)
ROOT 50000172 (kind=<system class>, name=java.security.AccessControlContext)
ROOT 50000173 (kind=<system class>, name=java.security.ProtectionDomain)
ROOT 50000174 (kind=<system class>, name=java.lang.SecurityManager)
ROOT 50000175 (kind=<system class>, name=java.lang.RuntimeException)
ROOT 50000176 (kind=<system class>, name=java.lang.Exception)
ROOT 50000177 (kind=<system class>, name=java.lang.ThreadDeath)
ROOT 50000178 (kind=<system class>, name=java.lang.Error)
ROOT 50000179 (kind=<system class>, name=java.lang.Throwable)
ROOT 5000017a (kind=<system class>, name=java.lang.System)
ROOT 5000017b (kind=<system class>, name=java.lang.ClassLoader)
ROOT 5000017c (kind=<system class>, name=java.lang.Cloneable)
ROOT 5000017d (kind=<system class>, name=java.lang.Class)
ROOT 5000017e (kind=<system class>, name=java.lang.reflect.Type)
ROOT 5000017f (kind=<system class>, name=java.lang.reflect.GenericDeclaration)
ROOT 50000180 (kind=<system class>, name=java.lang.reflect.AnnotatedElement)
ROOT 50000181 (kind=<system class>, name=java.lang.String)
ROOT 50000182 (kind=<system class>, name=java.lang.CharSequence)
ROOT 50000183 (kind=<system class>, name=java.lang.Comparable)
ROOT 50000184 (kind=<system class>, name=java.io.Serializable)
ROOT 50000185 (kind=<system class>, name=java.lang.Object)
ROOT 50000186 (kind=<system class>, name=long[])
ROOT 50001758 (kind=<system class>, name=java.lang.Class)
ROOT 50000187 (kind=<system class>, name=int[])
ROOT 50001759 (kind=<system class>, name=java.lang.Class)
ROOT 50000188 (kind=<system class>, name=short[])
ROOT 5000175a (kind=<system class>, name=java.lang.Class)
ROOT 50000189 (kind=<system class>, name=byte[])
ROOT 5000175b (kind=<system class>, name=java.lang.Class)
ROOT 5000018a (kind=<system class>, name=double[])
ROOT 5000175c (kind=<system class>, name=java.lang.Class)
ROOT 5000018b (kind=<system class>, name=float[])
ROOT 5000175d (kind=<system class>, name=java.lang.Class)
ROOT 5000018c (kind=<system class>, name=char[])
ROOT 5000175e (kind=<system class>, name=java.lang.Class)
ROOT 5000018d (kind=<system class>, name=boolean[])
ROOT 5000175f (kind=<system class>, name=java.lang.Class)
ROOT 50001648 (kind=<busy monitor>)
ROOT 50001645 (kind=<busy monitor>)
ROOT 50001759 (kind=<unknown>)
ROOT 5000175d (kind=<unknown>)
ROOT 5000175c (kind=<unknown>)
ROOT 5000175b (kind=<unknown>)
ROOT 5000175f (kind=<unknown>)
ROOT 5000175e (kind=<unknown>)
ROOT 50001758 (kind=<unknown>)
ROOT 5000175a (kind=<unknown>)
ROOT 50001760 (kind=<unknown>)
ROOT 5000175f (kind=<unknown>)
ROOT 5000175e (kind=<unknown>)
ROOT 5000175d (kind=<unknown>)
ROOT 5000175c (kind=<unknown>)
ROOT 5000175b (kind=<unknown>)
ROOT 5000175a (kind=<unknown>)
ROOT 50001759 (kind=<unknown>)
ROOT 50001758 (kind=<unknown>)
ROOT 50001760 (kind=<unknown>)
ROOT 50001761 (kind=<unknown>)
ROOT 50001762 (kind=<unknown>)
ROOT 50001763 (kind=<unknown>)
ROOT 50001764 (kind=<unknown>)
ROOT 50001765 (kind=<unknown>)
ROOT 50001766 (kind=<unknown>)
ROOT 50001767 (kind=<unknown>)
ROOT 50001768 (kind=<unknown>)
ROOT 50001769 (kind=<unknown>)
ROOT 5000176a (kind=<unknown>)
ROOT 5000176b (kind=<unknown>)
ROOT 5000176c (kind=<unknown>)
ROOT 5000176d (kind=<unknown>)
ROOT 5000176e (kind=<unknown>)
ROOT 5000176f (kind=<unknown>)
ROOT 50001770 (kind=<unknown>)
ROOT 5000010a (kind=<unknown>)
ROOT 5000015f (kind=<unknown>)
ROOT 50001771 (kind=<unknown>)
ROOT 5000010a (kind=<unknown>)
ROOT 50001772 (kind=<unknown>)
ROOT 50001772 (kind=<unknown>)
ROOT 50001773 (kind=<unknown>)
ROOT 50001773 (kind=<unknown>)
ROOT 5000010a (kind=<unknown>)
ROOT 5000010a (kind=<unknown>)
ROOT 50001771 (kind=<unknown>)
ROOT 5000010a (kind=<unknown>)
ROOT 50001774 (kind=<unknown>)
ROOT 50001775 (kind=<unknown>)
ROOT 50001776 (kind=<unknown>)
ROOT 5000010a (kind=<unknown>)
ROOT 5000017a (kind=<unknown>)
ROOT 5000010a (kind=<unknown>)
ROOT 5000010a (kind=<unknown>)
ROOT 5000010a (kind=<unknown>)
ROOT 50001777 (kind=<unknown>)
ROOT 50001777 (kind=<unknown>)
ROOT 50000034 (kind=<unknown>)
ROOT 50001773 (kind=<unknown>)
ROOT 5000010a (kind=<unknown>)
ROOT 5000010a (kind=<unknown>)
ROOT 50001771 (kind=<unknown>)
ROOT 50001778 (kind=<unknown>)
ROOT 50001778 (kind=<unknown>)
ROOT 50001779 (kind=<unknown>)
ROOT 5000015d (kind=<unknown>)
ROOT 5000010a (kind=<unknown>)
ROOT 50001771 (kind=<unknown>)
ROOT 5000010a (kind=<unknown>)
ROOT 50001771 (kind=<unknown>)
ROOT 5000010a (kind=<unknown>)
ROOT 5000177a (kind=<unknown>)
ROOT 50001771 (kind=<unknown>)
ROOT 5000017a (kind=<unknown>)
OBJ 5000018e (sz=376, trace=300000, class=java.lang.Thread@5000015d)
OBJ 5000018f (sz=376, trace=300001, class=java.lang.Thread@5000015d)
OBJ 50000190 (sz=16, trace=300002, class=java.lang.Object@50000185)
OBJ 50000191 (sz=376, trace=300001, class=java.lang.Thread@5000015d)
OBJ 50000192 (sz=16, trace=300002, class=java.lang.Object@50000185)
OBJ 50000193 (sz=376, trace=300001, class=java.lang.Thread@5000015d)
OBJ 50000194 (sz=16, trace=300002, class=java.lang.Object@50000185)
OBJ 50000195 (sz=376, trace=300001, class=java.lang.Thread@5000015d)
OBJ 50000196 (sz=16, trace=300002, class=java.lang.Object@50000185)
ARR 50000198 (sz=24, trace=300004, nelems=0, elem type=java.lang.Object[]@5000011b)
OBJ 50000199 (sz=16, trace=300005, class=java.lang.Integer@5000011d)
OBJ 5000019b (sz=16, trace=300007, class=java.lang.invoke.MethodHandleImpl$1@5000019a)
OBJ 5000019c (sz=24, trace=300008, class=java.lang.StringBuilder@50000134)
ARR 5000019d (sz=48, trace=300009, nelems=0, elem type=char[])
ARR 5000019e (sz=88, trace=300010, nelems=0, elem type=char[])
ARR 5000019f (sz=160, trace=300010, nelems=0, elem type=char[])
OBJ 500001a0 (sz=24, trace=300011, class=java.lang.String@50000181)
ARR 500001a1 (sz=104, trace=300012, nelems=0, elem type=char[])
OBJ 500001a2 (sz=16, trace=300013, class=java.lang.Integer@5000011d)
OBJ 500001a5 (sz=16, trace=300015, class=java.lang.invoke.MethodHandleImpl$2@500001a4)
OBJ 500001a7 (sz=16, trace=300017, class=java.lang.invoke.MethodHandleImpl$3@500001a6)
ARR 500001a9 (sz=24, trace=300018, nelems=0, elem type=java.lang.invoke.MethodHandle[]@500001a8)
ARR 500001aa (sz=16, trace=300019, nelems=0, elem type=java.lang.Object[]@5000011b)
ARR 500001ab (sz=1040, trace=300020, nelems=0, elem type=java.lang.invoke.MethodHandle[]@500001a8)
ARR 500001b0 (sz=24, trace=300023, nelems=0, elem type=java.lang.ClassValue$Entry[]@500001af)
OBJ 500001b1 (sz=16, trace=300024, class=java.util.concurrent.atomic.AtomicInteger@500000c6)
OBJ 500001b2 (sz=16, trace=300025, class=java.lang.Object@50000185)
OBJ 500001b3 (sz=24, trace=300026, class=java.lang.invoke.MethodHandleImpl$4@500001ad)
	identity	500001b5
	version		500001b7
OBJ 500001b5 (sz=16, trace=300028, class=java.lang.ClassValue$Identity@500001b4)
OBJ 500001b7 (sz=24, trace=300030, class=java.lang.ClassValue$Version@500001b6)
	classValue	500001b3
	promise		500001b9
OBJ 500001b8 (sz=32, trace=300031, class=java.lang.ClassValue$Entry@500001ae)
	queue		50001c15
OBJ 500001b9 (sz=32, trace=300032, class=java.lang.ClassValue$Entry@500001ae)
	referent	500001b7
	queue		50001c15
	value		500001b9
OBJ 500001bb (sz=16, trace=300034, class=java.lang.invoke.MemberName$Factory@500001ba)
ARR 500001bd (sz=56, trace=300036, nelems=0, elem type=java.lang.Object[]@5000011b)
OBJ 500001bf (sz=16, trace=300038, class=java.lang.invoke.MethodHandleStatics$1@500001be)
OBJ 500001c0 (sz=56, trace=300039, class=java.lang.Class$ReflectionData@500000c4)
OBJ 500001c1 (sz=40, trace=300040, class=java.lang.ref.SoftReference@50000165)
OBJ 500001c2 (sz=72, trace=300041, class=java.lang.reflect.Field@50000154)
OBJ 500001c3 (sz=376, trace=300001, class=java.lang.Thread@5000015d)
OBJ 500001c4 (sz=16, trace=300002, class=java.lang.Object@50000185)
OBJ 500001c7 (sz=16, trace=300043, class=java.lang.Object@50000185)
OBJ 500001c9 (sz=56, trace=300039, class=java.lang.Class$ReflectionData@500000c4)
OBJ 500001ca (sz=40, trace=300040, class=java.lang.ref.SoftReference@50000165)
OBJ 500001cb (sz=72, trace=300041, class=java.lang.reflect.Field@50000154)
OBJ 500001cc (sz=16, trace=300045, class=java.util.concurrent.atomic.AtomicBoolean@500001c8)
OBJ 500001ce (sz=24, trace=300047, class=sun.usagetracker.UsageTrackerClient$1@500001cd)
OBJ 500001cf (sz=24, trace=300048, class=sun.usagetracker.UsageTrackerClient$1@500001cd)
OBJ 500001d0 (sz=16, trace=300049, class=sun.usagetracker.UsageTrackerClient@500001c6)
OBJ 500001d1 (sz=24, trace=300050, class=java.lang.StringBuilder@50000134)
ARR 500001d2 (sz=48, trace=300051, nelems=0, elem type=char[])
ARR 500001d3 (sz=88, trace=300010, nelems=0, elem type=char[])
ARR 500001d4 (sz=160, trace=300010, nelems=0, elem type=char[])
OBJ 500001d5 (sz=24, trace=300052, class=java.lang.String@50000181)
ARR 500001d6 (sz=112, trace=300053, nelems=0, elem type=char[])
OBJ 500001d8 (sz=24, trace=300055, class=sun.usagetracker.UsageTrackerClient$4@500001d7)
ARR 500001d9 (sz=32, trace=300056, nelems=0, elem type=java.lang.String[]@500000db)
OBJ 500001da (sz=24, trace=300057, class=sun.usagetracker.UsageTrackerClient$1@500001cd)
OBJ 500001db (sz=24, trace=300058, class=sun.usagetracker.UsageTrackerClient$1@500001cd)
ARR 500001dc (sz=40, trace=300059, nelems=0, elem type=char[])
OBJ 500001dd (sz=24, trace=300060, class=java.lang.String@50000181)
ARR 500001de (sz=40, trace=300061, nelems=0, elem type=char[])
ARR 500001df (sz=40, trace=300062, nelems=0, elem type=char[])
OBJ 500001e0 (sz=24, trace=300063, class=java.lang.String@50000181)
ARR 500001e1 (sz=40, trace=300061, nelems=0, elem type=char[])
ARR 500001e2 (sz=40, trace=300064, nelems=0, elem type=char[])
OBJ 500001e3 (sz=24, trace=300065, class=java.lang.String@50000181)
ARR 500001e4 (sz=40, trace=300061, nelems=0, elem type=char[])
OBJ 500001e6 (sz=16, trace=300067, class=sun.usagetracker.UsageTrackerClient$2@500001e5)
ARR 500001e8 (sz=40, trace=300069, nelems=0, elem type=byte[])
ARR 500001e9 (sz=32, trace=300070, nelems=0, elem type=byte[])
OBJ 500001ea (sz=24, trace=300071, class=java.lang.String@50000181)
ARR 500001eb (sz=48, trace=300072, nelems=0, elem type=char[])
OBJ 500001ec (sz=24, trace=300073, class=java.lang.StringBuilder@50000134)
ARR 500001ed (sz=48, trace=300074, nelems=0, elem type=char[])
ARR 500001ee (sz=88, trace=300010, nelems=0, elem type=char[])
ARR 500001ef (sz=160, trace=300010, nelems=0, elem type=char[])
OBJ 500001f0 (sz=24, trace=300075, class=java.lang.String@50000181)
ARR 500001f1 (sz=120, trace=300076, nelems=0, elem type=char[])
OBJ 500001f2 (sz=24, trace=300077, class=java.lang.StringBuilder@50000134)
ARR 500001f3 (sz=48, trace=300078, nelems=0, elem type=char[])
ARR 500001f4 (sz=104, trace=300010, nelems=0, elem type=char[])
ARR 500001f5 (sz=192, trace=300010, nelems=0, elem type=char[])
OBJ 500001f6 (sz=24, trace=300079, class=java.lang.String@50000181)
ARR 500001f7 (sz=184, trace=300080, nelems=0, elem type=char[])
OBJ 500001f9 (sz=16, trace=300082, class=sun.usagetracker.UsageTrackerClient$3@500001f8)
OBJ 500001fa (sz=32, trace=300083, class=java.io.File@5000012e)
OBJ 500001fb (sz=16, trace=300082, class=sun.usagetracker.UsageTrackerClient$3@500001f8)
OBJ 500001fc (sz=32, trace=300083, class=java.io.File@5000012e)
OBJ 500001fd (sz=32, trace=300084, class=java.io.File@5000012e)
OBJ 500001fe (sz=24, trace=300085, class=java.lang.String@50000181)
ARR 500001ff (sz=96, trace=300086, nelems=0, elem type=char[])
OBJ 50000200 (sz=24, trace=300087, class=java.io.ExpiringCache$Entry@50000055)
	val		50001c80
OBJ 50000201 (sz=40, trace=300088, class=java.util.LinkedHashMap$Entry@50000054)
	key		5000188a
	value		50000200
	before		50001c79
	after		500002a2
OBJ 50000202 (sz=24, trace=300089, class=java.lang.String@50000181)
ARR 50000203 (sz=96, trace=300086, nelems=0, elem type=char[])
OBJ 50000204 (sz=32, trace=300090, class=java.io.File@5000012e)
OBJ 50000205 (sz=24, trace=300091, class=sun.usagetracker.UsageTrackerClient$1@500001cd)
ARR 50000206 (sz=40, trace=300092, nelems=0, elem type=char[])
OBJ 50000207 (sz=24, trace=300093, class=java.lang.String@50000181)
ARR 50000208 (sz=40, trace=300061, nelems=0, elem type=char[])
OBJ 50000209 (sz=16, trace=300094, class=sun.usagetracker.UsageTrackerClient$2@500001e5)
ARR 5000020a (sz=40, trace=300069, nelems=0, elem type=byte[])
ARR 5000020b (sz=32, trace=300070, nelems=0, elem type=byte[])
OBJ 5000020c (sz=24, trace=300071, class=java.lang.String@50000181)
ARR 5000020d (sz=48, trace=300072, nelems=0, elem type=char[])
OBJ 5000020e (sz=24, trace=300095, class=java.lang.StringBuilder@50000134)
ARR 5000020f (sz=48, trace=300096, nelems=0, elem type=char[])
ARR 50000210 (sz=88, trace=300010, nelems=0, elem type=char[])
ARR 50000211 (sz=160, trace=300010, nelems=0, elem type=char[])
OBJ 50000212 (sz=24, trace=300097, class=java.lang.String@50000181)
ARR 50000213 (sz=104, trace=300098, nelems=0, elem type=char[])
OBJ 50000214 (sz=24, trace=300099, class=java.lang.StringBuilder@50000134)
ARR 50000215 (sz=48, trace=300100, nelems=0, elem type=char[])
ARR 50000216 (sz=48, trace=300101, nelems=0, elem type=char[])
OBJ 50000217 (sz=24, trace=300102, class=java.lang.String@50000181)
ARR 50000218 (sz=88, trace=300010, nelems=0, elem type=char[])
OBJ 50000219 (sz=24, trace=300103, class=java.lang.String@50000181)
ARR 5000021a (sz=72, trace=300104, nelems=0, elem type=char[])
OBJ 5000021b (sz=32, trace=300105, class=java.io.File@5000012e)
ARR 5000021c (sz=160, trace=300106, nelems=0, elem type=char[])
OBJ 5000021d (sz=24, trace=300107, class=java.lang.String@50000181)
	value		5000021e
ARR 5000021e (sz=142, trace=300108, nelems=71, elem type=char[])
OBJ 5000021f (sz=32, trace=300109, class=java.io.FileOutputStream@50000085)
	fd		50000222
	path		5000021d
	closeLock	50000221
OBJ 50000220 (sz=40, trace=300110, class=java.lang.ref.Finalizer@50000160)
	referent	5000021f
	queue		50001644
	next		500035a4
	prev		50000294
OBJ 50000221 (sz=16, trace=300111, class=java.lang.Object@50000185)
OBJ 50000222 (sz=40, trace=300112, class=java.io.FileDescriptor@5000008a)
	parent		5000021f
OBJ 50000223 (sz=24, trace=300113, class=java.lang.StringBuilder@50000134)
ARR 50000224 (sz=48, trace=300114, nelems=0, elem type=char[])
ARR 50000225 (sz=104, trace=300010, nelems=0, elem type=char[])
ARR 50000226 (sz=192, trace=300010, nelems=0, elem type=char[])
OBJ 50000227 (sz=24, trace=300115, class=java.lang.String@50000181)
ARR 50000228 (sz=136, trace=300116, nelems=0, elem type=char[])
ARR 50000229 (sz=32, trace=300117, nelems=0, elem type=char[])
OBJ 5000022a (sz=24, trace=300118, class=java.lang.String@50000181)
ARR 5000022b (sz=32, trace=300119, nelems=0, elem type=char[])
OBJ 5000022c (sz=24, trace=300120, class=java.lang.StringBuilder@50000134)
ARR 5000022d (sz=48, trace=300121, nelems=0, elem type=char[])
OBJ 5000022e (sz=24, trace=300122, class=java.lang.String@50000181)
ARR 5000022f (sz=48, trace=300123, nelems=0, elem type=char[])
ARR 50000232 (sz=16, trace=300125, nelems=0, elem type=java.lang.Class[]@50000116)
OBJ 50000233 (sz=56, trace=300126, class=java.lang.Class$ReflectionData@500000c4)
OBJ 50000234 (sz=40, trace=300040, class=java.lang.ref.SoftReference@50000165)
OBJ 50000235 (sz=80, trace=300127, class=java.lang.reflect.Constructor@50000150)
OBJ 50000236 (sz=24, trace=300128, class=java.lang.Class$1@500000ae)
OBJ 50000237 (sz=24, trace=300129, class=sun.reflect.NativeConstructorAccessorImpl@500000ac)
OBJ 50000238 (sz=16, trace=300130, class=sun.reflect.DelegatingConstructorAccessorImpl@500000ab)
OBJ 50000239 (sz=24, trace=300131, class=sun.nio.cs.UTF_8@50000231)
	name		50001ed2
	aliases		50001fdc
ARR 5000023a (sz=24, trace=300132, nelems=0, elem type=java.lang.Object[]@5000011b)
OBJ 5000023b (sz=32, trace=300133, class=java.lang.StringCoding$StringEncoder@50000059)
ARR 5000023d (sz=24, trace=300135, nelems=0, elem type=byte[])
OBJ 5000023e (sz=56, trace=300136, class=sun.nio.cs.UTF_8$Encoder@5000023c)
ARR 5000023f (sz=24, trace=300137, nelems=0, elem type=byte[])
OBJ 50000240 (sz=40, trace=300138, class=java.lang.ref.SoftReference@50000165)
ARR 50000241 (sz=200, trace=300139, nelems=0, elem type=byte[])
ARR 50000242 (sz=80, trace=300070, nelems=0, elem type=byte[])
OBJ 50000244 (sz=16, trace=300141, class=java.io.FileOutputStream$1@50000243)
OBJ 50000245 (sz=376, trace=300000, class=java.lang.Thread@5000015d)
OBJ 50000247 (sz=24, trace=300142, class=sun.launcher.LauncherHelper@50000246)
	name		50003630
ARR 50000249 (sz=24, trace=300143, nelems=1, elem type=sun.launcher.LauncherHelper[]@50000248)
	[0]		50000247
OBJ 5000024a (sz=24, trace=300144, class=java.lang.StringBuilder@50000134)
	value		5000162f
ARR 5000024b (sz=48, trace=300145, nelems=0, elem type=char[])
ARR 5000024c (sz=24, trace=300146, nelems=0, elem type=java.lang.Object[]@5000011b)
OBJ 50000250 (sz=40, trace=300150, class=java.util.ResourceBundle$1@5000024f)
	cacheKey	50001bf1
OBJ 50000251 (sz=64, trace=300151, class=java.util.concurrent.ConcurrentHashMap@5000002b)
	table		500007a9
OBJ 50000252 (sz=32, trace=300152, class=java.lang.ref.ReferenceQueue@5000015f)
	lock		50000253
OBJ 50000253 (sz=16, trace=300153, class=java.lang.ref.ReferenceQueue$Lock@500000e4)
OBJ 50000256 (sz=32, trace=300156, class=java.util.ServiceLoader@50000255)
OBJ 50000257 (sz=56, trace=300157, class=java.util.LinkedHashMap@5000005f)
OBJ 50000259 (sz=40, trace=300159, class=java.util.ServiceLoader$LazyIterator@50000258)
OBJ 5000025b (sz=24, trace=300161, class=java.util.ServiceLoader$1@5000025a)
OBJ 5000025d (sz=16, trace=300163, class=java.util.LinkedHashMap$LinkedEntrySet@5000025c)
OBJ 50000260 (sz=32, trace=300165, class=java.util.LinkedHashMap$LinkedEntryIterator@5000025f)
OBJ 50000261 (sz=24, trace=300166, class=java.lang.StringBuilder@50000134)
ARR 50000262 (sz=48, trace=300167, nelems=0, elem type=char[])
ARR 50000263 (sz=88, trace=300010, nelems=0, elem type=char[])
ARR 50000264 (sz=160, trace=300010, nelems=0, elem type=char[])
OBJ 50000265 (sz=24, trace=300168, class=java.lang.String@50000181)
ARR 50000266 (sz=144, trace=300169, nelems=0, elem type=char[])
ARR 50000268 (sz=24, trace=300170, nelems=0, elem type=java.util.Enumeration[]@50000267)
OBJ 5000026b (sz=16, trace=300173, class=sun.misc.Launcher$BootClassPathHolder$1@5000026a)
ARR 5000026c (sz=48, trace=300174, nelems=0, elem type=java.io.File[]@50000037)
OBJ 5000026d (sz=24, trace=300175, class=java.lang.String@50000181)
	value		5000026e
ARR 5000026e (sz=120, trace=300176, nelems=60, elem type=char[])
OBJ 5000026f (sz=32, trace=300177, class=java.io.File@5000012e)
OBJ 50000270 (sz=24, trace=300175, class=java.lang.String@50000181)
ARR 50000271 (sz=128, trace=300176, nelems=0, elem type=char[])
OBJ 50000272 (sz=32, trace=300177, class=java.io.File@5000012e)
OBJ 50000273 (sz=24, trace=300175, class=java.lang.String@50000181)
ARR 50000274 (sz=144, trace=300176, nelems=0, elem type=char[])
OBJ 50000275 (sz=32, trace=300177, class=java.io.File@5000012e)
OBJ 50000276 (sz=24, trace=300175, class=java.lang.String@50000181)
ARR 50000277 (sz=128, trace=300176, nelems=0, elem type=char[])
OBJ 50000278 (sz=32, trace=300177, class=java.io.File@5000012e)
OBJ 50000279 (sz=24, trace=300175, class=java.lang.String@50000181)
ARR 5000027a (sz=128, trace=300176, nelems=0, elem type=char[])
OBJ 5000027b (sz=32, trace=300177, class=java.io.File@5000012e)
OBJ 5000027c (sz=24, trace=300175, class=java.lang.String@50000181)
ARR 5000027d (sz=136, trace=300176, nelems=0, elem type=char[])
OBJ 5000027e (sz=32, trace=300177, class=java.io.File@5000012e)
OBJ 5000027f (sz=24, trace=300175, class=java.lang.String@50000181)
ARR 50000280 (sz=128, trace=300176, nelems=0, elem type=char[])
OBJ 50000281 (sz=32, trace=300177, class=java.io.File@5000012e)
OBJ 50000282 (sz=24, trace=300178, class=java.lang.String@50000181)
	value		50000283
ARR 50000283 (sz=100, trace=300179, nelems=50, elem type=char[])
OBJ 50000284 (sz=32, trace=300180, class=java.io.File@5000012e)
OBJ 50000285 (sz=16, trace=300181, class=java.util.HashSet@50000005)
OBJ 50000286 (sz=48, trace=300182, class=java.util.HashMap@500000d9)
OBJ 50000287 (sz=24, trace=300183, class=java.lang.String@50000181)
	value		50000288
ARR 50000288 (sz=92, trace=300184, nelems=46, elem type=char[])
OBJ 50000289 (sz=32, trace=300185, class=java.io.File@5000012e)
ARR 5000028a (sz=112, trace=300186, nelems=0, elem type=char[])
OBJ 5000028b (sz=24, trace=300187, class=java.lang.String@50000181)
ARR 5000028c (sz=112, trace=300188, nelems=0, elem type=char[])
ARR 5000028d (sz=80, trace=300189, nelems=0, elem type=java.util.HashMap$Node[]@500000d5)
OBJ 5000028e (sz=32, trace=300190, class=java.util.HashMap$Node@500000d7)
OBJ 5000028f (sz=32, trace=300191, class=java.io.File@5000012e)
ARR 50000290 (sz=136, trace=300192, nelems=0, elem type=char[])
OBJ 50000291 (sz=24, trace=300193, class=java.lang.String@50000181)
	value		50000292
ARR 50000292 (sz=114, trace=300194, nelems=57, elem type=char[])
OBJ 50000293 (sz=32, trace=300195, class=java.io.FileInputStream@5000008b)
	fd		50000296
	path		50000291
	closeLock	50000295
OBJ 50000294 (sz=40, trace=300110, class=java.lang.ref.Finalizer@50000160)
	referent	50000293
	queue		50001644
	next		50000220
	prev		50000bb0
OBJ 50000295 (sz=16, trace=300196, class=java.lang.Object@50000185)
OBJ 50000296 (sz=40, trace=300197, class=java.io.FileDescriptor@5000008a)
	parent		50000293
OBJ 50000297 (sz=24, trace=300198, class=java.io.FileReader@50000032)
OBJ 50000298 (sz=56, trace=300199, class=sun.nio.cs.ext.DoubleByte$Decoder@50000096)
OBJ 50000299 (sz=48, trace=300200, class=sun.nio.cs.StreamDecoder@50000031)
ARR 5000029a (sz=8208, trace=300201, nelems=0, elem type=byte[])
OBJ 5000029b (sz=48, trace=300202, class=java.nio.HeapByteBuffer@50000072)
OBJ 5000029c (sz=48, trace=300203, class=java.io.BufferedReader@50000034)
ARR 5000029d (sz=16400, trace=300204, nelems=0, elem type=char[])
OBJ 5000029e (sz=24, trace=300205, class=java.util.ArrayList@500000f0)
OBJ 5000029f (sz=24, trace=300085, class=java.lang.String@50000181)
ARR 500002a0 (sz=104, trace=300086, nelems=0, elem type=char[])
OBJ 500002a1 (sz=24, trace=300087, class=java.io.ExpiringCache$Entry@50000055)
	val		50001c7e
OBJ 500002a2 (sz=40, trace=300088, class=java.util.LinkedHashMap$Entry@50000054)
	key		50000287
	value		500002a1
	before		50000201
	after		500003e7
OBJ 500002a3 (sz=24, trace=300089, class=java.lang.String@50000181)
ARR 500002a4 (sz=104, trace=300086, nelems=0, elem type=char[])
OBJ 500002a5 (sz=32, trace=300206, class=java.io.File@5000012e)
OBJ 500002a6 (sz=32, trace=300207, class=java.io.File@5000012e)
OBJ 500002a7 (sz=48, trace=300208, class=java.nio.HeapCharBuffer@5000006a)
OBJ 500002a8 (sz=24, trace=300209, class=java.lang.String@50000181)
ARR 500002a9 (sz=40, trace=300210, nelems=0, elem type=char[])
OBJ 500002aa (sz=24, trace=300211, class=java.lang.String@50000181)
ARR 500002ab (sz=120, trace=300210, nelems=0, elem type=char[])
OBJ 500002ac (sz=24, trace=300211, class=java.lang.String@50000181)
ARR 500002ad (sz=136, trace=300210, nelems=0, elem type=char[])
OBJ 500002ae (sz=24, trace=300211, class=java.lang.String@50000181)
ARR 500002af (sz=96, trace=300210, nelems=0, elem type=char[])
OBJ 500002b0 (sz=24, trace=300211, class=java.lang.String@50000181)
ARR 500002b1 (sz=48, trace=300210, nelems=0, elem type=char[])
OBJ 500002b2 (sz=24, trace=300212, class=java.lang.String@50000181)
ARR 500002b3 (sz=40, trace=300213, nelems=0, elem type=char[])
OBJ 500002b4 (sz=24, trace=300211, class=java.lang.String@50000181)
	value		500002b5
ARR 500002b5 (sz=14, trace=300210, nelems=7, elem type=char[])
ARR 500002b6 (sz=56, trace=300214, nelems=0, elem type=java.lang.Object[]@5000011b)
OBJ 500002b7 (sz=24, trace=300211, class=java.lang.String@50000181)
	value		500002b8
ARR 500002b8 (sz=14, trace=300210, nelems=7, elem type=char[])
OBJ 500002b9 (sz=24, trace=300211, class=java.lang.String@50000181)
ARR 500002ba (sz=40, trace=300210, nelems=0, elem type=char[])
OBJ 500002bb (sz=32, trace=300215, class=java.io.File@5000012e)
	path		500002bd
ARR 500002bc (sz=136, trace=300216, nelems=0, elem type=char[])
OBJ 500002bd (sz=24, trace=300217, class=java.lang.String@50000181)
	value		500002be
ARR 500002be (sz=118, trace=300194, nelems=59, elem type=char[])
OBJ 500002bf (sz=24, trace=300218, class=sun.misc.MetaIndex@50000036)
	contents	50002f02
ARR 500002c0 (sz=16, trace=300219, nelems=0, elem type=java.lang.String[]@500000db)
ARR 500002c1 (sz=136, trace=300186, nelems=0, elem type=char[])
OBJ 500002c2 (sz=24, trace=300187, class=java.lang.String@50000181)
ARR 500002c3 (sz=136, trace=300188, nelems=0, elem type=char[])
OBJ 500002c4 (sz=32, trace=300190, class=java.util.HashMap$Node@500000d7)
	key		500002bb
	value		500002bf
ARR 500002c5 (sz=144, trace=300220, nelems=31, elem type=java.util.HashMap$Node[]@500000d5)
	[0]		50002ebd
	[3]		50002ebe
	[6]		50002ebf
	[9]		50000358
	[10]		500003b2
	[11]		50002ec0
	[13]		50000301
	[14]		50002ec1
	[15]		500002c4
	[18]		50002ec2
	[19]		50002ec3
	[22]		50002ec4
	[25]		50002ec5
	[26]		500002ef
	[30]		500002db
OBJ 500002c6 (sz=24, trace=300212, class=java.lang.String@50000181)
ARR 500002c7 (sz=32, trace=300213, nelems=0, elem type=char[])
OBJ 500002c8 (sz=24, trace=300211, class=java.lang.String@50000181)
	value		500002c9
ARR 500002c9 (sz=24, trace=300210, nelems=12, elem type=char[])
OBJ 500002ca (sz=24, trace=300211, class=java.lang.String@50000181)
	value		500002cb
ARR 500002cb (sz=24, trace=300210, nelems=12, elem type=char[])
OBJ 500002cc (sz=24, trace=300211, class=java.lang.String@50000181)
	value		500002cd
ARR 500002cd (sz=42, trace=300210, nelems=21, elem type=char[])
OBJ 500002ce (sz=24, trace=300211, class=java.lang.String@50000181)
	value		500002cf
ARR 500002cf (sz=40, trace=300210, nelems=20, elem type=char[])
OBJ 500002d0 (sz=24, trace=300211, class=java.lang.String@50000181)
ARR 500002d1 (sz=40, trace=300210, nelems=0, elem type=char[])
OBJ 500002d2 (sz=32, trace=300215, class=java.io.File@5000012e)
	path		500002d4
ARR 500002d3 (sz=128, trace=300216, nelems=0, elem type=char[])
OBJ 500002d4 (sz=24, trace=300217, class=java.lang.String@50000181)
	value		500002d5
ARR 500002d5 (sz=108, trace=300194, nelems=54, elem type=char[])
OBJ 500002d6 (sz=24, trace=300218, class=sun.misc.MetaIndex@50000036)
	contents	50002ec6
ARR 500002d7 (sz=16, trace=300219, nelems=0, elem type=java.lang.String[]@500000db)
ARR 500002d8 (sz=128, trace=300186, nelems=0, elem type=char[])
OBJ 500002d9 (sz=24, trace=300187, class=java.lang.String@50000181)
ARR 500002da (sz=128, trace=300188, nelems=0, elem type=char[])
OBJ 500002db (sz=32, trace=300190, class=java.util.HashMap$Node@500000d7)
	key		500002d2
	value		500002d6
OBJ 500002dc (sz=24, trace=300212, class=java.lang.String@50000181)
ARR 500002dd (sz=32, trace=300213, nelems=0, elem type=char[])
OBJ 500002de (sz=24, trace=300211, class=java.lang.String@50000181)
	value		500002df
ARR 500002df (sz=30, trace=300210, nelems=15, elem type=char[])
OBJ 500002e0 (sz=24, trace=300211, class=java.lang.String@50000181)
	value		500002e1
ARR 500002e1 (sz=14, trace=300210, nelems=7, elem type=char[])
OBJ 500002e2 (sz=24, trace=300211, class=java.lang.String@50000181)
	value		500002e3
ARR 500002e3 (sz=38, trace=300210, nelems=19, elem type=char[])
OBJ 500002e4 (sz=24, trace=300211, class=java.lang.String@50000181)
ARR 500002e5 (sz=40, trace=300210, nelems=0, elem type=char[])
OBJ 500002e6 (sz=32, trace=300215, class=java.io.File@5000012e)
	path		500002e8
ARR 500002e7 (sz=128, trace=300216, nelems=0, elem type=char[])
OBJ 500002e8 (sz=24, trace=300217, class=java.lang.String@50000181)
	value		500002e9
ARR 500002e9 (sz=108, trace=300194, nelems=54, elem type=char[])
OBJ 500002ea (sz=24, trace=300218, class=sun.misc.MetaIndex@50000036)
	contents	50002ec7
ARR 500002eb (sz=16, trace=300219, nelems=0, elem type=java.lang.String[]@500000db)
ARR 500002ec (sz=128, trace=300186, nelems=0, elem type=char[])
OBJ 500002ed (sz=24, trace=300187, class=java.lang.String@50000181)
ARR 500002ee (sz=128, trace=300188, nelems=0, elem type=char[])
OBJ 500002ef (sz=32, trace=300190, class=java.util.HashMap$Node@500000d7)
	key		500002e6
	value		500002ea
OBJ 500002f0 (sz=24, trace=300212, class=java.lang.String@50000181)
ARR 500002f1 (sz=32, trace=300213, nelems=0, elem type=char[])
OBJ 500002f2 (sz=24, trace=300211, class=java.lang.String@50000181)
	value		500002f3
ARR 500002f3 (sz=24, trace=300210, nelems=12, elem type=char[])
OBJ 500002f4 (sz=24, trace=300211, class=java.lang.String@50000181)
	value		500002f5
ARR 500002f5 (sz=24, trace=300210, nelems=12, elem type=char[])
OBJ 500002f6 (sz=24, trace=300211, class=java.lang.String@50000181)
ARR 500002f7 (sz=64, trace=300210, nelems=0, elem type=char[])
OBJ 500002f8 (sz=32, trace=300215, class=java.io.File@5000012e)
	path		500002fa
ARR 500002f9 (sz=128, trace=300216, nelems=0, elem type=char[])
OBJ 500002fa (sz=24, trace=300217, class=java.lang.String@50000181)
	value		500002fb
ARR 500002fb (sz=110, trace=300194, nelems=55, elem type=char[])
OBJ 500002fc (sz=24, trace=300218, class=sun.misc.MetaIndex@50000036)
	contents	50002f0e
ARR 500002fd (sz=16, trace=300219, nelems=0, elem type=java.lang.String[]@500000db)
ARR 500002fe (sz=128, trace=300186, nelems=0, elem type=char[])
OBJ 500002ff (sz=24, trace=300187, class=java.lang.String@50000181)
ARR 50000300 (sz=128, trace=300188, nelems=0, elem type=char[])
OBJ 50000301 (sz=32, trace=300190, class=java.util.HashMap$Node@500000d7)
	key		500002f8
	value		500002fc
OBJ 50000302 (sz=24, trace=300212, class=java.lang.String@50000181)
ARR 50000303 (sz=56, trace=300213, nelems=0, elem type=char[])
OBJ 50000304 (sz=24, trace=300211, class=java.lang.String@50000181)
ARR 50000305 (sz=48, trace=300210, nelems=0, elem type=char[])
OBJ 50000306 (sz=24, trace=300212, class=java.lang.String@50000181)
ARR 50000307 (sz=48, trace=300213, nelems=0, elem type=char[])
OBJ 50000308 (sz=24, trace=300211, class=java.lang.String@50000181)
	value		50000309
ARR 50000309 (sz=54, trace=300210, nelems=27, elem type=char[])
OBJ 5000030a (sz=24, trace=300211, class=java.lang.String@50000181)
	value		5000030b
ARR 5000030b (sz=104, trace=300210, nelems=52, elem type=char[])
OBJ 5000030c (sz=24, trace=300211, class=java.lang.String@50000181)
	value		5000030d
ARR 5000030d (sz=96, trace=300210, nelems=48, elem type=char[])
OBJ 5000030e (sz=24, trace=300211, class=java.lang.String@50000181)
	value		5000030f
ARR 5000030f (sz=28, trace=300210, nelems=14, elem type=char[])
OBJ 50000310 (sz=24, trace=300211, class=java.lang.String@50000181)
	value		50000311
ARR 50000311 (sz=108, trace=300210, nelems=54, elem type=char[])
OBJ 50000312 (sz=24, trace=300211, class=java.lang.String@50000181)
	value		50000313
ARR 50000313 (sz=18, trace=300210, nelems=9, elem type=char[])
OBJ 50000314 (sz=24, trace=300211, class=java.lang.String@50000181)
	value		50000315
ARR 50000315 (sz=106, trace=300210, nelems=53, elem type=char[])
OBJ 50000316 (sz=24, trace=300211, class=java.lang.String@50000181)
	value		50000317
ARR 50000317 (sz=102, trace=300210, nelems=51, elem type=char[])
OBJ 50000318 (sz=24, trace=300211, class=java.lang.String@50000181)
	value		50000319
ARR 50000319 (sz=22, trace=300210, nelems=11, elem type=char[])
OBJ 5000031a (sz=24, trace=300211, class=java.lang.String@50000181)
	value		5000031b
ARR 5000031b (sz=114, trace=300210, nelems=57, elem type=char[])
OBJ 5000031c (sz=24, trace=300211, class=java.lang.String@50000181)
	value		5000031d
ARR 5000031d (sz=114, trace=300210, nelems=57, elem type=char[])
ARR 5000031e (sz=80, trace=300214, nelems=0, elem type=java.lang.Object[]@5000011b)
OBJ 5000031f (sz=24, trace=300211, class=java.lang.String@50000181)
	value		50000320
ARR 50000320 (sz=14, trace=300210, nelems=7, elem type=char[])
OBJ 50000321 (sz=24, trace=300211, class=java.lang.String@50000181)
	value		50000322
ARR 50000322 (sz=114, trace=300210, nelems=57, elem type=char[])
OBJ 50000323 (sz=24, trace=300211, class=java.lang.String@50000181)
	value		50000324
ARR 50000324 (sz=32, trace=300210, nelems=16, elem type=char[])
OBJ 50000325 (sz=24, trace=300211, class=java.lang.String@50000181)
	value		50000326
ARR 50000326 (sz=98, trace=300210, nelems=49, elem type=char[])
OBJ 50000327 (sz=24, trace=300211, class=java.lang.String@50000181)
	value		50000328
ARR 50000328 (sz=52, trace=300210, nelems=26, elem type=char[])
ARR 50000329 (sz=104, trace=300214, nelems=0, elem type=java.lang.Object[]@5000011b)
OBJ 5000032a (sz=24, trace=300211, class=java.lang.String@50000181)
	value		5000032b
ARR 5000032b (sz=106, trace=300210, nelems=53, elem type=char[])
OBJ 5000032c (sz=24, trace=300211, class=java.lang.String@50000181)
	value		5000032d
ARR 5000032d (sz=14, trace=300210, nelems=7, elem type=char[])
OBJ 5000032e (sz=24, trace=300211, class=java.lang.String@50000181)
	value		5000032f
ARR 5000032f (sz=18, trace=300210, nelems=9, elem type=char[])
OBJ 50000330 (sz=24, trace=300211, class=java.lang.String@50000181)
	value		50000331
ARR 50000331 (sz=120, trace=300210, nelems=60, elem type=char[])
OBJ 50000332 (sz=24, trace=300211, class=java.lang.String@50000181)
	value		50000333
ARR 50000333 (sz=30, trace=300210, nelems=15, elem type=char[])
OBJ 50000334 (sz=24, trace=300211, class=java.lang.String@50000181)
	value		50000335
ARR 50000335 (sz=110, trace=300210, nelems=55, elem type=char[])
OBJ 50000336 (sz=24, trace=300211, class=java.lang.String@50000181)
	value		50000337
ARR 50000337 (sz=48, trace=300210, nelems=24, elem type=char[])
ARR 50000338 (sz=152, trace=300214, nelems=0, elem type=java.lang.Object[]@5000011b)
OBJ 50000339 (sz=24, trace=300211, class=java.lang.String@50000181)
	value		5000033a
ARR 5000033a (sz=18, trace=300210, nelems=9, elem type=char[])
OBJ 5000033b (sz=24, trace=300211, class=java.lang.String@50000181)
	value		5000033c
ARR 5000033c (sz=16, trace=300210, nelems=8, elem type=char[])
OBJ 5000033d (sz=24, trace=300211, class=java.lang.String@50000181)
	value		5000033e
ARR 5000033e (sz=18, trace=300210, nelems=9, elem type=char[])
OBJ 5000033f (sz=24, trace=300211, class=java.lang.String@50000181)
	value		50000340
ARR 50000340 (sz=110, trace=300210, nelems=55, elem type=char[])
OBJ 50000341 (sz=24, trace=300211, class=java.lang.String@50000181)
	value		50000342
ARR 50000342 (sz=24, trace=300210, nelems=12, elem type=char[])
OBJ 50000343 (sz=24, trace=300211, class=java.lang.String@50000181)
	value		50000344
ARR 50000344 (sz=102, trace=300210, nelems=51, elem type=char[])
OBJ 50000345 (sz=24, trace=300211, class=java.lang.String@50000181)
	value		50000346
ARR 50000346 (sz=38, trace=300210, nelems=19, elem type=char[])
OBJ 50000347 (sz=24, trace=300211, class=java.lang.String@50000181)
	value		50000348
ARR 50000348 (sz=26, trace=300210, nelems=13, elem type=char[])
OBJ 50000349 (sz=24, trace=300211, class=java.lang.String@50000181)
	value		5000034a
ARR 5000034a (sz=24, trace=300210, nelems=12, elem type=char[])
OBJ 5000034b (sz=24, trace=300211, class=java.lang.String@50000181)
	value		5000034c
ARR 5000034c (sz=132, trace=300210, nelems=66, elem type=char[])
OBJ 5000034d (sz=24, trace=300211, class=java.lang.String@50000181)
ARR 5000034e (sz=32, trace=300210, nelems=0, elem type=char[])
OBJ 5000034f (sz=32, trace=300215, class=java.io.File@5000012e)
	path		50000351
ARR 50000350 (sz=136, trace=300216, nelems=0, elem type=char[])
OBJ 50000351 (sz=24, trace=300217, class=java.lang.String@50000181)
	value		50000352
ARR 50000352 (sz=120, trace=300194, nelems=60, elem type=char[])
OBJ 50000353 (sz=24, trace=300218, class=sun.misc.MetaIndex@50000036)
	contents	50002f1b
ARR 50000354 (sz=16, trace=300219, nelems=0, elem type=java.lang.String[]@500000db)
ARR 50000355 (sz=136, trace=300186, nelems=0, elem type=char[])
OBJ 50000356 (sz=24, trace=300187, class=java.lang.String@50000181)
ARR 50000357 (sz=136, trace=300188, nelems=0, elem type=char[])
OBJ 50000358 (sz=32, trace=300190, class=java.util.HashMap$Node@500000d7)
	key		5000034f
	value		50000353
OBJ 50000359 (sz=24, trace=300212, class=java.lang.String@50000181)
ARR 5000035a (sz=32, trace=300213, nelems=0, elem type=char[])
OBJ 5000035b (sz=24, trace=300211, class=java.lang.String@50000181)
	value		5000035c
ARR 5000035c (sz=54, trace=300210, nelems=27, elem type=char[])
OBJ 5000035d (sz=24, trace=300211, class=java.lang.String@50000181)
	value		5000035e
ARR 5000035e (sz=10, trace=300210, nelems=5, elem type=char[])
OBJ 5000035f (sz=24, trace=300211, class=java.lang.String@50000181)
	value		50000360
ARR 50000360 (sz=18, trace=300210, nelems=9, elem type=char[])
OBJ 50000361 (sz=24, trace=300211, class=java.lang.String@50000181)
	value		50000362
ARR 50000362 (sz=28, trace=300210, nelems=14, elem type=char[])
OBJ 50000363 (sz=24, trace=300211, class=java.lang.String@50000181)
	value		50000364
ARR 50000364 (sz=32, trace=300210, nelems=16, elem type=char[])
OBJ 50000365 (sz=24, trace=300211, class=java.lang.String@50000181)
	value		50000366
ARR 50000366 (sz=42, trace=300210, nelems=21, elem type=char[])
OBJ 50000367 (sz=24, trace=300211, class=java.lang.String@50000181)
	value		50000368
ARR 50000368 (sz=28, trace=300210, nelems=14, elem type=char[])
OBJ 50000369 (sz=24, trace=300211, class=java.lang.String@50000181)
	value		5000036a
ARR 5000036a (sz=28, trace=300210, nelems=14, elem type=char[])
OBJ 5000036b (sz=24, trace=300211, class=java.lang.String@50000181)
	value		5000036c
ARR 5000036c (sz=24, trace=300210, nelems=12, elem type=char[])
OBJ 5000036d (sz=24, trace=300211, class=java.lang.String@50000181)
	value		5000036e
ARR 5000036e (sz=38, trace=300210, nelems=19, elem type=char[])
OBJ 5000036f (sz=24, trace=300211, class=java.lang.String@50000181)
	value		50000370
ARR 50000370 (sz=8, trace=300210, nelems=4, elem type=char[])
OBJ 50000371 (sz=24, trace=300211, class=java.lang.String@50000181)
	value		50000372
ARR 50000372 (sz=24, trace=300210, nelems=12, elem type=char[])
OBJ 50000373 (sz=24, trace=300211, class=java.lang.String@50000181)
	value		50000374
ARR 50000374 (sz=26, trace=300210, nelems=13, elem type=char[])
OBJ 50000375 (sz=24, trace=300211, class=java.lang.String@50000181)
	value		50000376
ARR 50000376 (sz=32, trace=300210, nelems=16, elem type=char[])
OBJ 50000377 (sz=24, trace=300211, class=java.lang.String@50000181)
	value		50000378
ARR 50000378 (sz=24, trace=300210, nelems=12, elem type=char[])
OBJ 50000379 (sz=24, trace=300211, class=java.lang.String@50000181)
	value		5000037a
ARR 5000037a (sz=24, trace=300210, nelems=12, elem type=char[])
OBJ 5000037b (sz=24, trace=300211, class=java.lang.String@50000181)
	value		5000037c
ARR 5000037c (sz=16, trace=300210, nelems=8, elem type=char[])
OBJ 5000037d (sz=24, trace=300211, class=java.lang.String@50000181)
	value		5000037e
ARR 5000037e (sz=28, trace=300210, nelems=14, elem type=char[])
OBJ 5000037f (sz=24, trace=300211, class=java.lang.String@50000181)
	value		50000380
ARR 50000380 (sz=38, trace=300210, nelems=19, elem type=char[])
OBJ 50000381 (sz=24, trace=300211, class=java.lang.String@50000181)
	value		50000382
ARR 50000382 (sz=24, trace=300210, nelems=12, elem type=char[])
OBJ 50000383 (sz=24, trace=300211, class=java.lang.String@50000181)
	value		50000384
ARR 50000384 (sz=30, trace=300210, nelems=15, elem type=char[])
OBJ 50000385 (sz=24, trace=300211, class=java.lang.String@50000181)
	value		50000386
ARR 50000386 (sz=16, trace=300210, nelems=8, elem type=char[])
OBJ 50000387 (sz=24, trace=300211, class=java.lang.String@50000181)
	value		50000388
ARR 50000388 (sz=30, trace=300210, nelems=15, elem type=char[])
OBJ 50000389 (sz=24, trace=300211, class=java.lang.String@50000181)
	value		5000038a
ARR 5000038a (sz=8, trace=300210, nelems=4, elem type=char[])
OBJ 5000038b (sz=24, trace=300211, class=java.lang.String@50000181)
	value		5000038c
ARR 5000038c (sz=30, trace=300210, nelems=15, elem type=char[])
OBJ 5000038d (sz=24, trace=300211, class=java.lang.String@50000181)
	value		5000038e
ARR 5000038e (sz=16, trace=300210, nelems=8, elem type=char[])
OBJ 5000038f (sz=24, trace=300211, class=java.lang.String@50000181)
	value		50000390
ARR 50000390 (sz=16, trace=300210, nelems=8, elem type=char[])
OBJ 50000391 (sz=24, trace=300211, class=java.lang.String@50000181)
	value		50000392
ARR 50000392 (sz=34, trace=300210, nelems=17, elem type=char[])
OBJ 50000393 (sz=24, trace=300211, class=java.lang.String@50000181)
	value		50000394
ARR 50000394 (sz=28, trace=300210, nelems=14, elem type=char[])
OBJ 50000395 (sz=24, trace=300211, class=java.lang.String@50000181)
	value		50000396
ARR 50000396 (sz=24, trace=300210, nelems=12, elem type=char[])
OBJ 50000397 (sz=24, trace=300211, class=java.lang.String@50000181)
	value		50000398
ARR 50000398 (sz=38, trace=300210, nelems=19, elem type=char[])
OBJ 50000399 (sz=24, trace=300211, class=java.lang.String@50000181)
	value		5000039a
ARR 5000039a (sz=22, trace=300210, nelems=11, elem type=char[])
OBJ 5000039b (sz=24, trace=300211, class=java.lang.String@50000181)
	value		5000039c
ARR 5000039c (sz=34, trace=300210, nelems=17, elem type=char[])
OBJ 5000039d (sz=24, trace=300211, class=java.lang.String@50000181)
	value		5000039e
ARR 5000039e (sz=26, trace=300210, nelems=13, elem type=char[])
ARR 5000039f (sz=216, trace=300214, nelems=0, elem type=java.lang.Object[]@5000011b)
OBJ 500003a0 (sz=24, trace=300211, class=java.lang.String@50000181)
	value		500003a1
ARR 500003a1 (sz=44, trace=300210, nelems=22, elem type=char[])
OBJ 500003a2 (sz=24, trace=300211, class=java.lang.String@50000181)
	value		500003a3
ARR 500003a3 (sz=24, trace=300210, nelems=12, elem type=char[])
OBJ 500003a4 (sz=24, trace=300211, class=java.lang.String@50000181)
	value		500003a5
ARR 500003a5 (sz=12, trace=300210, nelems=6, elem type=char[])
OBJ 500003a6 (sz=24, trace=300221, class=java.lang.StringBuffer@50000135)
ARR 500003a7 (sz=176, trace=300222, nelems=0, elem type=char[])
OBJ 500003a8 (sz=48, trace=300208, class=java.nio.HeapCharBuffer@5000006a)
OBJ 500003a9 (sz=32, trace=300223, class=java.io.File@5000012e)
	path		500003ab
ARR 500003aa (sz=128, trace=300224, nelems=0, elem type=char[])
OBJ 500003ab (sz=24, trace=300225, class=java.lang.String@50000181)
	value		500003ac
ARR 500003ac (sz=106, trace=300194, nelems=53, elem type=char[])
OBJ 500003ad (sz=24, trace=300226, class=sun.misc.MetaIndex@50000036)
	contents	50002f1a
ARR 500003ae (sz=16, trace=300227, nelems=0, elem type=java.lang.String[]@500000db)
ARR 500003af (sz=128, trace=300186, nelems=0, elem type=char[])
OBJ 500003b0 (sz=24, trace=300187, class=java.lang.String@50000181)
ARR 500003b1 (sz=128, trace=300188, nelems=0, elem type=char[])
OBJ 500003b2 (sz=32, trace=300190, class=java.util.HashMap$Node@500000d7)
	key		500003a9
	value		500003ad
OBJ 500003b3 (sz=16, trace=300228, class=java.io.FileInputStream$1@50000013)
OBJ 500003b4 (sz=24, trace=300183, class=java.lang.String@50000181)
ARR 500003b5 (sz=112, trace=300184, nelems=0, elem type=char[])
OBJ 500003b6 (sz=32, trace=300185, class=java.io.File@5000012e)
ARR 500003b7 (sz=112, trace=300186, nelems=0, elem type=char[])
OBJ 500003b8 (sz=24, trace=300187, class=java.lang.String@50000181)
ARR 500003b9 (sz=112, trace=300188, nelems=0, elem type=char[])
OBJ 500003ba (sz=24, trace=300183, class=java.lang.String@50000181)
ARR 500003bb (sz=112, trace=300184, nelems=0, elem type=char[])
OBJ 500003bc (sz=32, trace=300185, class=java.io.File@5000012e)
ARR 500003bd (sz=112, trace=300186, nelems=0, elem type=char[])
OBJ 500003be (sz=24, trace=300187, class=java.lang.String@50000181)
ARR 500003bf (sz=112, trace=300188, nelems=0, elem type=char[])
OBJ 500003c0 (sz=24, trace=300183, class=java.lang.String@50000181)
ARR 500003c1 (sz=112, trace=300184, nelems=0, elem type=char[])
OBJ 500003c2 (sz=32, trace=300185, class=java.io.File@5000012e)
ARR 500003c3 (sz=112, trace=300186, nelems=0, elem type=char[])
OBJ 500003c4 (sz=24, trace=300187, class=java.lang.String@50000181)
ARR 500003c5 (sz=112, trace=300188, nelems=0, elem type=char[])
OBJ 500003c6 (sz=24, trace=300183, class=java.lang.String@50000181)
ARR 500003c7 (sz=112, trace=300184, nelems=0, elem type=char[])
OBJ 500003c8 (sz=32, trace=300185, class=java.io.File@5000012e)
ARR 500003c9 (sz=112, trace=300186, nelems=0, elem type=char[])
OBJ 500003ca (sz=24, trace=300187, class=java.lang.String@50000181)
ARR 500003cb (sz=112, trace=300188, nelems=0, elem type=char[])
OBJ 500003cc (sz=24, trace=300183, class=java.lang.String@50000181)
ARR 500003cd (sz=112, trace=300184, nelems=0, elem type=char[])
OBJ 500003ce (sz=32, trace=300185, class=java.io.File@5000012e)
ARR 500003cf (sz=112, trace=300186, nelems=0, elem type=char[])
OBJ 500003d0 (sz=24, trace=300187, class=java.lang.String@50000181)
ARR 500003d1 (sz=112, trace=300188, nelems=0, elem type=char[])
OBJ 500003d2 (sz=24, trace=300183, class=java.lang.String@50000181)
ARR 500003d3 (sz=112, trace=300184, nelems=0, elem type=char[])
OBJ 500003d4 (sz=32, trace=300185, class=java.io.File@5000012e)
ARR 500003d5 (sz=112, trace=300186, nelems=0, elem type=char[])
OBJ 500003d6 (sz=24, trace=300187, class=java.lang.String@50000181)
ARR 500003d7 (sz=112, trace=300188, nelems=0, elem type=char[])
OBJ 500003d8 (sz=24, trace=300183, class=java.lang.String@50000181)
ARR 500003d9 (sz=104, trace=300184, nelems=0, elem type=char[])
OBJ 500003da (sz=32, trace=300185, class=java.io.File@5000012e)
ARR 500003db (sz=104, trace=300186, nelems=0, elem type=char[])
OBJ 500003dc (sz=24, trace=300187, class=java.lang.String@50000181)
ARR 500003dd (sz=104, trace=300188, nelems=0, elem type=char[])
OBJ 500003de (sz=32, trace=300229, class=java.util.HashMap$Node@500000d7)
OBJ 500003df (sz=32, trace=300191, class=java.io.File@5000012e)
ARR 500003e0 (sz=128, trace=300192, nelems=0, elem type=char[])
OBJ 500003e1 (sz=24, trace=300193, class=java.lang.String@50000181)
ARR 500003e2 (sz=128, trace=300194, nelems=0, elem type=char[])
ARR 500003e3 (sz=48, trace=300230, nelems=0, elem type=java.net.URL[]@5000000d)
OBJ 500003e4 (sz=24, trace=300085, class=java.lang.String@50000181)
	value		500003e5
ARR 500003e5 (sz=92, trace=300086, nelems=46, elem type=char[])
OBJ 500003e6 (sz=24, trace=300087, class=java.io.ExpiringCache$Entry@50000055)
	val		50001c7c
OBJ 500003e7 (sz=40, trace=300231, class=java.util.LinkedHashMap$Entry@50000054)
	key		5000026d
	value		500003e6
	before		500002a2
	after		5000040a
OBJ 500003e8 (sz=24, trace=300089, class=java.lang.String@50000181)
	value		500003e9
ARR 500003e9 (sz=92, trace=300086, nelems=46, elem type=char[])
OBJ 500003ea (sz=32, trace=300206, class=java.io.File@5000012e)
OBJ 500003eb (sz=24, trace=300232, class=java.io.ExpiringCache$Entry@50000055)
	val		500003e8
OBJ 500003ec (sz=40, trace=300088, class=java.util.LinkedHashMap$Entry@50000054)
	key		500003e4
	value		500003eb
	before		50001cdf
OBJ 500003ed (sz=32, trace=300233, class=java.io.File@5000012e)
ARR 500003ee (sz=288, trace=300234, nelems=0, elem type=char[])
ARR 500003ef (sz=136, trace=300235, nelems=0, elem type=char[])
OBJ 500003f0 (sz=24, trace=300236, class=java.lang.String@50000181)
ARR 500003f1 (sz=136, trace=300237, nelems=0, elem type=char[])
OBJ 500003f2 (sz=24, trace=300238, class=java.lang.StringBuilder@50000134)
ARR 500003f3 (sz=48, trace=300239, nelems=0, elem type=char[])
ARR 500003f4 (sz=144, trace=300010, nelems=0, elem type=char[])
OBJ 500003f5 (sz=24, trace=300240, class=java.lang.String@50000181)
	value		500003f6
ARR 500003f6 (sz=122, trace=300241, nelems=61, elem type=char[])
OBJ 500003f7 (sz=64, trace=300242, class=java.net.URL@5000012c)
	protocol	50001c30
	host		5000177a
	file		500003f5
	authority	5000177a
	path		500003f5
	handler		50001c41
OBJ 500003f8 (sz=24, trace=300243, class=java.net.Parts@50000010)
OBJ 500003f9 (sz=24, trace=300085, class=java.lang.String@50000181)
ARR 500003fa (sz=112, trace=300086, nelems=0, elem type=char[])
OBJ 500003fb (sz=24, trace=300244, class=java.lang.String@50000181)
ARR 500003fc (sz=32, trace=300245, nelems=0, elem type=char[])
OBJ 500003fd (sz=24, trace=300246, class=java.lang.StringBuilder@50000134)
ARR 500003fe (sz=48, trace=300247, nelems=0, elem type=char[])
ARR 500003ff (sz=112, trace=300010, nelems=0, elem type=char[])
ARR 50000400 (sz=208, trace=300248, nelems=0, elem type=char[])
OBJ 50000401 (sz=24, trace=300249, class=java.lang.String@50000181)
ARR 50000402 (sz=128, trace=300250, nelems=0, elem type=char[])
OBJ 50000403 (sz=24, trace=300251, class=java.lang.StringBuilder@50000134)
ARR 50000404 (sz=48, trace=300252, nelems=0, elem type=char[])
ARR 50000405 (sz=112, trace=300010, nelems=0, elem type=char[])
ARR 50000406 (sz=208, trace=300248, nelems=0, elem type=char[])
OBJ 50000407 (sz=24, trace=300253, class=java.lang.String@50000181)
	value		50000408
ARR 50000408 (sz=106, trace=300254, nelems=53, elem type=char[])
OBJ 50000409 (sz=24, trace=300255, class=java.io.ExpiringCache$Entry@50000055)
	val		50001c7a
OBJ 5000040a (sz=40, trace=300231, class=java.util.LinkedHashMap$Entry@50000054)
	key		50000407
	value		50000409
	before		500003e7
	after		50000428
OBJ 5000040b (sz=32, trace=300233, class=java.io.File@5000012e)
ARR 5000040c (sz=264, trace=300234, nelems=0, elem type=char[])
ARR 5000040d (sz=128, trace=300235, nelems=0, elem type=char[])
OBJ 5000040e (sz=24, trace=300236, class=java.lang.String@50000181)
ARR 5000040f (sz=128, trace=300237, nelems=0, elem type=char[])
OBJ 50000410 (sz=24, trace=300238, class=java.lang.StringBuilder@50000134)
ARR 50000411 (sz=48, trace=300239, nelems=0, elem type=char[])
ARR 50000412 (sz=128, trace=300010, nelems=0, elem type=char[])
OBJ 50000413 (sz=24, trace=300240, class=java.lang.String@50000181)
	value		50000414
ARR 50000414 (sz=108, trace=300241, nelems=54, elem type=char[])
OBJ 50000415 (sz=64, trace=300242, class=java.net.URL@5000012c)
	protocol	50001c30
	host		5000177a
	file		50000413
	authority	5000177a
	path		50000413
	handler		50001c41
OBJ 50000416 (sz=24, trace=300243, class=java.net.Parts@50000010)
OBJ 50000417 (sz=24, trace=300085, class=java.lang.String@50000181)
ARR 50000418 (sz=112, trace=300086, nelems=0, elem type=char[])
OBJ 50000419 (sz=24, trace=300244, class=java.lang.String@50000181)
ARR 5000041a (sz=48, trace=300245, nelems=0, elem type=char[])
OBJ 5000041b (sz=24, trace=300246, class=java.lang.StringBuilder@50000134)
ARR 5000041c (sz=48, trace=300247, nelems=0, elem type=char[])
ARR 5000041d (sz=112, trace=300010, nelems=0, elem type=char[])
ARR 5000041e (sz=208, trace=300248, nelems=0, elem type=char[])
OBJ 5000041f (sz=24, trace=300249, class=java.lang.String@50000181)
ARR 50000420 (sz=144, trace=300250, nelems=0, elem type=char[])
OBJ 50000421 (sz=24, trace=300251, class=java.lang.StringBuilder@50000134)
ARR 50000422 (sz=48, trace=300252, nelems=0, elem type=char[])
ARR 50000423 (sz=112, trace=300010, nelems=0, elem type=char[])
ARR 50000424 (sz=208, trace=300248, nelems=0, elem type=char[])
OBJ 50000425 (sz=24, trace=300253, class=java.lang.String@50000181)
	value		50000426
ARR 50000426 (sz=122, trace=300254, nelems=61, elem type=char[])
OBJ 50000427 (sz=24, trace=300255, class=java.io.ExpiringCache$Entry@50000055)
	val		50001cd0
OBJ 50000428 (sz=40, trace=300231, class=java.util.LinkedHashMap$Entry@50000054)
	key		50000425
	value		50000427
	before		5000040a
	after		50000446
OBJ 50000429 (sz=32, trace=300233, class=java.io.File@5000012e)
ARR 5000042a (sz=296, trace=300234, nelems=0, elem type=char[])
ARR 5000042b (sz=144, trace=300235, nelems=0, elem type=char[])
OBJ 5000042c (sz=24, trace=300236, class=java.lang.String@50000181)
ARR 5000042d (sz=144, trace=300237, nelems=0, elem type=char[])
OBJ 5000042e (sz=24, trace=300238, class=java.lang.StringBuilder@50000134)
ARR 5000042f (sz=48, trace=300239, nelems=0, elem type=char[])
ARR 50000430 (sz=144, trace=300010, nelems=0, elem type=char[])
OBJ 50000431 (sz=24, trace=300240, class=java.lang.String@50000181)
	value		50000432
ARR 50000432 (sz=124, trace=300241, nelems=62, elem type=char[])
OBJ 50000433 (sz=64, trace=300242, class=java.net.URL@5000012c)
	protocol	50001c30
	host		5000177a
	file		50000431
	authority	5000177a
	path		50000431
	handler		50001c41
OBJ 50000434 (sz=24, trace=300243, class=java.net.Parts@50000010)
OBJ 50000435 (sz=24, trace=300085, class=java.lang.String@50000181)
ARR 50000436 (sz=112, trace=300086, nelems=0, elem type=char[])
OBJ 50000437 (sz=24, trace=300244, class=java.lang.String@50000181)
ARR 50000438 (sz=32, trace=300245, nelems=0, elem type=char[])
OBJ 50000439 (sz=24, trace=300246, class=java.lang.StringBuilder@50000134)
ARR 5000043a (sz=48, trace=300247, nelems=0, elem type=char[])
ARR 5000043b (sz=112, trace=300010, nelems=0, elem type=char[])
ARR 5000043c (sz=208, trace=300248, nelems=0, elem type=char[])
OBJ 5000043d (sz=24, trace=300249, class=java.lang.String@50000181)
ARR 5000043e (sz=128, trace=300250, nelems=0, elem type=char[])
OBJ 5000043f (sz=24, trace=300251, class=java.lang.StringBuilder@50000134)
ARR 50000440 (sz=48, trace=300252, nelems=0, elem type=char[])
ARR 50000441 (sz=112, trace=300010, nelems=0, elem type=char[])
ARR 50000442 (sz=208, trace=300248, nelems=0, elem type=char[])
OBJ 50000443 (sz=24, trace=300253, class=java.lang.String@50000181)
	value		50000444
ARR 50000444 (sz=110, trace=300254, nelems=55, elem type=char[])
OBJ 50000445 (sz=24, trace=300255, class=java.io.ExpiringCache$Entry@50000055)
	val		50001cd2
OBJ 50000446 (sz=40, trace=300231, class=java.util.LinkedHashMap$Entry@50000054)
	key		50000443
	value		50000445
	before		50000428
	after		50000464
OBJ 50000447 (sz=32, trace=300233, class=java.io.File@5000012e)
ARR 50000448 (sz=272, trace=300234, nelems=0, elem type=char[])
ARR 50000449 (sz=128, trace=300235, nelems=0, elem type=char[])
OBJ 5000044a (sz=24, trace=300236, class=java.lang.String@50000181)
ARR 5000044b (sz=128, trace=300237, nelems=0, elem type=char[])
OBJ 5000044c (sz=24, trace=300238, class=java.lang.StringBuilder@50000134)
ARR 5000044d (sz=48, trace=300239, nelems=0, elem type=char[])
ARR 5000044e (sz=128, trace=300010, nelems=0, elem type=char[])
OBJ 5000044f (sz=24, trace=300240, class=java.lang.String@50000181)
	value		50000450
ARR 50000450 (sz=112, trace=300241, nelems=56, elem type=char[])
OBJ 50000451 (sz=64, trace=300242, class=java.net.URL@5000012c)
	protocol	50001c30
	host		5000177a
	file		5000044f
	authority	5000177a
	path		5000044f
	handler		50001c41
OBJ 50000452 (sz=24, trace=300243, class=java.net.Parts@50000010)
OBJ 50000453 (sz=24, trace=300085, class=java.lang.String@50000181)
ARR 50000454 (sz=112, trace=300086, nelems=0, elem type=char[])
OBJ 50000455 (sz=24, trace=300244, class=java.lang.String@50000181)
ARR 50000456 (sz=32, trace=300245, nelems=0, elem type=char[])
OBJ 50000457 (sz=24, trace=300246, class=java.lang.StringBuilder@50000134)
ARR 50000458 (sz=48, trace=300247, nelems=0, elem type=char[])
ARR 50000459 (sz=112, trace=300010, nelems=0, elem type=char[])
ARR 5000045a (sz=208, trace=300248, nelems=0, elem type=char[])
OBJ 5000045b (sz=24, trace=300249, class=java.lang.String@50000181)
ARR 5000045c (sz=128, trace=300250, nelems=0, elem type=char[])
OBJ 5000045d (sz=24, trace=300251, class=java.lang.StringBuilder@50000134)
ARR 5000045e (sz=48, trace=300252, nelems=0, elem type=char[])
ARR 5000045f (sz=112, trace=300010, nelems=0, elem type=char[])
ARR 50000460 (sz=208, trace=300248, nelems=0, elem type=char[])
OBJ 50000461 (sz=24, trace=300253, class=java.lang.String@50000181)
	value		50000462
ARR 50000462 (sz=108, trace=300254, nelems=54, elem type=char[])
OBJ 50000463 (sz=24, trace=300255, class=java.io.ExpiringCache$Entry@50000055)
	val		50001cd4
OBJ 50000464 (sz=40, trace=300231, class=java.util.LinkedHashMap$Entry@50000054)
	key		50000461
	value		50000463
	before		50000446
	after		50000482
OBJ 50000465 (sz=32, trace=300233, class=java.io.File@5000012e)
ARR 50000466 (sz=264, trace=300234, nelems=0, elem type=char[])
ARR 50000467 (sz=128, trace=300235, nelems=0, elem type=char[])
OBJ 50000468 (sz=24, trace=300236, class=java.lang.String@50000181)
ARR 50000469 (sz=128, trace=300237, nelems=0, elem type=char[])
OBJ 5000046a (sz=24, trace=300238, class=java.lang.StringBuilder@50000134)
ARR 5000046b (sz=48, trace=300239, nelems=0, elem type=char[])
ARR 5000046c (sz=128, trace=300010, nelems=0, elem type=char[])
OBJ 5000046d (sz=24, trace=300240, class=java.lang.String@50000181)
	value		5000046e
ARR 5000046e (sz=110, trace=300241, nelems=55, elem type=char[])
OBJ 5000046f (sz=64, trace=300242, class=java.net.URL@5000012c)
	protocol	50001c30
	host		5000177a
	file		5000046d
	authority	5000177a
	path		5000046d
	handler		50001c41
OBJ 50000470 (sz=24, trace=300243, class=java.net.Parts@50000010)
OBJ 50000471 (sz=24, trace=300085, class=java.lang.String@50000181)
ARR 50000472 (sz=112, trace=300086, nelems=0, elem type=char[])
OBJ 50000473 (sz=24, trace=300244, class=java.lang.String@50000181)
ARR 50000474 (sz=40, trace=300245, nelems=0, elem type=char[])
OBJ 50000475 (sz=24, trace=300246, class=java.lang.StringBuilder@50000134)
ARR 50000476 (sz=48, trace=300247, nelems=0, elem type=char[])
ARR 50000477 (sz=112, trace=300010, nelems=0, elem type=char[])
ARR 50000478 (sz=208, trace=300248, nelems=0, elem type=char[])
OBJ 50000479 (sz=24, trace=300249, class=java.lang.String@50000181)
ARR 5000047a (sz=136, trace=300250, nelems=0, elem type=char[])
OBJ 5000047b (sz=24, trace=300251, class=java.lang.StringBuilder@50000134)
ARR 5000047c (sz=48, trace=300252, nelems=0, elem type=char[])
ARR 5000047d (sz=112, trace=300010, nelems=0, elem type=char[])
ARR 5000047e (sz=208, trace=300248, nelems=0, elem type=char[])
OBJ 5000047f (sz=24, trace=300253, class=java.lang.String@50000181)
	value		50000480
ARR 50000480 (sz=118, trace=300254, nelems=59, elem type=char[])
OBJ 50000481 (sz=24, trace=300255, class=java.io.ExpiringCache$Entry@50000055)
	val		50001cd6
OBJ 50000482 (sz=40, trace=300231, class=java.util.LinkedHashMap$Entry@50000054)
	key		5000047f
	value		50000481
	before		50000464
	after		500004a0
OBJ 50000483 (sz=32, trace=300233, class=java.io.File@5000012e)
ARR 50000484 (sz=288, trace=300234, nelems=0, elem type=char[])
ARR 50000485 (sz=136, trace=300235, nelems=0, elem type=char[])
OBJ 50000486 (sz=24, trace=300236, class=java.lang.String@50000181)
ARR 50000487 (sz=136, trace=300237, nelems=0, elem type=char[])
OBJ 50000488 (sz=24, trace=300238, class=java.lang.StringBuilder@50000134)
ARR 50000489 (sz=48, trace=300239, nelems=0, elem type=char[])
ARR 5000048a (sz=136, trace=300010, nelems=0, elem type=char[])
OBJ 5000048b (sz=24, trace=300240, class=java.lang.String@50000181)
	value		5000048c
ARR 5000048c (sz=120, trace=300241, nelems=60, elem type=char[])
OBJ 5000048d (sz=64, trace=300242, class=java.net.URL@5000012c)
	protocol	50001c30
	host		5000177a
	file		5000048b
	authority	5000177a
	path		5000048b
	handler		50001c41
OBJ 5000048e (sz=24, trace=300243, class=java.net.Parts@50000010)
OBJ 5000048f (sz=24, trace=300085, class=java.lang.String@50000181)
ARR 50000490 (sz=112, trace=300086, nelems=0, elem type=char[])
OBJ 50000491 (sz=24, trace=300244, class=java.lang.String@50000181)
ARR 50000492 (sz=32, trace=300245, nelems=0, elem type=char[])
OBJ 50000493 (sz=24, trace=300246, class=java.lang.StringBuilder@50000134)
ARR 50000494 (sz=48, trace=300247, nelems=0, elem type=char[])
ARR 50000495 (sz=112, trace=300010, nelems=0, elem type=char[])
ARR 50000496 (sz=208, trace=300248, nelems=0, elem type=char[])
OBJ 50000497 (sz=24, trace=300249, class=java.lang.String@50000181)
ARR 50000498 (sz=128, trace=300250, nelems=0, elem type=char[])
OBJ 50000499 (sz=24, trace=300251, class=java.lang.StringBuilder@50000134)
ARR 5000049a (sz=48, trace=300252, nelems=0, elem type=char[])
ARR 5000049b (sz=112, trace=300010, nelems=0, elem type=char[])
ARR 5000049c (sz=208, trace=300248, nelems=0, elem type=char[])
OBJ 5000049d (sz=24, trace=300253, class=java.lang.String@50000181)
	value		5000049e
ARR 5000049e (sz=108, trace=300254, nelems=54, elem type=char[])
OBJ 5000049f (sz=24, trace=300255, class=java.io.ExpiringCache$Entry@50000055)
	val		50001cd8
OBJ 500004a0 (sz=40, trace=300231, class=java.util.LinkedHashMap$Entry@50000054)
	key		5000049d
	value		5000049f
	before		50000482
	after		500004b0
OBJ 500004a1 (sz=32, trace=300233, class=java.io.File@5000012e)
ARR 500004a2 (sz=264, trace=300234, nelems=0, elem type=char[])
ARR 500004a3 (sz=128, trace=300235, nelems=0, elem type=char[])
OBJ 500004a4 (sz=24, trace=300236, class=java.lang.String@50000181)
ARR 500004a5 (sz=128, trace=300237, nelems=0, elem type=char[])
OBJ 500004a6 (sz=24, trace=300238, class=java.lang.StringBuilder@50000134)
ARR 500004a7 (sz=48, trace=300239, nelems=0, elem type=char[])
ARR 500004a8 (sz=128, trace=300010, nelems=0, elem type=char[])
OBJ 500004a9 (sz=24, trace=300240, class=java.lang.String@50000181)
	value		500004aa
ARR 500004aa (sz=110, trace=300241, nelems=55, elem type=char[])
OBJ 500004ab (sz=64, trace=300242, class=java.net.URL@5000012c)
	protocol	50001c30
	host		5000177a
	file		500004a9
	authority	5000177a
	path		500004a9
	handler		50001c41
OBJ 500004ac (sz=24, trace=300243, class=java.net.Parts@50000010)
OBJ 500004ad (sz=24, trace=300085, class=java.lang.String@50000181)
ARR 500004ae (sz=104, trace=300086, nelems=0, elem type=char[])
OBJ 500004af (sz=24, trace=300087, class=java.io.ExpiringCache$Entry@50000055)
	val		50001cda
OBJ 500004b0 (sz=40, trace=300231, class=java.util.LinkedHashMap$Entry@50000054)
	key		50000282
	value		500004af
	before		500004a0
ARR 500004b1 (sz=272, trace=300256, nelems=64, elem type=java.util.HashMap$Node[]@500000d5)
	[0]		50001c6e
	[8]		50001c6f
	[9]		500004a0
	[10]		50001c70
	[22]		50000482
	[23]		50001c71
	[24]		50000446
	[25]		500004b0
	[34]		50000464
	[36]		50001c72
	[37]		50001c73
	[38]		50001c74
	[42]		50001c75
	[43]		50001c76
	[44]		50001c77
	[47]		50000428
	[51]		500003e7
	[52]		50001c78
	[59]		50001c79
	[63]		5000040a
OBJ 500004b2 (sz=24, trace=300089, class=java.lang.String@50000181)
ARR 500004b3 (sz=104, trace=300086, nelems=0, elem type=char[])
OBJ 500004b4 (sz=32, trace=300206, class=java.io.File@5000012e)
OBJ 500004b5 (sz=32, trace=300233, class=java.io.File@5000012e)
ARR 500004b6 (sz=248, trace=300234, nelems=0, elem type=char[])
ARR 500004b7 (sz=120, trace=300235, nelems=0, elem type=char[])
OBJ 500004b8 (sz=24, trace=300236, class=java.lang.String@50000181)
ARR 500004b9 (sz=120, trace=300237, nelems=0, elem type=char[])
OBJ 500004ba (sz=24, trace=300238, class=java.lang.StringBuilder@50000134)
ARR 500004bb (sz=48, trace=300239, nelems=0, elem type=char[])
ARR 500004bc (sz=120, trace=300010, nelems=0, elem type=char[])
OBJ 500004bd (sz=24, trace=300240, class=java.lang.String@50000181)
	value		500004be
ARR 500004be (sz=102, trace=300241, nelems=51, elem type=char[])
OBJ 500004bf (sz=64, trace=300242, class=java.net.URL@5000012c)
	protocol	50001c30
	host		5000177a
	file		500004bd
	authority	5000177a
	path		500004bd
	handler		50001c41
OBJ 500004c0 (sz=24, trace=300243, class=java.net.Parts@50000010)
OBJ 500004c1 (sz=48, trace=300257, class=sun.misc.URLClassPath@50000004)
	path		500004c2
	urls		500004c3
	loaders		500004c5
	lmap		500004c6
	jarHandler	500004cd
OBJ 500004c2 (sz=24, trace=300258, class=java.util.ArrayList@500000f0)
	elementData	500004c7
OBJ 500004c3 (sz=32, trace=300259, class=java.util.Stack@500000f5)
	elementData	500004c4
ARR 500004c4 (sz=56, trace=300260, nelems=0, elem type=java.lang.Object[]@5000011b)
OBJ 500004c5 (sz=24, trace=300261, class=java.util.ArrayList@500000f0)
	elementData	500004fc
OBJ 500004c6 (sz=48, trace=300262, class=java.util.HashMap@500000d9)
	table		500004fd
ARR 500004c7 (sz=56, trace=300214, nelems=8, elem type=java.lang.Object[]@5000011b)
	[0]		500003f7
	[1]		50000415
	[2]		50000433
	[3]		50000451
	[4]		5000046f
	[5]		5000048d
	[6]		500004ab
	[7]		500004bf
OBJ 500004c8 (sz=24, trace=300263, class=java.lang.StringBuilder@50000134)
ARR 500004c9 (sz=48, trace=300264, nelems=0, elem type=char[])
ARR 500004ca (sz=88, trace=300010, nelems=0, elem type=char[])
OBJ 500004cb (sz=24, trace=300265, class=java.lang.String@50000181)
ARR 500004cc (sz=80, trace=300266, nelems=0, elem type=char[])
OBJ 500004cd (sz=16, trace=300267, class=sun.net.www.protocol.jar.Handler@50000003)
OBJ 500004cf (sz=40, trace=300269, class=sun.misc.URLClassPath$2@500004ce)
OBJ 500004d1 (sz=16, trace=300271, class=java.lang.ClassLoader$2@500004d0)
OBJ 500004d3 (sz=40, trace=300273, class=sun.misc.URLClassPath$1@500004d2)
OBJ 500004d5 (sz=24, trace=300275, class=java.net.URLClassLoader$3@500004d4)
OBJ 500004d7 (sz=24, trace=300277, class=sun.misc.CompoundEnumeration@500004d6)
OBJ 500004d9 (sz=24, trace=300279, class=java.lang.StringBuilder@50000134)
ARR 500004da (sz=48, trace=300280, nelems=0, elem type=char[])
ARR 500004db (sz=152, trace=300010, nelems=0, elem type=char[])
OBJ 500004dc (sz=24, trace=300281, class=java.lang.String@50000181)
	value		500004dd
ARR 500004dd (sz=136, trace=300282, nelems=68, elem type=char[])
OBJ 500004df (sz=24, trace=300284, class=sun.misc.URLClassPath$3@500004de)
OBJ 500004e6 (sz=16, trace=300288, class=java.util.zip.ZipFile$1@500004e5)
OBJ 500004e7 (sz=24, trace=300289, class=java.lang.StringBuilder@50000134)
ARR 500004e8 (sz=48, trace=300290, nelems=0, elem type=char[])
OBJ 500004e9 (sz=24, trace=300291, class=java.lang.StringBuffer@50000135)
ARR 500004ea (sz=152, trace=300292, nelems=0, elem type=char[])
ARR 500004eb (sz=152, trace=300293, nelems=0, elem type=char[])
OBJ 500004ec (sz=24, trace=300294, class=java.lang.String@50000181)
ARR 500004ed (sz=152, trace=300010, nelems=0, elem type=char[])
ARR 500004ee (sz=288, trace=300010, nelems=0, elem type=char[])
OBJ 500004ef (sz=24, trace=300295, class=java.lang.String@50000181)
	value		500004f0
ARR 500004f0 (sz=136, trace=300296, nelems=68, elem type=char[])
OBJ 500004f1 (sz=64, trace=300297, class=java.net.URL@5000012c)
	protocol	50001c23
	host		5000177a
	file		500004ef
	authority	5000177a
	path		500004ef
	handler		500004cd
OBJ 500004f2 (sz=24, trace=300298, class=java.net.Parts@50000010)
OBJ 500004f3 (sz=56, trace=300299, class=sun.misc.URLClassPath$JarLoader@500004e1)
	base		500004f1
	csu		500003f7
	metaIndex	50000353
	handler		500004cd
	lmap		500004c6
OBJ 500004f4 (sz=32, trace=300300, class=java.io.File@5000012e)
OBJ 500004f5 (sz=24, trace=300301, class=java.lang.StringBuffer@50000135)
ARR 500004f6 (sz=144, trace=300302, nelems=0, elem type=char[])
ARR 500004f7 (sz=136, trace=300303, nelems=0, elem type=char[])
OBJ 500004f8 (sz=24, trace=300304, class=java.lang.String@50000181)
ARR 500004f9 (sz=136, trace=300186, nelems=0, elem type=char[])
OBJ 500004fa (sz=24, trace=300187, class=java.lang.String@50000181)
ARR 500004fb (sz=136, trace=300188, nelems=0, elem type=char[])
ARR 500004fc (sz=56, trace=300214, nelems=6, elem type=java.lang.Object[]@5000011b)
	[0]		500004f3
	[1]		50000511
	[2]		50000559
	[3]		50000575
	[4]		50000591
	[5]		500005ad
ARR 500004fd (sz=80, trace=300305, nelems=16, elem type=java.util.HashMap$Node[]@500000d5)
	[1]		5000057e
	[5]		500005b6
	[9]		5000051a
	[11]		50000562
	[13]		500004fe
	[15]		5000059a
OBJ 500004fe (sz=32, trace=300190, class=java.util.HashMap$Node@500000d7)
	key		500004dc
	value		500004f3
OBJ 500004ff (sz=24, trace=300279, class=java.lang.StringBuilder@50000134)
ARR 50000500 (sz=48, trace=300280, nelems=0, elem type=char[])
ARR 50000501 (sz=144, trace=300010, nelems=0, elem type=char[])
OBJ 50000502 (sz=24, trace=300281, class=java.lang.String@50000181)
	value		50000503
ARR 50000503 (sz=122, trace=300282, nelems=61, elem type=char[])
OBJ 50000504 (sz=24, trace=300284, class=sun.misc.URLClassPath$3@500004de)
OBJ 50000505 (sz=24, trace=300289, class=java.lang.StringBuilder@50000134)
ARR 50000506 (sz=48, trace=300290, nelems=0, elem type=char[])
OBJ 50000507 (sz=24, trace=300291, class=java.lang.StringBuffer@50000135)
ARR 50000508 (sz=136, trace=300292, nelems=0, elem type=char[])
ARR 50000509 (sz=136, trace=300293, nelems=0, elem type=char[])
OBJ 5000050a (sz=24, trace=300294, class=java.lang.String@50000181)
ARR 5000050b (sz=136, trace=300010, nelems=0, elem type=char[])
ARR 5000050c (sz=256, trace=300010, nelems=0, elem type=char[])
OBJ 5000050d (sz=24, trace=300295, class=java.lang.String@50000181)
	value		5000050e
ARR 5000050e (sz=122, trace=300296, nelems=61, elem type=char[])
OBJ 5000050f (sz=64, trace=300297, class=java.net.URL@5000012c)
	protocol	50001c23
	host		5000177a
	file		5000050d
	authority	5000177a
	path		5000050d
	handler		500004cd
OBJ 50000510 (sz=24, trace=300298, class=java.net.Parts@50000010)
OBJ 50000511 (sz=56, trace=300299, class=sun.misc.URLClassPath$JarLoader@500004e1)
	base		5000050f
	csu		50000415
	metaIndex	500003ad
	handler		500004cd
	lmap		500004c6
OBJ 50000512 (sz=32, trace=300300, class=java.io.File@5000012e)
OBJ 50000513 (sz=24, trace=300301, class=java.lang.StringBuffer@50000135)
ARR 50000514 (sz=128, trace=300302, nelems=0, elem type=char[])
ARR 50000515 (sz=128, trace=300303, nelems=0, elem type=char[])
OBJ 50000516 (sz=24, trace=300304, class=java.lang.String@50000181)
ARR 50000517 (sz=128, trace=300186, nelems=0, elem type=char[])
OBJ 50000518 (sz=24, trace=300187, class=java.lang.String@50000181)
ARR 50000519 (sz=128, trace=300188, nelems=0, elem type=char[])
OBJ 5000051a (sz=32, trace=300190, class=java.util.HashMap$Node@500000d7)
	key		50000502
	value		50000511
OBJ 5000051b (sz=24, trace=300279, class=java.lang.StringBuilder@50000134)
ARR 5000051c (sz=48, trace=300280, nelems=0, elem type=char[])
ARR 5000051d (sz=160, trace=300010, nelems=0, elem type=char[])
OBJ 5000051e (sz=24, trace=300281, class=java.lang.String@50000181)
ARR 5000051f (sz=160, trace=300282, nelems=0, elem type=char[])
OBJ 50000520 (sz=24, trace=300284, class=sun.misc.URLClassPath$3@500004de)
OBJ 50000521 (sz=24, trace=300289, class=java.lang.StringBuilder@50000134)
ARR 50000522 (sz=48, trace=300290, nelems=0, elem type=char[])
OBJ 50000523 (sz=24, trace=300291, class=java.lang.StringBuffer@50000135)
ARR 50000524 (sz=152, trace=300292, nelems=0, elem type=char[])
ARR 50000525 (sz=152, trace=300293, nelems=0, elem type=char[])
OBJ 50000526 (sz=24, trace=300294, class=java.lang.String@50000181)
ARR 50000527 (sz=152, trace=300010, nelems=0, elem type=char[])
ARR 50000528 (sz=288, trace=300010, nelems=0, elem type=char[])
OBJ 50000529 (sz=24, trace=300295, class=java.lang.String@50000181)
ARR 5000052a (sz=160, trace=300296, nelems=0, elem type=char[])
OBJ 5000052b (sz=64, trace=300297, class=java.net.URL@5000012c)
OBJ 5000052c (sz=24, trace=300298, class=java.net.Parts@50000010)
OBJ 5000052d (sz=56, trace=300299, class=sun.misc.URLClassPath$JarLoader@500004e1)
OBJ 5000052e (sz=32, trace=300300, class=java.io.File@5000012e)
OBJ 5000052f (sz=24, trace=300301, class=java.lang.StringBuffer@50000135)
ARR 50000530 (sz=144, trace=300302, nelems=0, elem type=char[])
ARR 50000531 (sz=144, trace=300303, nelems=0, elem type=char[])
OBJ 50000532 (sz=24, trace=300304, class=java.lang.String@50000181)
ARR 50000533 (sz=144, trace=300186, nelems=0, elem type=char[])
OBJ 50000534 (sz=24, trace=300187, class=java.lang.String@50000181)
ARR 50000535 (sz=144, trace=300188, nelems=0, elem type=char[])
OBJ 50000537 (sz=16, trace=300307, class=sun.misc.URLClassPath$JarLoader$1@50000536)
OBJ 50000539 (sz=24, trace=300309, class=sun.misc.FileURLMapper@50000538)
ARR 5000053a (sz=144, trace=300310, nelems=0, elem type=char[])
OBJ 5000053b (sz=24, trace=300311, class=java.lang.String@50000181)
OBJ 5000053c (sz=32, trace=300312, class=java.io.File@5000012e)
OBJ 5000053d (sz=24, trace=300313, class=java.lang.StringBuffer@50000135)
ARR 5000053e (sz=144, trace=300314, nelems=0, elem type=char[])
ARR 5000053f (sz=144, trace=300315, nelems=0, elem type=char[])
OBJ 50000540 (sz=24, trace=300316, class=java.lang.String@50000181)
OBJ 50000543 (sz=32, trace=300318, class=java.io.FileNotFoundException@50000542)
OBJ 50000545 (sz=40, trace=300320, class=java.security.PrivilegedActionException@50000544)
OBJ 50000546 (sz=40, trace=300320, class=java.security.PrivilegedActionException@50000544)
OBJ 50000547 (sz=24, trace=300279, class=java.lang.StringBuilder@50000134)
ARR 50000548 (sz=48, trace=300280, nelems=0, elem type=char[])
ARR 50000549 (sz=144, trace=300010, nelems=0, elem type=char[])
OBJ 5000054a (sz=24, trace=300281, class=java.lang.String@50000181)
	value		5000054b
ARR 5000054b (sz=126, trace=300282, nelems=63, elem type=char[])
OBJ 5000054c (sz=24, trace=300284, class=sun.misc.URLClassPath$3@500004de)
OBJ 5000054d (sz=24, trace=300289, class=java.lang.StringBuilder@50000134)
ARR 5000054e (sz=48, trace=300290, nelems=0, elem type=char[])
OBJ 5000054f (sz=24, trace=300291, class=java.lang.StringBuffer@50000135)
ARR 50000550 (sz=144, trace=300292, nelems=0, elem type=char[])
ARR 50000551 (sz=144, trace=300293, nelems=0, elem type=char[])
OBJ 50000552 (sz=24, trace=300294, class=java.lang.String@50000181)
ARR 50000553 (sz=144, trace=300010, nelems=0, elem type=char[])
ARR 50000554 (sz=264, trace=300010, nelems=0, elem type=char[])
OBJ 50000555 (sz=24, trace=300295, class=java.lang.String@50000181)
	value		50000556
ARR 50000556 (sz=126, trace=300296, nelems=63, elem type=char[])
OBJ 50000557 (sz=64, trace=300297, class=java.net.URL@5000012c)
	protocol	50001c23
	host		5000177a
	file		50000555
	authority	5000177a
	path		50000555
	handler		500004cd
OBJ 50000558 (sz=24, trace=300298, class=java.net.Parts@50000010)
OBJ 50000559 (sz=56, trace=300299, class=sun.misc.URLClassPath$JarLoader@500004e1)
	base		50000557
	csu		50000451
	metaIndex	500002fc
	handler		500004cd
	lmap		500004c6
OBJ 5000055a (sz=32, trace=300300, class=java.io.File@5000012e)
OBJ 5000055b (sz=24, trace=300301, class=java.lang.StringBuffer@50000135)
ARR 5000055c (sz=128, trace=300302, nelems=0, elem type=char[])
ARR 5000055d (sz=128, trace=300303, nelems=0, elem type=char[])
OBJ 5000055e (sz=24, trace=300304, class=java.lang.String@50000181)
ARR 5000055f (sz=128, trace=300186, nelems=0, elem type=char[])
OBJ 50000560 (sz=24, trace=300187, class=java.lang.String@50000181)
ARR 50000561 (sz=128, trace=300188, nelems=0, elem type=char[])
OBJ 50000562 (sz=32, trace=300190, class=java.util.HashMap$Node@500000d7)
	key		5000054a
	value		50000559
OBJ 50000563 (sz=24, trace=300279, class=java.lang.StringBuilder@50000134)
ARR 50000564 (sz=48, trace=300280, nelems=0, elem type=char[])
ARR 50000565 (sz=144, trace=300010, nelems=0, elem type=char[])
OBJ 50000566 (sz=24, trace=300281, class=java.lang.String@50000181)
	value		50000567
ARR 50000567 (sz=124, trace=300282, nelems=62, elem type=char[])
OBJ 50000568 (sz=24, trace=300284, class=sun.misc.URLClassPath$3@500004de)
OBJ 50000569 (sz=24, trace=300289, class=java.lang.StringBuilder@50000134)
ARR 5000056a (sz=48, trace=300290, nelems=0, elem type=char[])
OBJ 5000056b (sz=24, trace=300291, class=java.lang.StringBuffer@50000135)
ARR 5000056c (sz=136, trace=300292, nelems=0, elem type=char[])
ARR 5000056d (sz=136, trace=300293, nelems=0, elem type=char[])
OBJ 5000056e (sz=24, trace=300294, class=java.lang.String@50000181)
ARR 5000056f (sz=136, trace=300010, nelems=0, elem type=char[])
ARR 50000570 (sz=264, trace=300010, nelems=0, elem type=char[])
OBJ 50000571 (sz=24, trace=300295, class=java.lang.String@50000181)
	value		50000572
ARR 50000572 (sz=124, trace=300296, nelems=62, elem type=char[])
OBJ 50000573 (sz=64, trace=300297, class=java.net.URL@5000012c)
	protocol	50001c23
	host		5000177a
	file		50000571
	authority	5000177a
	path		50000571
	handler		500004cd
OBJ 50000574 (sz=24, trace=300298, class=java.net.Parts@50000010)
OBJ 50000575 (sz=56, trace=300299, class=sun.misc.URLClassPath$JarLoader@500004e1)
	base		50000573
	csu		5000046f
	metaIndex	500002d6
	handler		500004cd
	lmap		500004c6
OBJ 50000576 (sz=32, trace=300300, class=java.io.File@5000012e)
OBJ 50000577 (sz=24, trace=300301, class=java.lang.StringBuffer@50000135)
ARR 50000578 (sz=128, trace=300302, nelems=0, elem type=char[])
ARR 50000579 (sz=128, trace=300303, nelems=0, elem type=char[])
OBJ 5000057a (sz=24, trace=300304, class=java.lang.String@50000181)
ARR 5000057b (sz=128, trace=300186, nelems=0, elem type=char[])
OBJ 5000057c (sz=24, trace=300187, class=java.lang.String@50000181)
ARR 5000057d (sz=128, trace=300188, nelems=0, elem type=char[])
OBJ 5000057e (sz=32, trace=300190, class=java.util.HashMap$Node@500000d7)
	key		50000566
	value		50000575
OBJ 5000057f (sz=24, trace=300279, class=java.lang.StringBuilder@50000134)
ARR 50000580 (sz=48, trace=300280, nelems=0, elem type=char[])
ARR 50000581 (sz=152, trace=300010, nelems=0, elem type=char[])
OBJ 50000582 (sz=24, trace=300281, class=java.lang.String@50000181)
	value		50000583
ARR 50000583 (sz=134, trace=300282, nelems=67, elem type=char[])
OBJ 50000584 (sz=24, trace=300284, class=sun.misc.URLClassPath$3@500004de)
OBJ 50000585 (sz=24, trace=300289, class=java.lang.StringBuilder@50000134)
ARR 50000586 (sz=48, trace=300290, nelems=0, elem type=char[])
OBJ 50000587 (sz=24, trace=300291, class=java.lang.StringBuffer@50000135)
ARR 50000588 (sz=152, trace=300292, nelems=0, elem type=char[])
ARR 50000589 (sz=152, trace=300293, nelems=0, elem type=char[])
OBJ 5000058a (sz=24, trace=300294, class=java.lang.String@50000181)
ARR 5000058b (sz=152, trace=300010, nelems=0, elem type=char[])
ARR 5000058c (sz=280, trace=300010, nelems=0, elem type=char[])
OBJ 5000058d (sz=24, trace=300295, class=java.lang.String@50000181)
	value		5000058e
ARR 5000058e (sz=134, trace=300296, nelems=67, elem type=char[])
OBJ 5000058f (sz=64, trace=300297, class=java.net.URL@5000012c)
	protocol	50001c23
	host		5000177a
	file		5000058d
	authority	5000177a
	path		5000058d
	handler		500004cd
OBJ 50000590 (sz=24, trace=300298, class=java.net.Parts@50000010)
OBJ 50000591 (sz=56, trace=300299, class=sun.misc.URLClassPath$JarLoader@500004e1)
	base		5000058f
	csu		5000048d
	metaIndex	500002bf
	handler		500004cd
	lmap		500004c6
OBJ 50000592 (sz=32, trace=300300, class=java.io.File@5000012e)
OBJ 50000593 (sz=24, trace=300301, class=java.lang.StringBuffer@50000135)
ARR 50000594 (sz=136, trace=300302, nelems=0, elem type=char[])
ARR 50000595 (sz=136, trace=300303, nelems=0, elem type=char[])
OBJ 50000596 (sz=24, trace=300304, class=java.lang.String@50000181)
ARR 50000597 (sz=136, trace=300186, nelems=0, elem type=char[])
OBJ 50000598 (sz=24, trace=300187, class=java.lang.String@50000181)
ARR 50000599 (sz=136, trace=300188, nelems=0, elem type=char[])
OBJ 5000059a (sz=32, trace=300190, class=java.util.HashMap$Node@500000d7)
	key		50000582
	value		50000591
OBJ 5000059b (sz=24, trace=300279, class=java.lang.StringBuilder@50000134)
ARR 5000059c (sz=48, trace=300280, nelems=0, elem type=char[])
ARR 5000059d (sz=144, trace=300010, nelems=0, elem type=char[])
OBJ 5000059e (sz=24, trace=300281, class=java.lang.String@50000181)
	value		5000059f
ARR 5000059f (sz=124, trace=300282, nelems=62, elem type=char[])
OBJ 500005a0 (sz=24, trace=300284, class=sun.misc.URLClassPath$3@500004de)
OBJ 500005a1 (sz=24, trace=300289, class=java.lang.StringBuilder@50000134)
ARR 500005a2 (sz=48, trace=300290, nelems=0, elem type=char[])
OBJ 500005a3 (sz=24, trace=300291, class=java.lang.StringBuffer@50000135)
ARR 500005a4 (sz=136, trace=300292, nelems=0, elem type=char[])
ARR 500005a5 (sz=136, trace=300293, nelems=0, elem type=char[])
OBJ 500005a6 (sz=24, trace=300294, class=java.lang.String@50000181)
ARR 500005a7 (sz=136, trace=300010, nelems=0, elem type=char[])
ARR 500005a8 (sz=264, trace=300010, nelems=0, elem type=char[])
OBJ 500005a9 (sz=24, trace=300295, class=java.lang.String@50000181)
	value		500005aa
ARR 500005aa (sz=124, trace=300296, nelems=62, elem type=char[])
OBJ 500005ab (sz=64, trace=300297, class=java.net.URL@5000012c)
	protocol	50001c23
	host		5000177a
	file		500005a9
	authority	5000177a
	path		500005a9
	handler		500004cd
OBJ 500005ac (sz=24, trace=300298, class=java.net.Parts@50000010)
OBJ 500005ad (sz=56, trace=300299, class=sun.misc.URLClassPath$JarLoader@500004e1)
	base		500005ab
	csu		500004ab
	metaIndex	500002ea
	handler		500004cd
	lmap		500004c6
OBJ 500005ae (sz=32, trace=300300, class=java.io.File@5000012e)
OBJ 500005af (sz=24, trace=300301, class=java.lang.StringBuffer@50000135)
ARR 500005b0 (sz=128, trace=300302, nelems=0, elem type=char[])
ARR 500005b1 (sz=128, trace=300303, nelems=0, elem type=char[])
OBJ 500005b2 (sz=24, trace=300304, class=java.lang.String@50000181)
ARR 500005b3 (sz=128, trace=300186, nelems=0, elem type=char[])
OBJ 500005b4 (sz=24, trace=300187, class=java.lang.String@50000181)
ARR 500005b5 (sz=128, trace=300188, nelems=0, elem type=char[])
OBJ 500005b6 (sz=32, trace=300190, class=java.util.HashMap$Node@500000d7)
	key		5000059e
	value		500005ad
OBJ 500005b7 (sz=24, trace=300279, class=java.lang.StringBuilder@50000134)
ARR 500005b8 (sz=48, trace=300280, nelems=0, elem type=char[])
ARR 500005b9 (sz=136, trace=300010, nelems=0, elem type=char[])
OBJ 500005ba (sz=24, trace=300281, class=java.lang.String@50000181)
ARR 500005bb (sz=136, trace=300282, nelems=0, elem type=char[])
OBJ 500005bc (sz=24, trace=300284, class=sun.misc.URLClassPath$3@500004de)
OBJ 500005bd (sz=24, trace=300289, class=java.lang.StringBuilder@50000134)
ARR 500005be (sz=48, trace=300290, nelems=0, elem type=char[])
OBJ 500005bf (sz=24, trace=300291, class=java.lang.StringBuffer@50000135)
ARR 500005c0 (sz=128, trace=300292, nelems=0, elem type=char[])
ARR 500005c1 (sz=128, trace=300293, nelems=0, elem type=char[])
OBJ 500005c2 (sz=24, trace=300294, class=java.lang.String@50000181)
ARR 500005c3 (sz=128, trace=300010, nelems=0, elem type=char[])
ARR 500005c4 (sz=248, trace=300010, nelems=0, elem type=char[])
OBJ 500005c5 (sz=24, trace=300295, class=java.lang.String@50000181)
ARR 500005c6 (sz=136, trace=300296, nelems=0, elem type=char[])
OBJ 500005c7 (sz=64, trace=300297, class=java.net.URL@5000012c)
OBJ 500005c8 (sz=24, trace=300298, class=java.net.Parts@50000010)
OBJ 500005c9 (sz=56, trace=300299, class=sun.misc.URLClassPath$JarLoader@500004e1)
OBJ 500005ca (sz=32, trace=300300, class=java.io.File@5000012e)
OBJ 500005cb (sz=24, trace=300301, class=java.lang.StringBuffer@50000135)
ARR 500005cc (sz=120, trace=300302, nelems=0, elem type=char[])
ARR 500005cd (sz=120, trace=300303, nelems=0, elem type=char[])
OBJ 500005ce (sz=24, trace=300304, class=java.lang.String@50000181)
ARR 500005cf (sz=120, trace=300186, nelems=0, elem type=char[])
OBJ 500005d0 (sz=24, trace=300187, class=java.lang.String@50000181)
ARR 500005d1 (sz=120, trace=300188, nelems=0, elem type=char[])
OBJ 500005d2 (sz=16, trace=300307, class=sun.misc.URLClassPath$JarLoader$1@50000536)
OBJ 500005d3 (sz=24, trace=300309, class=sun.misc.FileURLMapper@50000538)
ARR 500005d4 (sz=120, trace=300310, nelems=0, elem type=char[])
OBJ 500005d5 (sz=24, trace=300311, class=java.lang.String@50000181)
OBJ 500005d6 (sz=32, trace=300312, class=java.io.File@5000012e)
OBJ 500005d7 (sz=24, trace=300313, class=java.lang.StringBuffer@50000135)
ARR 500005d8 (sz=120, trace=300314, nelems=0, elem type=char[])
ARR 500005d9 (sz=120, trace=300315, nelems=0, elem type=char[])
OBJ 500005da (sz=24, trace=300316, class=java.lang.String@50000181)
OBJ 500005db (sz=32, trace=300318, class=java.io.FileNotFoundException@50000542)
OBJ 500005dc (sz=40, trace=300320, class=java.security.PrivilegedActionException@50000544)
OBJ 500005dd (sz=40, trace=300320, class=java.security.PrivilegedActionException@50000544)
OBJ 500005df (sz=16, trace=300322, class=java.net.URLClassLoader$3$1@500005de)
OBJ 500005e0 (sz=24, trace=300279, class=java.lang.StringBuilder@50000134)
ARR 500005e1 (sz=48, trace=300280, nelems=0, elem type=char[])
ARR 500005e2 (sz=176, trace=300010, nelems=0, elem type=char[])
OBJ 500005e3 (sz=24, trace=300281, class=java.lang.String@50000181)
	value		500005e4
ARR 500005e4 (sz=158, trace=300282, nelems=79, elem type=char[])
OBJ 500005e5 (sz=24, trace=300284, class=sun.misc.URLClassPath$3@500004de)
OBJ 500005e6 (sz=24, trace=300289, class=java.lang.StringBuilder@50000134)
ARR 500005e7 (sz=48, trace=300290, nelems=0, elem type=char[])
OBJ 500005e8 (sz=24, trace=300291, class=java.lang.StringBuffer@50000135)
ARR 500005e9 (sz=176, trace=300292, nelems=0, elem type=char[])
ARR 500005ea (sz=176, trace=300293, nelems=0, elem type=char[])
OBJ 500005eb (sz=24, trace=300294, class=java.lang.String@50000181)
ARR 500005ec (sz=176, trace=300010, nelems=0, elem type=char[])
ARR 500005ed (sz=328, trace=300010, nelems=0, elem type=char[])
OBJ 500005ee (sz=24, trace=300295, class=java.lang.String@50000181)
	value		500005ef
ARR 500005ef (sz=158, trace=300296, nelems=79, elem type=char[])
OBJ 500005f0 (sz=64, trace=300297, class=java.net.URL@5000012c)
	protocol	50001c23
	host		5000177a
	file		500005ee
	authority	5000177a
	path		500005ee
	handler		5000345b
OBJ 500005f1 (sz=24, trace=300298, class=java.net.Parts@50000010)
OBJ 500005f2 (sz=56, trace=300299, class=sun.misc.URLClassPath$JarLoader@500004e1)
	base		500005f0
	csu		50003461
	metaIndex	50002ec9
	handler		5000345b
	lmap		5000345c
	acc		500018fc
OBJ 500005f3 (sz=32, trace=300300, class=java.io.File@5000012e)
OBJ 500005f4 (sz=24, trace=300301, class=java.lang.StringBuffer@50000135)
ARR 500005f5 (sz=160, trace=300302, nelems=0, elem type=char[])
ARR 500005f6 (sz=160, trace=300303, nelems=0, elem type=char[])
OBJ 500005f7 (sz=24, trace=300304, class=java.lang.String@50000181)
ARR 500005f8 (sz=160, trace=300186, nelems=0, elem type=char[])
OBJ 500005f9 (sz=24, trace=300187, class=java.lang.String@50000181)
ARR 500005fa (sz=160, trace=300188, nelems=0, elem type=char[])
ARR 500005fb (sz=56, trace=300214, nelems=0, elem type=java.lang.Object[]@5000011b)
ARR 500005fc (sz=80, trace=300305, nelems=14, elem type=java.util.HashMap$Node[]@500000d5)
	[1]		50000651
	[4]		50000689
	[5]		500006a5
	[6]		500005fd
	[7]		500006dd
	[9]		500006f9
	[11]		50000635
	[12]		50000732
	[13]		50000619
OBJ 500005fd (sz=32, trace=300190, class=java.util.HashMap$Node@500000d7)
	key		500005e3
	value		500005f2
OBJ 500005fe (sz=24, trace=300279, class=java.lang.StringBuilder@50000134)
ARR 500005ff (sz=48, trace=300280, nelems=0, elem type=char[])
ARR 50000600 (sz=160, trace=300010, nelems=0, elem type=char[])
OBJ 50000601 (sz=24, trace=300281, class=java.lang.String@50000181)
	value		50000602
ARR 50000602 (sz=142, trace=300282, nelems=71, elem type=char[])
OBJ 50000603 (sz=24, trace=300284, class=sun.misc.URLClassPath$3@500004de)
OBJ 50000604 (sz=24, trace=300289, class=java.lang.StringBuilder@50000134)
ARR 50000605 (sz=48, trace=300290, nelems=0, elem type=char[])
OBJ 50000606 (sz=24, trace=300291, class=java.lang.StringBuffer@50000135)
ARR 50000607 (sz=160, trace=300292, nelems=0, elem type=char[])
ARR 50000608 (sz=160, trace=300293, nelems=0, elem type=char[])
OBJ 50000609 (sz=24, trace=300294, class=java.lang.String@50000181)
ARR 5000060a (sz=160, trace=300010, nelems=0, elem type=char[])
ARR 5000060b (sz=296, trace=300010, nelems=0, elem type=char[])
OBJ 5000060c (sz=24, trace=300295, class=java.lang.String@50000181)
	value		5000060d
ARR 5000060d (sz=142, trace=300296, nelems=71, elem type=char[])
OBJ 5000060e (sz=64, trace=300297, class=java.net.URL@5000012c)
	protocol	50001c23
	host		5000177a
	file		5000060c
	authority	5000177a
	path		5000060c
	handler		5000345b
OBJ 5000060f (sz=24, trace=300298, class=java.net.Parts@50000010)
OBJ 50000610 (sz=56, trace=300299, class=sun.misc.URLClassPath$JarLoader@500004e1)
	base		5000060e
	jar		50000baf
	csu		50003462
	metaIndex	50002ed8
	handler		5000345b
	lmap		5000345c
	acc		500018fc
OBJ 50000611 (sz=32, trace=300300, class=java.io.File@5000012e)
OBJ 50000612 (sz=24, trace=300301, class=java.lang.StringBuffer@50000135)
ARR 50000613 (sz=144, trace=300302, nelems=0, elem type=char[])
ARR 50000614 (sz=144, trace=300303, nelems=0, elem type=char[])
OBJ 50000615 (sz=24, trace=300304, class=java.lang.String@50000181)
ARR 50000616 (sz=144, trace=300186, nelems=0, elem type=char[])
OBJ 50000617 (sz=24, trace=300187, class=java.lang.String@50000181)
ARR 50000618 (sz=144, trace=300188, nelems=0, elem type=char[])
OBJ 50000619 (sz=32, trace=300190, class=java.util.HashMap$Node@500000d7)
	key		50000601
	value		50000610
	next		5000066d
OBJ 5000061a (sz=24, trace=300279, class=java.lang.StringBuilder@50000134)
ARR 5000061b (sz=48, trace=300280, nelems=0, elem type=char[])
ARR 5000061c (sz=152, trace=300010, nelems=0, elem type=char[])
OBJ 5000061d (sz=24, trace=300281, class=java.lang.String@50000181)
	value		5000061e
ARR 5000061e (sz=136, trace=300282, nelems=68, elem type=char[])
OBJ 5000061f (sz=24, trace=300284, class=sun.misc.URLClassPath$3@500004de)
OBJ 50000620 (sz=24, trace=300289, class=java.lang.StringBuilder@50000134)
ARR 50000621 (sz=48, trace=300290, nelems=0, elem type=char[])
OBJ 50000622 (sz=24, trace=300291, class=java.lang.StringBuffer@50000135)
ARR 50000623 (sz=152, trace=300292, nelems=0, elem type=char[])
ARR 50000624 (sz=152, trace=300293, nelems=0, elem type=char[])
OBJ 50000625 (sz=24, trace=300294, class=java.lang.String@50000181)
ARR 50000626 (sz=152, trace=300010, nelems=0, elem type=char[])
ARR 50000627 (sz=288, trace=300010, nelems=0, elem type=char[])
OBJ 50000628 (sz=24, trace=300295, class=java.lang.String@50000181)
	value		50000629
ARR 50000629 (sz=136, trace=300296, nelems=68, elem type=char[])
OBJ 5000062a (sz=64, trace=300297, class=java.net.URL@5000012c)
	protocol	50001c23
	host		5000177a
	file		50000628
	authority	5000177a
	path		50000628
	handler		5000345b
OBJ 5000062b (sz=24, trace=300298, class=java.net.Parts@50000010)
OBJ 5000062c (sz=56, trace=300299, class=sun.misc.URLClassPath$JarLoader@500004e1)
	base		5000062a
	csu		50003463
	metaIndex	50002f6c
	handler		5000345b
	lmap		5000345c
	acc		500018fc
OBJ 5000062d (sz=32, trace=300300, class=java.io.File@5000012e)
OBJ 5000062e (sz=24, trace=300301, class=java.lang.StringBuffer@50000135)
ARR 5000062f (sz=144, trace=300302, nelems=0, elem type=char[])
ARR 50000630 (sz=136, trace=300303, nelems=0, elem type=char[])
OBJ 50000631 (sz=24, trace=300304, class=java.lang.String@50000181)
ARR 50000632 (sz=136, trace=300186, nelems=0, elem type=char[])
OBJ 50000633 (sz=24, trace=300187, class=java.lang.String@50000181)
ARR 50000634 (sz=136, trace=300188, nelems=0, elem type=char[])
OBJ 50000635 (sz=32, trace=300190, class=java.util.HashMap$Node@500000d7)
	key		5000061d
	value		5000062c
OBJ 50000636 (sz=24, trace=300279, class=java.lang.StringBuilder@50000134)
ARR 50000637 (sz=48, trace=300280, nelems=0, elem type=char[])
ARR 50000638 (sz=160, trace=300010, nelems=0, elem type=char[])
OBJ 50000639 (sz=24, trace=300281, class=java.lang.String@50000181)
	value		5000063a
ARR 5000063a (sz=140, trace=300282, nelems=70, elem type=char[])
OBJ 5000063b (sz=24, trace=300284, class=sun.misc.URLClassPath$3@500004de)
OBJ 5000063c (sz=24, trace=300289, class=java.lang.StringBuilder@50000134)
ARR 5000063d (sz=48, trace=300290, nelems=0, elem type=char[])
OBJ 5000063e (sz=24, trace=300291, class=java.lang.StringBuffer@50000135)
ARR 5000063f (sz=152, trace=300292, nelems=0, elem type=char[])
ARR 50000640 (sz=152, trace=300293, nelems=0, elem type=char[])
OBJ 50000641 (sz=24, trace=300294, class=java.lang.String@50000181)
ARR 50000642 (sz=152, trace=300010, nelems=0, elem type=char[])
ARR 50000643 (sz=296, trace=300010, nelems=0, elem type=char[])
OBJ 50000644 (sz=24, trace=300295, class=java.lang.String@50000181)
	value		50000645
ARR 50000645 (sz=140, trace=300296, nelems=70, elem type=char[])
OBJ 50000646 (sz=64, trace=300297, class=java.net.URL@5000012c)
	protocol	50001c23
	host		5000177a
	file		50000644
	authority	5000177a
	path		50000644
	handler		5000345b
OBJ 50000647 (sz=24, trace=300298, class=java.net.Parts@50000010)
OBJ 50000648 (sz=56, trace=300299, class=sun.misc.URLClassPath$JarLoader@500004e1)
	base		50000646
	csu		50003464
	metaIndex	50002ed0
	handler		5000345b
	lmap		5000345c
	acc		500018fc
OBJ 50000649 (sz=32, trace=300300, class=java.io.File@5000012e)
OBJ 5000064a (sz=24, trace=300301, class=java.lang.StringBuffer@50000135)
ARR 5000064b (sz=144, trace=300302, nelems=0, elem type=char[])
ARR 5000064c (sz=144, trace=300303, nelems=0, elem type=char[])
OBJ 5000064d (sz=24, trace=300304, class=java.lang.String@50000181)
ARR 5000064e (sz=144, trace=300186, nelems=0, elem type=char[])
OBJ 5000064f (sz=24, trace=300187, class=java.lang.String@50000181)
ARR 50000650 (sz=144, trace=300188, nelems=0, elem type=char[])
OBJ 50000651 (sz=32, trace=300190, class=java.util.HashMap$Node@500000d7)
	key		50000639
	value		50000648
OBJ 50000652 (sz=24, trace=300279, class=java.lang.StringBuilder@50000134)
ARR 50000653 (sz=48, trace=300280, nelems=0, elem type=char[])
ARR 50000654 (sz=152, trace=300010, nelems=0, elem type=char[])
OBJ 50000655 (sz=24, trace=300281, class=java.lang.String@50000181)
	value		50000656
ARR 50000656 (sz=136, trace=300282, nelems=68, elem type=char[])
OBJ 50000657 (sz=24, trace=300284, class=sun.misc.URLClassPath$3@500004de)
OBJ 50000658 (sz=24, trace=300289, class=java.lang.StringBuilder@50000134)
ARR 50000659 (sz=48, trace=300290, nelems=0, elem type=char[])
OBJ 5000065a (sz=24, trace=300291, class=java.lang.StringBuffer@50000135)
ARR 5000065b (sz=152, trace=300292, nelems=0, elem type=char[])
ARR 5000065c (sz=152, trace=300293, nelems=0, elem type=char[])
OBJ 5000065d (sz=24, trace=300294, class=java.lang.String@50000181)
ARR 5000065e (sz=152, trace=300010, nelems=0, elem type=char[])
ARR 5000065f (sz=288, trace=300010, nelems=0, elem type=char[])
OBJ 50000660 (sz=24, trace=300295, class=java.lang.String@50000181)
	value		50000661
ARR 50000661 (sz=136, trace=300296, nelems=68, elem type=char[])
OBJ 50000662 (sz=64, trace=300297, class=java.net.URL@5000012c)
	protocol	50001c23
	host		5000177a
	file		50000660
	authority	5000177a
	path		50000660
	handler		5000345b
OBJ 50000663 (sz=24, trace=300298, class=java.net.Parts@50000010)
OBJ 50000664 (sz=56, trace=300299, class=sun.misc.URLClassPath$JarLoader@500004e1)
	base		50000662
	csu		50003465
	metaIndex	50002f26
	handler		5000345b
	lmap		5000345c
	acc		500018fc
OBJ 50000665 (sz=32, trace=300300, class=java.io.File@5000012e)
OBJ 50000666 (sz=24, trace=300301, class=java.lang.StringBuffer@50000135)
ARR 50000667 (sz=144, trace=300302, nelems=0, elem type=char[])
ARR 50000668 (sz=136, trace=300303, nelems=0, elem type=char[])
OBJ 50000669 (sz=24, trace=300304, class=java.lang.String@50000181)
ARR 5000066a (sz=136, trace=300186, nelems=0, elem type=char[])
OBJ 5000066b (sz=24, trace=300187, class=java.lang.String@50000181)
ARR 5000066c (sz=136, trace=300188, nelems=0, elem type=char[])
OBJ 5000066d (sz=32, trace=300229, class=java.util.HashMap$Node@500000d7)
	key		50000655
	value		50000664
	next		50000716
OBJ 5000066e (sz=24, trace=300279, class=java.lang.StringBuilder@50000134)
ARR 5000066f (sz=48, trace=300280, nelems=0, elem type=char[])
ARR 50000670 (sz=168, trace=300010, nelems=0, elem type=char[])
OBJ 50000671 (sz=24, trace=300281, class=java.lang.String@50000181)
	value		50000672
ARR 50000672 (sz=146, trace=300282, nelems=73, elem type=char[])
OBJ 50000673 (sz=24, trace=300284, class=sun.misc.URLClassPath$3@500004de)
OBJ 50000674 (sz=24, trace=300289, class=java.lang.StringBuilder@50000134)
ARR 50000675 (sz=48, trace=300290, nelems=0, elem type=char[])
OBJ 50000676 (sz=24, trace=300291, class=java.lang.StringBuffer@50000135)
ARR 50000677 (sz=160, trace=300292, nelems=0, elem type=char[])
ARR 50000678 (sz=160, trace=300293, nelems=0, elem type=char[])
OBJ 50000679 (sz=24, trace=300294, class=java.lang.String@50000181)
ARR 5000067a (sz=160, trace=300010, nelems=0, elem type=char[])
ARR 5000067b (sz=304, trace=300010, nelems=0, elem type=char[])
OBJ 5000067c (sz=24, trace=300295, class=java.lang.String@50000181)
	value		5000067d
ARR 5000067d (sz=146, trace=300296, nelems=73, elem type=char[])
OBJ 5000067e (sz=64, trace=300297, class=java.net.URL@5000012c)
	protocol	50001c23
	host		5000177a
	file		5000067c
	authority	5000177a
	path		5000067c
	handler		5000345b
OBJ 5000067f (sz=24, trace=300298, class=java.net.Parts@50000010)
OBJ 50000680 (sz=56, trace=300299, class=sun.misc.URLClassPath$JarLoader@500004e1)
	base		5000067e
	jar		50000c01
	csu		5000324c
	metaIndex	50002f63
	handler		5000345b
	lmap		5000345c
	acc		500018fc
OBJ 50000681 (sz=32, trace=300300, class=java.io.File@5000012e)
OBJ 50000682 (sz=24, trace=300301, class=java.lang.StringBuffer@50000135)
ARR 50000683 (sz=152, trace=300302, nelems=0, elem type=char[])
ARR 50000684 (sz=152, trace=300303, nelems=0, elem type=char[])
OBJ 50000685 (sz=24, trace=300304, class=java.lang.String@50000181)
ARR 50000686 (sz=152, trace=300186, nelems=0, elem type=char[])
OBJ 50000687 (sz=24, trace=300187, class=java.lang.String@50000181)
ARR 50000688 (sz=152, trace=300188, nelems=0, elem type=char[])
OBJ 50000689 (sz=32, trace=300190, class=java.util.HashMap$Node@500000d7)
	key		50000671
	value		50000680
	next		500006c1
OBJ 5000068a (sz=24, trace=300279, class=java.lang.StringBuilder@50000134)
ARR 5000068b (sz=48, trace=300280, nelems=0, elem type=char[])
ARR 5000068c (sz=160, trace=300010, nelems=0, elem type=char[])
OBJ 5000068d (sz=24, trace=300281, class=java.lang.String@50000181)
	value		5000068e
ARR 5000068e (sz=140, trace=300282, nelems=70, elem type=char[])
OBJ 5000068f (sz=24, trace=300284, class=sun.misc.URLClassPath$3@500004de)
OBJ 50000690 (sz=24, trace=300289, class=java.lang.StringBuilder@50000134)
ARR 50000691 (sz=48, trace=300290, nelems=0, elem type=char[])
OBJ 50000692 (sz=24, trace=300291, class=java.lang.StringBuffer@50000135)
ARR 50000693 (sz=152, trace=300292, nelems=0, elem type=char[])
ARR 50000694 (sz=152, trace=300293, nelems=0, elem type=char[])
OBJ 50000695 (sz=24, trace=300294, class=java.lang.String@50000181)
ARR 50000696 (sz=152, trace=300010, nelems=0, elem type=char[])
ARR 50000697 (sz=296, trace=300010, nelems=0, elem type=char[])
OBJ 50000698 (sz=24, trace=300295, class=java.lang.String@50000181)
	value		50000699
ARR 50000699 (sz=140, trace=300296, nelems=70, elem type=char[])
OBJ 5000069a (sz=64, trace=300297, class=java.net.URL@5000012c)
	protocol	50001c23
	host		5000177a
	file		50000698
	authority	5000177a
	path		50000698
	handler		5000345b
OBJ 5000069b (sz=24, trace=300298, class=java.net.Parts@50000010)
OBJ 5000069c (sz=56, trace=300299, class=sun.misc.URLClassPath$JarLoader@500004e1)
	base		5000069a
	csu		50003466
	metaIndex	50002f0f
	handler		5000345b
	lmap		5000345c
	acc		500018fc
OBJ 5000069d (sz=32, trace=300300, class=java.io.File@5000012e)
OBJ 5000069e (sz=24, trace=300301, class=java.lang.StringBuffer@50000135)
ARR 5000069f (sz=144, trace=300302, nelems=0, elem type=char[])
ARR 500006a0 (sz=144, trace=300303, nelems=0, elem type=char[])
OBJ 500006a1 (sz=24, trace=300304, class=java.lang.String@50000181)
ARR 500006a2 (sz=144, trace=300186, nelems=0, elem type=char[])
OBJ 500006a3 (sz=24, trace=300187, class=java.lang.String@50000181)
ARR 500006a4 (sz=144, trace=300188, nelems=0, elem type=char[])
OBJ 500006a5 (sz=32, trace=300190, class=java.util.HashMap$Node@500000d7)
	key		5000068d
	value		5000069c
OBJ 500006a6 (sz=24, trace=300279, class=java.lang.StringBuilder@50000134)
ARR 500006a7 (sz=48, trace=300280, nelems=0, elem type=char[])
ARR 500006a8 (sz=152, trace=300010, nelems=0, elem type=char[])
OBJ 500006a9 (sz=24, trace=300281, class=java.lang.String@50000181)
	value		500006aa
ARR 500006aa (sz=136, trace=300282, nelems=68, elem type=char[])
OBJ 500006ab (sz=24, trace=300284, class=sun.misc.URLClassPath$3@500004de)
OBJ 500006ac (sz=24, trace=300289, class=java.lang.StringBuilder@50000134)
ARR 500006ad (sz=48, trace=300290, nelems=0, elem type=char[])
OBJ 500006ae (sz=24, trace=300291, class=java.lang.StringBuffer@50000135)
ARR 500006af (sz=152, trace=300292, nelems=0, elem type=char[])
ARR 500006b0 (sz=152, trace=300293, nelems=0, elem type=char[])
OBJ 500006b1 (sz=24, trace=300294, class=java.lang.String@50000181)
ARR 500006b2 (sz=152, trace=300010, nelems=0, elem type=char[])
ARR 500006b3 (sz=288, trace=300010, nelems=0, elem type=char[])
OBJ 500006b4 (sz=24, trace=300295, class=java.lang.String@50000181)
	value		500006b5
ARR 500006b5 (sz=136, trace=300296, nelems=68, elem type=char[])
OBJ 500006b6 (sz=64, trace=300297, class=java.net.URL@5000012c)
	protocol	50001c23
	host		5000177a
	file		500006b4
	authority	5000177a
	path		500006b4
	handler		5000345b
OBJ 500006b7 (sz=24, trace=300298, class=java.net.Parts@50000010)
OBJ 500006b8 (sz=56, trace=300299, class=sun.misc.URLClassPath$JarLoader@500004e1)
	base		500006b6
	csu		50003467
	metaIndex	50002f03
	handler		5000345b
	lmap		5000345c
	acc		500018fc
OBJ 500006b9 (sz=32, trace=300300, class=java.io.File@5000012e)
OBJ 500006ba (sz=24, trace=300301, class=java.lang.StringBuffer@50000135)
ARR 500006bb (sz=144, trace=300302, nelems=0, elem type=char[])
ARR 500006bc (sz=136, trace=300303, nelems=0, elem type=char[])
OBJ 500006bd (sz=24, trace=300304, class=java.lang.String@50000181)
ARR 500006be (sz=136, trace=300186, nelems=0, elem type=char[])
OBJ 500006bf (sz=24, trace=300187, class=java.lang.String@50000181)
ARR 500006c0 (sz=136, trace=300188, nelems=0, elem type=char[])
OBJ 500006c1 (sz=32, trace=300229, class=java.util.HashMap$Node@500000d7)
	key		500006a9
	value		500006b8
OBJ 500006c2 (sz=24, trace=300279, class=java.lang.StringBuilder@50000134)
ARR 500006c3 (sz=48, trace=300280, nelems=0, elem type=char[])
ARR 500006c4 (sz=176, trace=300010, nelems=0, elem type=char[])
OBJ 500006c5 (sz=24, trace=300281, class=java.lang.String@50000181)
	value		500006c6
ARR 500006c6 (sz=156, trace=300282, nelems=78, elem type=char[])
OBJ 500006c7 (sz=24, trace=300284, class=sun.misc.URLClassPath$3@500004de)
OBJ 500006c8 (sz=24, trace=300289, class=java.lang.StringBuilder@50000134)
ARR 500006c9 (sz=48, trace=300290, nelems=0, elem type=char[])
OBJ 500006ca (sz=24, trace=300291, class=java.lang.StringBuffer@50000135)
ARR 500006cb (sz=168, trace=300292, nelems=0, elem type=char[])
ARR 500006cc (sz=168, trace=300293, nelems=0, elem type=char[])
OBJ 500006cd (sz=24, trace=300294, class=java.lang.String@50000181)
ARR 500006ce (sz=168, trace=300010, nelems=0, elem type=char[])
ARR 500006cf (sz=328, trace=300010, nelems=0, elem type=char[])
OBJ 500006d0 (sz=24, trace=300295, class=java.lang.String@50000181)
	value		500006d1
ARR 500006d1 (sz=156, trace=300296, nelems=78, elem type=char[])
OBJ 500006d2 (sz=64, trace=300297, class=java.net.URL@5000012c)
	protocol	50001c23
	host		5000177a
	file		500006d0
	authority	5000177a
	path		500006d0
	handler		5000345b
OBJ 500006d3 (sz=24, trace=300298, class=java.net.Parts@50000010)
OBJ 500006d4 (sz=56, trace=300299, class=sun.misc.URLClassPath$JarLoader@500004e1)
	base		500006d2
	csu		50003468
	metaIndex	50002ef7
	handler		5000345b
	lmap		5000345c
	acc		500018fc
OBJ 500006d5 (sz=32, trace=300300, class=java.io.File@5000012e)
OBJ 500006d6 (sz=24, trace=300301, class=java.lang.StringBuffer@50000135)
ARR 500006d7 (sz=160, trace=300302, nelems=0, elem type=char[])
ARR 500006d8 (sz=160, trace=300303, nelems=0, elem type=char[])
OBJ 500006d9 (sz=24, trace=300304, class=java.lang.String@50000181)
ARR 500006da (sz=160, trace=300186, nelems=0, elem type=char[])
OBJ 500006db (sz=24, trace=300187, class=java.lang.String@50000181)
ARR 500006dc (sz=160, trace=300188, nelems=0, elem type=char[])
OBJ 500006dd (sz=32, trace=300190, class=java.util.HashMap$Node@500000d7)
	key		500006c5
	value		500006d4
OBJ 500006de (sz=24, trace=300279, class=java.lang.StringBuilder@50000134)
ARR 500006df (sz=48, trace=300280, nelems=0, elem type=char[])
ARR 500006e0 (sz=160, trace=300010, nelems=0, elem type=char[])
OBJ 500006e1 (sz=24, trace=300281, class=java.lang.String@50000181)
	value		500006e2
ARR 500006e2 (sz=144, trace=300282, nelems=72, elem type=char[])
OBJ 500006e3 (sz=24, trace=300284, class=sun.misc.URLClassPath$3@500004de)
OBJ 500006e4 (sz=24, trace=300289, class=java.lang.StringBuilder@50000134)
ARR 500006e5 (sz=48, trace=300290, nelems=0, elem type=char[])
OBJ 500006e6 (sz=24, trace=300291, class=java.lang.StringBuffer@50000135)
ARR 500006e7 (sz=160, trace=300292, nelems=0, elem type=char[])
ARR 500006e8 (sz=160, trace=300293, nelems=0, elem type=char[])
OBJ 500006e9 (sz=24, trace=300294, class=java.lang.String@50000181)
ARR 500006ea (sz=160, trace=300010, nelems=0, elem type=char[])
ARR 500006eb (sz=304, trace=300010, nelems=0, elem type=char[])
OBJ 500006ec (sz=24, trace=300295, class=java.lang.String@50000181)
	value		500006ed
ARR 500006ed (sz=144, trace=300296, nelems=72, elem type=char[])
OBJ 500006ee (sz=64, trace=300297, class=java.net.URL@5000012c)
	protocol	50001c23
	host		5000177a
	file		500006ec
	authority	5000177a
	path		500006ec
	handler		5000345b
OBJ 500006ef (sz=24, trace=300298, class=java.net.Parts@50000010)
OBJ 500006f0 (sz=56, trace=300299, class=sun.misc.URLClassPath$JarLoader@500004e1)
	base		500006ee
	csu		50003469
	metaIndex	50002eec
	handler		5000345b
	lmap		5000345c
	acc		500018fc
OBJ 500006f1 (sz=32, trace=300300, class=java.io.File@5000012e)
OBJ 500006f2 (sz=24, trace=300301, class=java.lang.StringBuffer@50000135)
ARR 500006f3 (sz=152, trace=300302, nelems=0, elem type=char[])
ARR 500006f4 (sz=144, trace=300303, nelems=0, elem type=char[])
OBJ 500006f5 (sz=24, trace=300304, class=java.lang.String@50000181)
ARR 500006f6 (sz=144, trace=300186, nelems=0, elem type=char[])
OBJ 500006f7 (sz=24, trace=300187, class=java.lang.String@50000181)
ARR 500006f8 (sz=144, trace=300188, nelems=0, elem type=char[])
OBJ 500006f9 (sz=32, trace=300190, class=java.util.HashMap$Node@500000d7)
	key		500006e1
	value		500006f0
OBJ 500006fa (sz=24, trace=300279, class=java.lang.StringBuilder@50000134)
ARR 500006fb (sz=48, trace=300280, nelems=0, elem type=char[])
ARR 500006fc (sz=160, trace=300010, nelems=0, elem type=char[])
OBJ 500006fd (sz=24, trace=300281, class=java.lang.String@50000181)
	value		500006fe
ARR 500006fe (sz=144, trace=300282, nelems=72, elem type=char[])
OBJ 500006ff (sz=24, trace=300284, class=sun.misc.URLClassPath$3@500004de)
OBJ 50000700 (sz=24, trace=300289, class=java.lang.StringBuilder@50000134)
ARR 50000701 (sz=48, trace=300290, nelems=0, elem type=char[])
OBJ 50000702 (sz=24, trace=300291, class=java.lang.StringBuffer@50000135)
ARR 50000703 (sz=160, trace=300292, nelems=0, elem type=char[])
ARR 50000704 (sz=160, trace=300293, nelems=0, elem type=char[])
OBJ 50000705 (sz=24, trace=300294, class=java.lang.String@50000181)
ARR 50000706 (sz=160, trace=300010, nelems=0, elem type=char[])
ARR 50000707 (sz=304, trace=300010, nelems=0, elem type=char[])
OBJ 50000708 (sz=24, trace=300295, class=java.lang.String@50000181)
	value		50000709
ARR 50000709 (sz=144, trace=300296, nelems=72, elem type=char[])
OBJ 5000070a (sz=64, trace=300297, class=java.net.URL@5000012c)
	protocol	50001c23
	host		5000177a
	file		50000708
	authority	5000177a
	path		50000708
	handler		5000345b
OBJ 5000070b (sz=24, trace=300298, class=java.net.Parts@50000010)
OBJ 5000070c (sz=56, trace=300299, class=sun.misc.URLClassPath$JarLoader@500004e1)
	base		5000070a
	csu		5000346a
	metaIndex	50002ee1
	handler		5000345b
	lmap		5000345c
	acc		500018fc
OBJ 5000070d (sz=32, trace=300300, class=java.io.File@5000012e)
OBJ 5000070e (sz=24, trace=300301, class=java.lang.StringBuffer@50000135)
ARR 5000070f (sz=152, trace=300302, nelems=0, elem type=char[])
ARR 50000710 (sz=144, trace=300303, nelems=0, elem type=char[])
OBJ 50000711 (sz=24, trace=300304, class=java.lang.String@50000181)
ARR 50000712 (sz=144, trace=300186, nelems=0, elem type=char[])
OBJ 50000713 (sz=24, trace=300187, class=java.lang.String@50000181)
ARR 50000714 (sz=144, trace=300188, nelems=0, elem type=char[])
ARR 50000715 (sz=80, trace=300214, nelems=12, elem type=java.lang.Object[]@5000011b)
	[0]		500005f2
	[1]		50000610
	[2]		5000062c
	[3]		50000648
	[4]		50000664
	[5]		50000680
	[6]		5000069c
	[7]		500006b8
	[8]		500006d4
	[9]		500006f0
	[10]		5000070c
	[11]		50000729
OBJ 50000716 (sz=32, trace=300229, class=java.util.HashMap$Node@500000d7)
	key		500006fd
	value		5000070c
OBJ 50000717 (sz=24, trace=300279, class=java.lang.StringBuilder@50000134)
ARR 50000718 (sz=48, trace=300280, nelems=0, elem type=char[])
ARR 50000719 (sz=152, trace=300010, nelems=0, elem type=char[])
OBJ 5000071a (sz=24, trace=300281, class=java.lang.String@50000181)
	value		5000071b
ARR 5000071b (sz=136, trace=300282, nelems=68, elem type=char[])
OBJ 5000071c (sz=24, trace=300284, class=sun.misc.URLClassPath$3@500004de)
OBJ 5000071d (sz=24, trace=300289, class=java.lang.StringBuilder@50000134)
ARR 5000071e (sz=48, trace=300290, nelems=0, elem type=char[])
OBJ 5000071f (sz=24, trace=300291, class=java.lang.StringBuffer@50000135)
ARR 50000720 (sz=152, trace=300292, nelems=0, elem type=char[])
ARR 50000721 (sz=152, trace=300293, nelems=0, elem type=char[])
OBJ 50000722 (sz=24, trace=300294, class=java.lang.String@50000181)
ARR 50000723 (sz=152, trace=300010, nelems=0, elem type=char[])
ARR 50000724 (sz=288, trace=300010, nelems=0, elem type=char[])
OBJ 50000725 (sz=24, trace=300295, class=java.lang.String@50000181)
	value		50000726
ARR 50000726 (sz=136, trace=300296, nelems=68, elem type=char[])
OBJ 50000727 (sz=64, trace=300297, class=java.net.URL@5000012c)
	protocol	50001c23
	host		5000177a
	file		50000725
	authority	5000177a
	path		50000725
	handler		5000345b
OBJ 50000728 (sz=24, trace=300298, class=java.net.Parts@50000010)
OBJ 50000729 (sz=56, trace=300299, class=sun.misc.URLClassPath$JarLoader@500004e1)
	base		50000727
	csu		5000346b
	metaIndex	50002f1d
	handler		5000345b
	lmap		5000345c
	acc		500018fc
OBJ 5000072a (sz=32, trace=300300, class=java.io.File@5000012e)
OBJ 5000072b (sz=24, trace=300301, class=java.lang.StringBuffer@50000135)
ARR 5000072c (sz=144, trace=300302, nelems=0, elem type=char[])
ARR 5000072d (sz=136, trace=300303, nelems=0, elem type=char[])
OBJ 5000072e (sz=24, trace=300304, class=java.lang.String@50000181)
ARR 5000072f (sz=136, trace=300186, nelems=0, elem type=char[])
OBJ 50000730 (sz=24, trace=300187, class=java.lang.String@50000181)
ARR 50000731 (sz=136, trace=300188, nelems=0, elem type=char[])
OBJ 50000732 (sz=32, trace=300190, class=java.util.HashMap$Node@500000d7)
	key		5000071a
	value		50000729
OBJ 50000735 (sz=16, trace=300325, class=java.util.ResourceBundle$RBClassLoader$1@50000734)
OBJ 50000736 (sz=72, trace=300326, class=java.util.ResourceBundle$RBClassLoader@50000733)
	parent		5000164a
	package2certs	50000740
	classes		50000737
	defaultDomain	5000073a
	domains		50000742
	packages	5000073d
	nativeLibraries	5000073e
	assertionLock	50000736
OBJ 50000737 (sz=32, trace=300259, class=java.util.Vector@500000f6)
	elementData	50000738
ARR 50000738 (sz=56, trace=300327, nelems=0, elem type=java.lang.Object[]@5000011b)
OBJ 50000739 (sz=32, trace=300328, class=java.security.CodeSource@50000127)
OBJ 5000073a (sz=40, trace=300329, class=java.security.ProtectionDomain@50000173)
	codesource	50000739
	classloader	50000736
	principals	5000073c
	key		5000073b
OBJ 5000073b (sz=16, trace=300330, class=java.security.ProtectionDomain$Key@50000008)
	this$0		5000073a
ARR 5000073c (sz=16, trace=300331, nelems=0, elem type=java.security.Principal[]@50000006)
OBJ 5000073d (sz=48, trace=300332, class=java.util.HashMap@500000d9)
OBJ 5000073e (sz=32, trace=300259, class=java.util.Vector@500000f6)
	elementData	5000073f
ARR 5000073f (sz=56, trace=300333, nelems=0, elem type=java.lang.Object[]@5000011b)
OBJ 50000740 (sz=48, trace=300334, class=java.util.Hashtable@50000158)
	table		50000741
ARR 50000741 (sz=64, trace=300335, nelems=0, elem type=java.util.Hashtable$Entry[]@500000d2)
OBJ 50000742 (sz=16, trace=300336, class=java.util.HashSet@50000005)
	map		50000743
OBJ 50000743 (sz=48, trace=300337, class=java.util.HashMap@500000d9)
ARR 50000745 (sz=24, trace=300339, nelems=2, elem type=java.lang.String[]@500000db)
	[0]		50001bf2
	[1]		50003453
OBJ 50000747 (sz=24, trace=300341, class=java.util.Arrays$ArrayList@50000746)
	a		50000745
OBJ 50000748 (sz=24, trace=300342, class=java.util.Collections$UnmodifiableRandomAccessList@500000e6)
	c		50000747
	list		50000747
ARR 50000749 (sz=24, trace=300343, nelems=1, elem type=java.lang.String[]@500000db)
	[0]		50001bf2
OBJ 5000074a (sz=24, trace=300341, class=java.util.Arrays$ArrayList@50000746)
	a		50000749
OBJ 5000074b (sz=24, trace=300342, class=java.util.Collections$UnmodifiableRandomAccessList@500000e6)
	c		5000074a
	list		5000074a
ARR 5000074c (sz=24, trace=300344, nelems=1, elem type=java.lang.String[]@500000db)
	[0]		50003453
OBJ 5000074d (sz=24, trace=300341, class=java.util.Arrays$ArrayList@50000746)
	a		5000074c
OBJ 5000074e (sz=24, trace=300342, class=java.util.Collections$UnmodifiableRandomAccessList@500000e6)
	c		5000074d
	list		5000074d
OBJ 5000074f (sz=16, trace=300345, class=java.util.ResourceBundle$Control@50000744)
OBJ 50000751 (sz=24, trace=300347, class=java.util.ResourceBundle$Control$CandidateListCache@50000750)
	map		50000754
	queue		50000752
OBJ 50000752 (sz=32, trace=300348, class=java.lang.ref.ReferenceQueue@5000015f)
	lock		50000753
OBJ 50000753 (sz=16, trace=300349, class=java.lang.ref.ReferenceQueue$Lock@500000e4)
OBJ 50000754 (sz=64, trace=300350, class=java.util.concurrent.ConcurrentHashMap@5000002b)
	table		50000794
OBJ 50000756 (sz=56, trace=300352, class=java.util.ResourceBundle$CacheKey@50000755)
OBJ 50000759 (sz=32, trace=300354, class=java.util.ResourceBundle$LoaderReference@50000758)
OBJ 5000075e (sz=32, trace=300356, class=java.util.LinkedList@5000075d)
	first		50000771
	last		50000792
OBJ 5000075f (sz=40, trace=300357, class=sun.util.locale.BaseLocale$Key@5000001a)
OBJ 50000760 (sz=40, trace=300358, class=java.lang.ref.SoftReference@50000165)
OBJ 50000761 (sz=40, trace=300359, class=java.lang.ref.SoftReference@50000165)
OBJ 50000762 (sz=40, trace=300360, class=java.lang.ref.SoftReference@50000165)
OBJ 50000763 (sz=40, trace=300361, class=java.lang.ref.SoftReference@50000165)
OBJ 50000764 (sz=32, trace=300362, class=sun.util.locale.BaseLocale@5000001c)
	language	50001bf5
	script		50001bf4
	region		50001bf3
	variant		5000177a
OBJ 50000765 (sz=40, trace=300363, class=sun.util.locale.BaseLocale$Key@5000001a)
	lang		50000766
	scrt		50000767
	regn		50000768
	vart		50000769
OBJ 50000766 (sz=40, trace=300358, class=java.lang.ref.SoftReference@50000165)
	referent	50001bf5
	queue		50001c15
OBJ 50000767 (sz=40, trace=300359, class=java.lang.ref.SoftReference@50000165)
	referent	50001bf4
	queue		50001c15
OBJ 50000768 (sz=40, trace=300360, class=java.lang.ref.SoftReference@50000165)
	referent	50001bf3
	queue		50001c15
OBJ 50000769 (sz=40, trace=300361, class=java.lang.ref.SoftReference@50000165)
	referent	5000177a
	queue		50001c15
OBJ 5000076a (sz=48, trace=300364, class=sun.util.locale.LocaleObjectCache$CacheEntry@50000019)
	referent	50000764
	queue		50001c00
	key		50000765
OBJ 5000076b (sz=32, trace=300365, class=java.util.concurrent.ConcurrentHashMap$Node@50000024)
	key		50000765
	val		5000076a
OBJ 5000076c (sz=24, trace=300366, class=java.util.Locale$LocaleKey@50000018)
	base		50000764
OBJ 5000076d (sz=32, trace=300367, class=java.util.Locale@5000002f)
	baseLocale	50000764
	languageTag	50000b03
OBJ 5000076e (sz=48, trace=300364, class=sun.util.locale.LocaleObjectCache$CacheEntry@50000019)
	referent	5000076d
	queue		50001d1e
	key		5000076c
OBJ 5000076f (sz=32, trace=300368, class=java.util.concurrent.ConcurrentHashMap$Node@50000024)
	key		5000076c
	val		5000076e
OBJ 50000771 (sz=24, trace=300370, class=java.util.LinkedList$Node@50000770)
	item		5000076d
	next		50000783
OBJ 50000772 (sz=40, trace=300357, class=sun.util.locale.BaseLocale$Key@5000001a)
OBJ 50000773 (sz=40, trace=300358, class=java.lang.ref.SoftReference@50000165)
OBJ 50000774 (sz=40, trace=300359, class=java.lang.ref.SoftReference@50000165)
OBJ 50000775 (sz=40, trace=300360, class=java.lang.ref.SoftReference@50000165)
OBJ 50000776 (sz=40, trace=300361, class=java.lang.ref.SoftReference@50000165)
OBJ 50000777 (sz=32, trace=300362, class=sun.util.locale.BaseLocale@5000001c)
	language	50001bf5
	script		50001bf4
	region		5000177a
	variant		5000177a
OBJ 50000778 (sz=40, trace=300363, class=sun.util.locale.BaseLocale$Key@5000001a)
	lang		50000779
	scrt		5000077a
	regn		5000077b
	vart		5000077c
OBJ 50000779 (sz=40, trace=300358, class=java.lang.ref.SoftReference@50000165)
	referent	50001bf5
	queue		50001c15
OBJ 5000077a (sz=40, trace=300359, class=java.lang.ref.SoftReference@50000165)
	referent	50001bf4
	queue		50001c15
OBJ 5000077b (sz=40, trace=300360, class=java.lang.ref.SoftReference@50000165)
	referent	5000177a
	queue		50001c15
OBJ 5000077c (sz=40, trace=300361, class=java.lang.ref.SoftReference@50000165)
	referent	5000177a
	queue		50001c15
OBJ 5000077d (sz=48, trace=300364, class=sun.util.locale.LocaleObjectCache$CacheEntry@50000019)
	referent	50000777
	queue		50001c00
	key		50000778
OBJ 5000077e (sz=32, trace=300365, class=java.util.concurrent.ConcurrentHashMap$Node@50000024)
	key		50000778
	val		5000077d
OBJ 5000077f (sz=24, trace=300366, class=java.util.Locale$LocaleKey@50000018)
	base		50000777
OBJ 50000780 (sz=32, trace=300367, class=java.util.Locale@5000002f)
	baseLocale	50000777
	languageTag	50000b0e
OBJ 50000781 (sz=48, trace=300364, class=sun.util.locale.LocaleObjectCache$CacheEntry@50000019)
	referent	50000780
	queue		50001d1e
	key		5000077f
OBJ 50000782 (sz=32, trace=300365, class=java.util.concurrent.ConcurrentHashMap$Node@50000024)
	key		5000077f
	val		50000781
OBJ 50000783 (sz=24, trace=300371, class=java.util.LinkedList$Node@50000770)
	item		50000780
	next		5000078a
	prev		50000771
OBJ 50000784 (sz=40, trace=300357, class=sun.util.locale.BaseLocale$Key@5000001a)
OBJ 50000785 (sz=40, trace=300358, class=java.lang.ref.SoftReference@50000165)
OBJ 50000786 (sz=40, trace=300359, class=java.lang.ref.SoftReference@50000165)
OBJ 50000787 (sz=40, trace=300360, class=java.lang.ref.SoftReference@50000165)
OBJ 50000788 (sz=40, trace=300361, class=java.lang.ref.SoftReference@50000165)
OBJ 50000789 (sz=24, trace=300366, class=java.util.Locale$LocaleKey@50000018)
OBJ 5000078a (sz=24, trace=300372, class=java.util.LinkedList$Node@50000770)
	item		50001d0a
	next		50000791
	prev		50000783
OBJ 5000078b (sz=40, trace=300357, class=sun.util.locale.BaseLocale$Key@5000001a)
OBJ 5000078c (sz=40, trace=300358, class=java.lang.ref.SoftReference@50000165)
OBJ 5000078d (sz=40, trace=300359, class=java.lang.ref.SoftReference@50000165)
OBJ 5000078e (sz=40, trace=300360, class=java.lang.ref.SoftReference@50000165)
OBJ 5000078f (sz=40, trace=300361, class=java.lang.ref.SoftReference@50000165)
OBJ 50000790 (sz=24, trace=300366, class=java.util.Locale$LocaleKey@50000018)
OBJ 50000791 (sz=24, trace=300373, class=java.util.LinkedList$Node@50000770)
	item		50001d16
	next		50000792
	prev		5000078a
OBJ 50000792 (sz=24, trace=300374, class=java.util.LinkedList$Node@50000770)
	item		50001d0b
	prev		50000791
OBJ 50000793 (sz=48, trace=300364, class=sun.util.locale.LocaleObjectCache$CacheEntry@50000019)
	referent	5000075e
	queue		50000752
	key		50001d78
ARR 50000794 (sz=144, trace=300375, nelems=1, elem type=java.util.concurrent.ConcurrentHashMap$Node[]@50000023)
	[0]		50000795
OBJ 50000795 (sz=32, trace=300365, class=java.util.concurrent.ConcurrentHashMap$Node@50000024)
	key		50001d78
	val		50000793
OBJ 50000796 (sz=24, trace=300376, class=java.util.ArrayList@500000f0)
ARR 50000797 (sz=40, trace=300377, nelems=0, elem type=java.lang.Object[]@5000011b)
OBJ 50000798 (sz=32, trace=300378, class=java.util.ResourceBundle$LoaderReference@50000758)
OBJ 50000799 (sz=16, trace=300379, class=java.lang.Object@50000185)
ARR 5000079a (sz=80, trace=300380, nelems=0, elem type=java.util.concurrent.ConcurrentHashMap$Node[]@50000023)
OBJ 5000079b (sz=32, trace=300381, class=java.util.concurrent.ConcurrentHashMap$Node@50000024)
	key		5000190f
	val		50000799
ARR 5000079e (sz=16, trace=300383, nelems=0, elem type=java.lang.Class[]@50000116)
OBJ 5000079f (sz=56, trace=300126, class=java.lang.Class$ReflectionData@500000c4)
OBJ 500007a0 (sz=40, trace=300040, class=java.lang.ref.SoftReference@50000165)
OBJ 500007a1 (sz=80, trace=300127, class=java.lang.reflect.Constructor@50000150)
OBJ 500007a2 (sz=24, trace=300384, class=java.lang.Class$1@500000ae)
OBJ 500007a3 (sz=24, trace=300129, class=sun.reflect.NativeConstructorAccessorImpl@500000ac)
OBJ 500007a4 (sz=16, trace=300130, class=sun.reflect.DelegatingConstructorAccessorImpl@500000ab)
OBJ 500007a5 (sz=40, trace=300385, class=sun.launcher.resources.launcher@5000079d)
	locale		50001d0b
	name		5000190f
	cacheKey	500033ff
OBJ 500007a6 (sz=32, trace=300378, class=java.util.ResourceBundle$LoaderReference@50000758)
	referent	50000736
	queue		50000252
	cacheKey	500033ff
OBJ 500007a8 (sz=48, trace=300387, class=java.util.ResourceBundle$BundleReference@500007a7)
	referent	500007a5
	queue		50000252
	cacheKey	500033ff
ARR 500007a9 (sz=272, trace=300388, nelems=51, elem type=java.util.concurrent.ConcurrentHashMap$Node[]@50000023)
	[7]		500007dc
	[8]		500012bd
	[13]		50000814
	[18]		50000b31
	[19]		500007c9
	[26]		500007f8
	[38]		50000ec5
	[39]		500007aa
	[40]		50001328
	[50]		50000f21
OBJ 500007aa (sz=32, trace=300389, class=java.util.concurrent.ConcurrentHashMap$Node@50000024)
	key		500033ff
	val		500007a8
OBJ 500007ab (sz=32, trace=300378, class=java.util.ResourceBundle$LoaderReference@50000758)
OBJ 500007ac (sz=24, trace=300390, class=java.lang.StringBuilder@50000134)
ARR 500007ad (sz=112, trace=300391, nelems=0, elem type=char[])
OBJ 500007ae (sz=24, trace=300392, class=java.lang.String@50000181)
	value		500007af
ARR 500007af (sz=68, trace=300393, nelems=34, elem type=char[])
OBJ 500007b0 (sz=16, trace=300379, class=java.lang.Object@50000185)
OBJ 500007b1 (sz=32, trace=300381, class=java.util.concurrent.ConcurrentHashMap$Node@50000024)
	key		500007ae
	val		500007b0
OBJ 500007b3 (sz=24, trace=300395, class=java.net.URLClassLoader$1@500007b2)
ARR 500007b4 (sz=88, trace=300396, nelems=0, elem type=char[])
OBJ 500007b5 (sz=24, trace=300397, class=java.lang.String@50000181)
ARR 500007b6 (sz=96, trace=300398, nelems=0, elem type=char[])
OBJ 500007b7 (sz=24, trace=300399, class=java.lang.String@50000181)
OBJ 500007b8 (sz=40, trace=300400, class=java.lang.ClassNotFoundException@5000016f)
OBJ 500007b9 (sz=24, trace=300390, class=java.lang.StringBuilder@50000134)
ARR 500007ba (sz=112, trace=300391, nelems=0, elem type=char[])
OBJ 500007bb (sz=24, trace=300392, class=java.lang.String@50000181)
ARR 500007bc (sz=88, trace=300393, nelems=0, elem type=char[])
OBJ 500007bd (sz=24, trace=300401, class=java.lang.StringBuilder@50000134)
ARR 500007be (sz=112, trace=300402, nelems=0, elem type=char[])
ARR 500007bf (sz=88, trace=300403, nelems=0, elem type=char[])
OBJ 500007c0 (sz=24, trace=300404, class=java.lang.String@50000181)
OBJ 500007c1 (sz=24, trace=300405, class=java.lang.String@50000181)
ARR 500007c2 (sz=112, trace=300406, nelems=0, elem type=char[])
OBJ 500007c4 (sz=32, trace=300408, class=java.util.ResourceBundle$Control$1@500007c3)
OBJ 500007c6 (sz=24, trace=300410, class=java.net.URLClassLoader$2@500007c5)
OBJ 500007c7 (sz=32, trace=300378, class=java.util.ResourceBundle$LoaderReference@50000758)
	referent	50000736
	queue		50000252
	cacheKey	50003401
OBJ 500007c8 (sz=48, trace=300387, class=java.util.ResourceBundle$BundleReference@500007a7)
	referent	50000250
	queue		50000252
	cacheKey	50003401
OBJ 500007c9 (sz=32, trace=300389, class=java.util.concurrent.ConcurrentHashMap$Node@50000024)
	key		50003401
	val		500007c8
OBJ 500007ca (sz=32, trace=300378, class=java.util.ResourceBundle$LoaderReference@50000758)
OBJ 500007cb (sz=24, trace=300390, class=java.lang.StringBuilder@50000134)
ARR 500007cc (sz=112, trace=300391, nelems=0, elem type=char[])
OBJ 500007cd (sz=24, trace=300392, class=java.lang.String@50000181)
	value		500007ce
ARR 500007ce (sz=74, trace=300393, nelems=37, elem type=char[])
OBJ 500007cf (sz=16, trace=300379, class=java.lang.Object@50000185)
OBJ 500007d0 (sz=32, trace=300381, class=java.util.concurrent.ConcurrentHashMap$Node@50000024)
ARR 500007d2 (sz=16, trace=300383, nelems=0, elem type=java.lang.Class[]@50000116)
OBJ 500007d3 (sz=56, trace=300126, class=java.lang.Class$ReflectionData@500000c4)
OBJ 500007d4 (sz=40, trace=300040, class=java.lang.ref.SoftReference@50000165)
OBJ 500007d5 (sz=80, trace=300127, class=java.lang.reflect.Constructor@50000150)
OBJ 500007d6 (sz=24, trace=300384, class=java.lang.Class$1@500000ae)
OBJ 500007d7 (sz=24, trace=300129, class=sun.reflect.NativeConstructorAccessorImpl@500000ac)
OBJ 500007d8 (sz=16, trace=300130, class=sun.reflect.DelegatingConstructorAccessorImpl@500000ab)
OBJ 500007d9 (sz=40, trace=300411, class=sun.launcher.resources.launcher_zh_CN@500007d1)
	parent		500007a5
	locale		50001d0a
	name		5000190f
	cacheKey	50003402
	lookup		5000082a
OBJ 500007da (sz=32, trace=300378, class=java.util.ResourceBundle$LoaderReference@50000758)
	referent	50000736
	queue		50000252
	cacheKey	50003402
OBJ 500007db (sz=48, trace=300387, class=java.util.ResourceBundle$BundleReference@500007a7)
	referent	500007d9
	queue		50000252
	cacheKey	50003402
OBJ 500007dc (sz=32, trace=300389, class=java.util.concurrent.ConcurrentHashMap$Node@50000024)
	key		50003402
	val		500007db
OBJ 500007dd (sz=32, trace=300378, class=java.util.ResourceBundle$LoaderReference@50000758)
OBJ 500007de (sz=24, trace=300390, class=java.lang.StringBuilder@50000134)
ARR 500007df (sz=112, trace=300391, nelems=0, elem type=char[])
OBJ 500007e0 (sz=24, trace=300392, class=java.lang.String@50000181)
	value		500007e1
ARR 500007e1 (sz=78, trace=300393, nelems=39, elem type=char[])
OBJ 500007e2 (sz=16, trace=300379, class=java.lang.Object@50000185)
OBJ 500007e3 (sz=32, trace=300412, class=java.util.concurrent.ConcurrentHashMap$Node@50000024)
OBJ 500007e4 (sz=24, trace=300395, class=java.net.URLClassLoader$1@500007b2)
ARR 500007e5 (sz=96, trace=300396, nelems=0, elem type=char[])
OBJ 500007e6 (sz=24, trace=300397, class=java.lang.String@50000181)
ARR 500007e7 (sz=112, trace=300398, nelems=0, elem type=char[])
OBJ 500007e8 (sz=24, trace=300399, class=java.lang.String@50000181)
OBJ 500007e9 (sz=40, trace=300400, class=java.lang.ClassNotFoundException@5000016f)
OBJ 500007ea (sz=24, trace=300390, class=java.lang.StringBuilder@50000134)
ARR 500007eb (sz=112, trace=300391, nelems=0, elem type=char[])
OBJ 500007ec (sz=24, trace=300392, class=java.lang.String@50000181)
ARR 500007ed (sz=96, trace=300393, nelems=0, elem type=char[])
OBJ 500007ee (sz=24, trace=300401, class=java.lang.StringBuilder@50000134)
ARR 500007ef (sz=120, trace=300402, nelems=0, elem type=char[])
ARR 500007f0 (sz=96, trace=300403, nelems=0, elem type=char[])
OBJ 500007f1 (sz=24, trace=300404, class=java.lang.String@50000181)
OBJ 500007f2 (sz=24, trace=300405, class=java.lang.String@50000181)
ARR 500007f3 (sz=120, trace=300406, nelems=0, elem type=char[])
OBJ 500007f4 (sz=32, trace=300408, class=java.util.ResourceBundle$Control$1@500007c3)
OBJ 500007f5 (sz=24, trace=300410, class=java.net.URLClassLoader$2@500007c5)
OBJ 500007f6 (sz=32, trace=300378, class=java.util.ResourceBundle$LoaderReference@50000758)
	referent	50000736
	queue		50000252
	cacheKey	50003400
OBJ 500007f7 (sz=48, trace=300387, class=java.util.ResourceBundle$BundleReference@500007a7)
	referent	50000250
	queue		50000252
	cacheKey	50003400
OBJ 500007f8 (sz=32, trace=300389, class=java.util.concurrent.ConcurrentHashMap$Node@50000024)
	key		50003400
	val		500007f7
OBJ 500007f9 (sz=32, trace=300378, class=java.util.ResourceBundle$LoaderReference@50000758)
OBJ 500007fa (sz=24, trace=300390, class=java.lang.StringBuilder@50000134)
ARR 500007fb (sz=112, trace=300391, nelems=0, elem type=char[])
OBJ 500007fc (sz=24, trace=300392, class=java.lang.String@50000181)
	value		500007fd
ARR 500007fd (sz=84, trace=300393, nelems=42, elem type=char[])
OBJ 500007fe (sz=16, trace=300379, class=java.lang.Object@50000185)
OBJ 500007ff (sz=32, trace=300412, class=java.util.concurrent.ConcurrentHashMap$Node@50000024)
	key		500007fc
	val		500007fe
	next		50000b1d
OBJ 50000800 (sz=24, trace=300395, class=java.net.URLClassLoader$1@500007b2)
ARR 50000801 (sz=104, trace=300396, nelems=0, elem type=char[])
OBJ 50000802 (sz=24, trace=300397, class=java.lang.String@50000181)
ARR 50000803 (sz=112, trace=300398, nelems=0, elem type=char[])
OBJ 50000804 (sz=24, trace=300399, class=java.lang.String@50000181)
OBJ 50000805 (sz=40, trace=300400, class=java.lang.ClassNotFoundException@5000016f)
OBJ 50000806 (sz=24, trace=300390, class=java.lang.StringBuilder@50000134)
ARR 50000807 (sz=112, trace=300391, nelems=0, elem type=char[])
OBJ 50000808 (sz=24, trace=300392, class=java.lang.String@50000181)
ARR 50000809 (sz=104, trace=300393, nelems=0, elem type=char[])
OBJ 5000080a (sz=24, trace=300401, class=java.lang.StringBuilder@50000134)
ARR 5000080b (sz=128, trace=300402, nelems=0, elem type=char[])
ARR 5000080c (sz=104, trace=300403, nelems=0, elem type=char[])
OBJ 5000080d (sz=24, trace=300404, class=java.lang.String@50000181)
OBJ 5000080e (sz=24, trace=300405, class=java.lang.String@50000181)
ARR 5000080f (sz=128, trace=300406, nelems=0, elem type=char[])
OBJ 50000810 (sz=32, trace=300408, class=java.util.ResourceBundle$Control$1@500007c3)
OBJ 50000811 (sz=24, trace=300410, class=java.net.URLClassLoader$2@500007c5)
OBJ 50000812 (sz=32, trace=300378, class=java.util.ResourceBundle$LoaderReference@50000758)
	referent	50000736
	queue		50000252
	cacheKey	50001bf1
OBJ 50000813 (sz=48, trace=300387, class=java.util.ResourceBundle$BundleReference@500007a7)
	referent	50000250
	queue		50000252
	cacheKey	50001bf1
OBJ 50000814 (sz=32, trace=300389, class=java.util.concurrent.ConcurrentHashMap$Node@50000024)
	key		50001bf1
	val		50000813
ARR 50000816 (sz=96, trace=300413, nelems=0, elem type=java.lang.Object[][]@50000815)
ARR 50000817 (sz=24, trace=300414, nelems=0, elem type=java.lang.Object[]@5000011b)
ARR 50000818 (sz=24, trace=300415, nelems=0, elem type=java.lang.Object[]@5000011b)
ARR 50000819 (sz=24, trace=300416, nelems=0, elem type=java.lang.Object[]@5000011b)
ARR 5000081a (sz=24, trace=300417, nelems=0, elem type=java.lang.Object[]@5000011b)
ARR 5000081b (sz=24, trace=300418, nelems=0, elem type=java.lang.Object[]@5000011b)
ARR 5000081c (sz=24, trace=300419, nelems=0, elem type=java.lang.Object[]@5000011b)
ARR 5000081d (sz=24, trace=300420, nelems=0, elem type=java.lang.Object[]@5000011b)
ARR 5000081e (sz=24, trace=300421, nelems=0, elem type=java.lang.Object[]@5000011b)
ARR 5000081f (sz=24, trace=300422, nelems=0, elem type=java.lang.Object[]@5000011b)
ARR 50000820 (sz=24, trace=300423, nelems=0, elem type=java.lang.Object[]@5000011b)
ARR 50000821 (sz=24, trace=300424, nelems=0, elem type=java.lang.Object[]@5000011b)
ARR 50000822 (sz=24, trace=300425, nelems=0, elem type=java.lang.Object[]@5000011b)
ARR 50000823 (sz=24, trace=300426, nelems=0, elem type=java.lang.Object[]@5000011b)
ARR 50000824 (sz=24, trace=300427, nelems=0, elem type=java.lang.Object[]@5000011b)
ARR 50000825 (sz=24, trace=300428, nelems=0, elem type=java.lang.Object[]@5000011b)
ARR 50000826 (sz=24, trace=300429, nelems=0, elem type=java.lang.Object[]@5000011b)
ARR 50000827 (sz=24, trace=300430, nelems=0, elem type=java.lang.Object[]@5000011b)
ARR 50000828 (sz=24, trace=300431, nelems=0, elem type=java.lang.Object[]@5000011b)
ARR 50000829 (sz=24, trace=300432, nelems=0, elem type=java.lang.Object[]@5000011b)
OBJ 5000082a (sz=48, trace=300433, class=java.util.HashMap@500000d9)
	table		5000082b
ARR 5000082b (sz=144, trace=300434, nelems=32, elem type=java.util.HashMap$Node[]@500000d5)
	[0]		5000082e
	[1]		50000836
	[5]		5000083b
	[11]		5000082d
	[12]		50000833
	[13]		5000082c
	[15]		50000834
	[23]		50000839
	[25]		5000083c
	[26]		5000083a
	[28]		50000832
	[29]		50000831
	[30]		50000830
	[31]		5000082f
OBJ 5000082c (sz=32, trace=300190, class=java.util.HashMap$Node@500000d7)
	key		5000342c
	value		5000342b
OBJ 5000082d (sz=32, trace=300190, class=java.util.HashMap$Node@500000d7)
	key		50003434
	value		50003433
	next		50000835
OBJ 5000082e (sz=32, trace=300190, class=java.util.HashMap$Node@500000d7)
	key		50003448
	value		50003447
	next		50000837
OBJ 5000082f (sz=32, trace=300190, class=java.util.HashMap$Node@500000d7)
	key		50003404
	value		50003403
	next		50000838
OBJ 50000830 (sz=32, trace=300190, class=java.util.HashMap$Node@500000d7)
	key		5000340c
	value		5000340b
OBJ 50000831 (sz=32, trace=300190, class=java.util.HashMap$Node@500000d7)
	key		50003410
	value		5000340f
OBJ 50000832 (sz=32, trace=300190, class=java.util.HashMap$Node@500000d7)
	key		50003414
	value		50003413
OBJ 50000833 (sz=32, trace=300190, class=java.util.HashMap$Node@500000d7)
	key		50003430
	value		5000342f
OBJ 50000834 (sz=32, trace=300190, class=java.util.HashMap$Node@500000d7)
	key		50003428
	value		50003427
OBJ 50000835 (sz=32, trace=300229, class=java.util.HashMap$Node@500000d7)
	key		50003438
	value		50003437
	next		5000083d
OBJ 50000836 (sz=32, trace=300190, class=java.util.HashMap$Node@500000d7)
	key		50003444
	value		50003443
OBJ 50000837 (sz=32, trace=300229, class=java.util.HashMap$Node@500000d7)
	key		5000344c
	value		5000344b
OBJ 50000838 (sz=32, trace=300229, class=java.util.HashMap$Node@500000d7)
	key		50003408
	value		50003407
OBJ 50000839 (sz=32, trace=300190, class=java.util.HashMap$Node@500000d7)
	key		50003420
	value		5000341f
	next		5000083e
OBJ 5000083a (sz=32, trace=300190, class=java.util.HashMap$Node@500000d7)
	key		50003418
	value		50003417
OBJ 5000083b (sz=32, trace=300190, class=java.util.HashMap$Node@500000d7)
	key		50003440
	value		5000343f
OBJ 5000083c (sz=32, trace=300190, class=java.util.HashMap$Node@500000d7)
	key		5000341c
	value		5000341b
OBJ 5000083d (sz=32, trace=300229, class=java.util.HashMap$Node@500000d7)
	key		5000343c
	value		5000343b
OBJ 5000083e (sz=32, trace=300229, class=java.util.HashMap$Node@500000d7)
	key		50003424
	value		50003423
ARR 50000841 (sz=40, trace=300436, nelems=5, elem type=java.lang.String[]@500000db)
	[0]		5000177a
	[1]		50003642
	[2]		5000363e
	[3]		50003644
	[4]		5000363c
ARR 50000842 (sz=32, trace=300437, nelems=4, elem type=java.lang.String[]@500000db)
	[0]		5000177a
	[1]		5000363d
	[2]		50003643
	[3]		50003640
ARR 50000843 (sz=40, trace=300438, nelems=5, elem type=java.lang.String[]@500000db)
	[0]		5000177a
	[1]		50001a35
	[2]		50003641
	[3]		50001923
	[4]		5000363f
ARR 50000844 (sz=20, trace=300439, nelems=5, elem type=int[])
OBJ 50000845 (sz=40, trace=300440, class=java.text.MessageFormat@50000840)
ARR 50000847 (sz=56, trace=300441, nelems=0, elem type=java.text.Format[]@50000846)
ARR 50000848 (sz=56, trace=300442, nelems=0, elem type=int[])
ARR 50000849 (sz=56, trace=300443, nelems=0, elem type=int[])
OBJ 5000084b (sz=40, trace=300445, class=java.util.Locale$Category@5000084a)
	name		50001dff
	languageKey	50001e03
	scriptKey	50001e05
	countryKey	50001e01
	variantKey	50001e07
OBJ 5000084c (sz=40, trace=300446, class=java.util.Locale$Category@5000084a)
	name		50001e00
	languageKey	50001e04
	scriptKey	50001e06
	countryKey	50001e02
	variantKey	50001e08
ARR 5000084e (sz=24, trace=300447, nelems=2, elem type=java.util.Locale$Category[]@5000084d)
	[0]		5000084b
	[1]		5000084c
ARR 50000850 (sz=8, trace=300449, nelems=2, elem type=int[])
OBJ 50000851 (sz=24, trace=300450, class=sun.security.action.GetPropertyAction@50000064)
OBJ 50000852 (sz=24, trace=300451, class=sun.security.action.GetPropertyAction@50000064)
OBJ 50000853 (sz=24, trace=300452, class=sun.security.action.GetPropertyAction@50000064)
OBJ 50000854 (sz=24, trace=300453, class=sun.security.action.GetPropertyAction@50000064)
OBJ 50000855 (sz=40, trace=300357, class=sun.util.locale.BaseLocale$Key@5000001a)
OBJ 50000856 (sz=40, trace=300358, class=java.lang.ref.SoftReference@50000165)
OBJ 50000857 (sz=40, trace=300359, class=java.lang.ref.SoftReference@50000165)
OBJ 50000858 (sz=40, trace=300360, class=java.lang.ref.SoftReference@50000165)
OBJ 50000859 (sz=40, trace=300361, class=java.lang.ref.SoftReference@50000165)
OBJ 5000085a (sz=24, trace=300366, class=java.util.Locale$LocaleKey@50000018)
ARR 5000085c (sz=32, trace=300454, nelems=0, elem type=java.lang.StringBuilder[]@5000085b)
OBJ 5000085d (sz=24, trace=300455, class=java.lang.StringBuilder@50000134)
ARR 5000085e (sz=48, trace=300456, nelems=0, elem type=char[])
OBJ 5000085f (sz=24, trace=300457, class=java.lang.StringBuilder@50000134)
ARR 50000860 (sz=48, trace=300458, nelems=0, elem type=char[])
ARR 50000861 (sz=32, trace=300459, nelems=0, elem type=java.lang.String[]@500000db)
OBJ 50000862 (sz=24, trace=300460, class=java.lang.String@50000181)
ARR 50000863 (sz=24, trace=300461, nelems=0, elem type=char[])
OBJ 50000864 (sz=24, trace=300460, class=java.lang.String@50000181)
ARR 50000865 (sz=24, trace=300461, nelems=0, elem type=char[])
ARR 50000866 (sz=88, trace=300248, nelems=0, elem type=char[])
ARR 50000867 (sz=160, trace=300248, nelems=0, elem type=char[])
OBJ 50000868 (sz=24, trace=300457, class=java.lang.StringBuilder@50000134)
ARR 50000869 (sz=48, trace=300458, nelems=0, elem type=char[])
ARR 5000086a (sz=32, trace=300459, nelems=0, elem type=java.lang.String[]@500000db)
OBJ 5000086b (sz=24, trace=300460, class=java.lang.String@50000181)
ARR 5000086c (sz=128, trace=300461, nelems=0, elem type=char[])
OBJ 5000086d (sz=24, trace=300460, class=java.lang.String@50000181)
ARR 5000086e (sz=24, trace=300461, nelems=0, elem type=char[])
ARR 5000086f (sz=304, trace=300248, nelems=0, elem type=char[])
OBJ 50000870 (sz=24, trace=300462, class=java.lang.String@50000181)
ARR 50000871 (sz=264, trace=300463, nelems=0, elem type=char[])
OBJ 50000872 (sz=24, trace=300464, class=java.lang.StringBuffer@50000135)
ARR 50000873 (sz=48, trace=300465, nelems=0, elem type=char[])
OBJ 50000875 (sz=32, trace=300467, class=java.text.FieldPosition@50000874)
OBJ 50000876 (sz=24, trace=300468, class=java.lang.String@50000181)
ARR 50000877 (sz=24, trace=300469, nelems=0, elem type=char[])
OBJ 5000087c (sz=48, trace=300472, class=java.util.HashMap@500000d9)
	table		5000087e
OBJ 5000087d (sz=16, trace=300473, class=java.text.AttributedCharacterIterator$Attribute@50000879)
	name		50001cfc
ARR 5000087e (sz=48, trace=300474, nelems=3, elem type=java.util.HashMap$Node[]@500000d5)
	[1]		50000881
	[2]		5000087f
OBJ 5000087f (sz=32, trace=300190, class=java.util.HashMap$Node@500000d7)
	key		50001cfc
	value		5000087d
	next		50000883
OBJ 50000880 (sz=16, trace=300475, class=java.text.AttributedCharacterIterator$Attribute@50000879)
	name		500036a4
OBJ 50000881 (sz=32, trace=300190, class=java.util.HashMap$Node@500000d7)
	key		500036a4
	value		50000880
OBJ 50000882 (sz=16, trace=300476, class=java.text.AttributedCharacterIterator$Attribute@50000879)
	name		500036a3
OBJ 50000883 (sz=32, trace=300229, class=java.util.HashMap$Node@500000d7)
	key		500036a3
	value		50000882
OBJ 50000884 (sz=16, trace=300477, class=java.text.MessageFormat$Field@5000087b)
	name		500036e2
OBJ 50000885 (sz=24, trace=300468, class=java.lang.String@50000181)
ARR 50000886 (sz=120, trace=300469, nelems=0, elem type=char[])
ARR 50000887 (sz=136, trace=300478, nelems=0, elem type=char[])
ARR 50000888 (sz=256, trace=300478, nelems=0, elem type=char[])
OBJ 50000889 (sz=24, trace=300479, class=java.lang.String@50000181)
ARR 5000088a (sz=152, trace=300480, nelems=0, elem type=char[])
ARR 5000088b (sz=504, trace=300478, nelems=0, elem type=char[])
ARR 5000088c (sz=280, trace=300481, nelems=0, elem type=char[])
OBJ 5000088d (sz=24, trace=300482, class=java.lang.String@50000181)
ARR 5000088e (sz=280, trace=300010, nelems=0, elem type=char[])
ARR 5000088f (sz=24, trace=300483, nelems=0, elem type=java.lang.Object[]@5000011b)
OBJ 50000890 (sz=40, trace=300440, class=java.text.MessageFormat@50000840)
ARR 50000891 (sz=56, trace=300484, nelems=0, elem type=java.text.Format[]@50000846)
ARR 50000892 (sz=56, trace=300485, nelems=0, elem type=int[])
ARR 50000893 (sz=56, trace=300486, nelems=0, elem type=int[])
ARR 50000894 (sz=32, trace=300454, nelems=0, elem type=java.lang.StringBuilder[]@5000085b)
OBJ 50000895 (sz=24, trace=300455, class=java.lang.StringBuilder@50000134)
ARR 50000896 (sz=48, trace=300456, nelems=0, elem type=char[])
OBJ 50000897 (sz=24, trace=300457, class=java.lang.StringBuilder@50000134)
ARR 50000898 (sz=48, trace=300458, nelems=0, elem type=char[])
ARR 50000899 (sz=32, trace=300459, nelems=0, elem type=java.lang.String[]@500000db)
OBJ 5000089a (sz=24, trace=300460, class=java.lang.String@50000181)
ARR 5000089b (sz=32, trace=300461, nelems=0, elem type=char[])
OBJ 5000089c (sz=24, trace=300460, class=java.lang.String@50000181)
ARR 5000089d (sz=24, trace=300461, nelems=0, elem type=char[])
OBJ 5000089e (sz=24, trace=300457, class=java.lang.StringBuilder@50000134)
ARR 5000089f (sz=48, trace=300458, nelems=0, elem type=char[])
ARR 500008a0 (sz=32, trace=300459, nelems=0, elem type=java.lang.String[]@500000db)
OBJ 500008a1 (sz=24, trace=300460, class=java.lang.String@50000181)
ARR 500008a2 (sz=40, trace=300461, nelems=0, elem type=char[])
OBJ 500008a3 (sz=24, trace=300460, class=java.lang.String@50000181)
ARR 500008a4 (sz=24, trace=300461, nelems=0, elem type=char[])
ARR 500008a5 (sz=88, trace=300248, nelems=0, elem type=char[])
OBJ 500008a6 (sz=24, trace=300462, class=java.lang.String@50000181)
ARR 500008a7 (sz=72, trace=300463, nelems=0, elem type=char[])
OBJ 500008a8 (sz=24, trace=300464, class=java.lang.StringBuffer@50000135)
ARR 500008a9 (sz=48, trace=300465, nelems=0, elem type=char[])
OBJ 500008aa (sz=32, trace=300467, class=java.text.FieldPosition@50000874)
OBJ 500008ab (sz=24, trace=300468, class=java.lang.String@50000181)
ARR 500008ac (sz=32, trace=300469, nelems=0, elem type=char[])
OBJ 500008b3 (sz=72, trace=300491, class=sun.util.locale.provider.JRELocaleProviderAdapter@500008b2)
	langtagSets	500008b4
	localeResourcesMap	500008b5
	localeData	50000aec
	decimalFormatSymbolsProvider	50000f43
	numberFormatProvider	50000a94
	currencyNameProvider	5000126c
OBJ 500008b4 (sz=64, trace=300492, class=java.util.concurrent.ConcurrentHashMap@5000002b)
	table		50000a92
OBJ 500008b5 (sz=64, trace=300493, class=java.util.concurrent.ConcurrentHashMap@5000002b)
	table		50000aed
OBJ 500008b9 (sz=16, trace=300496, class=sun.util.locale.provider.AuxLocaleProviderAdapter$NullProvider@500008b8)
OBJ 500008ba (sz=16, trace=300497, class=sun.util.locale.provider.SPILocaleProviderAdapter@500008b7)
	providersMap	500008bb
OBJ 500008bb (sz=64, trace=300498, class=java.util.concurrent.ConcurrentHashMap@5000002b)
	table		50001284
OBJ 500008bc (sz=64, trace=300499, class=java.util.concurrent.ConcurrentHashMap@5000002b)
	table		500008ca
OBJ 500008bd (sz=24, trace=300500, class=sun.security.action.GetPropertyAction@50000064)
OBJ 500008be (sz=24, trace=300501, class=java.util.ArrayList@500000f0)
	elementData	500008c7
OBJ 500008c0 (sz=32, trace=300503, class=sun.util.locale.provider.LocaleProviderAdapter$Type@500008bf)
	name		50003657
	UTIL_RESOURCES_PACKAGE	5000365a
	TEXT_RESOURCES_PACKAGE	50003658
OBJ 500008c1 (sz=32, trace=300504, class=sun.util.locale.provider.LocaleProviderAdapter$Type@500008bf)
	name		50003654
	UTIL_RESOURCES_PACKAGE	5000365b
	TEXT_RESOURCES_PACKAGE	50003659
OBJ 500008c2 (sz=32, trace=300505, class=sun.util.locale.provider.LocaleProviderAdapter$Type@500008bf)
	name		50003652
OBJ 500008c3 (sz=32, trace=300506, class=sun.util.locale.provider.LocaleProviderAdapter$Type@500008bf)
	name		50003656
OBJ 500008c4 (sz=32, trace=300507, class=sun.util.locale.provider.LocaleProviderAdapter$Type@500008bf)
	name		50003655
	UTIL_RESOURCES_PACKAGE	5000365a
	TEXT_RESOURCES_PACKAGE	50003658
ARR 500008c6 (sz=40, trace=300508, nelems=5, elem type=sun.util.locale.provider.LocaleProviderAdapter$Type[]@500008c5)
	[0]		500008c0
	[1]		500008c1
	[2]		500008c2
	[3]		500008c3
	[4]		500008c4
ARR 500008c7 (sz=56, trace=300214, nelems=2, elem type=java.lang.Object[]@5000011b)
	[0]		500008c0
	[1]		500008c2
OBJ 500008c8 (sz=24, trace=300342, class=java.util.Collections$UnmodifiableRandomAccessList@500000e6)
	c		500008be
	list		500008be
OBJ 500008c9 (sz=64, trace=300509, class=java.util.concurrent.ConcurrentHashMap@5000002b)
	table		50000ae3
ARR 500008ca (sz=80, trace=300510, nelems=3, elem type=java.util.concurrent.ConcurrentHashMap$Node[]@50000023)
	[2]		500008cb
OBJ 500008cb (sz=32, trace=300511, class=java.util.concurrent.ConcurrentHashMap$Node@50000024)
	key		500008af
	val		500008c9
	next		50000f3d
OBJ 500008cd (sz=24, trace=300513, class=java.util.Collections$UnmodifiableCollection$1@500008cc)
OBJ 500008cf (sz=32, trace=300515, class=java.util.ArrayList$Itr@500008ce)
ARR 500008d1 (sz=20, trace=300517, nelems=5, elem type=int[])
OBJ 500008d2 (sz=24, trace=300518, class=java.lang.String@50000181)
ARR 500008d3 (sz=56, trace=300519, nelems=0, elem type=char[])
OBJ 500008d7 (sz=48, trace=300522, class=java.util.HashMap@500000d9)
	table		500008e0
ARR 500008d8 (sz=48, trace=300523, nelems=0, elem type=java.util.HashMap$Node[]@500000d5)
OBJ 500008d9 (sz=32, trace=300190, class=java.util.HashMap$Node@500000d7)
	key		50003664
	value		500036ba
	next		500008da
OBJ 500008da (sz=32, trace=300229, class=java.util.HashMap$Node@500000d7)
	key		500036c6
	value		500036bf
	next		500008e1
OBJ 500008db (sz=32, trace=300190, class=java.util.HashMap$Node@500000d7)
	key		500036c3
	value		500036c0
	next		500008dd
OBJ 500008dc (sz=32, trace=300229, class=java.util.HashMap$Node@500000d7)
	key		500036c4
	value		500036c0
OBJ 500008dd (sz=32, trace=300229, class=java.util.HashMap$Node@500000d7)
	key		500036c8
	value		500036bb
OBJ 500008de (sz=32, trace=300190, class=java.util.HashMap$Node@500000d7)
	key		500036c7
	value		500036bd
OBJ 500008df (sz=32, trace=300190, class=java.util.HashMap$Node@500000d7)
	key		50003666
	value		500036be
ARR 500008e0 (sz=80, trace=300524, nelems=10, elem type=java.util.HashMap$Node[]@500000d5)
	[1]		500008dc
	[3]		500008df
	[4]		500008e2
	[6]		500008d9
	[7]		500008de
	[9]		500008db
OBJ 500008e1 (sz=32, trace=300229, class=java.util.HashMap$Node@500000d7)
	key		500036c5
	value		500036bc
OBJ 500008e2 (sz=32, trace=300190, class=java.util.HashMap$Node@500000d7)
	key		500036c2
	value		500036c1
OBJ 500008e3 (sz=16, trace=300525, class=java.util.HashSet@50000005)
	map		500008e4
OBJ 500008e4 (sz=48, trace=300526, class=java.util.HashMap@500000d9)
	table		50000a19
OBJ 500008e5 (sz=48, trace=300527, class=java.util.StringTokenizer@50000038)
OBJ 500008e6 (sz=24, trace=300528, class=java.lang.String@50000181)
	value		500008e7
ARR 500008e7 (sz=4, trace=300529, nelems=2, elem type=char[])
ARR 500008e8 (sz=80, trace=300189, nelems=0, elem type=java.util.HashMap$Node[]@500000d5)
OBJ 500008e9 (sz=32, trace=300190, class=java.util.HashMap$Node@500000d7)
	key		500008e6
	value		50001772
OBJ 500008ea (sz=24, trace=300528, class=java.lang.String@50000181)
	value		500008eb
ARR 500008eb (sz=10, trace=300529, nelems=5, elem type=char[])
OBJ 500008ec (sz=32, trace=300229, class=java.util.HashMap$Node@500000d7)
	key		500008ea
	value		50001772
	next		50000920
OBJ 500008ed (sz=24, trace=300528, class=java.lang.String@50000181)
	value		500008ee
ARR 500008ee (sz=10, trace=300529, nelems=5, elem type=char[])
OBJ 500008ef (sz=32, trace=300190, class=java.util.HashMap$Node@500000d7)
	key		500008ed
	value		50001772
	next		500009a3
OBJ 500008f0 (sz=24, trace=300528, class=java.lang.String@50000181)
	value		500008f1
ARR 500008f1 (sz=10, trace=300529, nelems=5, elem type=char[])
OBJ 500008f2 (sz=32, trace=300190, class=java.util.HashMap$Node@500000d7)
	key		500008f0
	value		50001772
	next		50000a12
OBJ 500008f3 (sz=24, trace=300528, class=java.lang.String@50000181)
	value		500008f4
ARR 500008f4 (sz=10, trace=300529, nelems=5, elem type=char[])
OBJ 500008f5 (sz=32, trace=300190, class=java.util.HashMap$Node@500000d7)
	key		500008f3
	value		50001772
OBJ 500008f6 (sz=24, trace=300528, class=java.lang.String@50000181)
	value		500008f7
ARR 500008f7 (sz=10, trace=300529, nelems=5, elem type=char[])
OBJ 500008f8 (sz=32, trace=300190, class=java.util.HashMap$Node@500000d7)
	key		500008f6
	value		50001772
	next		50000963
OBJ 500008f9 (sz=24, trace=300528, class=java.lang.String@50000181)
	value		500008fa
ARR 500008fa (sz=10, trace=300529, nelems=5, elem type=char[])
OBJ 500008fb (sz=32, trace=300190, class=java.util.HashMap$Node@500000d7)
	key		500008f9
	value		50001772
	next		500009fa
OBJ 500008fc (sz=24, trace=300528, class=java.lang.String@50000181)
	value		500008fd
ARR 500008fd (sz=10, trace=300529, nelems=5, elem type=char[])
OBJ 500008fe (sz=32, trace=300229, class=java.util.HashMap$Node@500000d7)
	key		500008fc
	value		50001772
OBJ 500008ff (sz=24, trace=300528, class=java.lang.String@50000181)
	value		50000900
ARR 50000900 (sz=10, trace=300529, nelems=5, elem type=char[])
OBJ 50000901 (sz=32, trace=300190, class=java.util.HashMap$Node@500000d7)
	key		500008ff
	value		50001772
OBJ 50000902 (sz=24, trace=300528, class=java.lang.String@50000181)
	value		50000903
ARR 50000903 (sz=10, trace=300529, nelems=5, elem type=char[])
OBJ 50000904 (sz=32, trace=300229, class=java.util.HashMap$Node@500000d7)
	key		50000902
	value		50001772
	next		500009d0
OBJ 50000905 (sz=24, trace=300528, class=java.lang.String@50000181)
	value		50000906
ARR 50000906 (sz=10, trace=300529, nelems=5, elem type=char[])
OBJ 50000907 (sz=32, trace=300229, class=java.util.HashMap$Node@500000d7)
	key		50000905
	value		50001772
OBJ 50000908 (sz=24, trace=300528, class=java.lang.String@50000181)
	value		50000909
ARR 50000909 (sz=10, trace=300529, nelems=5, elem type=char[])
OBJ 5000090a (sz=32, trace=300229, class=java.util.HashMap$Node@500000d7)
	key		50000908
	value		50001772
	next		500009c1
OBJ 5000090b (sz=24, trace=300528, class=java.lang.String@50000181)
ARR 5000090c (sz=24, trace=300529, nelems=0, elem type=char[])
OBJ 5000090d (sz=24, trace=300530, class=java.lang.StringBuilder@50000134)
ARR 5000090e (sz=48, trace=300531, nelems=0, elem type=char[])
OBJ 5000090f (sz=24, trace=300532, class=sun.security.action.GetPropertyAction@50000064)
ARR 50000910 (sz=104, trace=300010, nelems=0, elem type=char[])
ARR 50000911 (sz=192, trace=300010, nelems=0, elem type=char[])
OBJ 50000912 (sz=24, trace=300533, class=java.lang.String@50000181)
ARR 50000913 (sz=152, trace=300534, nelems=0, elem type=char[])
OBJ 50000914 (sz=32, trace=300535, class=java.io.File@5000012e)
OBJ 50000916 (sz=16, trace=300537, class=sun.util.locale.provider.JRELocaleProviderAdapter$1@50000915)
OBJ 50000917 (sz=24, trace=300528, class=java.lang.String@50000181)
	value		50000918
ARR 50000918 (sz=4, trace=300529, nelems=2, elem type=char[])
OBJ 50000919 (sz=32, trace=300229, class=java.util.HashMap$Node@500000d7)
	key		50000917
	value		50001772
	next		50000a28
ARR 5000091a (sz=144, trace=300538, nelems=0, elem type=java.util.HashMap$Node[]@500000d5)
OBJ 5000091b (sz=24, trace=300528, class=java.lang.String@50000181)
	value		5000091c
ARR 5000091c (sz=10, trace=300529, nelems=5, elem type=char[])
OBJ 5000091d (sz=32, trace=300229, class=java.util.HashMap$Node@500000d7)
	key		5000091b
	value		50001772
	next		5000099a
OBJ 5000091e (sz=24, trace=300528, class=java.lang.String@50000181)
	value		5000091f
ARR 5000091f (sz=10, trace=300529, nelems=5, elem type=char[])
OBJ 50000920 (sz=32, trace=300229, class=java.util.HashMap$Node@500000d7)
	key		5000091e
	value		50001772
OBJ 50000921 (sz=24, trace=300528, class=java.lang.String@50000181)
	value		50000922
ARR 50000922 (sz=10, trace=300529, nelems=5, elem type=char[])
OBJ 50000923 (sz=32, trace=300229, class=java.util.HashMap$Node@500000d7)
	key		50000921
	value		50001772
OBJ 50000924 (sz=24, trace=300528, class=java.lang.String@50000181)
	value		50000925
ARR 50000925 (sz=4, trace=300529, nelems=2, elem type=char[])
OBJ 50000926 (sz=32, trace=300229, class=java.util.HashMap$Node@500000d7)
	key		50000924
	value		50001772
	next		500009c4
OBJ 50000927 (sz=24, trace=300528, class=java.lang.String@50000181)
	value		50000928
ARR 50000928 (sz=10, trace=300529, nelems=5, elem type=char[])
OBJ 50000929 (sz=32, trace=300190, class=java.util.HashMap$Node@500000d7)
	key		50000927
	value		50001772
OBJ 5000092a (sz=24, trace=300528, class=java.lang.String@50000181)
	value		5000092b
ARR 5000092b (sz=4, trace=300529, nelems=2, elem type=char[])
OBJ 5000092c (sz=32, trace=300190, class=java.util.HashMap$Node@500000d7)
	key		5000092a
	value		50001772
	next		5000098b
OBJ 5000092d (sz=24, trace=300528, class=java.lang.String@50000181)
	value		5000092e
ARR 5000092e (sz=10, trace=300529, nelems=5, elem type=char[])
OBJ 5000092f (sz=32, trace=300229, class=java.util.HashMap$Node@500000d7)
	key		5000092d
	value		50001772
	next		50000a46
OBJ 50000930 (sz=24, trace=300528, class=java.lang.String@50000181)
	value		50000931
ARR 50000931 (sz=4, trace=300529, nelems=2, elem type=char[])
OBJ 50000932 (sz=32, trace=300229, class=java.util.HashMap$Node@500000d7)
	key		50000930
	value		50001772
	next		50000a4c
OBJ 50000933 (sz=24, trace=300528, class=java.lang.String@50000181)
	value		50000934
ARR 50000934 (sz=10, trace=300529, nelems=5, elem type=char[])
OBJ 50000935 (sz=32, trace=300190, class=java.util.HashMap$Node@500000d7)
	key		50000933
	value		50001772
	next		5000094e
OBJ 50000936 (sz=24, trace=300528, class=java.lang.String@50000181)
	value		50000937
ARR 50000937 (sz=4, trace=300529, nelems=2, elem type=char[])
OBJ 50000938 (sz=32, trace=300190, class=java.util.HashMap$Node@500000d7)
	key		50000936
	value		50001772
OBJ 50000939 (sz=24, trace=300528, class=java.lang.String@50000181)
	value		5000093a
ARR 5000093a (sz=10, trace=300529, nelems=5, elem type=char[])
OBJ 5000093b (sz=32, trace=300190, class=java.util.HashMap$Node@500000d7)
	key		50000939
	value		50001772
OBJ 5000093c (sz=24, trace=300528, class=java.lang.String@50000181)
	value		5000093d
ARR 5000093d (sz=4, trace=300529, nelems=2, elem type=char[])
OBJ 5000093e (sz=32, trace=300229, class=java.util.HashMap$Node@500000d7)
	key		5000093c
	value		50001772
ARR 5000093f (sz=272, trace=300538, nelems=0, elem type=java.util.HashMap$Node[]@500000d5)
OBJ 50000940 (sz=24, trace=300528, class=java.lang.String@50000181)
	value		50000941
ARR 50000941 (sz=10, trace=300529, nelems=5, elem type=char[])
OBJ 50000942 (sz=32, trace=300190, class=java.util.HashMap$Node@500000d7)
	key		50000940
	value		50001772
OBJ 50000943 (sz=24, trace=300528, class=java.lang.String@50000181)
	value		50000944
ARR 50000944 (sz=4, trace=300529, nelems=2, elem type=char[])
OBJ 50000945 (sz=32, trace=300229, class=java.util.HashMap$Node@500000d7)
	key		50000943
	value		50001772
	next		50000a7c
OBJ 50000946 (sz=24, trace=300528, class=java.lang.String@50000181)
	value		50000947
ARR 50000947 (sz=10, trace=300529, nelems=5, elem type=char[])
OBJ 50000948 (sz=32, trace=300190, class=java.util.HashMap$Node@500000d7)
	key		50000946
	value		50001772
OBJ 50000949 (sz=24, trace=300528, class=java.lang.String@50000181)
	value		5000094a
ARR 5000094a (sz=10, trace=300529, nelems=5, elem type=char[])
OBJ 5000094b (sz=32, trace=300229, class=java.util.HashMap$Node@500000d7)
	key		50000949
	value		50001772
	next		500009eb
OBJ 5000094c (sz=24, trace=300528, class=java.lang.String@50000181)
	value		5000094d
ARR 5000094d (sz=10, trace=300529, nelems=5, elem type=char[])
OBJ 5000094e (sz=32, trace=300229, class=java.util.HashMap$Node@500000d7)
	key		5000094c
	value		50001772
OBJ 5000094f (sz=24, trace=300528, class=java.lang.String@50000181)
	value		50000950
ARR 50000950 (sz=10, trace=300529, nelems=5, elem type=char[])
OBJ 50000951 (sz=32, trace=300229, class=java.util.HashMap$Node@500000d7)
	key		5000094f
	value		50001772
OBJ 50000952 (sz=24, trace=300528, class=java.lang.String@50000181)
	value		50000953
ARR 50000953 (sz=4, trace=300529, nelems=2, elem type=char[])
OBJ 50000954 (sz=32, trace=300190, class=java.util.HashMap$Node@500000d7)
	key		50000952
	value		50001772
	next		50000a0c
OBJ 50000955 (sz=24, trace=300528, class=java.lang.String@50000181)
	value		50000956
ARR 50000956 (sz=10, trace=300529, nelems=5, elem type=char[])
OBJ 50000957 (sz=32, trace=300229, class=java.util.HashMap$Node@500000d7)
	key		50000955
	value		50001772
OBJ 50000958 (sz=24, trace=300528, class=java.lang.String@50000181)
	value		50000959
ARR 50000959 (sz=10, trace=300529, nelems=5, elem type=char[])
OBJ 5000095a (sz=32, trace=300229, class=java.util.HashMap$Node@500000d7)
	key		50000958
	value		50001772
OBJ 5000095b (sz=24, trace=300528, class=java.lang.String@50000181)
	value		5000095c
ARR 5000095c (sz=4, trace=300529, nelems=2, elem type=char[])
OBJ 5000095d (sz=32, trace=300190, class=java.util.HashMap$Node@500000d7)
	key		5000095b
	value		50001772
OBJ 5000095e (sz=24, trace=300528, class=java.lang.String@50000181)
	value		5000095f
ARR 5000095f (sz=10, trace=300529, nelems=5, elem type=char[])
OBJ 50000960 (sz=32, trace=300190, class=java.util.HashMap$Node@500000d7)
	key		5000095e
	value		50001772
	next		50000a6d
OBJ 50000961 (sz=24, trace=300528, class=java.lang.String@50000181)
	value		50000962
ARR 50000962 (sz=10, trace=300529, nelems=5, elem type=char[])
OBJ 50000963 (sz=32, trace=300229, class=java.util.HashMap$Node@500000d7)
	key		50000961
	value		50001772
OBJ 50000964 (sz=24, trace=300528, class=java.lang.String@50000181)
	value		50000965
ARR 50000965 (sz=10, trace=300529, nelems=5, elem type=char[])
OBJ 50000966 (sz=32, trace=300190, class=java.util.HashMap$Node@500000d7)
	key		50000964
	value		50001772
OBJ 50000967 (sz=24, trace=300528, class=java.lang.String@50000181)
	value		50000968
ARR 50000968 (sz=10, trace=300529, nelems=5, elem type=char[])
OBJ 50000969 (sz=32, trace=300190, class=java.util.HashMap$Node@500000d7)
	key		50000967
	value		50001772
OBJ 5000096a (sz=24, trace=300528, class=java.lang.String@50000181)
	value		5000096b
ARR 5000096b (sz=10, trace=300529, nelems=5, elem type=char[])
OBJ 5000096c (sz=32, trace=300229, class=java.util.HashMap$Node@500000d7)
	key		5000096a
	value		50001772
	next		500009d3
OBJ 5000096d (sz=24, trace=300528, class=java.lang.String@50000181)
	value		5000096e
ARR 5000096e (sz=10, trace=300529, nelems=5, elem type=char[])
OBJ 5000096f (sz=32, trace=300190, class=java.util.HashMap$Node@500000d7)
	key		5000096d
	value		50001772
OBJ 50000970 (sz=24, trace=300528, class=java.lang.String@50000181)
	value		50000971
ARR 50000971 (sz=10, trace=300529, nelems=5, elem type=char[])
OBJ 50000972 (sz=32, trace=300229, class=java.util.HashMap$Node@500000d7)
	key		50000970
	value		50001772
	next		50000994
OBJ 50000973 (sz=24, trace=300528, class=java.lang.String@50000181)
	value		50000974
ARR 50000974 (sz=10, trace=300529, nelems=5, elem type=char[])
OBJ 50000975 (sz=32, trace=300229, class=java.util.HashMap$Node@500000d7)
	key		50000973
	value		50001772
OBJ 50000976 (sz=24, trace=300528, class=java.lang.String@50000181)
	value		50000977
ARR 50000977 (sz=10, trace=300529, nelems=5, elem type=char[])
OBJ 50000978 (sz=32, trace=300190, class=java.util.HashMap$Node@500000d7)
	key		50000976
	value		50001772
OBJ 50000979 (sz=24, trace=300528, class=java.lang.String@50000181)
	value		5000097a
ARR 5000097a (sz=10, trace=300529, nelems=5, elem type=char[])
OBJ 5000097b (sz=32, trace=300229, class=java.util.HashMap$Node@500000d7)
	key		50000979
	value		50001772
OBJ 5000097c (sz=24, trace=300528, class=java.lang.String@50000181)
	value		5000097d
ARR 5000097d (sz=10, trace=300529, nelems=5, elem type=char[])
OBJ 5000097e (sz=32, trace=300229, class=java.util.HashMap$Node@500000d7)
	key		5000097c
	value		50001772
	next		50000a5b
OBJ 5000097f (sz=24, trace=300528, class=java.lang.String@50000181)
	value		50000980
ARR 50000980 (sz=10, trace=300529, nelems=5, elem type=char[])
OBJ 50000981 (sz=32, trace=300229, class=java.util.HashMap$Node@500000d7)
	key		5000097f
	value		50001772
OBJ 50000982 (sz=24, trace=300528, class=java.lang.String@50000181)
	value		50000983
ARR 50000983 (sz=10, trace=300529, nelems=5, elem type=char[])
OBJ 50000984 (sz=32, trace=300229, class=java.util.HashMap$Node@500000d7)
	key		50000982
	value		50001772
	next		50000a37
OBJ 50000985 (sz=24, trace=300528, class=java.lang.String@50000181)
	value		50000986
ARR 50000986 (sz=10, trace=300529, nelems=5, elem type=char[])
OBJ 50000987 (sz=32, trace=300229, class=java.util.HashMap$Node@500000d7)
	key		50000985
	value		50001772
ARR 50000988 (sz=528, trace=300538, nelems=0, elem type=java.util.HashMap$Node[]@500000d5)
OBJ 50000989 (sz=24, trace=300528, class=java.lang.String@50000181)
	value		5000098a
ARR 5000098a (sz=10, trace=300529, nelems=5, elem type=char[])
OBJ 5000098b (sz=32, trace=300229, class=java.util.HashMap$Node@500000d7)
	key		50000989
	value		50001772
OBJ 5000098c (sz=24, trace=300528, class=java.lang.String@50000181)
	value		5000098d
ARR 5000098d (sz=10, trace=300529, nelems=5, elem type=char[])
OBJ 5000098e (sz=32, trace=300190, class=java.util.HashMap$Node@500000d7)
	key		5000098c
	value		50001772
OBJ 5000098f (sz=24, trace=300528, class=java.lang.String@50000181)
	value		50000990
ARR 50000990 (sz=10, trace=300529, nelems=5, elem type=char[])
OBJ 50000991 (sz=32, trace=300190, class=java.util.HashMap$Node@500000d7)
	key		5000098f
	value		50001772
OBJ 50000992 (sz=24, trace=300528, class=java.lang.String@50000181)
	value		50000993
ARR 50000993 (sz=10, trace=300529, nelems=5, elem type=char[])
OBJ 50000994 (sz=32, trace=300229, class=java.util.HashMap$Node@500000d7)
	key		50000992
	value		50001772
OBJ 50000995 (sz=24, trace=300528, class=java.lang.String@50000181)
	value		50000996
ARR 50000996 (sz=10, trace=300529, nelems=5, elem type=char[])
OBJ 50000997 (sz=32, trace=300190, class=java.util.HashMap$Node@500000d7)
	key		50000995
	value		50001772
OBJ 50000998 (sz=24, trace=300528, class=java.lang.String@50000181)
	value		50000999
ARR 50000999 (sz=10, trace=300529, nelems=5, elem type=char[])
OBJ 5000099a (sz=32, trace=300229, class=java.util.HashMap$Node@500000d7)
	key		50000998
	value		50001772
OBJ 5000099b (sz=24, trace=300528, class=java.lang.String@50000181)
	value		5000099c
ARR 5000099c (sz=4, trace=300529, nelems=2, elem type=char[])
OBJ 5000099d (sz=32, trace=300229, class=java.util.HashMap$Node@500000d7)
	key		5000099b
	value		50001772
OBJ 5000099e (sz=24, trace=300528, class=java.lang.String@50000181)
	value		5000099f
ARR 5000099f (sz=10, trace=300529, nelems=5, elem type=char[])
OBJ 500009a0 (sz=32, trace=300190, class=java.util.HashMap$Node@500000d7)
	key		5000099e
	value		50001772
	next		500009dc
OBJ 500009a1 (sz=24, trace=300528, class=java.lang.String@50000181)
	value		500009a2
ARR 500009a2 (sz=4, trace=300529, nelems=2, elem type=char[])
OBJ 500009a3 (sz=32, trace=300229, class=java.util.HashMap$Node@500000d7)
	key		500009a1
	value		50001772
OBJ 500009a4 (sz=24, trace=300528, class=java.lang.String@50000181)
	value		500009a5
ARR 500009a5 (sz=10, trace=300529, nelems=5, elem type=char[])
OBJ 500009a6 (sz=32, trace=300190, class=java.util.HashMap$Node@500000d7)
	key		500009a4
	value		50001772
OBJ 500009a7 (sz=24, trace=300528, class=java.lang.String@50000181)
	value		500009a8
ARR 500009a8 (sz=4, trace=300529, nelems=2, elem type=char[])
OBJ 500009a9 (sz=32, trace=300229, class=java.util.HashMap$Node@500000d7)
	key		500009a7
	value		50001772
	next		50000a49
OBJ 500009aa (sz=24, trace=300528, class=java.lang.String@50000181)
	value		500009ab
ARR 500009ab (sz=10, trace=300529, nelems=5, elem type=char[])
OBJ 500009ac (sz=32, trace=300190, class=java.util.HashMap$Node@500000d7)
	key		500009aa
	value		50001772
OBJ 500009ad (sz=24, trace=300528, class=java.lang.String@50000181)
	value		500009ae
ARR 500009ae (sz=10, trace=300529, nelems=5, elem type=char[])
OBJ 500009af (sz=32, trace=300229, class=java.util.HashMap$Node@500000d7)
	key		500009ad
	value		50001772
	next		500009e2
OBJ 500009b0 (sz=24, trace=300528, class=java.lang.String@50000181)
	value		500009b1
ARR 500009b1 (sz=10, trace=300529, nelems=5, elem type=char[])
OBJ 500009b2 (sz=32, trace=300190, class=java.util.HashMap$Node@500000d7)
	key		500009b0
	value		50001772
OBJ 500009b3 (sz=24, trace=300528, class=java.lang.String@50000181)
	value		500009b4
ARR 500009b4 (sz=10, trace=300529, nelems=5, elem type=char[])
OBJ 500009b5 (sz=32, trace=300190, class=java.util.HashMap$Node@500000d7)
	key		500009b3
	value		50001772
OBJ 500009b6 (sz=24, trace=300528, class=java.lang.String@50000181)
	value		500009b7
ARR 500009b7 (sz=4, trace=300529, nelems=2, elem type=char[])
OBJ 500009b8 (sz=32, trace=300190, class=java.util.HashMap$Node@500000d7)
	key		500009b6
	value		50001772
OBJ 500009b9 (sz=24, trace=300528, class=java.lang.String@50000181)
	value		500009ba
ARR 500009ba (sz=10, trace=300529, nelems=5, elem type=char[])
OBJ 500009bb (sz=32, trace=300190, class=java.util.HashMap$Node@500000d7)
	key		500009b9
	value		50001772
	next		500009e8
OBJ 500009bc (sz=24, trace=300528, class=java.lang.String@50000181)
	value		500009bd
ARR 500009bd (sz=10, trace=300529, nelems=5, elem type=char[])
OBJ 500009be (sz=32, trace=300190, class=java.util.HashMap$Node@500000d7)
	key		500009bc
	value		50001772
OBJ 500009bf (sz=24, trace=300528, class=java.lang.String@50000181)
	value		500009c0
ARR 500009c0 (sz=4, trace=300529, nelems=2, elem type=char[])
OBJ 500009c1 (sz=32, trace=300229, class=java.util.HashMap$Node@500000d7)
	key		500009bf
	value		50001772
OBJ 500009c2 (sz=24, trace=300528, class=java.lang.String@50000181)
	value		500009c3
ARR 500009c3 (sz=10, trace=300529, nelems=5, elem type=char[])
OBJ 500009c4 (sz=32, trace=300229, class=java.util.HashMap$Node@500000d7)
	key		500009c2
	value		50001772
	next		50000a3a
OBJ 500009c5 (sz=24, trace=300528, class=java.lang.String@50000181)
	value		500009c6
ARR 500009c6 (sz=4, trace=300529, nelems=2, elem type=char[])
OBJ 500009c7 (sz=32, trace=300190, class=java.util.HashMap$Node@500000d7)
	key		500009c5
	value		50001772
OBJ 500009c8 (sz=24, trace=300528, class=java.lang.String@50000181)
	value		500009c9
ARR 500009c9 (sz=10, trace=300529, nelems=5, elem type=char[])
OBJ 500009ca (sz=32, trace=300190, class=java.util.HashMap$Node@500000d7)
	key		500009c8
	value		50001772
OBJ 500009cb (sz=24, trace=300528, class=java.lang.String@50000181)
	value		500009cc
ARR 500009cc (sz=4, trace=300529, nelems=2, elem type=char[])
OBJ 500009cd (sz=32, trace=300190, class=java.util.HashMap$Node@500000d7)
	key		500009cb
	value		50001772
OBJ 500009ce (sz=24, trace=300528, class=java.lang.String@50000181)
	value		500009cf
ARR 500009cf (sz=10, trace=300529, nelems=5, elem type=char[])
OBJ 500009d0 (sz=32, trace=300229, class=java.util.HashMap$Node@500000d7)
	key		500009ce
	value		50001772
OBJ 500009d1 (sz=24, trace=300528, class=java.lang.String@50000181)
	value		500009d2
ARR 500009d2 (sz=4, trace=300529, nelems=2, elem type=char[])
OBJ 500009d3 (sz=32, trace=300229, class=java.util.HashMap$Node@500000d7)
	key		500009d1
	value		50001772
OBJ 500009d4 (sz=24, trace=300528, class=java.lang.String@50000181)
	value		500009d5
ARR 500009d5 (sz=10, trace=300529, nelems=5, elem type=char[])
OBJ 500009d6 (sz=32, trace=300190, class=java.util.HashMap$Node@500000d7)
	key		500009d4
	value		50001772
OBJ 500009d7 (sz=24, trace=300528, class=java.lang.String@50000181)
	value		500009d8
ARR 500009d8 (sz=4, trace=300529, nelems=2, elem type=char[])
OBJ 500009d9 (sz=32, trace=300190, class=java.util.HashMap$Node@500000d7)
	key		500009d7
	value		50001772
OBJ 500009da (sz=24, trace=300528, class=java.lang.String@50000181)
	value		500009db
ARR 500009db (sz=10, trace=300529, nelems=5, elem type=char[])
OBJ 500009dc (sz=32, trace=300229, class=java.util.HashMap$Node@500000d7)
	key		500009da
	value		50001772
	next		50000a76
OBJ 500009dd (sz=24, trace=300528, class=java.lang.String@50000181)
	value		500009de
ARR 500009de (sz=10, trace=300529, nelems=5, elem type=char[])
OBJ 500009df (sz=32, trace=300229, class=java.util.HashMap$Node@500000d7)
	key		500009dd
	value		50001772
OBJ 500009e0 (sz=24, trace=300528, class=java.lang.String@50000181)
	value		500009e1
ARR 500009e1 (sz=4, trace=300529, nelems=2, elem type=char[])
OBJ 500009e2 (sz=32, trace=300229, class=java.util.HashMap$Node@500000d7)
	key		500009e0
	value		50001772
	next		50000a85
OBJ 500009e3 (sz=24, trace=300528, class=java.lang.String@50000181)
	value		500009e4
ARR 500009e4 (sz=10, trace=300529, nelems=5, elem type=char[])
OBJ 500009e5 (sz=32, trace=300229, class=java.util.HashMap$Node@500000d7)
	key		500009e3
	value		50001772
OBJ 500009e6 (sz=24, trace=300528, class=java.lang.String@50000181)
	value		500009e7
ARR 500009e7 (sz=4, trace=300529, nelems=2, elem type=char[])
OBJ 500009e8 (sz=32, trace=300229, class=java.util.HashMap$Node@500000d7)
	key		500009e6
	value		50001772
OBJ 500009e9 (sz=24, trace=300528, class=java.lang.String@50000181)
	value		500009ea
ARR 500009ea (sz=10, trace=300529, nelems=5, elem type=char[])
OBJ 500009eb (sz=32, trace=300229, class=java.util.HashMap$Node@500000d7)
	key		500009e9
	value		50001772
	next		50000a00
OBJ 500009ec (sz=24, trace=300528, class=java.lang.String@50000181)
	value		500009ed
ARR 500009ed (sz=4, trace=300529, nelems=2, elem type=char[])
OBJ 500009ee (sz=32, trace=300190, class=java.util.HashMap$Node@500000d7)
	key		500009ec
	value		50001772
OBJ 500009ef (sz=24, trace=300528, class=java.lang.String@50000181)
	value		500009f0
ARR 500009f0 (sz=10, trace=300529, nelems=5, elem type=char[])
OBJ 500009f1 (sz=32, trace=300190, class=java.util.HashMap$Node@500000d7)
	key		500009ef
	value		50001772
OBJ 500009f2 (sz=24, trace=300528, class=java.lang.String@50000181)
	value		500009f3
ARR 500009f3 (sz=4, trace=300529, nelems=2, elem type=char[])
OBJ 500009f4 (sz=32, trace=300229, class=java.util.HashMap$Node@500000d7)
	key		500009f2
	value		50001772
OBJ 500009f5 (sz=24, trace=300528, class=java.lang.String@50000181)
	value		500009f6
ARR 500009f6 (sz=10, trace=300529, nelems=5, elem type=char[])
OBJ 500009f7 (sz=32, trace=300190, class=java.util.HashMap$Node@500000d7)
	key		500009f5
	value		50001772
OBJ 500009f8 (sz=24, trace=300528, class=java.lang.String@50000181)
	value		500009f9
ARR 500009f9 (sz=4, trace=300529, nelems=2, elem type=char[])
OBJ 500009fa (sz=32, trace=300229, class=java.util.HashMap$Node@500000d7)
	key		500009f8
	value		50001772
OBJ 500009fb (sz=24, trace=300528, class=java.lang.String@50000181)
	value		500009fc
ARR 500009fc (sz=10, trace=300529, nelems=5, elem type=char[])
OBJ 500009fd (sz=32, trace=300190, class=java.util.HashMap$Node@500000d7)
	key		500009fb
	value		50001772
	next		50000a22
OBJ 500009fe (sz=24, trace=300528, class=java.lang.String@50000181)
	value		500009ff
ARR 500009ff (sz=4, trace=300529, nelems=2, elem type=char[])
OBJ 50000a00 (sz=32, trace=300229, class=java.util.HashMap$Node@500000d7)
	key		500009fe
	value		50001772
OBJ 50000a01 (sz=24, trace=300528, class=java.lang.String@50000181)
	value		50000a02
ARR 50000a02 (sz=10, trace=300529, nelems=5, elem type=char[])
OBJ 50000a03 (sz=32, trace=300190, class=java.util.HashMap$Node@500000d7)
	key		50000a01
	value		50001772
OBJ 50000a04 (sz=24, trace=300528, class=java.lang.String@50000181)
	value		50000a05
ARR 50000a05 (sz=4, trace=300529, nelems=2, elem type=char[])
OBJ 50000a06 (sz=32, trace=300229, class=java.util.HashMap$Node@500000d7)
	key		50000a04
	value		50001772
OBJ 50000a07 (sz=24, trace=300528, class=java.lang.String@50000181)
	value		50000a08
ARR 50000a08 (sz=10, trace=300529, nelems=5, elem type=char[])
OBJ 50000a09 (sz=32, trace=300190, class=java.util.HashMap$Node@500000d7)
	key		50000a07
	value		50001772
OBJ 50000a0a (sz=24, trace=300528, class=java.lang.String@50000181)
	value		50000a0b
ARR 50000a0b (sz=4, trace=300529, nelems=2, elem type=char[])
OBJ 50000a0c (sz=32, trace=300229, class=java.util.HashMap$Node@500000d7)
	key		50000a0a
	value		50001772
OBJ 50000a0d (sz=24, trace=300528, class=java.lang.String@50000181)
	value		50000a0e
ARR 50000a0e (sz=10, trace=300529, nelems=5, elem type=char[])
OBJ 50000a0f (sz=32, trace=300190, class=java.util.HashMap$Node@500000d7)
	key		50000a0d
	value		50001772
OBJ 50000a10 (sz=24, trace=300528, class=java.lang.String@50000181)
	value		50000a11
ARR 50000a11 (sz=4, trace=300529, nelems=2, elem type=char[])
OBJ 50000a12 (sz=32, trace=300229, class=java.util.HashMap$Node@500000d7)
	key		50000a10
	value		50001772
OBJ 50000a13 (sz=24, trace=300528, class=java.lang.String@50000181)
	value		50000a14
ARR 50000a14 (sz=10, trace=300529, nelems=5, elem type=char[])
OBJ 50000a15 (sz=32, trace=300229, class=java.util.HashMap$Node@500000d7)
	key		50000a13
	value		50001772
	next		50000a88
OBJ 50000a16 (sz=24, trace=300528, class=java.lang.String@50000181)
	value		50000a17
ARR 50000a17 (sz=10, trace=300529, nelems=5, elem type=char[])
OBJ 50000a18 (sz=32, trace=300190, class=java.util.HashMap$Node@500000d7)
	key		50000a16
	value		50001772
ARR 50000a19 (sz=1040, trace=300538, nelems=256, elem type=java.util.HashMap$Node[]@500000d5)
	[1]		500008f5
	[4]		50000a2b
	[7]		50000a09
	[8]		500008f8
	[9]		50000923
	[10]		5000090a
	[12]		50000a1f
	[13]		500009c7
	[16]		5000095a
	[18]		50000a18
	[23]		50000a58
	[25]		500008ec
	[28]		50000a03
	[34]		500009ca
	[37]		500009cd
	[38]		50000991
	[42]		5000096c
	[43]		500009d9
	[44]		50000966
	[46]		500009af
	[47]		50000969
	[49]		50000919
	[50]		50000a31
	[53]		500009ac
	[55]		500009bb
	[57]		50000904
	[61]		50000a34
	[65]		5000097b
	[67]		50000926
	[69]		5000092c
	[76]		5000098e
	[79]		50000a61
	[80]		50000948
	[81]		500009d6
	[88]		50000a40
	[89]		5000092f
	[92]		5000093b
	[93]		50000901
	[94]		50000932
	[95]		50000a52
	[99]		50000a67
	[100]		500009ee
	[101]		50000a91
	[102]		500009f1
	[104]		50000a43
	[105]		50000a5e
	[112]		50000938
	[113]		50000a3d
	[114]		50000a4f
	[116]		50000960
	[118]		50000a6a
	[122]		50000942
	[125]		5000093e
	[126]		50000a73
	[129]		50000945
	[131]		50000907
	[133]		500009fd
	[136]		500009f4
	[138]		500008fb
	[141]		50000a15
	[150]		50000a79
	[152]		500009be
	[157]		50000957
	[158]		5000094b
	[166]		50000a06
	[167]		50000954
	[168]		50000978
	[169]		500008e9
	[174]		5000095d
	[175]		5000099d
	[176]		50000987
	[177]		500008fe
	[178]		50000929
	[179]		50000a7f
	[180]		50000984
	[184]		50000a0f
	[186]		500009a0
	[188]		500009b5
	[189]		50000a82
	[190]		500008f2
	[192]		500009a6
	[193]		50000a1c
	[195]		500008ef
	[202]		500009f7
	[204]		500009a9
	[206]		5000096f
	[215]		500009b2
	[217]		50000972
	[218]		500009b8
	[220]		500009e5
	[226]		50000935
	[228]		50000a55
	[229]		50000a8b
	[230]		50000a2e
	[231]		50000997
	[233]		50000975
	[234]		5000091d
	[238]		5000097e
	[240]		500009df
	[250]		50000951
	[252]		50000a25
	[254]		50000981
	[255]		50000a70
OBJ 50000a1a (sz=24, trace=300528, class=java.lang.String@50000181)
	value		50000a1b
ARR 50000a1b (sz=4, trace=300529, nelems=2, elem type=char[])
OBJ 50000a1c (sz=32, trace=300190, class=java.util.HashMap$Node@500000d7)
	key		50000a1a
	value		50001772
OBJ 50000a1d (sz=24, trace=300528, class=java.lang.String@50000181)
	value		50000a1e
ARR 50000a1e (sz=10, trace=300529, nelems=5, elem type=char[])
OBJ 50000a1f (sz=32, trace=300190, class=java.util.HashMap$Node@500000d7)
	key		50000a1d
	value		50001772
OBJ 50000a20 (sz=24, trace=300528, class=java.lang.String@50000181)
	value		50000a21
ARR 50000a21 (sz=16, trace=300529, nelems=8, elem type=char[])
OBJ 50000a22 (sz=32, trace=300229, class=java.util.HashMap$Node@500000d7)
	key		50000a20
	value		50001772
OBJ 50000a23 (sz=24, trace=300528, class=java.lang.String@50000181)
	value		50000a24
ARR 50000a24 (sz=4, trace=300529, nelems=2, elem type=char[])
OBJ 50000a25 (sz=32, trace=300190, class=java.util.HashMap$Node@500000d7)
	key		50000a23
	value		50001772
OBJ 50000a26 (sz=24, trace=300528, class=java.lang.String@50000181)
	value		50000a27
ARR 50000a27 (sz=10, trace=300529, nelems=5, elem type=char[])
OBJ 50000a28 (sz=32, trace=300229, class=java.util.HashMap$Node@500000d7)
	key		50000a26
	value		50001772
OBJ 50000a29 (sz=24, trace=300528, class=java.lang.String@50000181)
	value		50000a2a
ARR 50000a2a (sz=4, trace=300529, nelems=2, elem type=char[])
OBJ 50000a2b (sz=32, trace=300190, class=java.util.HashMap$Node@500000d7)
	key		50000a29
	value		50001772
OBJ 50000a2c (sz=24, trace=300528, class=java.lang.String@50000181)
	value		50000a2d
ARR 50000a2d (sz=10, trace=300529, nelems=5, elem type=char[])
OBJ 50000a2e (sz=32, trace=300190, class=java.util.HashMap$Node@500000d7)
	key		50000a2c
	value		50001772
	next		50000a64
OBJ 50000a2f (sz=24, trace=300528, class=java.lang.String@50000181)
	value		50000a30
ARR 50000a30 (sz=10, trace=300529, nelems=5, elem type=char[])
OBJ 50000a31 (sz=32, trace=300190, class=java.util.HashMap$Node@500000d7)
	key		50000a2f
	value		50001772
OBJ 50000a32 (sz=24, trace=300528, class=java.lang.String@50000181)
	value		50000a33
ARR 50000a33 (sz=4, trace=300529, nelems=2, elem type=char[])
OBJ 50000a34 (sz=32, trace=300190, class=java.util.HashMap$Node@500000d7)
	key		50000a32
	value		50001772
OBJ 50000a35 (sz=24, trace=300528, class=java.lang.String@50000181)
	value		50000a36
ARR 50000a36 (sz=10, trace=300529, nelems=5, elem type=char[])
OBJ 50000a37 (sz=32, trace=300229, class=java.util.HashMap$Node@500000d7)
	key		50000a35
	value		50001772
	next		50000a8e
OBJ 50000a38 (sz=24, trace=300528, class=java.lang.String@50000181)
	value		50000a39
ARR 50000a39 (sz=4, trace=300529, nelems=2, elem type=char[])
OBJ 50000a3a (sz=32, trace=300229, class=java.util.HashMap$Node@500000d7)
	key		50000a38
	value		50001772
OBJ 50000a3b (sz=24, trace=300528, class=java.lang.String@50000181)
	value		50000a3c
ARR 50000a3c (sz=10, trace=300529, nelems=5, elem type=char[])
OBJ 50000a3d (sz=32, trace=300190, class=java.util.HashMap$Node@500000d7)
	key		50000a3b
	value		50001772
OBJ 50000a3e (sz=24, trace=300528, class=java.lang.String@50000181)
	value		50000a3f
ARR 50000a3f (sz=4, trace=300529, nelems=2, elem type=char[])
OBJ 50000a40 (sz=32, trace=300190, class=java.util.HashMap$Node@500000d7)
	key		50000a3e
	value		50001772
OBJ 50000a41 (sz=24, trace=300528, class=java.lang.String@50000181)
	value		50000a42
ARR 50000a42 (sz=10, trace=300529, nelems=5, elem type=char[])
OBJ 50000a43 (sz=32, trace=300190, class=java.util.HashMap$Node@500000d7)
	key		50000a41
	value		50001772
OBJ 50000a44 (sz=24, trace=300528, class=java.lang.String@50000181)
	value		50000a45
ARR 50000a45 (sz=4, trace=300529, nelems=2, elem type=char[])
OBJ 50000a46 (sz=32, trace=300229, class=java.util.HashMap$Node@500000d7)
	key		50000a44
	value		50001772
OBJ 50000a47 (sz=24, trace=300528, class=java.lang.String@50000181)
	value		50000a48
ARR 50000a48 (sz=10, trace=300529, nelems=5, elem type=char[])
OBJ 50000a49 (sz=32, trace=300229, class=java.util.HashMap$Node@500000d7)
	key		50000a47
	value		50001772
OBJ 50000a4a (sz=24, trace=300528, class=java.lang.String@50000181)
	value		50000a4b
ARR 50000a4b (sz=4, trace=300529, nelems=2, elem type=char[])
OBJ 50000a4c (sz=32, trace=300229, class=java.util.HashMap$Node@500000d7)
	key		50000a4a
	value		50001772
OBJ 50000a4d (sz=24, trace=300528, class=java.lang.String@50000181)
	value		50000a4e
ARR 50000a4e (sz=10, trace=300529, nelems=5, elem type=char[])
OBJ 50000a4f (sz=32, trace=300190, class=java.util.HashMap$Node@500000d7)
	key		50000a4d
	value		50001772
OBJ 50000a50 (sz=24, trace=300528, class=java.lang.String@50000181)
	value		50000a51
ARR 50000a51 (sz=4, trace=300529, nelems=2, elem type=char[])
OBJ 50000a52 (sz=32, trace=300190, class=java.util.HashMap$Node@500000d7)
	key		50000a50
	value		50001772
OBJ 50000a53 (sz=24, trace=300528, class=java.lang.String@50000181)
	value		50000a54
ARR 50000a54 (sz=10, trace=300529, nelems=5, elem type=char[])
OBJ 50000a55 (sz=32, trace=300190, class=java.util.HashMap$Node@500000d7)
	key		50000a53
	value		50001772
OBJ 50000a56 (sz=24, trace=300528, class=java.lang.String@50000181)
	value		50000a57
ARR 50000a57 (sz=10, trace=300529, nelems=5, elem type=char[])
OBJ 50000a58 (sz=32, trace=300190, class=java.util.HashMap$Node@500000d7)
	key		50000a56
	value		50001772
OBJ 50000a59 (sz=24, trace=300528, class=java.lang.String@50000181)
	value		50000a5a
ARR 50000a5a (sz=14, trace=300529, nelems=7, elem type=char[])
OBJ 50000a5b (sz=32, trace=300229, class=java.util.HashMap$Node@500000d7)
	key		50000a59
	value		50001772
OBJ 50000a5c (sz=24, trace=300528, class=java.lang.String@50000181)
	value		50000a5d
ARR 50000a5d (sz=20, trace=300529, nelems=10, elem type=char[])
OBJ 50000a5e (sz=32, trace=300190, class=java.util.HashMap$Node@500000d7)
	key		50000a5c
	value		50001772
OBJ 50000a5f (sz=24, trace=300528, class=java.lang.String@50000181)
	value		50000a60
ARR 50000a60 (sz=10, trace=300529, nelems=5, elem type=char[])
OBJ 50000a61 (sz=32, trace=300190, class=java.util.HashMap$Node@500000d7)
	key		50000a5f
	value		50001772
OBJ 50000a62 (sz=24, trace=300528, class=java.lang.String@50000181)
	value		50000a63
ARR 50000a63 (sz=10, trace=300529, nelems=5, elem type=char[])
OBJ 50000a64 (sz=32, trace=300229, class=java.util.HashMap$Node@500000d7)
	key		50000a62
	value		50001772
OBJ 50000a65 (sz=24, trace=300528, class=java.lang.String@50000181)
	value		50000a66
ARR 50000a66 (sz=4, trace=300529, nelems=2, elem type=char[])
OBJ 50000a67 (sz=32, trace=300190, class=java.util.HashMap$Node@500000d7)
	key		50000a65
	value		50001772
OBJ 50000a68 (sz=24, trace=300528, class=java.lang.String@50000181)
	value		50000a69
ARR 50000a69 (sz=10, trace=300529, nelems=5, elem type=char[])
OBJ 50000a6a (sz=32, trace=300190, class=java.util.HashMap$Node@500000d7)
	key		50000a68
	value		50001772
OBJ 50000a6b (sz=24, trace=300528, class=java.lang.String@50000181)
	value		50000a6c
ARR 50000a6c (sz=4, trace=300529, nelems=2, elem type=char[])
OBJ 50000a6d (sz=32, trace=300229, class=java.util.HashMap$Node@500000d7)
	key		50000a6b
	value		50001772
OBJ 50000a6e (sz=24, trace=300528, class=java.lang.String@50000181)
	value		50000a6f
ARR 50000a6f (sz=10, trace=300529, nelems=5, elem type=char[])
OBJ 50000a70 (sz=32, trace=300190, class=java.util.HashMap$Node@500000d7)
	key		50000a6e
	value		50001772
OBJ 50000a71 (sz=24, trace=300528, class=java.lang.String@50000181)
	value		50000a72
ARR 50000a72 (sz=4, trace=300529, nelems=2, elem type=char[])
OBJ 50000a73 (sz=32, trace=300190, class=java.util.HashMap$Node@500000d7)
	key		50000a71
	value		50001772
OBJ 50000a74 (sz=24, trace=300528, class=java.lang.String@50000181)
	value		50000a75
ARR 50000a75 (sz=10, trace=300529, nelems=5, elem type=char[])
OBJ 50000a76 (sz=32, trace=300229, class=java.util.HashMap$Node@500000d7)
	key		50000a74
	value		50001772
OBJ 50000a77 (sz=24, trace=300528, class=java.lang.String@50000181)
	value		50000a78
ARR 50000a78 (sz=4, trace=300529, nelems=2, elem type=char[])
OBJ 50000a79 (sz=32, trace=300190, class=java.util.HashMap$Node@500000d7)
	key		50000a77
	value		50001772
OBJ 50000a7a (sz=24, trace=300528, class=java.lang.String@50000181)
	value		50000a7b
ARR 50000a7b (sz=10, trace=300529, nelems=5, elem type=char[])
OBJ 50000a7c (sz=32, trace=300229, class=java.util.HashMap$Node@500000d7)
	key		50000a7a
	value		50001772
OBJ 50000a7d (sz=24, trace=300528, class=java.lang.String@50000181)
	value		50000a7e
ARR 50000a7e (sz=4, trace=300529, nelems=2, elem type=char[])
OBJ 50000a7f (sz=32, trace=300190, class=java.util.HashMap$Node@500000d7)
	key		50000a7d
	value		50001772
OBJ 50000a80 (sz=24, trace=300528, class=java.lang.String@50000181)
	value		50000a81
ARR 50000a81 (sz=10, trace=300529, nelems=5, elem type=char[])
OBJ 50000a82 (sz=32, trace=300190, class=java.util.HashMap$Node@500000d7)
	key		50000a80
	value		50001772
OBJ 50000a83 (sz=24, trace=300528, class=java.lang.String@50000181)
	value		50000a84
ARR 50000a84 (sz=4, trace=300529, nelems=2, elem type=char[])
OBJ 50000a85 (sz=32, trace=300229, class=java.util.HashMap$Node@500000d7)
	key		50000a83
	value		50001772
OBJ 50000a86 (sz=24, trace=300528, class=java.lang.String@50000181)
	value		50000a87
ARR 50000a87 (sz=10, trace=300529, nelems=5, elem type=char[])
OBJ 50000a88 (sz=32, trace=300229, class=java.util.HashMap$Node@500000d7)
	key		50000a86
	value		50001772
OBJ 50000a89 (sz=24, trace=300528, class=java.lang.String@50000181)
	value		50000a8a
ARR 50000a8a (sz=10, trace=300529, nelems=5, elem type=char[])
OBJ 50000a8b (sz=32, trace=300190, class=java.util.HashMap$Node@500000d7)
	key		50000a89
	value		50001772
OBJ 50000a8c (sz=24, trace=300528, class=java.lang.String@50000181)
	value		50000a8d
ARR 50000a8d (sz=10, trace=300529, nelems=5, elem type=char[])
OBJ 50000a8e (sz=32, trace=300229, class=java.util.HashMap$Node@500000d7)
	key		50000a8c
	value		50001772
OBJ 50000a8f (sz=24, trace=300528, class=java.lang.String@50000181)
	value		50000a90
ARR 50000a90 (sz=10, trace=300529, nelems=5, elem type=char[])
OBJ 50000a91 (sz=32, trace=300190, class=java.util.HashMap$Node@500000d7)
	key		50000a8f
	value		50001772
ARR 50000a92 (sz=80, trace=300539, nelems=7, elem type=java.util.concurrent.ConcurrentHashMap$Node[]@50000023)
	[3]		5000126b
	[6]		50000a93
OBJ 50000a93 (sz=32, trace=300540, class=java.util.concurrent.ConcurrentHashMap$Node@50000024)
	key		50003664
	val		500008e3
OBJ 50000a94 (sz=24, trace=300541, class=sun.util.locale.provider.NumberFormatProviderImpl@500008d5)
	type		500008c0
	langtags	500008e3
OBJ 50000a96 (sz=48, trace=300543, class=java.util.HashMap@500000d9)
	table		50000ada
ARR 50000a98 (sz=120, trace=300544, nelems=0, elem type=java.lang.String[][]@50000a97)
ARR 50000a99 (sz=24, trace=300545, nelems=2, elem type=java.lang.String[]@500000db)
	[0]		50001d8b
	[1]		50001da3
ARR 50000a9a (sz=24, trace=300546, nelems=2, elem type=java.lang.String[]@500000db)
	[0]		50001d8d
	[1]		50001dbb
ARR 50000a9b (sz=24, trace=300547, nelems=2, elem type=java.lang.String[]@500000db)
	[0]		50001d8f
	[1]		50001d90
ARR 50000a9c (sz=24, trace=300548, nelems=2, elem type=java.lang.String[]@500000db)
	[0]		50001d94
	[1]		50001d8a
ARR 50000a9d (sz=24, trace=300549, nelems=2, elem type=java.lang.String[]@500000db)
	[0]		50001d95
	[1]		50001d8c
ARR 50000a9e (sz=24, trace=300550, nelems=2, elem type=java.lang.String[]@500000db)
	[0]		50001d96
	[1]		50001d91
ARR 50000a9f (sz=24, trace=300551, nelems=2, elem type=java.lang.String[]@500000db)
	[0]		50001d97
	[1]		50001db9
ARR 50000aa0 (sz=24, trace=300552, nelems=2, elem type=java.lang.String[]@500000db)
	[0]		50001d98
	[1]		50001d92
ARR 50000aa1 (sz=24, trace=300553, nelems=2, elem type=java.lang.String[]@500000db)
	[0]		50001d99
	[1]		50001db7
ARR 50000aa2 (sz=24, trace=300554, nelems=2, elem type=java.lang.String[]@500000db)
	[0]		50001d9a
	[1]		50001da5
ARR 50000aa3 (sz=24, trace=300555, nelems=2, elem type=java.lang.String[]@500000db)
	[0]		50001d9b
	[1]		50001daf
ARR 50000aa4 (sz=24, trace=300556, nelems=2, elem type=java.lang.String[]@500000db)
	[0]		50001d9c
	[1]		50001dad
ARR 50000aa5 (sz=24, trace=300557, nelems=2, elem type=java.lang.String[]@500000db)
	[0]		50001d9d
	[1]		50001dae
ARR 50000aa6 (sz=24, trace=300558, nelems=2, elem type=java.lang.String[]@500000db)
	[0]		50001d9e
	[1]		50001db5
ARR 50000aa7 (sz=24, trace=300559, nelems=2, elem type=java.lang.String[]@500000db)
	[0]		50001d9f
	[1]		50001db6
ARR 50000aa8 (sz=24, trace=300560, nelems=2, elem type=java.lang.String[]@500000db)
	[0]		50001da0
	[1]		50001db8
ARR 50000aa9 (sz=24, trace=300561, nelems=2, elem type=java.lang.String[]@500000db)
	[0]		50001dab
	[1]		50001da8
ARR 50000aaa (sz=24, trace=300562, nelems=2, elem type=java.lang.String[]@500000db)
	[0]		50001dac
	[1]		50001da9
ARR 50000aab (sz=24, trace=300563, nelems=2, elem type=java.lang.String[]@500000db)
	[0]		50001db2
	[1]		50001db0
ARR 50000aac (sz=24, trace=300564, nelems=2, elem type=java.lang.String[]@500000db)
	[0]		50001db3
	[1]		50001dba
ARR 50000aad (sz=24, trace=300565, nelems=2, elem type=java.lang.String[]@500000db)
	[0]		50001db4
	[1]		50001db1
ARR 50000aae (sz=24, trace=300566, nelems=2, elem type=java.lang.String[]@500000db)
	[0]		50001dbc
	[1]		50001d8e
ARR 50000aaf (sz=24, trace=300567, nelems=2, elem type=java.lang.String[]@500000db)
	[0]		50001dbd
	[1]		50001d92
ARR 50000ab0 (sz=24, trace=300568, nelems=2, elem type=java.lang.String[]@500000db)
	[0]		50001dbe
	[1]		50001da7
ARR 50000ab1 (sz=24, trace=300569, nelems=2, elem type=java.lang.String[]@500000db)
	[0]		50001dbf
	[1]		50001da6
ARR 50000ab2 (sz=24, trace=300570, nelems=2, elem type=java.lang.String[]@500000db)
	[0]		50001dc0
	[1]		50001d93
ARR 50000ab3 (sz=80, trace=300571, nelems=0, elem type=java.util.HashMap$Node[]@500000d5)
OBJ 50000ab4 (sz=32, trace=300190, class=java.util.HashMap$Node@500000d7)
	key		50001d8b
	value		50000a99
OBJ 50000ab5 (sz=32, trace=300190, class=java.util.HashMap$Node@500000d7)
	key		50001d8d
	value		50000a9a
ARR 50000ab6 (sz=40, trace=300572, nelems=0, elem type=char[])
OBJ 50000ab7 (sz=24, trace=300573, class=java.lang.String@50000181)
	value		50000ab8
ARR 50000ab8 (sz=18, trace=300574, nelems=9, elem type=char[])
OBJ 50000ab9 (sz=32, trace=300190, class=java.util.HashMap$Node@500000d7)
	key		50000ab7
	value		50000a9b
	next		50000abd
OBJ 50000aba (sz=32, trace=300190, class=java.util.HashMap$Node@500000d7)
	key		50001d94
	value		50000a9c
OBJ 50000abb (sz=32, trace=300229, class=java.util.HashMap$Node@500000d7)
	key		50001d95
	value		50000a9d
	next		50000ac5
OBJ 50000abc (sz=32, trace=300229, class=java.util.HashMap$Node@500000d7)
	key		50001d96
	value		50000a9e
OBJ 50000abd (sz=32, trace=300229, class=java.util.HashMap$Node@500000d7)
	key		50001d97
	value		50000a9f
	next		50000ad1
OBJ 50000abe (sz=32, trace=300229, class=java.util.HashMap$Node@500000d7)
	key		50001d98
	value		50000aa0
OBJ 50000abf (sz=32, trace=300190, class=java.util.HashMap$Node@500000d7)
	key		50001d99
	value		50000aa1
	next		50000ad9
OBJ 50000ac0 (sz=32, trace=300190, class=java.util.HashMap$Node@500000d7)
	key		50001d9a
	value		50000aa2
OBJ 50000ac1 (sz=32, trace=300190, class=java.util.HashMap$Node@500000d7)
	key		50001d9b
	value		50000aa3
OBJ 50000ac2 (sz=32, trace=300190, class=java.util.HashMap$Node@500000d7)
	key		50001d9c
	value		50000aa4
OBJ 50000ac3 (sz=32, trace=300190, class=java.util.HashMap$Node@500000d7)
	key		50001d9d
	value		50000aa5
ARR 50000ac4 (sz=144, trace=300575, nelems=0, elem type=java.util.HashMap$Node[]@500000d5)
OBJ 50000ac5 (sz=32, trace=300229, class=java.util.HashMap$Node@500000d7)
	key		50001d9e
	value		50000aa6
OBJ 50000ac6 (sz=32, trace=300229, class=java.util.HashMap$Node@500000d7)
	key		50001d9f
	value		50000aa7
	next		50000ac8
OBJ 50000ac7 (sz=32, trace=300190, class=java.util.HashMap$Node@500000d7)
	key		50001da0
	value		50000aa8
OBJ 50000ac8 (sz=32, trace=300229, class=java.util.HashMap$Node@500000d7)
	key		50001dab
	value		50000aa9
OBJ 50000ac9 (sz=32, trace=300190, class=java.util.HashMap$Node@500000d7)
	key		50001dac
	value		50000aaa
ARR 50000aca (sz=40, trace=300572, nelems=0, elem type=char[])
OBJ 50000acb (sz=24, trace=300573, class=java.lang.String@50000181)
	value		50000acc
ARR 50000acc (sz=18, trace=300574, nelems=9, elem type=char[])
OBJ 50000acd (sz=32, trace=300190, class=java.util.HashMap$Node@500000d7)
	key		50000acb
	value		50000aab
	next		50000ad7
ARR 50000ace (sz=40, trace=300572, nelems=0, elem type=char[])
OBJ 50000acf (sz=24, trace=300573, class=java.lang.String@50000181)
	value		50000ad0
ARR 50000ad0 (sz=18, trace=300574, nelems=9, elem type=char[])
OBJ 50000ad1 (sz=32, trace=300229, class=java.util.HashMap$Node@500000d7)
	key		50000acf
	value		50000aac
ARR 50000ad2 (sz=40, trace=300572, nelems=0, elem type=char[])
OBJ 50000ad3 (sz=24, trace=300573, class=java.lang.String@50000181)
	value		50000ad4
ARR 50000ad4 (sz=18, trace=300574, nelems=9, elem type=char[])
OBJ 50000ad5 (sz=32, trace=300229, class=java.util.HashMap$Node@500000d7)
	key		50000ad3
	value		50000aad
	next		50000adb
OBJ 50000ad6 (sz=32, trace=300190, class=java.util.HashMap$Node@500000d7)
	key		50001dbc
	value		50000aae
OBJ 50000ad7 (sz=32, trace=300229, class=java.util.HashMap$Node@500000d7)
	key		50001dbd
	value		50000aaf
OBJ 50000ad8 (sz=32, trace=300190, class=java.util.HashMap$Node@500000d7)
	key		50001dbe
	value		50000ab0
OBJ 50000ad9 (sz=32, trace=300229, class=java.util.HashMap$Node@500000d7)
	key		50001dbf
	value		50000ab1
ARR 50000ada (sz=272, trace=300575, nelems=64, elem type=java.util.HashMap$Node[]@500000d5)
	[1]		50000acd
	[3]		50000ab5
	[4]		50000aba
	[7]		50000ad5
	[13]		50000ad8
	[16]		50000ac9
	[17]		50000ac2
	[21]		50000ac6
	[35]		50000abb
	[39]		50000abc
	[47]		50000ac7
	[51]		50000abe
	[53]		50000ab4
	[54]		50000ac0
	[55]		50000ab9
	[59]		50000abf
	[61]		50000ad6
	[62]		50000ac3
	[63]		50000ac1
OBJ 50000adb (sz=32, trace=300229, class=java.util.HashMap$Node@500000d7)
	key		50001dc0
	value		50000ab2
OBJ 50000adc (sz=40, trace=300576, class=sun.util.locale.LanguageTag@50000a95)
OBJ 50000add (sz=24, trace=300577, class=java.lang.StringBuilder@50000134)
ARR 50000ade (sz=48, trace=300578, nelems=0, elem type=char[])
OBJ 50000ae0 (sz=16, trace=300580, class=java.util.Collections$EmptyIterator@50000adf)
OBJ 50000ae1 (sz=24, trace=300581, class=java.lang.String@50000181)
	value		50000ae2
ARR 50000ae2 (sz=10, trace=300582, nelems=5, elem type=char[])
ARR 50000ae3 (sz=80, trace=300583, nelems=1, elem type=java.util.concurrent.ConcurrentHashMap$Node[]@50000023)
	[0]		50000ae4
OBJ 50000ae4 (sz=32, trace=300584, class=java.util.concurrent.ConcurrentHashMap$Node@50000024)
	key		50001d0a
	val		500008b3
OBJ 50000ae6 (sz=16, trace=300586, class=java.lang.Object@50000185)
OBJ 50000ae7 (sz=32, trace=300587, class=sun.util.locale.provider.LocaleResources@50000ae5)
	locale		50001d0a
	localeData	50000aec
	type		500008c0
	cache		50000ae8
	referenceQueue	50000ae9
OBJ 50000ae8 (sz=64, trace=300588, class=java.util.concurrent.ConcurrentHashMap@5000002b)
	table		50000f38
OBJ 50000ae9 (sz=32, trace=300589, class=java.lang.ref.ReferenceQueue@5000015f)
	lock		50000aea
OBJ 50000aea (sz=16, trace=300590, class=java.lang.ref.ReferenceQueue$Lock@500000e4)
OBJ 50000aec (sz=16, trace=300592, class=sun.util.resources.LocaleData@50000aeb)
	type		500008c0
ARR 50000aed (sz=80, trace=300593, nelems=1, elem type=java.util.concurrent.ConcurrentHashMap$Node[]@50000023)
	[0]		50000aee
OBJ 50000aee (sz=32, trace=300594, class=java.util.concurrent.ConcurrentHashMap$Node@50000024)
	key		50001d0a
	val		50000ae7
OBJ 50000aef (sz=24, trace=300595, class=java.lang.StringBuilder@50000134)
ARR 50000af0 (sz=48, trace=300596, nelems=0, elem type=char[])
ARR 50000af1 (sz=88, trace=300010, nelems=0, elem type=char[])
OBJ 50000af2 (sz=24, trace=300597, class=java.lang.String@50000181)
	value		50000af3
ARR 50000af3 (sz=58, trace=300598, nelems=29, elem type=char[])
OBJ 50000af5 (sz=24, trace=300600, class=sun.util.resources.LocaleData$1@50000af4)
OBJ 50000af7 (sz=16, trace=300602, class=sun.util.resources.LocaleData$LocaleDataResourceBundleControl@50000af6)
OBJ 50000af8 (sz=56, trace=300603, class=java.util.ResourceBundle$CacheKey@50000755)
OBJ 50000af9 (sz=32, trace=300354, class=java.util.ResourceBundle$LoaderReference@50000758)
OBJ 50000afb (sz=24, trace=300376, class=java.util.ArrayList@500000f0)
ARR 50000afc (sz=40, trace=300605, nelems=0, elem type=java.lang.Object[]@5000011b)
OBJ 50000afd (sz=24, trace=300606, class=java.lang.String@50000181)
ARR 50000afe (sz=40, trace=300607, nelems=0, elem type=char[])
OBJ 50000aff (sz=32, trace=300608, class=java.util.ArrayList$Itr@500008ce)
OBJ 50000b00 (sz=40, trace=300576, class=sun.util.locale.LanguageTag@50000a95)
OBJ 50000b01 (sz=24, trace=300577, class=java.lang.StringBuilder@50000134)
ARR 50000b02 (sz=48, trace=300578, nelems=0, elem type=char[])
OBJ 50000b03 (sz=24, trace=300581, class=java.lang.String@50000181)
	value		50000b04
ARR 50000b04 (sz=20, trace=300582, nelems=10, elem type=char[])
OBJ 50000b05 (sz=24, trace=300609, class=java.lang.StringBuilder@50000134)
ARR 50000b06 (sz=56, trace=300610, nelems=0, elem type=char[])
OBJ 50000b07 (sz=24, trace=300611, class=java.lang.String@50000181)
ARR 50000b08 (sz=40, trace=300612, nelems=0, elem type=char[])
ARR 50000b09 (sz=40, trace=300613, nelems=0, elem type=char[])
OBJ 50000b0a (sz=24, trace=300614, class=java.lang.String@50000181)
OBJ 50000b0b (sz=40, trace=300576, class=sun.util.locale.LanguageTag@50000a95)
OBJ 50000b0c (sz=24, trace=300577, class=java.lang.StringBuilder@50000134)
ARR 50000b0d (sz=48, trace=300578, nelems=0, elem type=char[])
OBJ 50000b0e (sz=24, trace=300581, class=java.lang.String@50000181)
	value		50000b0f
ARR 50000b0f (sz=14, trace=300582, nelems=7, elem type=char[])
OBJ 50000b10 (sz=24, trace=300609, class=java.lang.StringBuilder@50000134)
ARR 50000b11 (sz=56, trace=300610, nelems=0, elem type=char[])
OBJ 50000b12 (sz=24, trace=300611, class=java.lang.String@50000181)
ARR 50000b13 (sz=40, trace=300612, nelems=0, elem type=char[])
ARR 50000b14 (sz=40, trace=300613, nelems=0, elem type=char[])
OBJ 50000b15 (sz=24, trace=300614, class=java.lang.String@50000181)
OBJ 50000b16 (sz=40, trace=300576, class=sun.util.locale.LanguageTag@50000a95)
OBJ 50000b17 (sz=24, trace=300577, class=java.lang.StringBuilder@50000134)
ARR 50000b18 (sz=48, trace=300578, nelems=0, elem type=char[])
OBJ 50000b19 (sz=24, trace=300581, class=java.lang.String@50000181)
	value		50000b1a
ARR 50000b1a (sz=4, trace=300582, nelems=2, elem type=char[])
OBJ 50000b1b (sz=32, trace=300378, class=java.util.ResourceBundle$LoaderReference@50000758)
OBJ 50000b1c (sz=16, trace=300379, class=java.lang.Object@50000185)
OBJ 50000b1d (sz=32, trace=300412, class=java.util.concurrent.ConcurrentHashMap$Node@50000024)
	key		50000af2
	val		50000b1c
ARR 50000b20 (sz=16, trace=300383, nelems=0, elem type=java.lang.Class[]@50000116)
OBJ 50000b21 (sz=56, trace=300126, class=java.lang.Class$ReflectionData@500000c4)
OBJ 50000b22 (sz=40, trace=300040, class=java.lang.ref.SoftReference@50000165)
OBJ 50000b23 (sz=80, trace=300127, class=java.lang.reflect.Constructor@50000150)
OBJ 50000b24 (sz=24, trace=300384, class=java.lang.Class$1@500000ae)
OBJ 50000b25 (sz=24, trace=300129, class=sun.reflect.NativeConstructorAccessorImpl@500000ac)
OBJ 50000b26 (sz=16, trace=300130, class=sun.reflect.DelegatingConstructorAccessorImpl@500000ab)
OBJ 50000b27 (sz=48, trace=300615, class=sun.text.resources.FormatData@50000b1f)
	locale		50001d0b
	name		50000af2
	cacheKey	50003013
	lookup		50000f9d
	keyset		50001079
	parallelContents	50000b2d
OBJ 50000b29 (sz=56, trace=300039, class=java.lang.Class$ReflectionData@500000c4)
OBJ 50000b2a (sz=40, trace=300040, class=java.lang.ref.SoftReference@50000165)
OBJ 50000b2c (sz=72, trace=300041, class=java.lang.reflect.Field@50000154)
OBJ 50000b2d (sz=16, trace=300618, class=java.util.concurrent.atomic.AtomicMarkableReference@50000b28)
	pair		50000b2e
OBJ 50000b2e (sz=24, trace=300619, class=java.util.concurrent.atomic.AtomicMarkableReference$Pair@50000b2b)
OBJ 50000b2f (sz=32, trace=300378, class=java.util.ResourceBundle$LoaderReference@50000758)
	referent	50000736
	queue		50000252
	cacheKey	50003013
OBJ 50000b30 (sz=48, trace=300387, class=java.util.ResourceBundle$BundleReference@500007a7)
	referent	50000b27
	queue		50000252
	cacheKey	50003013
OBJ 50000b31 (sz=32, trace=300389, class=java.util.concurrent.ConcurrentHashMap$Node@50000024)
	key		50003013
	val		50000b30
OBJ 50000b32 (sz=32, trace=300378, class=java.util.ResourceBundle$LoaderReference@50000758)
OBJ 50000b33 (sz=24, trace=300620, class=java.lang.StringBuilder@50000134)
ARR 50000b34 (sz=48, trace=300621, nelems=0, elem type=char[])
OBJ 50000b35 (sz=24, trace=300622, class=java.lang.String@50000181)
ARR 50000b36 (sz=56, trace=300623, nelems=0, elem type=char[])
ARR 50000b37 (sz=88, trace=300010, nelems=0, elem type=char[])
OBJ 50000b38 (sz=24, trace=300624, class=java.lang.String@50000181)
ARR 50000b39 (sz=40, trace=300625, nelems=0, elem type=char[])
OBJ 50000b3a (sz=24, trace=300626, class=java.lang.String@50000181)
ARR 50000b3b (sz=80, trace=300627, nelems=0, elem type=char[])
OBJ 50000b3c (sz=24, trace=300628, class=java.lang.StringBuilder@50000134)
ARR 50000b3d (sz=112, trace=300629, nelems=0, elem type=char[])
OBJ 50000b3e (sz=24, trace=300630, class=java.lang.String@50000181)
	value		50000b3f
ARR 50000b3f (sz=70, trace=300393, nelems=35, elem type=char[])
OBJ 50000b40 (sz=16, trace=300379, class=java.lang.Object@50000185)
OBJ 50000b41 (sz=32, trace=300381, class=java.util.concurrent.ConcurrentHashMap$Node@50000024)
OBJ 50000b42 (sz=24, trace=300395, class=java.net.URLClassLoader$1@500007b2)
ARR 50000b43 (sz=88, trace=300396, nelems=0, elem type=char[])
OBJ 50000b44 (sz=24, trace=300397, class=java.lang.String@50000181)
ARR 50000b45 (sz=104, trace=300398, nelems=0, elem type=char[])
OBJ 50000b46 (sz=24, trace=300399, class=java.lang.String@50000181)
OBJ 50000b47 (sz=16, trace=300631, class=sun.misc.URLClassPath$JarLoader$1@50000536)
OBJ 50000b48 (sz=24, trace=300309, class=sun.misc.FileURLMapper@50000538)
ARR 50000b49 (sz=144, trace=300310, nelems=0, elem type=char[])
OBJ 50000b4a (sz=24, trace=300311, class=java.lang.String@50000181)
OBJ 50000b4b (sz=32, trace=300312, class=java.io.File@5000012e)
OBJ 50000b4c (sz=24, trace=300313, class=java.lang.StringBuffer@50000135)
ARR 50000b4d (sz=144, trace=300314, nelems=0, elem type=char[])
ARR 50000b4e (sz=144, trace=300315, nelems=0, elem type=char[])
OBJ 50000b4f (sz=24, trace=300316, class=java.lang.String@50000181)
OBJ 50000b53 (sz=16, trace=300634, class=java.util.jar.JavaUtilJarAccessImpl@50000b52)
ARR 50000b54 (sz=20, trace=300635, nelems=10, elem type=char[])
ARR 50000b55 (sz=512, trace=300636, nelems=128, elem type=int[])
ARR 50000b56 (sz=40, trace=300637, nelems=10, elem type=int[])
OBJ 50000b57 (sz=32, trace=300638, class=java.io.File@5000012e)
OBJ 50000b58 (sz=24, trace=300313, class=java.lang.StringBuffer@50000135)
ARR 50000b59 (sz=144, trace=300314, nelems=0, elem type=char[])
ARR 50000b5a (sz=126, trace=300315, nelems=63, elem type=char[])
OBJ 50000b5b (sz=24, trace=300316, class=java.lang.String@50000181)
	value		50000b5a
ARR 50000b5d (sz=32, trace=300117, nelems=0, elem type=char[])
OBJ 50000b5e (sz=24, trace=300118, class=java.lang.String@50000181)
ARR 50000b5f (sz=32, trace=300119, nelems=0, elem type=char[])
OBJ 50000b61 (sz=24, trace=300641, class=sun.nio.cs.US_ASCII@50000b60)
	name		50001ece
	aliases		50001ed3
ARR 50000b62 (sz=24, trace=300642, nelems=0, elem type=java.lang.Object[]@5000011b)
ARR 50000b63 (sz=40, trace=300117, nelems=0, elem type=char[])
OBJ 50000b64 (sz=24, trace=300118, class=java.lang.String@50000181)
ARR 50000b65 (sz=40, trace=300119, nelems=0, elem type=char[])
OBJ 50000b66 (sz=24, trace=300120, class=java.lang.StringBuilder@50000134)
ARR 50000b67 (sz=48, trace=300121, nelems=0, elem type=char[])
ARR 50000b68 (sz=88, trace=300010, nelems=0, elem type=char[])
OBJ 50000b69 (sz=24, trace=300122, class=java.lang.String@50000181)
ARR 50000b6a (sz=64, trace=300123, nelems=0, elem type=char[])
ARR 50000b6c (sz=16, trace=300125, nelems=0, elem type=java.lang.Class[]@50000116)
OBJ 50000b6d (sz=56, trace=300126, class=java.lang.Class$ReflectionData@500000c4)
OBJ 50000b6e (sz=40, trace=300040, class=java.lang.ref.SoftReference@50000165)
OBJ 50000b6f (sz=80, trace=300127, class=java.lang.reflect.Constructor@50000150)
OBJ 50000b70 (sz=24, trace=300128, class=java.lang.Class$1@500000ae)
OBJ 50000b71 (sz=24, trace=300129, class=sun.reflect.NativeConstructorAccessorImpl@500000ac)
OBJ 50000b72 (sz=16, trace=300130, class=sun.reflect.DelegatingConstructorAccessorImpl@500000ab)
OBJ 50000b73 (sz=24, trace=300643, class=sun.nio.cs.ISO_8859_1@50000b6b)
	name		50001ecd
	aliases		50001fd1
ARR 50000b74 (sz=24, trace=300642, nelems=0, elem type=java.lang.Object[]@5000011b)
ARR 50000b75 (sz=32, trace=300117, nelems=0, elem type=char[])
OBJ 50000b76 (sz=24, trace=300118, class=java.lang.String@50000181)
ARR 50000b77 (sz=32, trace=300119, nelems=0, elem type=char[])
ARR 50000b78 (sz=24, trace=300642, nelems=0, elem type=java.lang.Object[]@5000011b)
ARR 50000b79 (sz=32, trace=300117, nelems=0, elem type=char[])
OBJ 50000b7a (sz=24, trace=300118, class=java.lang.String@50000181)
ARR 50000b7b (sz=32, trace=300119, nelems=0, elem type=char[])
OBJ 50000b7c (sz=24, trace=300120, class=java.lang.StringBuilder@50000134)
ARR 50000b7d (sz=48, trace=300121, nelems=0, elem type=char[])
ARR 50000b7e (sz=88, trace=300010, nelems=0, elem type=char[])
OBJ 50000b7f (sz=24, trace=300122, class=java.lang.String@50000181)
ARR 50000b80 (sz=56, trace=300123, nelems=0, elem type=char[])
ARR 50000b82 (sz=16, trace=300125, nelems=0, elem type=java.lang.Class[]@50000116)
OBJ 50000b83 (sz=56, trace=300126, class=java.lang.Class$ReflectionData@500000c4)
OBJ 50000b84 (sz=40, trace=300040, class=java.lang.ref.SoftReference@50000165)
OBJ 50000b85 (sz=80, trace=300127, class=java.lang.reflect.Constructor@50000150)
OBJ 50000b86 (sz=24, trace=300128, class=java.lang.Class$1@500000ae)
OBJ 50000b87 (sz=24, trace=300129, class=sun.reflect.NativeConstructorAccessorImpl@500000ac)
OBJ 50000b88 (sz=16, trace=300130, class=sun.reflect.DelegatingConstructorAccessorImpl@500000ab)
OBJ 50000b89 (sz=24, trace=300644, class=sun.nio.cs.UTF_16BE@50000b81)
	name		50001ed0
	aliases		50001fd9
ARR 50000b8a (sz=24, trace=300642, nelems=0, elem type=java.lang.Object[]@5000011b)
ARR 50000b8b (sz=32, trace=300117, nelems=0, elem type=char[])
OBJ 50000b8c (sz=24, trace=300118, class=java.lang.String@50000181)
ARR 50000b8d (sz=32, trace=300119, nelems=0, elem type=char[])
OBJ 50000b8e (sz=24, trace=300120, class=java.lang.StringBuilder@50000134)
ARR 50000b8f (sz=48, trace=300121, nelems=0, elem type=char[])
ARR 50000b90 (sz=88, trace=300010, nelems=0, elem type=char[])
OBJ 50000b91 (sz=24, trace=300122, class=java.lang.String@50000181)
ARR 50000b92 (sz=56, trace=300123, nelems=0, elem type=char[])
ARR 50000b94 (sz=16, trace=300125, nelems=0, elem type=java.lang.Class[]@50000116)
OBJ 50000b95 (sz=56, trace=300126, class=java.lang.Class$ReflectionData@500000c4)
OBJ 50000b96 (sz=40, trace=300040, class=java.lang.ref.SoftReference@50000165)
OBJ 50000b97 (sz=80, trace=300127, class=java.lang.reflect.Constructor@50000150)
OBJ 50000b98 (sz=24, trace=300128, class=java.lang.Class$1@500000ae)
OBJ 50000b99 (sz=24, trace=300129, class=sun.reflect.NativeConstructorAccessorImpl@500000ac)
OBJ 50000b9a (sz=16, trace=300130, class=sun.reflect.DelegatingConstructorAccessorImpl@500000ab)
OBJ 50000b9b (sz=24, trace=300645, class=sun.nio.cs.UTF_16LE@50000b93)
	name		50001ed1
	aliases		50001fd8
ARR 50000b9c (sz=24, trace=300642, nelems=0, elem type=java.lang.Object[]@5000011b)
ARR 50000b9d (sz=32, trace=300117, nelems=0, elem type=char[])
OBJ 50000b9e (sz=24, trace=300118, class=java.lang.String@50000181)
ARR 50000b9f (sz=32, trace=300119, nelems=0, elem type=char[])
OBJ 50000ba0 (sz=24, trace=300120, class=java.lang.StringBuilder@50000134)
ARR 50000ba1 (sz=48, trace=300121, nelems=0, elem type=char[])
ARR 50000ba2 (sz=88, trace=300010, nelems=0, elem type=char[])
OBJ 50000ba3 (sz=24, trace=300122, class=java.lang.String@50000181)
ARR 50000ba4 (sz=56, trace=300123, nelems=0, elem type=char[])
ARR 50000ba6 (sz=16, trace=300125, nelems=0, elem type=java.lang.Class[]@50000116)
OBJ 50000ba7 (sz=56, trace=300126, class=java.lang.Class$ReflectionData@500000c4)
OBJ 50000ba8 (sz=40, trace=300040, class=java.lang.ref.SoftReference@50000165)
OBJ 50000ba9 (sz=80, trace=300127, class=java.lang.reflect.Constructor@50000150)
OBJ 50000baa (sz=24, trace=300128, class=java.lang.Class$1@500000ae)
OBJ 50000bab (sz=24, trace=300129, class=sun.reflect.NativeConstructorAccessorImpl@500000ac)
OBJ 50000bac (sz=16, trace=300130, class=sun.reflect.DelegatingConstructorAccessorImpl@500000ab)
OBJ 50000bad (sz=24, trace=300646, class=sun.nio.cs.UTF_16@50000ba5)
	name		50001ecf
	aliases		50001fda
ARR 50000bae (sz=24, trace=300642, nelems=0, elem type=java.lang.Object[]@5000011b)
OBJ 50000baf (sz=64, trace=300647, class=java.util.jar.JarFile@50000b50)
	name		50000b5b
	zc		50000bb9
	streams		50000bb1
	inflaterCache	50000bb6
OBJ 50000bb0 (sz=40, trace=300110, class=java.lang.ref.Finalizer@50000160)
	referent	50000baf
	queue		50001644
	next		50000294
	prev		50000c02
OBJ 50000bb1 (sz=48, trace=300648, class=java.util.WeakHashMap@500000ba)
	table		50000bb4
	queue		50000bb2
OBJ 50000bb2 (sz=32, trace=300649, class=java.lang.ref.ReferenceQueue@5000015f)
	lock		50000bb3
OBJ 50000bb3 (sz=16, trace=300650, class=java.lang.ref.ReferenceQueue$Lock@500000e4)
ARR 50000bb4 (sz=80, trace=300651, nelems=0, elem type=java.util.WeakHashMap$Entry[]@5000003e)
OBJ 50000bb6 (sz=24, trace=300653, class=java.util.ArrayDeque@50000bb5)
	elements	50000bb7
ARR 50000bb7 (sz=80, trace=300654, nelems=0, elem type=java.lang.Object[]@5000011b)
OBJ 50000bb9 (sz=32, trace=300656, class=java.util.zip.ZipCoder@50000bb8)
	cs		50000239
	enc		50000bee
ARR 50000bba (sz=24, trace=300117, nelems=0, elem type=char[])
OBJ 50000bbb (sz=24, trace=300118, class=java.lang.String@50000181)
ARR 50000bbc (sz=24, trace=300119, nelems=0, elem type=char[])
OBJ 50000bbd (sz=24, trace=300657, class=sun.security.action.GetPropertyAction@50000064)
OBJ 50000bbe (sz=24, trace=300658, class=sun.security.action.GetPropertyAction@50000064)
ARR 50000bbf (sz=24, trace=300132, nelems=2, elem type=java.lang.Object[]@5000011b)
	[0]		50001649
	[1]		500021b5
OBJ 50000bc0 (sz=32, trace=300133, class=java.lang.StringCoding$StringEncoder@50000059)
ARR 50000bc1 (sz=24, trace=300659, nelems=0, elem type=byte[])
OBJ 50000bc2 (sz=64, trace=300660, class=sun.nio.cs.ext.DoubleByte$Encoder@50000074)
OBJ 50000bc3 (sz=56, trace=300199, class=sun.nio.cs.ext.DoubleByte$Decoder@50000096)
OBJ 50000bc4 (sz=32, trace=300661, class=java.lang.ref.WeakReference@50000164)
OBJ 50000bc5 (sz=48, trace=300662, class=java.nio.HeapByteBuffer@50000072)
ARR 50000bc6 (sz=24, trace=300663, nelems=0, elem type=char[])
OBJ 50000bc7 (sz=48, trace=300664, class=java.nio.HeapCharBuffer@5000006a)
ARR 50000bc8 (sz=24, trace=300137, nelems=0, elem type=byte[])
ARR 50000bc9 (sz=24, trace=300665, nelems=0, elem type=byte[])
OBJ 50000bca (sz=40, trace=300138, class=java.lang.ref.SoftReference@50000165)
ARR 50000bcb (sz=144, trace=300666, nelems=0, elem type=byte[])
ARR 50000bcc (sz=80, trace=300070, nelems=0, elem type=byte[])
OBJ 50000bcf (sz=16, trace=300669, class=sun.misc.Perf$GetPerfAction@50000bce)
OBJ 50000bd1 (sz=16, trace=300671, class=sun.misc.Perf@50000bd0)
OBJ 50000bd3 (sz=24, trace=300673, class=sun.misc.PerfCounter@50000bcd)
	name		50001eb0
	lb		50000bdb
OBJ 50000bd7 (sz=24, trace=300675, class=sun.security.action.GetPropertyAction@50000064)
OBJ 50000bd8 (sz=64, trace=300676, class=java.nio.DirectByteBuffer@50000bd6)
OBJ 50000bdb (sz=56, trace=300678, class=java.nio.DirectLongBufferU@50000bda)
	att		50000bd8
OBJ 50000bdc (sz=24, trace=300679, class=sun.misc.PerfCounter@50000bcd)
	name		50001eaf
	lb		50000bde
OBJ 50000bdd (sz=64, trace=300676, class=java.nio.DirectByteBuffer@50000bd6)
OBJ 50000bde (sz=56, trace=300678, class=java.nio.DirectLongBufferU@50000bda)
	att		50000bdd
OBJ 50000bdf (sz=24, trace=300680, class=sun.misc.PerfCounter@50000bcd)
	name		50001eae
	lb		50000be1
OBJ 50000be0 (sz=64, trace=300676, class=java.nio.DirectByteBuffer@50000bd6)
OBJ 50000be1 (sz=56, trace=300678, class=java.nio.DirectLongBufferU@50000bda)
	att		50000be0
OBJ 50000be2 (sz=24, trace=300681, class=sun.misc.PerfCounter@50000bcd)
	name		50001eb1
	lb		50000be4
OBJ 50000be3 (sz=64, trace=300676, class=java.nio.DirectByteBuffer@50000bd6)
OBJ 50000be4 (sz=56, trace=300678, class=java.nio.DirectLongBufferU@50000bda)
	att		50000be3
OBJ 50000be5 (sz=24, trace=300682, class=sun.misc.PerfCounter@50000bcd)
	name		50001eb3
	lb		50000be7
OBJ 50000be6 (sz=64, trace=300676, class=java.nio.DirectByteBuffer@50000bd6)
OBJ 50000be7 (sz=56, trace=300678, class=java.nio.DirectLongBufferU@50000bda)
	att		50000be6
OBJ 50000be8 (sz=24, trace=300683, class=sun.misc.PerfCounter@50000bcd)
	name		50001eb2
	lb		50000bea
OBJ 50000be9 (sz=64, trace=300676, class=java.nio.DirectByteBuffer@50000bd6)
OBJ 50000bea (sz=56, trace=300678, class=java.nio.DirectLongBufferU@50000bda)
	att		50000be9
OBJ 50000bec (sz=24, trace=300685, class=sun.security.action.GetPropertyAction@50000064)
ARR 50000bed (sz=24, trace=300135, nelems=0, elem type=byte[])
OBJ 50000bee (sz=56, trace=300136, class=sun.nio.cs.UTF_8$Encoder@5000023c)
	charset		50000239
	replacement	50000bef
	malformedInputAction	500022e5
	unmappableCharacterAction	500022e5
ARR 50000bef (sz=1, trace=300137, nelems=1, elem type=byte[])
ARR 50000bf0 (sz=104, trace=300686, nelems=0, elem type=char[])
ARR 50000bf1 (sz=144, trace=300687, nelems=0, elem type=byte[])
ARR 50000bf2 (sz=64, trace=300688, nelems=0, elem type=byte[])
OBJ 50000bf3 (sz=16, trace=300631, class=sun.misc.URLClassPath$JarLoader$1@50000536)
OBJ 50000bf4 (sz=24, trace=300309, class=sun.misc.FileURLMapper@50000538)
ARR 50000bf5 (sz=152, trace=300310, nelems=0, elem type=char[])
OBJ 50000bf6 (sz=24, trace=300311, class=java.lang.String@50000181)
OBJ 50000bf7 (sz=32, trace=300312, class=java.io.File@5000012e)
OBJ 50000bf8 (sz=24, trace=300313, class=java.lang.StringBuffer@50000135)
ARR 50000bf9 (sz=152, trace=300314, nelems=0, elem type=char[])
ARR 50000bfa (sz=152, trace=300315, nelems=0, elem type=char[])
OBJ 50000bfb (sz=24, trace=300316, class=java.lang.String@50000181)
OBJ 50000bfc (sz=32, trace=300638, class=java.io.File@5000012e)
OBJ 50000bfd (sz=24, trace=300313, class=java.lang.StringBuffer@50000135)
ARR 50000bfe (sz=152, trace=300314, nelems=0, elem type=char[])
ARR 50000bff (sz=130, trace=300315, nelems=65, elem type=char[])
OBJ 50000c00 (sz=24, trace=300316, class=java.lang.String@50000181)
	value		50000bff
OBJ 50000c01 (sz=64, trace=300647, class=java.util.jar.JarFile@50000b50)
	name		50000c00
	zc		50000c09
	streams		50000c03
	inflaterCache	50000c07
	manRef		50000c90
	manEntry	50000c40
OBJ 50000c02 (sz=40, trace=300110, class=java.lang.ref.Finalizer@50000160)
	referent	50000c01
	queue		50001644
	next		50000bb0
	prev		50000c46
OBJ 50000c03 (sz=48, trace=300648, class=java.util.WeakHashMap@500000ba)
	table		50000c06
	queue		50000c04
OBJ 50000c04 (sz=32, trace=300649, class=java.lang.ref.ReferenceQueue@5000015f)
	lock		50000c05
OBJ 50000c05 (sz=16, trace=300650, class=java.lang.ref.ReferenceQueue$Lock@500000e4)
ARR 50000c06 (sz=80, trace=300651, nelems=0, elem type=java.util.WeakHashMap$Entry[]@5000003e)
OBJ 50000c07 (sz=24, trace=300653, class=java.util.ArrayDeque@50000bb5)
	elements	50000c08
ARR 50000c08 (sz=80, trace=300654, nelems=0, elem type=java.lang.Object[]@5000011b)
OBJ 50000c09 (sz=32, trace=300656, class=java.util.zip.ZipCoder@50000bb8)
	cs		50000239
	dec		50000c15
	enc		50000c0d
ARR 50000c0a (sz=152, trace=300666, nelems=0, elem type=byte[])
ARR 50000c0b (sz=88, trace=300070, nelems=0, elem type=byte[])
ARR 50000c0c (sz=24, trace=300135, nelems=0, elem type=byte[])
OBJ 50000c0d (sz=56, trace=300136, class=sun.nio.cs.UTF_8$Encoder@5000023c)
	charset		50000239
	replacement	50000c0e
	malformedInputAction	500022e5
	unmappableCharacterAction	500022e5
ARR 50000c0e (sz=1, trace=300137, nelems=1, elem type=byte[])
ARR 50000c0f (sz=104, trace=300686, nelems=0, elem type=char[])
ARR 50000c10 (sz=144, trace=300687, nelems=0, elem type=byte[])
ARR 50000c11 (sz=64, trace=300688, nelems=0, elem type=byte[])
OBJ 50000c13 (sz=80, trace=300690, class=java.util.zip.ZipEntry@50000c12)
OBJ 50000c15 (sz=40, trace=300692, class=sun.nio.cs.UTF_8$Decoder@50000c14)
	charset		50000239
	replacement	500022f8
	malformedInputAction	500022e5
	unmappableCharacterAction	500022e5
ARR 50000c16 (sz=104, trace=300693, nelems=0, elem type=char[])
OBJ 50000c17 (sz=24, trace=300694, class=java.lang.String@50000181)
ARR 50000c18 (sz=104, trace=300695, nelems=0, elem type=char[])
OBJ 50000c1b (sz=96, trace=300697, class=java.util.jar.JarFile$JarFileEntry@50000c1a)
ARR 50000c1c (sz=216, trace=300698, nelems=0, elem type=char[])
ARR 50000c1d (sz=104, trace=300699, nelems=0, elem type=char[])
OBJ 50000c1e (sz=24, trace=300700, class=java.lang.String@50000181)
ARR 50000c1f (sz=104, trace=300701, nelems=0, elem type=char[])
OBJ 50000c20 (sz=64, trace=300702, class=java.net.URL@5000012c)
OBJ 50000c21 (sz=24, trace=300703, class=java.lang.String@50000181)
ARR 50000c22 (sz=24, trace=300704, nelems=0, elem type=char[])
OBJ 50000c23 (sz=24, trace=300705, class=java.lang.StringBuilder@50000134)
ARR 50000c24 (sz=48, trace=300706, nelems=0, elem type=char[])
ARR 50000c25 (sz=168, trace=300010, nelems=0, elem type=char[])
ARR 50000c26 (sz=312, trace=300010, nelems=0, elem type=char[])
OBJ 50000c27 (sz=24, trace=300707, class=java.lang.String@50000181)
ARR 50000c28 (sz=248, trace=300708, nelems=0, elem type=char[])
OBJ 50000c29 (sz=24, trace=300709, class=java.lang.String@50000181)
ARR 50000c2a (sz=160, trace=300710, nelems=0, elem type=char[])
OBJ 50000c2b (sz=24, trace=300711, class=java.lang.String@50000181)
ARR 50000c2c (sz=104, trace=300712, nelems=0, elem type=char[])
OBJ 50000c2d (sz=16, trace=300713, class=sun.net.www.ParseUtil@50000012)
OBJ 50000c2e (sz=24, trace=300714, class=java.lang.StringBuilder@50000134)
ARR 50000c2f (sz=48, trace=300715, nelems=0, elem type=char[])
ARR 50000c30 (sz=160, trace=300010, nelems=0, elem type=char[])
ARR 50000c31 (sz=312, trace=300010, nelems=0, elem type=char[])
OBJ 50000c32 (sz=24, trace=300716, class=java.lang.String@50000181)
ARR 50000c33 (sz=248, trace=300717, nelems=0, elem type=char[])
OBJ 50000c36 (sz=32, trace=300719, class=sun.misc.URLClassPath$JarLoader$2@50000c35)
OBJ 50000c37 (sz=24, trace=300720, class=java.lang.String@50000181)
	value		50000c38
ARR 50000c38 (sz=42, trace=300721, nelems=21, elem type=char[])
ARR 50000c39 (sz=56, trace=300686, nelems=0, elem type=char[])
ARR 50000c3a (sz=80, trace=300687, nelems=0, elem type=byte[])
ARR 50000c3b (sz=40, trace=300688, nelems=0, elem type=byte[])
OBJ 50000c3c (sz=80, trace=300690, class=java.util.zip.ZipEntry@50000c12)
ARR 50000c3d (sz=56, trace=300693, nelems=0, elem type=char[])
OBJ 50000c3e (sz=24, trace=300694, class=java.lang.String@50000181)
	value		50000c3f
ARR 50000c3f (sz=40, trace=300695, nelems=20, elem type=char[])
OBJ 50000c40 (sz=96, trace=300697, class=java.util.jar.JarFile$JarFileEntry@50000c1a)
	name		50000c3e
	this$0		50000c01
ARR 50000c41 (sz=56, trace=300722, nelems=0, elem type=char[])
ARR 50000c42 (sz=80, trace=300723, nelems=0, elem type=byte[])
ARR 50000c43 (sz=40, trace=300724, nelems=0, elem type=byte[])
OBJ 50000c45 (sz=56, trace=300726, class=java.util.zip.ZipFile$ZipFileInputStream@50000c44)
	this$0		50000c01
OBJ 50000c46 (sz=40, trace=300110, class=java.lang.ref.Finalizer@50000160)
	referent	50000c45
	queue		50001644
	next		50000c02
	prev		50000ce6
OBJ 50000c47 (sz=40, trace=300727, class=java.util.WeakHashMap$Entry@5000003f)
ARR 50000c49 (sz=16, trace=300729, nelems=0, elem type=byte[])
ARR 50000c4a (sz=88, trace=300730, nelems=0, elem type=byte[])
OBJ 50000c4b (sz=32, trace=300731, class=java.io.ByteArrayInputStream@5000012f)
OBJ 50000c4c (sz=24, trace=300732, class=java.util.jar.Manifest@5000012b)
	attr		50000c4e
	entries		50000c50
OBJ 50000c4e (sz=16, trace=300734, class=java.util.jar.Attributes@50000c4d)
	map		50000c4f
OBJ 50000c4f (sz=48, trace=300735, class=java.util.HashMap@500000d9)
	table		50000c73
OBJ 50000c50 (sz=48, trace=300736, class=java.util.HashMap@500000d9)
OBJ 50000c52 (sz=32, trace=300738, class=java.util.jar.Manifest$FastInputStream@50000c51)
ARR 50000c53 (sz=8208, trace=300739, nelems=0, elem type=byte[])
ARR 50000c54 (sz=528, trace=300740, nelems=0, elem type=byte[])
OBJ 50000c55 (sz=24, trace=300741, class=java.lang.String@50000181)
ARR 50000c56 (sz=48, trace=300742, nelems=0, elem type=char[])
OBJ 50000c57 (sz=24, trace=300743, class=java.lang.String@50000181)
	value		50000c5f
ARR 50000c58 (sz=24, trace=300117, nelems=0, elem type=char[])
OBJ 50000c59 (sz=24, trace=300118, class=java.lang.String@50000181)
ARR 50000c5a (sz=24, trace=300119, nelems=0, elem type=char[])
ARR 50000c5b (sz=24, trace=300132, nelems=2, elem type=java.lang.Object[]@5000011b)
	[0]		50001f31
	[1]		50000239
OBJ 50000c5c (sz=32, trace=300744, class=java.lang.StringCoding$StringDecoder@5000009b)
OBJ 50000c5d (sz=40, trace=300692, class=sun.nio.cs.UTF_8$Decoder@50000c14)
OBJ 50000c5e (sz=40, trace=300138, class=java.lang.ref.SoftReference@50000165)
ARR 50000c5f (sz=6, trace=300745, nelems=3, elem type=char[])
OBJ 50000c61 (sz=24, trace=300747, class=java.util.jar.Attributes$Name@50000c60)
	name		50002e9d
OBJ 50000c62 (sz=24, trace=300748, class=java.util.jar.Attributes$Name@50000c60)
	name		50002e9f
OBJ 50000c63 (sz=24, trace=300749, class=java.util.jar.Attributes$Name@50000c60)
	name		50002e93
OBJ 50000c64 (sz=24, trace=300750, class=java.util.jar.Attributes$Name@50000c60)
	name		50002e92
OBJ 50000c65 (sz=24, trace=300751, class=java.util.jar.Attributes$Name@50000c60)
	name		50002e9c
OBJ 50000c66 (sz=24, trace=300752, class=java.util.jar.Attributes$Name@50000c60)
	name		50002e9e
OBJ 50000c67 (sz=24, trace=300753, class=java.util.jar.Attributes$Name@50000c60)
	name		50002e95
OBJ 50000c68 (sz=24, trace=300754, class=java.util.jar.Attributes$Name@50000c60)
	name		50002e96
OBJ 50000c69 (sz=24, trace=300755, class=java.util.jar.Attributes$Name@50000c60)
	name		50002e94
OBJ 50000c6a (sz=24, trace=300756, class=java.util.jar.Attributes$Name@50000c60)
	name		50002e97
OBJ 50000c6b (sz=24, trace=300757, class=java.util.jar.Attributes$Name@50000c60)
	name		50002e9b
OBJ 50000c6c (sz=24, trace=300758, class=java.util.jar.Attributes$Name@50000c60)
	name		50002e99
OBJ 50000c6d (sz=24, trace=300759, class=java.util.jar.Attributes$Name@50000c60)
	name		50002e9a
OBJ 50000c6e (sz=24, trace=300760, class=java.util.jar.Attributes$Name@50000c60)
	name		50002e98
OBJ 50000c6f (sz=24, trace=300761, class=java.util.jar.Attributes$Name@50000c60)
	name		50002ea0
OBJ 50000c70 (sz=24, trace=300762, class=java.util.jar.Attributes$Name@50000c60)
	name		50002ea2
OBJ 50000c71 (sz=24, trace=300763, class=java.util.jar.Attributes$Name@50000c60)
	name		50002ea1
OBJ 50000c72 (sz=24, trace=300764, class=java.util.jar.Attributes$Name@50000c60)
	name		50002e9d
ARR 50000c73 (sz=80, trace=300765, nelems=16, elem type=java.util.HashMap$Node[]@500000d5)
	[14]		50000c7a
	[15]		50000c74
OBJ 50000c74 (sz=32, trace=300190, class=java.util.HashMap$Node@500000d7)
	key		50000c72
	value		50000c57
OBJ 50000c75 (sz=24, trace=300741, class=java.lang.String@50000181)
	value		50000c76
ARR 50000c76 (sz=20, trace=300742, nelems=10, elem type=char[])
OBJ 50000c77 (sz=24, trace=300743, class=java.lang.String@50000181)
	value		50000c78
ARR 50000c78 (sz=58, trace=300745, nelems=29, elem type=char[])
OBJ 50000c79 (sz=24, trace=300764, class=java.util.jar.Attributes$Name@50000c60)
	name		50000c75
OBJ 50000c7a (sz=32, trace=300190, class=java.util.HashMap$Node@500000d7)
	key		50000c79
	value		50000c77
OBJ 50000c7c (sz=88, trace=300767, class=java.util.jar.JarVerifier@50000c7b)
OBJ 50000c7d (sz=16, trace=300768, class=java.lang.Object@50000185)
OBJ 50000c7e (sz=48, trace=300769, class=java.util.HashMap@500000d9)
OBJ 50000c7f (sz=48, trace=300770, class=java.util.HashMap@500000d9)
ARR 50000c82 (sz=16, trace=300772, nelems=0, elem type=java.security.CodeSigner[]@50000c81)
OBJ 50000c84 (sz=16, trace=300774, class=java.util.jar.JarVerifier$3@50000c83)
OBJ 50000c85 (sz=48, trace=300775, class=java.util.Hashtable@50000158)
ARR 50000c86 (sz=64, trace=300776, nelems=0, elem type=java.util.Hashtable$Entry[]@500000d2)
OBJ 50000c87 (sz=48, trace=300777, class=java.util.Hashtable@50000158)
ARR 50000c88 (sz=64, trace=300778, nelems=0, elem type=java.util.Hashtable$Entry[]@500000d2)
OBJ 50000c89 (sz=48, trace=300779, class=java.util.Hashtable@50000158)
ARR 50000c8a (sz=64, trace=300780, nelems=0, elem type=java.util.Hashtable$Entry[]@500000d2)
OBJ 50000c8b (sz=24, trace=300781, class=java.util.ArrayList@500000f0)
OBJ 50000c8d (sz=24, trace=300783, class=java.io.ByteArrayOutputStream@50000c8c)
ARR 50000c8e (sz=48, trace=300784, nelems=0, elem type=byte[])
OBJ 50000c8f (sz=24, trace=300785, class=java.util.ArrayList@500000f0)
OBJ 50000c90 (sz=40, trace=300786, class=java.lang.ref.SoftReference@50000165)
	referent	50000c4c
	queue		50001c15
OBJ 50000c92 (sz=48, trace=300788, class=java.util.HashMap@500000d9)
OBJ 50000c93 (sz=48, trace=300789, class=java.util.HashMap@500000d9)
OBJ 50000c94 (sz=48, trace=300790, class=java.util.HashMap@500000d9)
ARR 50000c95 (sz=64, trace=300791, nelems=0, elem type=char[])
OBJ 50000c96 (sz=24, trace=300792, class=java.lang.String@50000181)
ARR 50000c97 (sz=64, trace=300793, nelems=0, elem type=char[])
OBJ 50000c98 (sz=24, trace=300794, class=java.lang.String@50000181)
ARR 50000c99 (sz=64, trace=300795, nelems=0, elem type=char[])
OBJ 50000c9a (sz=24, trace=300796, class=java.lang.String@50000181)
ARR 50000c9b (sz=64, trace=300797, nelems=0, elem type=char[])
OBJ 50000c9c (sz=24, trace=300798, class=java.lang.String@50000181)
ARR 50000c9d (sz=64, trace=300799, nelems=0, elem type=char[])
OBJ 50000c9e (sz=24, trace=300792, class=java.lang.String@50000181)
ARR 50000c9f (sz=64, trace=300793, nelems=0, elem type=char[])
OBJ 50000ca0 (sz=24, trace=300794, class=java.lang.String@50000181)
OBJ 50000ca1 (sz=56, trace=300800, class=java.lang.Package@50000c91)
	pkgName		50000c37
	loader		5000164c
ARR 50000ca2 (sz=80, trace=300801, nelems=3, elem type=java.util.HashMap$Node[]@500000d5)
	[1]		50000ca3
	[2]		50001307
OBJ 50000ca3 (sz=32, trace=300190, class=java.util.HashMap$Node@500000d7)
	key		50000c37
	value		50000ca1
OBJ 50000cac (sz=16, trace=300807, class=java.util.regex.Pattern$4@50000cab)
OBJ 50000cad (sz=16, trace=300808, class=java.util.regex.Pattern$Node@50000caa)
OBJ 50000caf (sz=16, trace=300810, class=java.util.regex.Pattern$LastNode@50000cae)
	next		50000cad
OBJ 50000cb0 (sz=72, trace=300811, class=java.util.regex.Pattern@50000ca9)
	pattern		50001c22
	normalizedPattern	50001c22
	root		50000cbf
	matchRoot	50000cb9
ARR 50000cb1 (sz=32, trace=300812, nelems=0, elem type=int[])
ARR 50000cb2 (sz=144, trace=300813, nelems=0, elem type=int[])
ARR 50000cb5 (sz=56, trace=300815, nelems=0, elem type=java.util.regex.Pattern$GroupHead[]@50000cb4)
OBJ 50000cb9 (sz=24, trace=300817, class=java.util.regex.Pattern$Single@50000cb8)
	next		50000caf
OBJ 50000cbf (sz=24, trace=300822, class=java.util.regex.Pattern$Start@50000cbe)
	next		50000cb9
OBJ 50000cc1 (sz=24, trace=300824, class=java.util.regex.Pattern$TreeInfo@50000cc0)
OBJ 50000cc2 (sz=72, trace=300825, class=java.util.regex.Pattern@50000ca9)
	pattern		50001e6f
	normalizedPattern	50001e6f
	root		50000cd3
	matchRoot	50000cd0
ARR 50000cc3 (sz=56, trace=300826, nelems=0, elem type=int[])
ARR 50000cc4 (sz=144, trace=300827, nelems=0, elem type=int[])
ARR 50000cc5 (sz=56, trace=300828, nelems=0, elem type=java.util.regex.Pattern$GroupHead[]@50000cb4)
ARR 50000cc6 (sz=16, trace=300829, nelems=4, elem type=int[])
ARR 50000cc8 (sz=512, trace=300831, nelems=128, elem type=int[])
OBJ 50000cca (sz=24, trace=300833, class=java.util.regex.Pattern$SliceI@50000cc9)
	next		50000cce
	buffer		50000cc6
ARR 50000ccb (sz=12, trace=300829, nelems=3, elem type=int[])
OBJ 50000ccc (sz=24, trace=300833, class=java.util.regex.Pattern$SliceI@50000cc9)
	next		50000cce
	buffer		50000ccb
OBJ 50000cce (sz=16, trace=300835, class=java.util.regex.Pattern$BranchConn@50000ccd)
	next		50000caf
OBJ 50000cd0 (sz=32, trace=300837, class=java.util.regex.Pattern$Branch@50000ccf)
	next		50000cad
	atoms		50000cd2
	conn		50000cce
ARR 50000cd2 (sz=24, trace=300838, nelems=2, elem type=java.util.regex.Pattern$Node[]@50000cd1)
	[0]		50000cca
	[1]		50000ccc
OBJ 50000cd3 (sz=24, trace=300822, class=java.util.regex.Pattern$Start@50000cbe)
	next		50000cd0
OBJ 50000cd4 (sz=24, trace=300824, class=java.util.regex.Pattern$TreeInfo@50000cc0)
OBJ 50000cd5 (sz=16, trace=300839, class=sun.security.util.AlgorithmDecomposer@50000ca8)
OBJ 50000cd6 (sz=24, trace=300840, class=sun.security.util.DisabledAlgorithmConstraints@50000ca7)
	decomposer	50000cd5
	disabledAlgorithms	50000dab
	algorithmConstraints	50000db8
OBJ 50000cd8 (sz=16, trace=300842, class=sun.security.util.AbstractAlgorithmConstraints$1@50000cd7)
OBJ 50000cdb (sz=16, trace=300845, class=java.security.Security$1@50000cda)
OBJ 50000cdc (sz=48, trace=300846, class=java.util.Properties@50000157)
	table		50000d4a
ARR 50000cdd (sz=64, trace=300847, nelems=0, elem type=java.util.Hashtable$Entry[]@500000d2)
OBJ 50000cde (sz=24, trace=300848, class=java.lang.StringBuilder@50000134)
ARR 50000cdf (sz=48, trace=300849, nelems=0, elem type=char[])
ARR 50000ce0 (sz=104, trace=300010, nelems=0, elem type=char[])
ARR 50000ce1 (sz=192, trace=300010, nelems=0, elem type=char[])
OBJ 50000ce2 (sz=24, trace=300850, class=java.lang.String@50000181)
	value		50000ce3
ARR 50000ce3 (sz=138, trace=300851, nelems=69, elem type=char[])
OBJ 50000ce4 (sz=32, trace=300852, class=java.io.File@5000012e)
OBJ 50000ce5 (sz=32, trace=300853, class=java.io.FileInputStream@5000008b)
	fd		50000ce8
	path		50000ce2
	closeLock	50000ce7
OBJ 50000ce6 (sz=40, trace=300110, class=java.lang.ref.Finalizer@50000160)
	referent	50000ce5
	queue		50001644
	next		50000c46
	prev		50000e45
OBJ 50000ce7 (sz=16, trace=300854, class=java.lang.Object@50000185)
OBJ 50000ce8 (sz=40, trace=300855, class=java.io.FileDescriptor@5000008a)
	parent		50000ce5
OBJ 50000ce9 (sz=40, trace=300856, class=java.io.BufferedInputStream@50000083)
ARR 50000cea (sz=8208, trace=300857, nelems=0, elem type=byte[])
OBJ 50000cec (sz=48, trace=300859, class=java.util.Properties$LineReader@50000ceb)
ARR 50000ced (sz=2064, trace=300860, nelems=0, elem type=char[])
ARR 50000cee (sz=8208, trace=300861, nelems=0, elem type=byte[])
ARR 50000cef (sz=2064, trace=300862, nelems=0, elem type=char[])
OBJ 50000cf0 (sz=24, trace=300863, class=java.lang.String@50000181)
	value		50000cf1
ARR 50000cf1 (sz=38, trace=300864, nelems=19, elem type=char[])
OBJ 50000cf2 (sz=24, trace=300865, class=java.lang.String@50000181)
	value		50000cf3
ARR 50000cf3 (sz=50, trace=300866, nelems=25, elem type=char[])
OBJ 50000cf4 (sz=32, trace=300867, class=java.util.Hashtable$Entry@500000d3)
	key		50000cf0
	value		50000cf2
OBJ 50000cf5 (sz=24, trace=300863, class=java.lang.String@50000181)
	value		50000cf6
ARR 50000cf6 (sz=38, trace=300864, nelems=19, elem type=char[])
OBJ 50000cf7 (sz=24, trace=300865, class=java.lang.String@50000181)
	value		50000cf8
ARR 50000cf8 (sz=54, trace=300866, nelems=27, elem type=char[])
OBJ 50000cf9 (sz=32, trace=300867, class=java.util.Hashtable$Entry@500000d3)
	key		50000cf5
	value		50000cf7
	next		50000d27
OBJ 50000cfa (sz=24, trace=300863, class=java.lang.String@50000181)
	value		50000cfb
ARR 50000cfb (sz=38, trace=300864, nelems=19, elem type=char[])
OBJ 50000cfc (sz=24, trace=300865, class=java.lang.String@50000181)
	value		50000cfd
ARR 50000cfd (sz=42, trace=300866, nelems=21, elem type=char[])
OBJ 50000cfe (sz=32, trace=300867, class=java.util.Hashtable$Entry@500000d3)
	key		50000cfa
	value		50000cfc
OBJ 50000cff (sz=24, trace=300863, class=java.lang.String@50000181)
	value		50000d00
ARR 50000d00 (sz=38, trace=300864, nelems=19, elem type=char[])
OBJ 50000d01 (sz=24, trace=300865, class=java.lang.String@50000181)
	value		50000d02
ARR 50000d02 (sz=74, trace=300866, nelems=37, elem type=char[])
OBJ 50000d03 (sz=32, trace=300867, class=java.util.Hashtable$Entry@500000d3)
	key		50000cff
	value		50000d01
OBJ 50000d04 (sz=24, trace=300863, class=java.lang.String@50000181)
	value		50000d05
ARR 50000d05 (sz=38, trace=300864, nelems=19, elem type=char[])
OBJ 50000d06 (sz=24, trace=300865, class=java.lang.String@50000181)
	value		50000d07
ARR 50000d07 (sz=60, trace=300866, nelems=30, elem type=char[])
OBJ 50000d08 (sz=32, trace=300867, class=java.util.Hashtable$Entry@500000d3)
	key		50000d04
	value		50000d06
OBJ 50000d09 (sz=24, trace=300863, class=java.lang.String@50000181)
	value		50000d0a
ARR 50000d0a (sz=38, trace=300864, nelems=19, elem type=char[])
OBJ 50000d0b (sz=24, trace=300865, class=java.lang.String@50000181)
	value		50000d0c
ARR 50000d0c (sz=58, trace=300866, nelems=29, elem type=char[])
OBJ 50000d0d (sz=32, trace=300867, class=java.util.Hashtable$Entry@500000d3)
	key		50000d09
	value		50000d0b
OBJ 50000d0e (sz=24, trace=300863, class=java.lang.String@50000181)
	value		50000d0f
ARR 50000d0f (sz=38, trace=300864, nelems=19, elem type=char[])
OBJ 50000d10 (sz=24, trace=300865, class=java.lang.String@50000181)
	value		50000d11
ARR 50000d11 (sz=60, trace=300866, nelems=30, elem type=char[])
OBJ 50000d12 (sz=32, trace=300867, class=java.util.Hashtable$Entry@500000d3)
	key		50000d0e
	value		50000d10
	next		50000d31
OBJ 50000d13 (sz=24, trace=300863, class=java.lang.String@50000181)
	value		50000d14
ARR 50000d14 (sz=38, trace=300864, nelems=19, elem type=char[])
OBJ 50000d15 (sz=24, trace=300865, class=java.lang.String@50000181)
	value		50000d16
ARR 50000d16 (sz=78, trace=300866, nelems=39, elem type=char[])
OBJ 50000d17 (sz=32, trace=300867, class=java.util.Hashtable$Entry@500000d3)
	key		50000d13
	value		50000d15
OBJ 50000d18 (sz=24, trace=300863, class=java.lang.String@50000181)
	value		50000d19
ARR 50000d19 (sz=38, trace=300864, nelems=19, elem type=char[])
OBJ 50000d1a (sz=24, trace=300865, class=java.lang.String@50000181)
	value		50000d1b
ARR 50000d1b (sz=64, trace=300866, nelems=32, elem type=char[])
ARR 50000d1c (sz=112, trace=300868, nelems=0, elem type=java.util.Hashtable$Entry[]@500000d2)
OBJ 50000d1d (sz=32, trace=300867, class=java.util.Hashtable$Entry@500000d3)
	key		50000d18
	value		50000d1a
OBJ 50000d1e (sz=24, trace=300863, class=java.lang.String@50000181)
	value		50000d1f
ARR 50000d1f (sz=40, trace=300864, nelems=20, elem type=char[])
OBJ 50000d20 (sz=24, trace=300865, class=java.lang.String@50000181)
	value		50000d21
ARR 50000d21 (sz=58, trace=300866, nelems=29, elem type=char[])
OBJ 50000d22 (sz=32, trace=300867, class=java.util.Hashtable$Entry@500000d3)
	key		50000d1e
	value		50000d20
OBJ 50000d23 (sz=24, trace=300863, class=java.lang.String@50000181)
	value		50000d24
ARR 50000d24 (sz=38, trace=300864, nelems=19, elem type=char[])
OBJ 50000d25 (sz=24, trace=300865, class=java.lang.String@50000181)
	value		50000d26
ARR 50000d26 (sz=32, trace=300866, nelems=16, elem type=char[])
OBJ 50000d27 (sz=32, trace=300867, class=java.util.Hashtable$Entry@500000d3)
	key		50000d23
	value		50000d25
OBJ 50000d28 (sz=24, trace=300863, class=java.lang.String@50000181)
	value		50000d29
ARR 50000d29 (sz=58, trace=300864, nelems=29, elem type=char[])
OBJ 50000d2a (sz=24, trace=300865, class=java.lang.String@50000181)
	value		50000d2b
ARR 50000d2b (sz=70, trace=300866, nelems=35, elem type=char[])
OBJ 50000d2c (sz=32, trace=300867, class=java.util.Hashtable$Entry@500000d3)
	key		50000d28
	value		50000d2a
OBJ 50000d2d (sz=24, trace=300863, class=java.lang.String@50000181)
	value		50000d2e
ARR 50000d2e (sz=56, trace=300864, nelems=28, elem type=char[])
OBJ 50000d2f (sz=24, trace=300865, class=java.lang.String@50000181)
	value		50000d30
ARR 50000d30 (sz=64, trace=300866, nelems=32, elem type=char[])
OBJ 50000d31 (sz=32, trace=300867, class=java.util.Hashtable$Entry@500000d3)
	key		50000d2d
	value		50000d2f
OBJ 50000d32 (sz=24, trace=300863, class=java.lang.String@50000181)
	value		50000d33
ARR 50000d33 (sz=30, trace=300864, nelems=15, elem type=char[])
OBJ 50000d34 (sz=24, trace=300865, class=java.lang.String@50000181)
	value		50000d35
ARR 50000d35 (sz=64, trace=300866, nelems=32, elem type=char[])
OBJ 50000d36 (sz=32, trace=300867, class=java.util.Hashtable$Entry@500000d3)
	key		50000d32
	value		50000d34
OBJ 50000d37 (sz=24, trace=300863, class=java.lang.String@50000181)
	value		50000d38
ARR 50000d38 (sz=24, trace=300864, nelems=12, elem type=char[])
OBJ 50000d39 (sz=24, trace=300865, class=java.lang.String@50000181)
	value		50000d3a
ARR 50000d3a (sz=84, trace=300866, nelems=42, elem type=char[])
OBJ 50000d3b (sz=32, trace=300867, class=java.util.Hashtable$Entry@500000d3)
	key		50000d37
	value		50000d39
OBJ 50000d3c (sz=24, trace=300863, class=java.lang.String@50000181)
	value		50000d3d
ARR 50000d3d (sz=24, trace=300864, nelems=12, elem type=char[])
OBJ 50000d3e (sz=24, trace=300865, class=java.lang.String@50000181)
	value		50000d3f
ARR 50000d3f (sz=60, trace=300866, nelems=30, elem type=char[])
OBJ 50000d40 (sz=32, trace=300867, class=java.util.Hashtable$Entry@500000d3)
	key		50000d3c
	value		50000d3e
OBJ 50000d41 (sz=24, trace=300863, class=java.lang.String@50000181)
	value		50000d42
ARR 50000d42 (sz=46, trace=300864, nelems=23, elem type=char[])
OBJ 50000d43 (sz=24, trace=300865, class=java.lang.String@50000181)
	value		50000d44
ARR 50000d44 (sz=8, trace=300866, nelems=4, elem type=char[])
OBJ 50000d45 (sz=32, trace=300867, class=java.util.Hashtable$Entry@500000d3)
	key		50000d41
	value		50000d43
OBJ 50000d46 (sz=24, trace=300863, class=java.lang.String@50000181)
	value		50000d47
ARR 50000d47 (sz=52, trace=300864, nelems=26, elem type=char[])
OBJ 50000d48 (sz=24, trace=300865, class=java.lang.String@50000181)
	value		50000d49
ARR 50000d49 (sz=8, trace=300866, nelems=4, elem type=char[])
ARR 50000d4a (sz=208, trace=300868, nelems=47, elem type=java.util.Hashtable$Entry[]@500000d2)
	[0]		50000d5a
	[1]		50000d22
	[2]		50000d61
	[5]		50000d50
	[6]		50000d67
	[7]		50000d9e
	[12]		50000d6c
	[16]		50000d85
	[18]		50000d36
	[20]		50000d45
	[24]		50000d94
	[28]		50000d8f
	[29]		50000d71
	[32]		50000d55
	[33]		50000d8a
	[35]		50000d76
	[37]		50000d3b
	[38]		50000d4b
	[39]		50000cf4
	[40]		50000cf9
	[41]		50000cfe
	[42]		50000d03
	[43]		50000d08
	[44]		50000d99
	[45]		50000d12
	[46]		50000d17
OBJ 50000d4b (sz=32, trace=300867, class=java.util.Hashtable$Entry@500000d3)
	key		50000d46
	value		50000d48
	next		50000d40
OBJ 50000d4c (sz=24, trace=300863, class=java.lang.String@50000181)
	value		50000d4d
ARR 50000d4d (sz=52, trace=300864, nelems=26, elem type=char[])
OBJ 50000d4e (sz=24, trace=300865, class=java.lang.String@50000181)
	value		50000d4f
ARR 50000d4f (sz=10, trace=300866, nelems=5, elem type=char[])
OBJ 50000d50 (sz=32, trace=300867, class=java.util.Hashtable$Entry@500000d3)
	key		50000d4c
	value		50000d4e
OBJ 50000d51 (sz=24, trace=300863, class=java.lang.String@50000181)
	value		50000d52
ARR 50000d52 (sz=26, trace=300864, nelems=13, elem type=char[])
OBJ 50000d53 (sz=24, trace=300865, class=java.lang.String@50000181)
	value		50000d54
ARR 50000d54 (sz=6, trace=300866, nelems=3, elem type=char[])
OBJ 50000d55 (sz=32, trace=300867, class=java.util.Hashtable$Entry@500000d3)
	key		50000d51
	value		50000d53
OBJ 50000d56 (sz=24, trace=300863, class=java.lang.String@50000181)
	value		50000d57
ARR 50000d57 (sz=40, trace=300864, nelems=20, elem type=char[])
OBJ 50000d58 (sz=24, trace=300865, class=java.lang.String@50000181)
	value		50000d59
ARR 50000d59 (sz=8, trace=300866, nelems=4, elem type=char[])
OBJ 50000d5a (sz=32, trace=300867, class=java.util.Hashtable$Entry@500000d3)
	key		50000d56
	value		50000d58
	next		50000d1d
ARR 50000d5b (sz=4112, trace=300869, nelems=0, elem type=char[])
OBJ 50000d5c (sz=24, trace=300863, class=java.lang.String@50000181)
	value		50000d5d
ARR 50000d5d (sz=28, trace=300864, nelems=14, elem type=char[])
ARR 50000d5e (sz=5888, trace=300870, nelems=0, elem type=char[])
OBJ 50000d5f (sz=24, trace=300865, class=java.lang.String@50000181)
	value		50000d60
ARR 50000d60 (sz=2934, trace=300866, nelems=1467, elem type=char[])
OBJ 50000d61 (sz=32, trace=300867, class=java.util.Hashtable$Entry@500000d3)
	key		50000d5c
	value		50000d5f
	next		50000d2c
OBJ 50000d62 (sz=24, trace=300863, class=java.lang.String@50000181)
	value		50000d63
ARR 50000d63 (sz=36, trace=300864, nelems=18, elem type=char[])
ARR 50000d64 (sz=5888, trace=300870, nelems=0, elem type=char[])
OBJ 50000d65 (sz=24, trace=300865, class=java.lang.String@50000181)
	value		50000d66
ARR 50000d66 (sz=2934, trace=300866, nelems=1467, elem type=char[])
OBJ 50000d67 (sz=32, trace=300867, class=java.util.Hashtable$Entry@500000d3)
	key		50000d62
	value		50000d65
OBJ 50000d68 (sz=24, trace=300863, class=java.lang.String@50000181)
	value		50000d69
ARR 50000d69 (sz=62, trace=300864, nelems=31, elem type=char[])
OBJ 50000d6a (sz=24, trace=300865, class=java.lang.String@50000181)
	value		50000d6b
ARR 50000d6b (sz=8, trace=300866, nelems=4, elem type=char[])
OBJ 50000d6c (sz=32, trace=300867, class=java.util.Hashtable$Entry@500000d3)
	key		50000d68
	value		50000d6a
OBJ 50000d6d (sz=24, trace=300863, class=java.lang.String@50000181)
	value		50000d6e
ARR 50000d6e (sz=62, trace=300864, nelems=31, elem type=char[])
OBJ 50000d6f (sz=24, trace=300865, class=java.lang.String@50000181)
	value		50000d70
ARR 50000d70 (sz=14, trace=300866, nelems=7, elem type=char[])
OBJ 50000d71 (sz=32, trace=300867, class=java.util.Hashtable$Entry@500000d3)
	key		50000d6d
	value		50000d6f
OBJ 50000d72 (sz=24, trace=300863, class=java.lang.String@50000181)
	value		50000d73
ARR 50000d73 (sz=66, trace=300864, nelems=33, elem type=char[])
OBJ 50000d74 (sz=24, trace=300865, class=java.lang.String@50000181)
	value		50000d75
ARR 50000d75 (sz=8, trace=300866, nelems=4, elem type=char[])
OBJ 50000d76 (sz=32, trace=300867, class=java.util.Hashtable$Entry@500000d3)
	key		50000d72
	value		50000d74
OBJ 50000d77 (sz=24, trace=300863, class=java.lang.String@50000181)
	value		50000d78
ARR 50000d78 (sz=66, trace=300864, nelems=33, elem type=char[])
OBJ 50000d79 (sz=24, trace=300865, class=java.lang.String@50000181)
	value		50000d7a
ARR 50000d7a (sz=4, trace=300866, nelems=2, elem type=char[])
OBJ 50000d7b (sz=32, trace=300867, class=java.util.Hashtable$Entry@500000d3)
	key		50000d77
	value		50000d79
OBJ 50000d7c (sz=24, trace=300863, class=java.lang.String@50000181)
	value		50000d7d
ARR 50000d7d (sz=38, trace=300864, nelems=19, elem type=char[])
OBJ 50000d7e (sz=24, trace=300865, class=java.lang.String@50000181)
	value		50000d7f
ARR 50000d7f (sz=14, trace=300866, nelems=7, elem type=char[])
OBJ 50000d80 (sz=32, trace=300867, class=java.util.Hashtable$Entry@500000d3)
	key		50000d7c
	value		50000d7e
	next		50000d7b
OBJ 50000d81 (sz=24, trace=300863, class=java.lang.String@50000181)
	value		50000d82
ARR 50000d82 (sz=62, trace=300864, nelems=31, elem type=char[])
OBJ 50000d83 (sz=24, trace=300865, class=java.lang.String@50000181)
	value		50000d84
ARR 50000d84 (sz=192, trace=300866, nelems=96, elem type=char[])
OBJ 50000d85 (sz=32, trace=300867, class=java.util.Hashtable$Entry@500000d3)
	key		50000d81
	value		50000d83
OBJ 50000d86 (sz=24, trace=300863, class=java.lang.String@50000181)
	value		50000d87
ARR 50000d87 (sz=52, trace=300864, nelems=26, elem type=char[])
OBJ 50000d88 (sz=24, trace=300865, class=java.lang.String@50000181)
	value		50000d89
ARR 50000d89 (sz=96, trace=300866, nelems=48, elem type=char[])
OBJ 50000d8a (sz=32, trace=300867, class=java.util.Hashtable$Entry@500000d3)
	key		50000d86
	value		50000d88
OBJ 50000d8b (sz=24, trace=300863, class=java.lang.String@50000181)
	value		50000d8c
ARR 50000d8c (sz=52, trace=300864, nelems=26, elem type=char[])
OBJ 50000d8d (sz=24, trace=300865, class=java.lang.String@50000181)
	value		50000d8e
ARR 50000d8e (sz=184, trace=300866, nelems=92, elem type=char[])
OBJ 50000d8f (sz=32, trace=300867, class=java.util.Hashtable$Entry@500000d3)
	key		50000d8b
	value		50000d8d
OBJ 50000d90 (sz=24, trace=300863, class=java.lang.String@50000181)
	value		50000d91
ARR 50000d91 (sz=48, trace=300864, nelems=24, elem type=char[])
OBJ 50000d92 (sz=24, trace=300865, class=java.lang.String@50000181)
	value		50000d93
ARR 50000d93 (sz=186, trace=300866, nelems=93, elem type=char[])
OBJ 50000d94 (sz=32, trace=300867, class=java.util.Hashtable$Entry@500000d3)
	key		50000d90
	value		50000d92
OBJ 50000d95 (sz=24, trace=300863, class=java.lang.String@50000181)
	value		50000d96
ARR 50000d96 (sz=70, trace=300864, nelems=35, elem type=char[])
OBJ 50000d97 (sz=24, trace=300865, class=java.lang.String@50000181)
	value		50000d98
ARR 50000d98 (sz=804, trace=300866, nelems=402, elem type=char[])
OBJ 50000d99 (sz=32, trace=300867, class=java.util.Hashtable$Entry@500000d3)
	key		50000d95
	value		50000d97
	next		50000d0d
OBJ 50000d9a (sz=24, trace=300863, class=java.lang.String@50000181)
	value		50000d9b
ARR 50000d9b (sz=44, trace=300864, nelems=22, elem type=char[])
OBJ 50000d9c (sz=24, trace=300865, class=java.lang.String@50000181)
	value		50000d9d
ARR 50000d9d (sz=192, trace=300866, nelems=96, elem type=char[])
OBJ 50000d9e (sz=32, trace=300867, class=java.util.Hashtable$Entry@500000d3)
	key		50000d9a
	value		50000d9c
	next		50000d80
OBJ 50000d9f (sz=16, trace=300871, class=java.io.FileInputStream$1@50000013)
OBJ 50000da0 (sz=64, trace=300872, class=java.util.concurrent.ConcurrentHashMap@5000002b)
OBJ 50000da1 (sz=24, trace=300873, class=java.util.ArrayList@500000f0)
OBJ 50000da2 (sz=24, trace=300874, class=java.lang.String@50000181)
	value		50000da3
ARR 50000da3 (sz=6, trace=300875, nelems=3, elem type=char[])
ARR 50000da4 (sz=56, trace=300214, nelems=0, elem type=java.lang.Object[]@5000011b)
OBJ 50000da5 (sz=24, trace=300874, class=java.lang.String@50000181)
ARR 50000da6 (sz=24, trace=300875, nelems=0, elem type=char[])
OBJ 50000da7 (sz=24, trace=300874, class=java.lang.String@50000181)
ARR 50000da8 (sz=56, trace=300875, nelems=0, elem type=char[])
OBJ 50000da9 (sz=24, trace=300876, class=java.lang.String@50000181)
ARR 50000daa (sz=56, trace=300877, nelems=0, elem type=char[])
ARR 50000dab (sz=32, trace=300878, nelems=4, elem type=java.lang.String[]@500000db)
	[0]		50000da2
	[1]		50000db1
	[2]		50000db3
	[3]		50000db5
OBJ 50000dad (sz=40, trace=300880, class=java.util.ArrayList$SubList@50000dac)
OBJ 50000db0 (sz=40, trace=300882, class=java.util.ArrayList$SubList$1@50000daf)
OBJ 50000db1 (sz=24, trace=300883, class=java.lang.String@50000181)
	value		50000db2
ARR 50000db2 (sz=6, trace=300884, nelems=3, elem type=char[])
OBJ 50000db3 (sz=24, trace=300883, class=java.lang.String@50000181)
	value		50000db4
ARR 50000db4 (sz=36, trace=300884, nelems=18, elem type=char[])
OBJ 50000db5 (sz=24, trace=300883, class=java.lang.String@50000181)
	value		50000db6
ARR 50000db6 (sz=36, trace=300884, nelems=18, elem type=char[])
OBJ 50000db8 (sz=16, trace=300886, class=sun.security.util.DisabledAlgorithmConstraints$Constraints@50000db7)
	constraintsMap	50000db9
OBJ 50000db9 (sz=48, trace=300887, class=java.util.HashMap@500000d9)
	table		50000dce
OBJ 50000dba (sz=72, trace=300888, class=java.util.regex.Pattern@50000ca9)
ARR 50000dbb (sz=32, trace=300889, nelems=0, elem type=int[])
ARR 50000dbc (sz=144, trace=300890, nelems=0, elem type=int[])
ARR 50000dbd (sz=56, trace=300891, nelems=0, elem type=java.util.regex.Pattern$GroupHead[]@50000cb4)
ARR 50000dbe (sz=24, trace=300892, nelems=0, elem type=int[])
OBJ 50000dbf (sz=24, trace=300893, class=java.util.regex.Pattern$Slice@50000cbb)
OBJ 50000dc1 (sz=24, trace=300895, class=java.util.regex.Pattern$Start@50000cbe)
OBJ 50000dc2 (sz=24, trace=300896, class=java.util.regex.Pattern$TreeInfo@50000cc0)
OBJ 50000dc5 (sz=64, trace=300898, class=java.util.regex.Matcher@50000dc4)
ARR 50000dc6 (sz=96, trace=300899, nelems=0, elem type=int[])
ARR 50000dc7 (sz=16, trace=300900, nelems=0, elem type=int[])
OBJ 50000dc8 (sz=24, trace=300901, class=java.util.ArrayList@500000f0)
	elementData	50000dc9
ARR 50000dc9 (sz=24, trace=300902, nelems=1, elem type=java.lang.Object[]@5000011b)
	[0]		50000dd2
ARR 50000dca (sz=24, trace=300903, nelems=0, elem type=java.lang.String[]@500000db)
OBJ 50000dcb (sz=24, trace=300341, class=java.util.Arrays$ArrayList@50000746)
OBJ 50000dcd (sz=32, trace=300905, class=java.util.AbstractList$Itr@50000dcc)
ARR 50000dce (sz=80, trace=300906, nelems=16, elem type=java.util.HashMap$Node[]@500000d5)
	[1]		50000df7
	[3]		50000e22
	[10]		50000dcf
	[15]		50000de3
OBJ 50000dcf (sz=32, trace=300907, class=java.util.HashMap$Node@500000d7)
	key		50000da2
	value		50000dc8
OBJ 50000dd2 (sz=24, trace=300909, class=sun.security.util.DisabledAlgorithmConstraints$DisabledConstraint@50000dd1)
	algorithm	50000da2
OBJ 50000dd3 (sz=72, trace=300888, class=java.util.regex.Pattern@50000ca9)
ARR 50000dd4 (sz=32, trace=300889, nelems=0, elem type=int[])
ARR 50000dd5 (sz=144, trace=300890, nelems=0, elem type=int[])
ARR 50000dd6 (sz=56, trace=300891, nelems=0, elem type=java.util.regex.Pattern$GroupHead[]@50000cb4)
ARR 50000dd7 (sz=24, trace=300892, nelems=0, elem type=int[])
OBJ 50000dd8 (sz=24, trace=300893, class=java.util.regex.Pattern$Slice@50000cbb)
OBJ 50000dd9 (sz=24, trace=300895, class=java.util.regex.Pattern$Start@50000cbe)
OBJ 50000dda (sz=24, trace=300896, class=java.util.regex.Pattern$TreeInfo@50000cc0)
OBJ 50000ddb (sz=64, trace=300898, class=java.util.regex.Matcher@50000dc4)
ARR 50000ddc (sz=96, trace=300899, nelems=0, elem type=int[])
ARR 50000ddd (sz=16, trace=300900, nelems=0, elem type=int[])
OBJ 50000dde (sz=24, trace=300901, class=java.util.ArrayList@500000f0)
	elementData	50000ddf
ARR 50000ddf (sz=24, trace=300902, nelems=1, elem type=java.lang.Object[]@5000011b)
	[0]		50000de4
ARR 50000de0 (sz=24, trace=300903, nelems=0, elem type=java.lang.String[]@500000db)
OBJ 50000de1 (sz=24, trace=300341, class=java.util.Arrays$ArrayList@50000746)
OBJ 50000de2 (sz=32, trace=300905, class=java.util.AbstractList$Itr@50000dcc)
OBJ 50000de3 (sz=32, trace=300907, class=java.util.HashMap$Node@500000d7)
	key		50000db1
	value		50000dde
OBJ 50000de4 (sz=24, trace=300909, class=sun.security.util.DisabledAlgorithmConstraints$DisabledConstraint@50000dd1)
	algorithm	50000db1
OBJ 50000de5 (sz=24, trace=300910, class=java.lang.String@50000181)
	value		50000de6
ARR 50000de6 (sz=6, trace=300911, nelems=3, elem type=char[])
OBJ 50000de7 (sz=72, trace=300888, class=java.util.regex.Pattern@50000ca9)
ARR 50000de8 (sz=32, trace=300889, nelems=0, elem type=int[])
ARR 50000de9 (sz=144, trace=300890, nelems=0, elem type=int[])
ARR 50000dea (sz=56, trace=300891, nelems=0, elem type=java.util.regex.Pattern$GroupHead[]@50000cb4)
ARR 50000deb (sz=24, trace=300892, nelems=0, elem type=int[])
OBJ 50000dec (sz=24, trace=300893, class=java.util.regex.Pattern$Slice@50000cbb)
OBJ 50000ded (sz=24, trace=300895, class=java.util.regex.Pattern$Start@50000cbe)
OBJ 50000dee (sz=24, trace=300896, class=java.util.regex.Pattern$TreeInfo@50000cc0)
OBJ 50000def (sz=64, trace=300898, class=java.util.regex.Matcher@50000dc4)
ARR 50000df0 (sz=96, trace=300899, nelems=0, elem type=int[])
ARR 50000df1 (sz=16, trace=300900, nelems=0, elem type=int[])
OBJ 50000df2 (sz=24, trace=300901, class=java.util.ArrayList@500000f0)
	elementData	50000df3
ARR 50000df3 (sz=24, trace=300902, nelems=1, elem type=java.lang.Object[]@5000011b)
	[0]		50000e0d
ARR 50000df4 (sz=24, trace=300903, nelems=0, elem type=java.lang.String[]@500000db)
OBJ 50000df5 (sz=24, trace=300341, class=java.util.Arrays$ArrayList@50000746)
OBJ 50000df6 (sz=32, trace=300905, class=java.util.AbstractList$Itr@50000dcc)
OBJ 50000df7 (sz=32, trace=300907, class=java.util.HashMap$Node@500000d7)
	key		50000de5
	value		50000df2
OBJ 50000df8 (sz=24, trace=300912, class=java.lang.String@50000181)
ARR 50000df9 (sz=48, trace=300913, nelems=0, elem type=char[])
OBJ 50000dfa (sz=24, trace=300873, class=java.util.ArrayList@500000f0)
ARR 50000dfb (sz=24, trace=300914, nelems=0, elem type=java.lang.String[]@500000db)
OBJ 50000dfc (sz=48, trace=300915, class=java.util.StringTokenizer@50000038)
OBJ 50000dfd (sz=24, trace=300916, class=java.lang.String@50000181)
ARR 50000dfe (sz=32, trace=300529, nelems=0, elem type=char[])
OBJ 50000e00 (sz=24, trace=300918, class=java.lang.String@50000181)
ARR 50000e01 (sz=24, trace=300529, nelems=0, elem type=char[])
OBJ 50000e03 (sz=24, trace=300920, class=sun.security.util.DisabledAlgorithmConstraints$Constraint$Operator@50000e02)
	name		50001e74
OBJ 50000e04 (sz=24, trace=300921, class=sun.security.util.DisabledAlgorithmConstraints$Constraint$Operator@50000e02)
	name		50001e79
OBJ 50000e05 (sz=24, trace=300922, class=sun.security.util.DisabledAlgorithmConstraints$Constraint$Operator@50000e02)
	name		50001e78
OBJ 50000e06 (sz=24, trace=300923, class=sun.security.util.DisabledAlgorithmConstraints$Constraint$Operator@50000e02)
	name		50001e77
OBJ 50000e07 (sz=24, trace=300924, class=sun.security.util.DisabledAlgorithmConstraints$Constraint$Operator@50000e02)
	name		50001e76
OBJ 50000e08 (sz=24, trace=300925, class=sun.security.util.DisabledAlgorithmConstraints$Constraint$Operator@50000e02)
	name		50001e75
ARR 50000e0a (sz=40, trace=300926, nelems=6, elem type=sun.security.util.DisabledAlgorithmConstraints$Constraint$Operator[]@50000e09)
	[0]		50000e03
	[1]		50000e04
	[2]		50000e05
	[3]		50000e06
	[4]		50000e07
	[5]		50000e08
OBJ 50000e0b (sz=24, trace=300927, class=java.lang.String@50000181)
ARR 50000e0c (sz=24, trace=300529, nelems=0, elem type=char[])
OBJ 50000e0d (sz=40, trace=300928, class=sun.security.util.DisabledAlgorithmConstraints$KeySizeConstraint@50000dff)
	algorithm	50000de5
ARR 50000e0f (sz=24, trace=300930, nelems=6, elem type=int[])
OBJ 50000e10 (sz=24, trace=300910, class=java.lang.String@50000181)
	value		50000e11
ARR 50000e11 (sz=6, trace=300911, nelems=3, elem type=char[])
OBJ 50000e12 (sz=72, trace=300888, class=java.util.regex.Pattern@50000ca9)
ARR 50000e13 (sz=32, trace=300889, nelems=0, elem type=int[])
ARR 50000e14 (sz=144, trace=300890, nelems=0, elem type=int[])
ARR 50000e15 (sz=56, trace=300891, nelems=0, elem type=java.util.regex.Pattern$GroupHead[]@50000cb4)
ARR 50000e16 (sz=24, trace=300892, nelems=0, elem type=int[])
OBJ 50000e17 (sz=24, trace=300893, class=java.util.regex.Pattern$Slice@50000cbb)
OBJ 50000e18 (sz=24, trace=300895, class=java.util.regex.Pattern$Start@50000cbe)
OBJ 50000e19 (sz=24, trace=300896, class=java.util.regex.Pattern$TreeInfo@50000cc0)
OBJ 50000e1a (sz=64, trace=300898, class=java.util.regex.Matcher@50000dc4)
ARR 50000e1b (sz=96, trace=300899, nelems=0, elem type=int[])
ARR 50000e1c (sz=16, trace=300900, nelems=0, elem type=int[])
OBJ 50000e1d (sz=24, trace=300901, class=java.util.ArrayList@500000f0)
	elementData	50000e1e
ARR 50000e1e (sz=24, trace=300902, nelems=1, elem type=java.lang.Object[]@5000011b)
	[0]		50000e2e
ARR 50000e1f (sz=24, trace=300903, nelems=0, elem type=java.lang.String[]@500000db)
OBJ 50000e20 (sz=24, trace=300341, class=java.util.Arrays$ArrayList@50000746)
OBJ 50000e21 (sz=32, trace=300905, class=java.util.AbstractList$Itr@50000dcc)
OBJ 50000e22 (sz=32, trace=300907, class=java.util.HashMap$Node@500000d7)
	key		50000e10
	value		50000e1d
OBJ 50000e23 (sz=24, trace=300912, class=java.lang.String@50000181)
ARR 50000e24 (sz=48, trace=300913, nelems=0, elem type=char[])
OBJ 50000e25 (sz=24, trace=300873, class=java.util.ArrayList@500000f0)
ARR 50000e26 (sz=24, trace=300914, nelems=0, elem type=java.lang.String[]@500000db)
OBJ 50000e27 (sz=48, trace=300915, class=java.util.StringTokenizer@50000038)
OBJ 50000e28 (sz=24, trace=300916, class=java.lang.String@50000181)
ARR 50000e29 (sz=32, trace=300529, nelems=0, elem type=char[])
OBJ 50000e2a (sz=24, trace=300918, class=java.lang.String@50000181)
ARR 50000e2b (sz=24, trace=300529, nelems=0, elem type=char[])
OBJ 50000e2c (sz=24, trace=300927, class=java.lang.String@50000181)
ARR 50000e2d (sz=24, trace=300529, nelems=0, elem type=char[])
OBJ 50000e2e (sz=40, trace=300928, class=sun.security.util.DisabledAlgorithmConstraints$KeySizeConstraint@50000dff)
	algorithm	50000e10
ARR 50000e2f (sz=80, trace=300931, nelems=0, elem type=char[])
OBJ 50000e30 (sz=24, trace=300932, class=java.lang.String@50000181)
	value		50000e31
ARR 50000e31 (sz=64, trace=300933, nelems=32, elem type=char[])
ARR 50000e32 (sz=32, trace=300934, nelems=16, elem type=char[])
ARR 50000e33 (sz=56, trace=300686, nelems=0, elem type=char[])
ARR 50000e34 (sz=80, trace=300687, nelems=0, elem type=byte[])
ARR 50000e35 (sz=40, trace=300688, nelems=0, elem type=byte[])
OBJ 50000e36 (sz=80, trace=300690, class=java.util.zip.ZipEntry@50000c12)
ARR 50000e37 (sz=56, trace=300693, nelems=0, elem type=char[])
OBJ 50000e38 (sz=24, trace=300694, class=java.lang.String@50000181)
ARR 50000e39 (sz=56, trace=300695, nelems=0, elem type=char[])
OBJ 50000e3a (sz=96, trace=300697, class=java.util.jar.JarFile$JarFileEntry@50000c1a)
ARR 50000e3c (sz=32, trace=300936, nelems=16, elem type=char[])
OBJ 50000e3d (sz=48, trace=300937, class=sun.security.util.ManifestEntryVerifier@50000e3b)
OBJ 50000e3e (sz=48, trace=300938, class=java.util.HashMap@500000d9)
OBJ 50000e3f (sz=24, trace=300939, class=java.util.ArrayList@500000f0)
OBJ 50000e40 (sz=24, trace=300940, class=java.util.ArrayList@500000f0)
ARR 50000e41 (sz=56, trace=300722, nelems=0, elem type=char[])
ARR 50000e42 (sz=80, trace=300941, nelems=0, elem type=byte[])
ARR 50000e43 (sz=40, trace=300724, nelems=0, elem type=byte[])
OBJ 50000e44 (sz=56, trace=300726, class=java.util.zip.ZipFile$ZipFileInputStream@50000c44)
	this$0		50000c01
OBJ 50000e45 (sz=40, trace=300110, class=java.lang.ref.Finalizer@50000160)
	referent	50000e44
	queue		50001644
	next		50000ce6
	prev		50000e4d
OBJ 50000e46 (sz=40, trace=300727, class=java.util.WeakHashMap$Entry@5000003f)
ARR 50000e47 (sz=16, trace=300942, nelems=0, elem type=byte[])
ARR 50000e48 (sz=88, trace=300943, nelems=0, elem type=byte[])
ARR 50000e49 (sz=104, trace=300944, nelems=0, elem type=char[])
ARR 50000e4a (sz=144, trace=300945, nelems=0, elem type=byte[])
ARR 50000e4b (sz=64, trace=300946, nelems=0, elem type=byte[])
OBJ 50000e4c (sz=56, trace=300947, class=java.util.zip.ZipFile$ZipFileInputStream@50000c44)
	this$0		50000c01
OBJ 50000e4d (sz=40, trace=300110, class=java.lang.ref.Finalizer@50000160)
	referent	50000e4c
	queue		50001644
	next		50000e45
	prev		50000f09
OBJ 50000e4e (sz=40, trace=300727, class=java.util.WeakHashMap$Entry@5000003f)
ARR 50000e50 (sz=16, trace=300949, nelems=0, elem type=byte[])
ARR 50000e51 (sz=1040, trace=300950, nelems=0, elem type=byte[])
ARR 50000e52 (sz=3072, trace=300950, nelems=0, elem type=byte[])
OBJ 50000e53 (sz=32, trace=300951, class=java.security.CodeSource@50000127)
	location	5000324c
ARR 50000e56 (sz=24, trace=300953, nelems=2, elem type=java.io.ObjectStreamField[]@5000010d)
	[0]		50000e57
	[1]		50000e64
OBJ 50000e57 (sz=40, trace=300954, class=java.io.ObjectStreamField@5000010f)
	name		50002f8f
	signature	50000e62
	type		50000158
OBJ 50000e58 (sz=24, trace=300955, class=java.lang.StringBuilder@50000134)
ARR 50000e59 (sz=48, trace=300956, nelems=0, elem type=char[])
OBJ 50000e5a (sz=24, trace=300957, class=java.lang.StringBuilder@50000134)
ARR 50000e5b (sz=48, trace=300958, nelems=0, elem type=char[])
ARR 50000e5c (sz=56, trace=300959, nelems=0, elem type=char[])
OBJ 50000e5d (sz=24, trace=300960, class=java.lang.String@50000181)
ARR 50000e5e (sz=88, trace=300010, nelems=0, elem type=char[])
OBJ 50000e5f (sz=24, trace=300961, class=java.lang.String@50000181)
ARR 50000e60 (sz=64, trace=300962, nelems=0, elem type=char[])
ARR 50000e61 (sz=88, trace=300010, nelems=0, elem type=char[])
OBJ 50000e62 (sz=24, trace=300963, class=java.lang.String@50000181)
	value		50000e63
ARR 50000e63 (sz=42, trace=300964, nelems=21, elem type=char[])
OBJ 50000e64 (sz=40, trace=300965, class=java.io.ObjectStreamField@5000010f)
	name		50002f8e
	signature	50000e70
	type		50000e54
OBJ 50000e65 (sz=24, trace=300955, class=java.lang.StringBuilder@50000134)
ARR 50000e66 (sz=48, trace=300956, nelems=0, elem type=char[])
OBJ 50000e67 (sz=24, trace=300957, class=java.lang.StringBuilder@50000134)
ARR 50000e68 (sz=48, trace=300958, nelems=0, elem type=char[])
ARR 50000e69 (sz=88, trace=300959, nelems=0, elem type=char[])
OBJ 50000e6a (sz=24, trace=300960, class=java.lang.String@50000181)
ARR 50000e6b (sz=88, trace=300010, nelems=0, elem type=char[])
ARR 50000e6c (sz=160, trace=300248, nelems=0, elem type=char[])
OBJ 50000e6d (sz=24, trace=300961, class=java.lang.String@50000181)
ARR 50000e6e (sz=88, trace=300962, nelems=0, elem type=char[])
ARR 50000e6f (sz=88, trace=300010, nelems=0, elem type=char[])
OBJ 50000e70 (sz=24, trace=300963, class=java.lang.String@50000181)
	value		50000e71
ARR 50000e71 (sz=72, trace=300964, nelems=36, elem type=char[])
OBJ 50000e72 (sz=32, trace=300966, class=java.security.Permissions@50000e55)
	permsMap	50000e73
OBJ 50000e73 (sz=48, trace=300967, class=java.util.HashMap@500000d9)
	table		50000ea2
ARR 50000e74 (sz=152, trace=300968, nelems=0, elem type=char[])
OBJ 50000e75 (sz=24, trace=300969, class=java.lang.String@50000181)
OBJ 50000e76 (sz=32, trace=300970, class=java.io.File@5000012e)
OBJ 50000e77 (sz=24, trace=300313, class=java.lang.StringBuffer@50000135)
ARR 50000e78 (sz=152, trace=300314, nelems=0, elem type=char[])
ARR 50000e79 (sz=152, trace=300315, nelems=0, elem type=char[])
OBJ 50000e7a (sz=24, trace=300316, class=java.lang.String@50000181)
OBJ 50000e7e (sz=48, trace=300972, class=java.util.Hashtable@50000158)
	table		50000e7f
ARR 50000e7f (sz=64, trace=300973, nelems=0, elem type=java.util.Hashtable$Entry[]@500000d2)
OBJ 50000e80 (sz=48, trace=300974, class=java.util.HashMap@500000d9)
OBJ 50000e81 (sz=104, trace=300975, class=sun.net.www.protocol.file.FileURLConnection@50000e7d)
OBJ 50000e83 (sz=24, trace=300977, class=sun.net.www.MessageHeader@50000e82)
ARR 50000e84 (sz=32, trace=300978, nelems=0, elem type=java.lang.String[]@500000db)
ARR 50000e85 (sz=32, trace=300979, nelems=0, elem type=java.lang.String[]@500000db)
ARR 50000e87 (sz=132, trace=300981, nelems=66, elem type=char[])
OBJ 50000e88 (sz=24, trace=300982, class=java.lang.String@50000181)
	value		50000e87
OBJ 50000e89 (sz=32, trace=300983, class=java.io.FilePermission@50000e86)
	name		50000e88
	cpath		50001caa
OBJ 50000e8b (sz=16, trace=300985, class=java.io.FilePermission$1@50000e8a)
OBJ 50000e8c (sz=32, trace=300986, class=java.io.File@5000012e)
OBJ 50000e8d (sz=24, trace=300313, class=java.lang.StringBuffer@50000135)
ARR 50000e8e (sz=152, trace=300314, nelems=0, elem type=char[])
ARR 50000e8f (sz=152, trace=300315, nelems=0, elem type=char[])
OBJ 50000e90 (sz=24, trace=300316, class=java.lang.String@50000181)
ARR 50000e92 (sz=24, trace=300988, nelems=1, elem type=java.io.ObjectStreamField[]@5000010d)
	[0]		50000e93
OBJ 50000e93 (sz=40, trace=300989, class=java.io.ObjectStreamField@5000010f)
	name		50001e45
	signature	50000e9e
	type		500000f6
OBJ 50000e94 (sz=24, trace=300955, class=java.lang.StringBuilder@50000134)
ARR 50000e95 (sz=48, trace=300956, nelems=0, elem type=char[])
OBJ 50000e96 (sz=24, trace=300957, class=java.lang.StringBuilder@50000134)
ARR 50000e97 (sz=48, trace=300958, nelems=0, elem type=char[])
ARR 50000e98 (sz=48, trace=300959, nelems=0, elem type=char[])
OBJ 50000e99 (sz=24, trace=300960, class=java.lang.String@50000181)
ARR 50000e9a (sz=88, trace=300010, nelems=0, elem type=char[])
OBJ 50000e9b (sz=24, trace=300961, class=java.lang.String@50000181)
ARR 50000e9c (sz=56, trace=300962, nelems=0, elem type=char[])
ARR 50000e9d (sz=88, trace=300010, nelems=0, elem type=char[])
OBJ 50000e9e (sz=24, trace=300963, class=java.lang.String@50000181)
	value		50000e9f
ARR 50000e9f (sz=36, trace=300964, nelems=18, elem type=char[])
OBJ 50000ea0 (sz=24, trace=300990, class=java.io.FilePermissionCollection@50000e91)
	perms		50000ea1
OBJ 50000ea1 (sz=24, trace=300991, class=java.util.ArrayList@500000f0)
	elementData	50000ea4
ARR 50000ea2 (sz=80, trace=300992, nelems=1, elem type=java.util.HashMap$Node[]@500000d5)
	[0]		50000ea3
OBJ 50000ea3 (sz=32, trace=300190, class=java.util.HashMap$Node@500000d7)
	key		50000e86
	value		50000ea0
ARR 50000ea4 (sz=56, trace=300214, nelems=1, elem type=java.lang.Object[]@5000011b)
	[0]		50000e89
OBJ 50000ea7 (sz=40, trace=300995, class=java.security.ProtectionDomain@50000173)
	codesource	50000e53
	classloader	5000164c
	principals	50000ea9
	permissions	50000e72
	key		50000ea8
OBJ 50000ea8 (sz=16, trace=300996, class=java.security.ProtectionDomain$Key@50000008)
	this$0		50000ea7
ARR 50000ea9 (sz=16, trace=300997, nelems=0, elem type=java.security.Principal[]@50000006)
ARR 50000eaa (sz=80, trace=300998, nelems=15, elem type=java.util.HashMap$Node[]@500000d5)
	[14]		50000eab
OBJ 50000eab (sz=32, trace=300190, class=java.util.HashMap$Node@500000d7)
	key		50000e53
	value		50000ea7
OBJ 50000eac (sz=24, trace=300999, class=java.lang.String@50000181)
	value		50000ead
ARR 50000ead (sz=42, trace=301000, nelems=21, elem type=char[])
ARR 50000eae (sz=80, trace=301001, nelems=3, elem type=java.util.concurrent.ConcurrentHashMap$Node[]@50000023)
	[1]		50000eaf
	[2]		50001316
OBJ 50000eaf (sz=32, trace=301002, class=java.util.concurrent.ConcurrentHashMap$Node@50000024)
	key		50000eac
	val		500018ee
OBJ 50000eb0 (sz=24, trace=300291, class=java.lang.StringBuffer@50000135)
ARR 50000eb1 (sz=160, trace=300292, nelems=0, elem type=char[])
ARR 50000eb2 (sz=160, trace=300293, nelems=0, elem type=char[])
OBJ 50000eb3 (sz=24, trace=300294, class=java.lang.String@50000181)
OBJ 50000eb4 (sz=16, trace=301003, class=java.lang.Object@50000185)
OBJ 50000eb5 (sz=32, trace=300412, class=java.util.concurrent.ConcurrentHashMap$Node@50000024)
	key		50001911
	val		50000eb4
ARR 50000eb6 (sz=80, trace=300189, nelems=4, elem type=java.util.HashMap$Node[]@500000d5)
	[3]		50000eb7
OBJ 50000eb7 (sz=32, trace=300190, class=java.util.HashMap$Node@500000d7)
	key		50000ea7
	value		50001772
ARR 50000eb9 (sz=16, trace=300383, nelems=0, elem type=java.lang.Class[]@50000116)
OBJ 50000eba (sz=56, trace=300126, class=java.lang.Class$ReflectionData@500000c4)
OBJ 50000ebb (sz=40, trace=300040, class=java.lang.ref.SoftReference@50000165)
OBJ 50000ebc (sz=80, trace=300127, class=java.lang.reflect.Constructor@50000150)
OBJ 50000ebd (sz=24, trace=300384, class=java.lang.Class$1@500000ae)
OBJ 50000ebe (sz=24, trace=300129, class=sun.reflect.NativeConstructorAccessorImpl@500000ac)
OBJ 50000ebf (sz=16, trace=300130, class=sun.reflect.DelegatingConstructorAccessorImpl@500000ab)
OBJ 50000ec0 (sz=48, trace=301005, class=sun.text.resources.zh.FormatData_zh@50000eb8)
	parent		50000b27
	locale		50001d16
	name		50000af2
	cacheKey	50003012
	lookup		50000f53
	keyset		50000f9c
	parallelContents	50000ec1
OBJ 50000ec1 (sz=16, trace=301006, class=java.util.concurrent.atomic.AtomicMarkableReference@50000b28)
	pair		50000ec2
OBJ 50000ec2 (sz=24, trace=300619, class=java.util.concurrent.atomic.AtomicMarkableReference$Pair@50000b2b)
OBJ 50000ec3 (sz=32, trace=300378, class=java.util.ResourceBundle$LoaderReference@50000758)
	referent	50000736
	queue		50000252
	cacheKey	50003012
OBJ 50000ec4 (sz=48, trace=300387, class=java.util.ResourceBundle$BundleReference@500007a7)
	referent	50000ec0
	queue		50000252
	cacheKey	50003012
OBJ 50000ec5 (sz=32, trace=300389, class=java.util.concurrent.ConcurrentHashMap$Node@50000024)
	key		50003012
	val		50000ec4
OBJ 50000ec6 (sz=32, trace=300378, class=java.util.ResourceBundle$LoaderReference@50000758)
OBJ 50000ec7 (sz=24, trace=300620, class=java.lang.StringBuilder@50000134)
ARR 50000ec8 (sz=48, trace=300621, nelems=0, elem type=char[])
OBJ 50000ec9 (sz=24, trace=300622, class=java.lang.String@50000181)
ARR 50000eca (sz=56, trace=300623, nelems=0, elem type=char[])
ARR 50000ecb (sz=88, trace=300010, nelems=0, elem type=char[])
OBJ 50000ecc (sz=24, trace=300624, class=java.lang.String@50000181)
ARR 50000ecd (sz=40, trace=300625, nelems=0, elem type=char[])
OBJ 50000ece (sz=24, trace=300626, class=java.lang.String@50000181)
ARR 50000ecf (sz=80, trace=300627, nelems=0, elem type=char[])
OBJ 50000ed0 (sz=24, trace=300628, class=java.lang.StringBuilder@50000134)
ARR 50000ed1 (sz=112, trace=300629, nelems=0, elem type=char[])
OBJ 50000ed2 (sz=24, trace=300630, class=java.lang.String@50000181)
	value		50000ed3
ARR 50000ed3 (sz=76, trace=300393, nelems=38, elem type=char[])
OBJ 50000ed4 (sz=16, trace=300379, class=java.lang.Object@50000185)
OBJ 50000ed5 (sz=32, trace=300381, class=java.util.concurrent.ConcurrentHashMap$Node@50000024)
	key		50000ed2
	val		50000ed4
OBJ 50000ed6 (sz=24, trace=300395, class=java.net.URLClassLoader$1@500007b2)
ARR 50000ed7 (sz=96, trace=300396, nelems=0, elem type=char[])
OBJ 50000ed8 (sz=24, trace=300397, class=java.lang.String@50000181)
ARR 50000ed9 (sz=104, trace=300398, nelems=0, elem type=char[])
OBJ 50000eda (sz=24, trace=300399, class=java.lang.String@50000181)
ARR 50000edb (sz=104, trace=300686, nelems=0, elem type=char[])
ARR 50000edc (sz=152, trace=300687, nelems=0, elem type=byte[])
ARR 50000edd (sz=64, trace=300688, nelems=0, elem type=byte[])
ARR 50000ede (sz=104, trace=300686, nelems=0, elem type=char[])
ARR 50000edf (sz=152, trace=300687, nelems=0, elem type=byte[])
ARR 50000ee0 (sz=64, trace=300688, nelems=0, elem type=byte[])
OBJ 50000ee1 (sz=80, trace=300690, class=java.util.zip.ZipEntry@50000c12)
ARR 50000ee2 (sz=104, trace=300693, nelems=0, elem type=char[])
OBJ 50000ee3 (sz=24, trace=300694, class=java.lang.String@50000181)
ARR 50000ee4 (sz=104, trace=300695, nelems=0, elem type=char[])
OBJ 50000ee5 (sz=96, trace=300697, class=java.util.jar.JarFile$JarFileEntry@50000c1a)
ARR 50000ee6 (sz=224, trace=300698, nelems=0, elem type=char[])
ARR 50000ee7 (sz=104, trace=300699, nelems=0, elem type=char[])
OBJ 50000ee8 (sz=24, trace=300700, class=java.lang.String@50000181)
ARR 50000ee9 (sz=104, trace=300701, nelems=0, elem type=char[])
OBJ 50000eea (sz=64, trace=300702, class=java.net.URL@5000012c)
OBJ 50000eeb (sz=24, trace=300703, class=java.lang.String@50000181)
ARR 50000eec (sz=24, trace=300704, nelems=0, elem type=char[])
OBJ 50000eed (sz=24, trace=300705, class=java.lang.StringBuilder@50000134)
ARR 50000eee (sz=48, trace=300706, nelems=0, elem type=char[])
ARR 50000eef (sz=168, trace=300010, nelems=0, elem type=char[])
ARR 50000ef0 (sz=312, trace=300010, nelems=0, elem type=char[])
OBJ 50000ef1 (sz=24, trace=300707, class=java.lang.String@50000181)
ARR 50000ef2 (sz=256, trace=300708, nelems=0, elem type=char[])
OBJ 50000ef3 (sz=24, trace=300709, class=java.lang.String@50000181)
ARR 50000ef4 (sz=160, trace=300710, nelems=0, elem type=char[])
OBJ 50000ef5 (sz=24, trace=300711, class=java.lang.String@50000181)
ARR 50000ef6 (sz=112, trace=300712, nelems=0, elem type=char[])
OBJ 50000ef7 (sz=16, trace=300713, class=sun.net.www.ParseUtil@50000012)
OBJ 50000ef8 (sz=24, trace=300714, class=java.lang.StringBuilder@50000134)
ARR 50000ef9 (sz=48, trace=300715, nelems=0, elem type=char[])
ARR 50000efa (sz=160, trace=300010, nelems=0, elem type=char[])
ARR 50000efb (sz=312, trace=300010, nelems=0, elem type=char[])
OBJ 50000efc (sz=24, trace=300716, class=java.lang.String@50000181)
ARR 50000efd (sz=256, trace=300717, nelems=0, elem type=char[])
OBJ 50000efe (sz=32, trace=300719, class=sun.misc.URLClassPath$JarLoader$2@50000c35)
OBJ 50000eff (sz=24, trace=300720, class=java.lang.String@50000181)
ARR 50000f00 (sz=64, trace=300721, nelems=0, elem type=char[])
ARR 50000f01 (sz=64, trace=301007, nelems=0, elem type=char[])
OBJ 50000f02 (sz=24, trace=301008, class=java.lang.String@50000181)
ARR 50000f03 (sz=64, trace=301009, nelems=0, elem type=char[])
OBJ 50000f04 (sz=24, trace=301010, class=java.lang.String@50000181)
ARR 50000f05 (sz=104, trace=301011, nelems=0, elem type=char[])
ARR 50000f06 (sz=152, trace=301012, nelems=0, elem type=byte[])
ARR 50000f07 (sz=64, trace=301013, nelems=0, elem type=byte[])
OBJ 50000f08 (sz=56, trace=301014, class=java.util.zip.ZipFile$ZipFileInputStream@50000c44)
	this$0		50000c01
OBJ 50000f09 (sz=40, trace=300110, class=java.lang.ref.Finalizer@50000160)
	referent	50000f08
	queue		50001644
	next		50000e4d
	prev		5000108e
OBJ 50000f0a (sz=40, trace=300727, class=java.util.WeakHashMap$Entry@5000003f)
ARR 50000f0b (sz=16, trace=300949, nelems=0, elem type=byte[])
ARR 50000f0c (sz=528, trace=300950, nelems=0, elem type=byte[])
OBJ 50000f0d (sz=32, trace=300951, class=java.security.CodeSource@50000127)
OBJ 50000f0e (sz=24, trace=300999, class=java.lang.String@50000181)
ARR 50000f0f (sz=64, trace=301000, nelems=0, elem type=char[])
OBJ 50000f10 (sz=24, trace=300291, class=java.lang.StringBuffer@50000135)
ARR 50000f11 (sz=160, trace=300292, nelems=0, elem type=char[])
ARR 50000f12 (sz=160, trace=300293, nelems=0, elem type=char[])
OBJ 50000f13 (sz=24, trace=300294, class=java.lang.String@50000181)
ARR 50000f15 (sz=16, trace=300383, nelems=0, elem type=java.lang.Class[]@50000116)
OBJ 50000f16 (sz=56, trace=300126, class=java.lang.Class$ReflectionData@500000c4)
OBJ 50000f17 (sz=40, trace=300040, class=java.lang.ref.SoftReference@50000165)
OBJ 50000f18 (sz=80, trace=300127, class=java.lang.reflect.Constructor@50000150)
OBJ 50000f19 (sz=24, trace=300384, class=java.lang.Class$1@500000ae)
OBJ 50000f1a (sz=24, trace=300129, class=sun.reflect.NativeConstructorAccessorImpl@500000ac)
OBJ 50000f1b (sz=16, trace=300130, class=sun.reflect.DelegatingConstructorAccessorImpl@500000ab)
OBJ 50000f1c (sz=48, trace=301015, class=sun.text.resources.zh.FormatData_zh_CN@50000f14)
	parent		50000ec0
	locale		50001d0a
	name		50000af2
	cacheKey	50003011
	lookup		50000f22
	keyset		50000f52
	parallelContents	50000f1d
OBJ 50000f1d (sz=16, trace=301016, class=java.util.concurrent.atomic.AtomicMarkableReference@50000b28)
	pair		50000f1e
OBJ 50000f1e (sz=24, trace=300619, class=java.util.concurrent.atomic.AtomicMarkableReference$Pair@50000b2b)
OBJ 50000f1f (sz=32, trace=300378, class=java.util.ResourceBundle$LoaderReference@50000758)
	referent	50000736
	queue		50000252
	cacheKey	50003011
OBJ 50000f20 (sz=48, trace=300387, class=java.util.ResourceBundle$BundleReference@500007a7)
	referent	50000f1c
	queue		50000252
	cacheKey	50003011
OBJ 50000f21 (sz=32, trace=300389, class=java.util.concurrent.ConcurrentHashMap$Node@50000024)
	key		50003011
	val		50000f20
OBJ 50000f22 (sz=64, trace=301017, class=java.util.concurrent.ConcurrentHashMap@5000002b)
	table		50000f33
	keySet		50000f51
OBJ 50000f23 (sz=16, trace=301018, class=java.lang.Object@50000185)
OBJ 50000f24 (sz=32, trace=300381, class=java.util.concurrent.ConcurrentHashMap$Node@50000024)
	key		50001909
	val		50000f23
OBJ 50000f25 (sz=16, trace=301019, class=java.lang.Object@50000185)
OBJ 50000f26 (sz=32, trace=300381, class=java.util.concurrent.ConcurrentHashMap$Node@50000024)
	key		5000190d
	val		50000f25
ARR 50000f27 (sz=24, trace=301020, nelems=0, elem type=java.lang.Object[][]@50000815)
ARR 50000f28 (sz=24, trace=301021, nelems=0, elem type=java.lang.Object[]@5000011b)
OBJ 50000f29 (sz=16, trace=301022, class=java.lang.Object@50000185)
OBJ 50000f2a (sz=32, trace=300381, class=java.util.concurrent.ConcurrentHashMap$Node@50000024)
	key		50001907
	val		50000f29
ARR 50000f2b (sz=144, trace=301023, nelems=31, elem type=java.util.concurrent.ConcurrentHashMap$Node[]@50000023)
	[2]		50000eb5
	[6]		500007ff
	[9]		500012ce
	[13]		500012af
	[15]		50000ed5
	[16]		5000079b
	[18]		50000f30
	[19]		50000f26
	[21]		5000131c
	[22]		50000f2f
	[26]		50000f24
	[27]		50000f2a
	[30]		500007b1
OBJ 50000f2d (sz=32, trace=301025, class=java.util.concurrent.ConcurrentHashMap$ForwardingNode@50000f2c)
OBJ 50000f2e (sz=32, trace=301026, class=java.util.concurrent.ConcurrentHashMap$Node@50000024)
	key		500007cd
	val		500007cf
OBJ 50000f2f (sz=32, trace=301026, class=java.util.concurrent.ConcurrentHashMap$Node@50000024)
	key		500007e0
	val		500007e2
	next		50000f2e
OBJ 50000f30 (sz=32, trace=301026, class=java.util.concurrent.ConcurrentHashMap$Node@50000024)
	key		50000b3e
	val		50000b40
ARR 50000f31 (sz=32, trace=301027, nelems=3, elem type=java.lang.String[]@500000db)
	[0]		50003084
	[1]		5000324f
	[2]		50003086
ARR 50000f32 (sz=24, trace=301028, nelems=0, elem type=java.lang.Object[]@5000011b)
ARR 50000f33 (sz=80, trace=301029, nelems=12, elem type=java.util.concurrent.ConcurrentHashMap$Node[]@50000023)
	[6]		50000f35
	[11]		50000f34
OBJ 50000f34 (sz=32, trace=301030, class=java.util.concurrent.ConcurrentHashMap$Node@50000024)
	key		50003082
	val		50000f31
OBJ 50000f35 (sz=32, trace=301030, class=java.util.concurrent.ConcurrentHashMap$Node@50000024)
	key		50003189
	val		50003251
OBJ 50000f37 (sz=48, trace=301032, class=sun.util.locale.provider.LocaleResources$ResourceReference@50000f36)
	referent	50000f31
	queue		50000ae9
	cacheKey	50003675
ARR 50000f38 (sz=80, trace=301033, nelems=15, elem type=java.util.concurrent.ConcurrentHashMap$Node[]@50000023)
	[2]		50000f39
	[12]		5000107f
	[14]		500014da
OBJ 50000f39 (sz=32, trace=301034, class=java.util.concurrent.ConcurrentHashMap$Node@50000024)
	key		50003675
	val		50000f37
OBJ 50000f3c (sz=64, trace=301037, class=java.util.concurrent.ConcurrentHashMap@5000002b)
	table		50000f44
OBJ 50000f3d (sz=32, trace=301038, class=java.util.concurrent.ConcurrentHashMap$Node@50000024)
	key		50000f3b
	val		50000f3c
OBJ 50000f3e (sz=24, trace=300513, class=java.util.Collections$UnmodifiableCollection$1@500008cc)
OBJ 50000f3f (sz=32, trace=300515, class=java.util.ArrayList$Itr@500008ce)
OBJ 50000f40 (sz=24, trace=300518, class=java.lang.String@50000181)
ARR 50000f41 (sz=72, trace=300519, nelems=0, elem type=char[])
OBJ 50000f43 (sz=24, trace=301040, class=sun.util.locale.provider.DecimalFormatSymbolsProviderImpl@50000f42)
	type		500008c0
	langtags	500008e3
ARR 50000f44 (sz=80, trace=300583, nelems=1, elem type=java.util.concurrent.ConcurrentHashMap$Node[]@50000023)
	[0]		50000f45
OBJ 50000f45 (sz=32, trace=300584, class=java.util.concurrent.ConcurrentHashMap$Node@50000024)
	key		50001d0a
	val		500008b3
OBJ 50000f46 (sz=64, trace=301041, class=java.text.DecimalFormatSymbols@50000f3a)
OBJ 50000f47 (sz=24, trace=301042, class=java.lang.StringBuilder@50000134)
ARR 50000f48 (sz=48, trace=301043, nelems=0, elem type=char[])
ARR 50000f49 (sz=88, trace=300010, nelems=0, elem type=char[])
OBJ 50000f4a (sz=24, trace=301044, class=java.lang.String@50000181)
ARR 50000f4b (sz=80, trace=300598, nelems=0, elem type=char[])
OBJ 50000f4c (sz=24, trace=301045, class=sun.util.resources.LocaleData$1@50000af4)
OBJ 50000f4d (sz=56, trace=300603, class=java.util.ResourceBundle$CacheKey@50000755)
OBJ 50000f4e (sz=32, trace=300354, class=java.util.ResourceBundle$LoaderReference@50000758)
ARR 50000f4f (sz=32, trace=301046, nelems=3, elem type=java.lang.Object[]@5000011b)
	[0]		50000fc3
	[1]		500010e4
	[2]		50001b42
OBJ 50000f51 (sz=24, trace=301048, class=java.util.concurrent.ConcurrentHashMap$KeySetView@5000001f)
	map		50000f22
OBJ 50000f52 (sz=24, trace=301049, class=sun.util.resources.ParallelListResourceBundle$KeySet@50000f50)
	set		50000f51
	parent		50000ec0
OBJ 50000f53 (sz=64, trace=301050, class=java.util.concurrent.ConcurrentHashMap@5000002b)
	table		50000f8d
	keySet		50000f9b
ARR 50000f54 (sz=24, trace=301051, nelems=0, elem type=java.lang.String[]@500000db)
ARR 50000f55 (sz=104, trace=301052, nelems=0, elem type=java.lang.Object[][]@50000815)
ARR 50000f56 (sz=24, trace=301053, nelems=0, elem type=java.lang.Object[]@5000011b)
ARR 50000f57 (sz=72, trace=301054, nelems=13, elem type=java.lang.String[]@500000db)
	[0]		500031ee
	[1]		500031ef
	[2]		500031f0
	[3]		500031f1
	[4]		500031f2
	[5]		500031f3
	[6]		500031f4
	[7]		500031f5
	[8]		500031f6
	[9]		500031f7
	[10]		500031f8
	[11]		500031f9
	[12]		5000177a
ARR 50000f58 (sz=24, trace=301055, nelems=0, elem type=java.lang.Object[]@5000011b)
ARR 50000f59 (sz=72, trace=301056, nelems=13, elem type=java.lang.String[]@500000db)
	[0]		500031ee
	[1]		500031ef
	[2]		500031f0
	[3]		500031f1
	[4]		500031f2
	[5]		500031f3
	[6]		500031f4
	[7]		500031f5
	[8]		500031f6
	[9]		500031f7
	[10]		500031f8
	[11]		500031f9
	[12]		5000177a
ARR 50000f5a (sz=24, trace=301057, nelems=0, elem type=java.lang.Object[]@5000011b)
ARR 50000f5b (sz=72, trace=301058, nelems=13, elem type=java.lang.String[]@500000db)
	[0]		500031ee
	[1]		500031ef
	[2]		500031f0
	[3]		500031f1
	[4]		500031f2
	[5]		500031f3
	[6]		500031f4
	[7]		500031f5
	[8]		500031f6
	[9]		500031f7
	[10]		500031f8
	[11]		500031f9
	[12]		5000177a
ARR 50000f5c (sz=24, trace=301059, nelems=0, elem type=java.lang.Object[]@5000011b)
ARR 50000f5d (sz=72, trace=301060, nelems=13, elem type=java.lang.String[]@500000db)
	[0]		500031ee
	[1]		500031ef
	[2]		500031f0
	[3]		500031f1
	[4]		500031f2
	[5]		500031f3
	[6]		500031f4
	[7]		500031f5
	[8]		500031f6
	[9]		500031f7
	[10]		500031f8
	[11]		500031f9
	[12]		5000177a
ARR 50000f5e (sz=24, trace=301061, nelems=0, elem type=java.lang.Object[]@5000011b)
ARR 50000f5f (sz=72, trace=301062, nelems=13, elem type=java.lang.String[]@500000db)
	[0]		500030f6
	[1]		500030f7
	[2]		500030f8
	[3]		500030f9
	[4]		500030fa
	[5]		500030fb
	[6]		500030fc
	[7]		500030fd
	[8]		500030fe
	[9]		500030ff
	[10]		50003100
	[11]		50003101
	[12]		5000177a
ARR 50000f60 (sz=24, trace=301063, nelems=0, elem type=java.lang.Object[]@5000011b)
ARR 50000f61 (sz=72, trace=301064, nelems=13, elem type=java.lang.String[]@500000db)
	[0]		500031be
	[1]		500031bf
	[2]		500031c0
	[3]		500031c1
	[4]		500031c2
	[5]		500031c3
	[6]		500031c4
	[7]		500031c5
	[8]		500031c6
	[9]		500031c7
	[10]		500031c8
	[11]		500031c9
	[12]		5000177a
ARR 50000f62 (sz=24, trace=301065, nelems=0, elem type=java.lang.Object[]@5000011b)
ARR 50000f63 (sz=48, trace=301066, nelems=7, elem type=java.lang.String[]@500000db)
	[0]		50003208
	[1]		50003209
	[2]		5000320a
	[3]		5000320b
	[4]		5000320c
	[5]		5000320d
	[6]		5000320e
ARR 50000f64 (sz=24, trace=301067, nelems=0, elem type=java.lang.Object[]@5000011b)
ARR 50000f65 (sz=48, trace=301068, nelems=7, elem type=java.lang.String[]@500000db)
	[0]		50003208
	[1]		50003209
	[2]		5000320a
	[3]		5000320b
	[4]		5000320c
	[5]		5000320d
	[6]		5000320e
ARR 50000f66 (sz=24, trace=301069, nelems=0, elem type=java.lang.Object[]@5000011b)
ARR 50000f67 (sz=48, trace=301070, nelems=7, elem type=java.lang.String[]@500000db)
	[0]		50003208
	[1]		50003209
	[2]		5000320a
	[3]		5000320b
	[4]		5000320c
	[5]		5000320d
	[6]		5000320e
ARR 50000f68 (sz=24, trace=301071, nelems=0, elem type=java.lang.Object[]@5000011b)
ARR 50000f69 (sz=48, trace=301072, nelems=7, elem type=java.lang.String[]@500000db)
	[0]		50003238
	[1]		50003239
	[2]		5000323a
	[3]		5000323b
	[4]		5000323c
	[5]		5000323d
	[6]		5000323e
ARR 50000f6a (sz=24, trace=301073, nelems=0, elem type=java.lang.Object[]@5000011b)
ARR 50000f6b (sz=48, trace=301074, nelems=7, elem type=java.lang.String[]@500000db)
	[0]		500031de
	[1]		500031df
	[2]		500031e0
	[3]		500031e1
	[4]		500031e2
	[5]		500031e3
	[6]		500031e4
ARR 50000f6c (sz=24, trace=301075, nelems=0, elem type=java.lang.Object[]@5000011b)
ARR 50000f6d (sz=48, trace=301076, nelems=7, elem type=java.lang.String[]@500000db)
	[0]		500031de
	[1]		500031df
	[2]		500031e0
	[3]		500031e1
	[4]		500031e2
	[5]		500031e3
	[6]		500031e4
ARR 50000f6e (sz=24, trace=301077, nelems=0, elem type=java.lang.Object[]@5000011b)
ARR 50000f6f (sz=24, trace=301078, nelems=2, elem type=java.lang.String[]@500000db)
	[0]		50003232
	[1]		50003233
ARR 50000f70 (sz=24, trace=301079, nelems=0, elem type=java.lang.Object[]@5000011b)
ARR 50000f71 (sz=24, trace=301080, nelems=2, elem type=java.lang.String[]@500000db)
	[0]		500031b8
	[1]		500031b9
ARR 50000f72 (sz=24, trace=301081, nelems=0, elem type=java.lang.Object[]@5000011b)
ARR 50000f73 (sz=24, trace=301082, nelems=2, elem type=java.lang.String[]@500000db)
	[0]		50003016
	[1]		50003216
ARR 50000f74 (sz=24, trace=301083, nelems=0, elem type=java.lang.Object[]@5000011b)
ARR 50000f75 (sz=40, trace=301084, nelems=5, elem type=java.lang.String[]@500000db)
	[0]		500031b9
	[1]		500031d6
	[2]		500031d7
	[3]		500031d8
	[4]		500031d9
ARR 50000f76 (sz=24, trace=301085, nelems=0, elem type=java.lang.Object[]@5000011b)
ARR 50000f77 (sz=32, trace=301086, nelems=4, elem type=java.lang.String[]@500000db)
	[0]		5000322c
	[1]		5000322d
	[2]		50003039
	[3]		5000322e
ARR 50000f78 (sz=24, trace=301087, nelems=0, elem type=java.lang.Object[]@5000011b)
ARR 50000f79 (sz=32, trace=301088, nelems=4, elem type=java.lang.String[]@500000db)
	[0]		50003224
	[1]		50003225
	[2]		50003226
	[3]		50003227
ARR 50000f7a (sz=24, trace=301089, nelems=0, elem type=java.lang.Object[]@5000011b)
ARR 50000f7b (sz=24, trace=301090, nelems=1, elem type=java.lang.String[]@500000db)
	[0]		50003062
ARR 50000f7c (sz=24, trace=301091, nelems=0, elem type=java.lang.Object[]@5000011b)
ARR 50000f7d (sz=32, trace=301092, nelems=4, elem type=java.lang.String[]@500000db)
	[0]		50003218
	[1]		50003219
	[2]		5000321a
	[3]		5000321b
ARR 50000f7e (sz=24, trace=301093, nelems=0, elem type=java.lang.Object[]@5000011b)
ARR 50000f7f (sz=32, trace=301094, nelems=4, elem type=java.lang.String[]@500000db)
	[0]		50003218
	[1]		50003219
	[2]		50003219
	[3]		50003220
ARR 50000f80 (sz=80, trace=301029, nelems=0, elem type=java.util.concurrent.ConcurrentHashMap$Node[]@50000023)
OBJ 50000f81 (sz=32, trace=301030, class=java.util.concurrent.ConcurrentHashMap$Node@50000024)
OBJ 50000f82 (sz=32, trace=301030, class=java.util.concurrent.ConcurrentHashMap$Node@50000024)
	key		500031ec
	val		50000f59
	next		50000f84
OBJ 50000f83 (sz=32, trace=301095, class=java.util.concurrent.ConcurrentHashMap$Node@50000024)
	key		50003046
	val		50000f5b
	next		50000f88
OBJ 50000f84 (sz=32, trace=301095, class=java.util.concurrent.ConcurrentHashMap$Node@50000024)
	key		50003206
	val		50000f5d
	next		50000f89
OBJ 50000f85 (sz=32, trace=301030, class=java.util.concurrent.ConcurrentHashMap$Node@50000024)
OBJ 50000f86 (sz=32, trace=301030, class=java.util.concurrent.ConcurrentHashMap$Node@50000024)
	key		500031bc
	val		50000f61
OBJ 50000f87 (sz=32, trace=301095, class=java.util.concurrent.ConcurrentHashMap$Node@50000024)
OBJ 50000f88 (sz=32, trace=301095, class=java.util.concurrent.ConcurrentHashMap$Node@50000024)
	key		50003222
	val		50000f65
	next		50000f98
OBJ 50000f89 (sz=32, trace=301095, class=java.util.concurrent.ConcurrentHashMap$Node@50000024)
	key		50003096
	val		50000f67
OBJ 50000f8a (sz=32, trace=301030, class=java.util.concurrent.ConcurrentHashMap$Node@50000024)
	key		50003236
	val		50000f69
OBJ 50000f8b (sz=32, trace=301030, class=java.util.concurrent.ConcurrentHashMap$Node@50000024)
	key		5000308a
	val		50000f6b
OBJ 50000f8c (sz=32, trace=301095, class=java.util.concurrent.ConcurrentHashMap$Node@50000024)
	key		50003246
	val		50000f6d
ARR 50000f8d (sz=144, trace=301096, nelems=31, elem type=java.util.concurrent.ConcurrentHashMap$Node[]@50000023)
	[0]		50000f91
	[3]		50000f8c
	[4]		50000f8a
	[7]		50000f92
	[11]		50000f96
	[12]		50000f97
	[16]		50000f83
	[19]		50000f90
	[20]		50000f99
	[23]		50000f94
	[25]		50000f82
	[26]		50000f8b
	[28]		50000f95
	[29]		50000f86
	[30]		50000f93
OBJ 50000f8e (sz=32, trace=301025, class=java.util.concurrent.ConcurrentHashMap$ForwardingNode@50000f2c)
OBJ 50000f8f (sz=32, trace=301026, class=java.util.concurrent.ConcurrentHashMap$Node@50000024)
	key		500030f4
	val		50000f5f
	next		50000f9a
OBJ 50000f90 (sz=32, trace=301026, class=java.util.concurrent.ConcurrentHashMap$Node@50000024)
	key		500030b8
	val		50000f63
	next		50000f8f
OBJ 50000f91 (sz=32, trace=301097, class=java.util.concurrent.ConcurrentHashMap$Node@50000024)
	key		5000319e
	val		50000f57
OBJ 50000f92 (sz=32, trace=301030, class=java.util.concurrent.ConcurrentHashMap$Node@50000024)
	key		50003182
	val		50000f6f
OBJ 50000f93 (sz=32, trace=301030, class=java.util.concurrent.ConcurrentHashMap$Node@50000024)
	key		50003134
	val		50000f71
OBJ 50000f94 (sz=32, trace=301030, class=java.util.concurrent.ConcurrentHashMap$Node@50000024)
	key		500030aa
	val		50000f73
OBJ 50000f95 (sz=32, trace=301030, class=java.util.concurrent.ConcurrentHashMap$Node@50000024)
	key		5000302c
	val		50000f75
OBJ 50000f96 (sz=32, trace=301030, class=java.util.concurrent.ConcurrentHashMap$Node@50000024)
	key		50003178
	val		50000f77
OBJ 50000f97 (sz=32, trace=301030, class=java.util.concurrent.ConcurrentHashMap$Node@50000024)
	key		50003068
	val		50000f79
OBJ 50000f98 (sz=32, trace=301095, class=java.util.concurrent.ConcurrentHashMap$Node@50000024)
	key		50003120
	val		50000f7b
OBJ 50000f99 (sz=32, trace=301030, class=java.util.concurrent.ConcurrentHashMap$Node@50000024)
	key		500030ae
	val		50000f7d
OBJ 50000f9a (sz=32, trace=301095, class=java.util.concurrent.ConcurrentHashMap$Node@50000024)
	key		5000310e
	val		50000f7f
OBJ 50000f9b (sz=24, trace=301048, class=java.util.concurrent.ConcurrentHashMap$KeySetView@5000001f)
	map		50000f53
OBJ 50000f9c (sz=24, trace=301049, class=sun.util.resources.ParallelListResourceBundle$KeySet@50000f50)
	set		50000f9b
	parent		50000b27
OBJ 50000f9d (sz=64, trace=301050, class=java.util.concurrent.ConcurrentHashMap@5000002b)
	table		5000105a
	keySet		50001078
ARR 50000f9e (sz=24, trace=301098, nelems=2, elem type=java.lang.String[]@500000db)
	[0]		50003016
	[1]		50003017
ARR 50000f9f (sz=24, trace=301099, nelems=2, elem type=java.lang.String[]@500000db)
	[0]		50003016
	[1]		500030ac
ARR 50000fa0 (sz=40, trace=301100, nelems=5, elem type=java.lang.String[]@500000db)
	[0]		5000177a
	[1]		5000308d
	[2]		5000308e
	[3]		5000308c
	[4]		50003166
ARR 50000fa1 (sz=40, trace=301101, nelems=5, elem type=java.lang.String[]@500000db)
	[0]		5000177a
	[1]		5000302e
	[2]		5000302f
	[3]		50003030
	[4]		50003031
ARR 50000fa2 (sz=288, trace=301102, nelems=0, elem type=java.lang.Object[][]@50000815)
ARR 50000fa3 (sz=24, trace=301103, nelems=0, elem type=java.lang.Object[]@5000011b)
ARR 50000fa4 (sz=72, trace=301104, nelems=13, elem type=java.lang.String[]@500000db)
	[0]		500031a0
	[1]		500031a1
	[2]		500031a2
	[3]		500031a3
	[4]		5000304c
	[5]		500031a4
	[6]		500031a5
	[7]		500031a6
	[8]		500031a7
	[9]		500031a8
	[10]		500031a9
	[11]		500031aa
	[12]		5000177a
ARR 50000fa5 (sz=24, trace=301105, nelems=0, elem type=java.lang.Object[]@5000011b)
ARR 50000fa6 (sz=72, trace=301106, nelems=13, elem type=java.lang.String[]@500000db)
	[0]		50003048
	[1]		50003049
	[2]		5000304a
	[3]		5000304b
	[4]		5000304c
	[5]		5000304d
	[6]		5000304e
	[7]		5000304f
	[8]		50003050
	[9]		50003051
	[10]		50003052
	[11]		50003053
	[12]		5000177a
ARR 50000fa7 (sz=24, trace=301107, nelems=0, elem type=java.lang.Object[]@5000011b)
ARR 50000fa8 (sz=72, trace=301108, nelems=13, elem type=java.lang.String[]@500000db)
	[0]		500030f6
	[1]		500030f7
	[2]		500030f8
	[3]		500030f9
	[4]		500030fa
	[5]		500030fb
	[6]		500030fc
	[7]		500030fd
	[8]		500030fe
	[9]		500030ff
	[10]		50003100
	[11]		50003101
	[12]		5000177a
ARR 50000fa9 (sz=24, trace=301109, nelems=0, elem type=java.lang.Object[]@5000011b)
ARR 50000faa (sz=48, trace=301110, nelems=7, elem type=java.lang.String[]@500000db)
	[0]		500030ba
	[1]		500030bb
	[2]		500030bc
	[3]		500030bd
	[4]		500030be
	[5]		500030bf
	[6]		500030c0
ARR 50000fab (sz=24, trace=301111, nelems=0, elem type=java.lang.Object[]@5000011b)
ARR 50000fac (sz=48, trace=301112, nelems=7, elem type=java.lang.String[]@500000db)
	[0]		50003098
	[1]		50003099
	[2]		5000309a
	[3]		5000309b
	[4]		5000309c
	[5]		5000309d
	[6]		5000309e
ARR 50000fad (sz=24, trace=301113, nelems=0, elem type=java.lang.Object[]@5000011b)
ARR 50000fae (sz=48, trace=301114, nelems=7, elem type=java.lang.String[]@500000db)
	[0]		5000308c
	[1]		5000308d
	[2]		5000308e
	[3]		5000308f
	[4]		5000308e
	[5]		50003090
	[6]		5000308c
ARR 50000faf (sz=24, trace=301115, nelems=0, elem type=java.lang.Object[]@5000011b)
ARR 50000fb0 (sz=24, trace=301116, nelems=2, elem type=java.lang.String[]@500000db)
	[0]		50003184
	[1]		50003185
ARR 50000fb1 (sz=24, trace=301117, nelems=0, elem type=java.lang.Object[]@5000011b)
ARR 50000fb2 (sz=24, trace=301118, nelems=2, elem type=java.lang.String[]@500000db)
	[0]		5000311a
	[1]		5000311b
ARR 50000fb3 (sz=24, trace=301119, nelems=0, elem type=java.lang.Object[]@5000011b)
ARR 50000fb4 (sz=24, trace=301120, nelems=0, elem type=java.lang.Object[]@5000011b)
ARR 50000fb5 (sz=24, trace=301121, nelems=0, elem type=java.lang.Object[]@5000011b)
ARR 50000fb6 (sz=24, trace=301122, nelems=2, elem type=java.lang.String[]@500000db)
	[0]		5000314a
	[1]		5000314b
ARR 50000fb7 (sz=24, trace=301123, nelems=0, elem type=java.lang.Object[]@5000011b)
ARR 50000fb8 (sz=24, trace=301124, nelems=0, elem type=java.lang.Object[]@5000011b)
ARR 50000fb9 (sz=24, trace=301125, nelems=0, elem type=java.lang.Object[]@5000011b)
ARR 50000fba (sz=24, trace=301126, nelems=0, elem type=java.lang.Object[]@5000011b)
ARR 50000fbb (sz=24, trace=301127, nelems=0, elem type=java.lang.Object[]@5000011b)
ARR 50000fbc (sz=24, trace=301128, nelems=0, elem type=java.lang.Object[]@5000011b)
ARR 50000fbd (sz=24, trace=301129, nelems=0, elem type=java.lang.Object[]@5000011b)
ARR 50000fbe (sz=16, trace=301130, nelems=0, elem type=java.lang.String[]@500000db)
ARR 50000fbf (sz=24, trace=301131, nelems=0, elem type=java.lang.Object[]@5000011b)
ARR 50000fc0 (sz=32, trace=301132, nelems=3, elem type=java.lang.String[]@500000db)
	[0]		50003084
	[1]		50003085
	[2]		50003086
ARR 50000fc1 (sz=24, trace=301133, nelems=0, elem type=java.lang.Object[]@5000011b)
ARR 50000fc2 (sz=24, trace=301134, nelems=0, elem type=java.lang.Object[]@5000011b)
ARR 50000fc3 (sz=64, trace=301135, nelems=11, elem type=java.lang.String[]@500000db)
	[0]		50001798
	[1]		50001e90
	[2]		5000301c
	[3]		5000301d
	[4]		50003040
	[5]		5000301f
	[6]		50001c52
	[7]		50003020
	[8]		50003021
	[9]		50003022
	[10]		500022f8
ARR 50000fc4 (sz=24, trace=301136, nelems=0, elem type=java.lang.Object[]@5000011b)
ARR 50000fc5 (sz=64, trace=301137, nelems=11, elem type=java.lang.String[]@500000db)
	[0]		500030da
	[1]		500030db
	[2]		500030dc
	[3]		500030dd
	[4]		500030de
	[5]		5000301f
	[6]		50001c52
	[7]		500030df
	[8]		500030e0
	[9]		50003022
	[10]		50003023
ARR 50000fc6 (sz=24, trace=301138, nelems=0, elem type=java.lang.Object[]@5000011b)
ARR 50000fc7 (sz=64, trace=301139, nelems=11, elem type=java.lang.String[]@500000db)
	[0]		500030da
	[1]		500030db
	[2]		500030dc
	[3]		500030dd
	[4]		50003196
	[5]		5000301f
	[6]		50001c52
	[7]		50003197
	[8]		500030e0
	[9]		50003022
	[10]		50003023
ARR 50000fc8 (sz=24, trace=301140, nelems=0, elem type=java.lang.Object[]@5000011b)
ARR 50000fc9 (sz=64, trace=301141, nelems=11, elem type=java.lang.String[]@500000db)
	[0]		50001798
	[1]		50001e90
	[2]		5000301c
	[3]		5000301d
	[4]		50003066
	[5]		5000301f
	[6]		50001c52
	[7]		50003020
	[8]		50003021
	[9]		50003022
	[10]		50003023
ARR 50000fca (sz=24, trace=301142, nelems=0, elem type=java.lang.Object[]@5000011b)
ARR 50000fcb (sz=64, trace=301143, nelems=11, elem type=java.lang.String[]@500000db)
	[0]		50001798
	[1]		50001e90
	[2]		5000301c
	[3]		5000301d
	[4]		5000312c
	[5]		5000301f
	[6]		50001c52
	[7]		50003020
	[8]		50003021
	[9]		50003022
	[10]		50003023
ARR 50000fcc (sz=24, trace=301144, nelems=0, elem type=java.lang.Object[]@5000011b)
ARR 50000fcd (sz=64, trace=301145, nelems=11, elem type=java.lang.String[]@500000db)
	[0]		50001798
	[1]		50001e90
	[2]		5000301c
	[3]		5000301d
	[4]		500030ee
	[5]		5000301f
	[6]		50001c52
	[7]		50003020
	[8]		50003021
	[9]		50003022
	[10]		50003023
ARR 50000fce (sz=24, trace=301146, nelems=0, elem type=java.lang.Object[]@5000011b)
ARR 50000fcf (sz=64, trace=301147, nelems=11, elem type=java.lang.String[]@500000db)
	[0]		50001798
	[1]		50001e90
	[2]		5000301c
	[3]		5000301d
	[4]		500030d2
	[5]		5000301f
	[6]		50001c52
	[7]		50003020
	[8]		50003021
	[9]		50003022
	[10]		50003023
ARR 50000fd0 (sz=24, trace=301148, nelems=0, elem type=java.lang.Object[]@5000011b)
ARR 50000fd1 (sz=64, trace=301149, nelems=11, elem type=java.lang.String[]@500000db)
	[0]		50001798
	[1]		50001e90
	[2]		5000301c
	[3]		5000301d
	[4]		5000316e
	[5]		5000301f
	[6]		50001c52
	[7]		50003020
	[8]		50003021
	[9]		50003022
	[10]		50003023
ARR 50000fd2 (sz=24, trace=301150, nelems=0, elem type=java.lang.Object[]@5000011b)
ARR 50000fd3 (sz=64, trace=301151, nelems=11, elem type=java.lang.String[]@500000db)
	[0]		50001798
	[1]		50001e90
	[2]		5000301c
	[3]		5000301d
	[4]		50003080
	[5]		5000301f
	[6]		50001c52
	[7]		50003020
	[8]		50003021
	[9]		50003022
	[10]		50003023
ARR 50000fd4 (sz=24, trace=301152, nelems=0, elem type=java.lang.Object[]@5000011b)
ARR 50000fd5 (sz=64, trace=301153, nelems=11, elem type=java.lang.String[]@500000db)
	[0]		50001798
	[1]		50001e90
	[2]		5000301c
	[3]		5000301d
	[4]		500030f2
	[5]		5000301f
	[6]		50001c52
	[7]		50003020
	[8]		50003021
	[9]		50003022
	[10]		50003023
ARR 50000fd6 (sz=24, trace=301154, nelems=0, elem type=java.lang.Object[]@5000011b)
ARR 50000fd7 (sz=64, trace=301155, nelems=11, elem type=java.lang.String[]@500000db)
	[0]		50001798
	[1]		50001e90
	[2]		5000301c
	[3]		5000301d
	[4]		5000317c
	[5]		5000301f
	[6]		50001c52
	[7]		50003020
	[8]		50003021
	[9]		50003022
	[10]		50003023
ARR 50000fd8 (sz=24, trace=301156, nelems=0, elem type=java.lang.Object[]@5000011b)
ARR 50000fd9 (sz=64, trace=301157, nelems=11, elem type=java.lang.String[]@500000db)
	[0]		50001798
	[1]		50001e90
	[2]		5000301c
	[3]		5000301d
	[4]		50003132
	[5]		5000301f
	[6]		50001c52
	[7]		50003020
	[8]		50003021
	[9]		50003022
	[10]		50003023
ARR 50000fda (sz=24, trace=301158, nelems=0, elem type=java.lang.Object[]@5000011b)
ARR 50000fdb (sz=64, trace=301159, nelems=11, elem type=java.lang.String[]@500000db)
	[0]		50001798
	[1]		50001e90
	[2]		5000301c
	[3]		5000301d
	[4]		5000316a
	[5]		5000301f
	[6]		50001c52
	[7]		50003020
	[8]		50003021
	[9]		50003022
	[10]		50003023
ARR 50000fdc (sz=24, trace=301160, nelems=0, elem type=java.lang.Object[]@5000011b)
ARR 50000fdd (sz=64, trace=301161, nelems=11, elem type=java.lang.String[]@500000db)
	[0]		50001798
	[1]		50001e90
	[2]		5000301c
	[3]		5000301d
	[4]		50003074
	[5]		5000301f
	[6]		50001c52
	[7]		50003020
	[8]		50003021
	[9]		50003022
	[10]		50003023
ARR 50000fde (sz=24, trace=301162, nelems=0, elem type=java.lang.Object[]@5000011b)
ARR 50000fdf (sz=64, trace=301163, nelems=11, elem type=java.lang.String[]@500000db)
	[0]		50001798
	[1]		50001e90
	[2]		5000301c
	[3]		5000301d
	[4]		50003150
	[5]		5000301f
	[6]		50001c52
	[7]		50003020
	[8]		50003021
	[9]		50003022
	[10]		50003023
ARR 50000fe0 (sz=24, trace=301164, nelems=0, elem type=java.lang.Object[]@5000011b)
ARR 50000fe1 (sz=64, trace=301165, nelems=11, elem type=java.lang.String[]@500000db)
	[0]		50001798
	[1]		50001e90
	[2]		5000301c
	[3]		5000301d
	[4]		50003172
	[5]		5000301f
	[6]		50001c52
	[7]		50003020
	[8]		50003021
	[9]		50003022
	[10]		50003023
ARR 50000fe2 (sz=24, trace=301166, nelems=0, elem type=java.lang.Object[]@5000011b)
ARR 50000fe3 (sz=64, trace=301167, nelems=11, elem type=java.lang.String[]@500000db)
	[0]		50001798
	[1]		50001e90
	[2]		5000301c
	[3]		5000301d
	[4]		500030ca
	[5]		5000301f
	[6]		50001c52
	[7]		50003020
	[8]		50003021
	[9]		50003022
	[10]		50003023
ARR 50000fe4 (sz=24, trace=301168, nelems=0, elem type=java.lang.Object[]@5000011b)
ARR 50000fe5 (sz=64, trace=301169, nelems=11, elem type=java.lang.String[]@500000db)
	[0]		50001798
	[1]		50001e90
	[2]		5000301c
	[3]		5000301d
	[4]		50003040
	[5]		5000301f
	[6]		50001c52
	[7]		50003020
	[8]		50003021
	[9]		50003022
	[10]		500022f8
ARR 50000fe6 (sz=24, trace=301170, nelems=0, elem type=java.lang.Object[]@5000011b)
ARR 50000fe7 (sz=64, trace=301171, nelems=11, elem type=java.lang.String[]@500000db)
	[0]		50001798
	[1]		50001e90
	[2]		5000301c
	[3]		5000301d
	[4]		50003176
	[5]		5000301f
	[6]		50001c52
	[7]		50003020
	[8]		50003021
	[9]		50003022
	[10]		50003023
ARR 50000fe8 (sz=24, trace=301172, nelems=0, elem type=java.lang.Object[]@5000011b)
ARR 50000fe9 (sz=64, trace=301173, nelems=11, elem type=java.lang.String[]@500000db)
	[0]		50001798
	[1]		50001e90
	[2]		5000301c
	[3]		5000301d
	[4]		5000307c
	[5]		5000301f
	[6]		50001c52
	[7]		50003020
	[8]		50003021
	[9]		50003022
	[10]		50003023
ARR 50000fea (sz=24, trace=301174, nelems=0, elem type=java.lang.Object[]@5000011b)
ARR 50000feb (sz=64, trace=301175, nelems=11, elem type=java.lang.String[]@500000db)
	[0]		50001798
	[1]		50001e90
	[2]		5000301c
	[3]		5000301d
	[4]		50003180
	[5]		5000301f
	[6]		50001c52
	[7]		50003020
	[8]		50003021
	[9]		50003022
	[10]		50003023
ARR 50000fec (sz=24, trace=301176, nelems=0, elem type=java.lang.Object[]@5000011b)
ARR 50000fed (sz=64, trace=301177, nelems=11, elem type=java.lang.String[]@500000db)
	[0]		50001798
	[1]		50001e90
	[2]		5000301c
	[3]		5000301d
	[4]		50003128
	[5]		5000301f
	[6]		50001c52
	[7]		50003020
	[8]		50003021
	[9]		50003022
	[10]		50003023
ARR 50000fee (sz=24, trace=301178, nelems=0, elem type=java.lang.Object[]@5000011b)
ARR 50000fef (sz=64, trace=301179, nelems=11, elem type=java.lang.String[]@500000db)
	[0]		50001798
	[1]		50001e90
	[2]		5000301c
	[3]		5000301d
	[4]		50003138
	[5]		5000301f
	[6]		50001c52
	[7]		50003020
	[8]		50003021
	[9]		50003022
	[10]		50003023
ARR 50000ff0 (sz=24, trace=301180, nelems=0, elem type=java.lang.Object[]@5000011b)
ARR 50000ff1 (sz=64, trace=301181, nelems=11, elem type=java.lang.String[]@500000db)
	[0]		50001798
	[1]		50001e90
	[2]		5000301c
	[3]		5000301d
	[4]		50003160
	[5]		5000301f
	[6]		50001c52
	[7]		50003020
	[8]		50003021
	[9]		50003022
	[10]		50003023
ARR 50000ff2 (sz=24, trace=301182, nelems=0, elem type=java.lang.Object[]@5000011b)
ARR 50000ff3 (sz=64, trace=301183, nelems=11, elem type=java.lang.String[]@500000db)
	[0]		50001798
	[1]		50001e90
	[2]		5000301c
	[3]		5000301d
	[4]		50003192
	[5]		5000301f
	[6]		50001c52
	[7]		50003020
	[8]		50003021
	[9]		50003022
	[10]		50003023
ARR 50000ff4 (sz=24, trace=301184, nelems=0, elem type=java.lang.Object[]@5000011b)
ARR 50000ff5 (sz=64, trace=301185, nelems=11, elem type=java.lang.String[]@500000db)
	[0]		50001798
	[1]		50001e90
	[2]		5000301c
	[3]		5000301d
	[4]		500030d6
	[5]		5000301f
	[6]		50001c52
	[7]		50003020
	[8]		50003021
	[9]		50003022
	[10]		50003023
ARR 50000ff6 (sz=24, trace=301186, nelems=0, elem type=java.lang.Object[]@5000011b)
ARR 50000ff7 (sz=64, trace=301187, nelems=11, elem type=java.lang.String[]@500000db)
	[0]		50001798
	[1]		50001e90
	[2]		5000301c
	[3]		5000301d
	[4]		5000301e
	[5]		5000301f
	[6]		50001c52
	[7]		50003020
	[8]		50003021
	[9]		50003022
	[10]		50003023
ARR 50000ff8 (sz=24, trace=301188, nelems=0, elem type=java.lang.Object[]@5000011b)
ARR 50000ff9 (sz=64, trace=301189, nelems=11, elem type=java.lang.String[]@500000db)
	[0]		50001798
	[1]		50001e90
	[2]		5000301c
	[3]		5000301d
	[4]		50003078
	[5]		5000301f
	[6]		50001c52
	[7]		50003020
	[8]		50003021
	[9]		50003022
	[10]		50003023
ARR 50000ffa (sz=24, trace=301190, nelems=0, elem type=java.lang.Object[]@5000011b)
ARR 50000ffb (sz=64, trace=301191, nelems=11, elem type=java.lang.String[]@500000db)
	[0]		50001798
	[1]		50001e90
	[2]		5000301c
	[3]		5000301d
	[4]		50003124
	[5]		5000301f
	[6]		50001c52
	[7]		50003020
	[8]		50003021
	[9]		50003022
	[10]		50003023
ARR 50000ffc (sz=24, trace=301192, nelems=0, elem type=java.lang.Object[]@5000011b)
ARR 50000ffd (sz=64, trace=301193, nelems=11, elem type=java.lang.String[]@500000db)
	[0]		50001798
	[1]		50001e90
	[2]		5000301c
	[3]		5000301d
	[4]		50003146
	[5]		5000301f
	[6]		50001c52
	[7]		50003020
	[8]		50003021
	[9]		50003022
	[10]		50003023
ARR 50000ffe (sz=24, trace=301194, nelems=0, elem type=java.lang.Object[]@5000011b)
ARR 50000fff (sz=64, trace=301195, nelems=11, elem type=java.lang.String[]@500000db)
	[0]		50001798
	[1]		50001e90
	[2]		5000301c
	[3]		5000301d
	[4]		50003154
	[5]		5000301f
	[6]		50001c52
	[7]		50003020
	[8]		50003021
	[9]		50003022
	[10]		50003023
ARR 50001000 (sz=24, trace=301196, nelems=0, elem type=java.lang.Object[]@5000011b)
ARR 50001001 (sz=64, trace=301197, nelems=11, elem type=java.lang.String[]@500000db)
	[0]		50001798
	[1]		50001e90
	[2]		5000301c
	[3]		5000301d
	[4]		50003142
	[5]		5000301f
	[6]		50001c52
	[7]		50003020
	[8]		50003021
	[9]		50003022
	[10]		50003023
ARR 50001002 (sz=24, trace=301198, nelems=0, elem type=java.lang.Object[]@5000011b)
ARR 50001003 (sz=64, trace=301199, nelems=11, elem type=java.lang.String[]@500000db)
	[0]		50001798
	[1]		50001e90
	[2]		5000301c
	[3]		5000301d
	[4]		500030ea
	[5]		5000301f
	[6]		50001c52
	[7]		50003020
	[8]		50003021
	[9]		50003022
	[10]		50003023
ARR 50001004 (sz=24, trace=301200, nelems=0, elem type=java.lang.Object[]@5000011b)
ARR 50001005 (sz=64, trace=301201, nelems=11, elem type=java.lang.String[]@500000db)
	[0]		50001798
	[1]		50001e90
	[2]		5000301c
	[3]		5000301d
	[4]		5000313c
	[5]		5000301f
	[6]		50001c52
	[7]		50003020
	[8]		50003021
	[9]		50003022
	[10]		500022f8
ARR 50001006 (sz=24, trace=301202, nelems=0, elem type=java.lang.Object[]@5000011b)
ARR 50001007 (sz=64, trace=301203, nelems=11, elem type=java.lang.String[]@500000db)
	[0]		50001798
	[1]		50001e90
	[2]		5000301c
	[3]		5000301d
	[4]		500030ce
	[5]		5000301f
	[6]		50001c52
	[7]		50003020
	[8]		50003021
	[9]		50003022
	[10]		50003023
ARR 50001008 (sz=24, trace=301204, nelems=0, elem type=java.lang.Object[]@5000011b)
ARR 50001009 (sz=64, trace=301205, nelems=11, elem type=java.lang.String[]@500000db)
	[0]		50001798
	[1]		50001e90
	[2]		5000301c
	[3]		5000301d
	[4]		50003044
	[5]		5000301f
	[6]		50001c52
	[7]		50003020
	[8]		50003021
	[9]		50003022
	[10]		50003023
ARR 5000100a (sz=24, trace=301206, nelems=0, elem type=java.lang.Object[]@5000011b)
ARR 5000100b (sz=32, trace=301207, nelems=4, elem type=java.lang.String[]@500000db)
	[0]		50003158
	[1]		50003158
	[2]		50003159
	[3]		5000315a
ARR 5000100c (sz=24, trace=301208, nelems=0, elem type=java.lang.Object[]@5000011b)
ARR 5000100d (sz=32, trace=301209, nelems=4, elem type=java.lang.String[]@500000db)
	[0]		5000306a
	[1]		5000306b
	[2]		5000306c
	[3]		5000306d
ARR 5000100e (sz=24, trace=301210, nelems=0, elem type=java.lang.Object[]@5000011b)
ARR 5000100f (sz=24, trace=301211, nelems=1, elem type=java.lang.String[]@500000db)
	[0]		50003062
ARR 50001010 (sz=24, trace=301212, nelems=0, elem type=java.lang.Object[]@5000011b)
ARR 50001011 (sz=32, trace=301213, nelems=4, elem type=java.lang.String[]@500000db)
	[0]		50003038
	[1]		50003038
	[2]		50003039
	[3]		5000303a
ARR 50001012 (sz=24, trace=301214, nelems=0, elem type=java.lang.Object[]@5000011b)
ARR 50001013 (sz=32, trace=301215, nelems=4, elem type=java.lang.String[]@500000db)
	[0]		500030b0
	[1]		500030b1
	[2]		500030b2
	[3]		500030b3
ARR 50001014 (sz=24, trace=301216, nelems=0, elem type=java.lang.Object[]@5000011b)
ARR 50001015 (sz=24, trace=301217, nelems=1, elem type=java.lang.String[]@500000db)
	[0]		500030a8
ARR 50001016 (sz=24, trace=301218, nelems=0, elem type=java.lang.Object[]@5000011b)
ARR 50001017 (sz=32, trace=301219, nelems=4, elem type=java.lang.String[]@500000db)
	[0]		50003158
	[1]		50003158
	[2]		50003159
	[3]		5000315a
ARR 50001018 (sz=24, trace=301220, nelems=0, elem type=java.lang.Object[]@5000011b)
ARR 50001019 (sz=32, trace=301221, nelems=4, elem type=java.lang.String[]@500000db)
	[0]		50003110
	[1]		50003111
	[2]		50003112
	[3]		50003113
ARR 5000101a (sz=24, trace=301222, nelems=0, elem type=java.lang.Object[]@5000011b)
ARR 5000101b (sz=24, trace=301223, nelems=1, elem type=java.lang.String[]@500000db)
	[0]		50003062
ARR 5000101c (sz=24, trace=301224, nelems=0, elem type=java.lang.Object[]@5000011b)
ARR 5000101d (sz=24, trace=301225, nelems=0, elem type=java.lang.Object[]@5000011b)
ARR 5000101e (sz=80, trace=301029, nelems=0, elem type=java.util.concurrent.ConcurrentHashMap$Node[]@50000023)
OBJ 5000101f (sz=32, trace=301030, class=java.util.concurrent.ConcurrentHashMap$Node@50000024)
OBJ 50001020 (sz=32, trace=301095, class=java.util.concurrent.ConcurrentHashMap$Node@50000024)
	key		50003046
	val		50000fa6
OBJ 50001021 (sz=32, trace=301030, class=java.util.concurrent.ConcurrentHashMap$Node@50000024)
OBJ 50001022 (sz=32, trace=301095, class=java.util.concurrent.ConcurrentHashMap$Node@50000024)
OBJ 50001023 (sz=32, trace=301030, class=java.util.concurrent.ConcurrentHashMap$Node@50000024)
OBJ 50001024 (sz=32, trace=301030, class=java.util.concurrent.ConcurrentHashMap$Node@50000024)
	key		5000308a
	val		50000fae
OBJ 50001025 (sz=32, trace=301030, class=java.util.concurrent.ConcurrentHashMap$Node@50000024)
OBJ 50001026 (sz=32, trace=301030, class=java.util.concurrent.ConcurrentHashMap$Node@50000024)
OBJ 50001027 (sz=32, trace=301030, class=java.util.concurrent.ConcurrentHashMap$Node@50000024)
OBJ 50001028 (sz=32, trace=301095, class=java.util.concurrent.ConcurrentHashMap$Node@50000024)
	key		50003014
	val		50000f9e
OBJ 50001029 (sz=32, trace=301095, class=java.util.concurrent.ConcurrentHashMap$Node@50000024)
OBJ 5000102a (sz=32, trace=301095, class=java.util.concurrent.ConcurrentHashMap$Node@50000024)
ARR 5000102b (sz=144, trace=301096, nelems=0, elem type=java.util.concurrent.ConcurrentHashMap$Node[]@50000023)
OBJ 5000102c (sz=32, trace=301025, class=java.util.concurrent.ConcurrentHashMap$ForwardingNode@50000f2c)
OBJ 5000102d (sz=32, trace=301097, class=java.util.concurrent.ConcurrentHashMap$Node@50000024)
OBJ 5000102e (sz=32, trace=301097, class=java.util.concurrent.ConcurrentHashMap$Node@50000024)
	key		5000319e
	val		50000fa4
OBJ 5000102f (sz=32, trace=301030, class=java.util.concurrent.ConcurrentHashMap$Node@50000024)
	key		50003162
	val		50000f9f
OBJ 50001030 (sz=32, trace=301030, class=java.util.concurrent.ConcurrentHashMap$Node@50000024)
	key		5000318c
	val		50000f9f
	next		50001032
OBJ 50001031 (sz=32, trace=301030, class=java.util.concurrent.ConcurrentHashMap$Node@50000024)
	key		5000302c
	val		50000fa1
OBJ 50001032 (sz=32, trace=301095, class=java.util.concurrent.ConcurrentHashMap$Node@50000024)
	key		5000318e
	val		50000fa0
	next		50001056
OBJ 50001033 (sz=32, trace=301095, class=java.util.concurrent.ConcurrentHashMap$Node@50000024)
	key		50003164
	val		50000fa0
OBJ 50001034 (sz=32, trace=301030, class=java.util.concurrent.ConcurrentHashMap$Node@50000024)
OBJ 50001035 (sz=32, trace=301030, class=java.util.concurrent.ConcurrentHashMap$Node@50000024)
	key		50003082
	val		50000fc0
OBJ 50001036 (sz=32, trace=301095, class=java.util.concurrent.ConcurrentHashMap$Node@50000024)
	key		5000313e
	val		5000177a
	next		50001068
OBJ 50001037 (sz=32, trace=301095, class=java.util.concurrent.ConcurrentHashMap$Node@50000024)
	key		5000303e
	val		50000fc3
	next		5000106c
OBJ 50001038 (sz=32, trace=301030, class=java.util.concurrent.ConcurrentHashMap$Node@50000024)
	key		500030d8
	val		50000fc5
OBJ 50001039 (sz=32, trace=301095, class=java.util.concurrent.ConcurrentHashMap$Node@50000024)
	key		50003194
	val		50000fc7
OBJ 5000103a (sz=32, trace=301030, class=java.util.concurrent.ConcurrentHashMap$Node@50000024)
	key		50003064
	val		50000fc9
	next		5000106e
ARR 5000103b (sz=272, trace=301096, nelems=0, elem type=java.util.concurrent.ConcurrentHashMap$Node[]@50000023)
OBJ 5000103c (sz=32, trace=301025, class=java.util.concurrent.ConcurrentHashMap$ForwardingNode@50000f2c)
OBJ 5000103d (sz=32, trace=301097, class=java.util.concurrent.ConcurrentHashMap$Node@50000024)
	key		50003134
	val		50000f9e
OBJ 5000103e (sz=32, trace=301026, class=java.util.concurrent.ConcurrentHashMap$Node@50000024)
OBJ 5000103f (sz=32, trace=301097, class=java.util.concurrent.ConcurrentHashMap$Node@50000024)
	key		500030b8
	val		50000faa
	next		5000104e
OBJ 50001040 (sz=32, trace=301026, class=java.util.concurrent.ConcurrentHashMap$Node@50000024)
	key		50003118
	val		50000fb2
	next		5000104f
OBJ 50001041 (sz=32, trace=301026, class=java.util.concurrent.ConcurrentHashMap$Node@50000024)
	key		5000312e
	val		50000fbe
OBJ 50001042 (sz=32, trace=301030, class=java.util.concurrent.ConcurrentHashMap$Node@50000024)
	key		5000312a
	val		50000fcb
OBJ 50001043 (sz=32, trace=301030, class=java.util.concurrent.ConcurrentHashMap$Node@50000024)
OBJ 50001044 (sz=32, trace=301030, class=java.util.concurrent.ConcurrentHashMap$Node@50000024)
OBJ 50001045 (sz=32, trace=301095, class=java.util.concurrent.ConcurrentHashMap$Node@50000024)
	key		5000316c
	val		50000fd1
	next		5000104d
OBJ 50001046 (sz=32, trace=301030, class=java.util.concurrent.ConcurrentHashMap$Node@50000024)
OBJ 50001047 (sz=32, trace=301030, class=java.util.concurrent.ConcurrentHashMap$Node@50000024)
	key		500030f0
	val		50000fd5
OBJ 50001048 (sz=32, trace=301030, class=java.util.concurrent.ConcurrentHashMap$Node@50000024)
	key		5000317a
	val		50000fd7
OBJ 50001049 (sz=32, trace=301030, class=java.util.concurrent.ConcurrentHashMap$Node@50000024)
	key		50003130
	val		50000fd9
OBJ 5000104a (sz=32, trace=301030, class=java.util.concurrent.ConcurrentHashMap$Node@50000024)
	key		50003168
	val		50000fdb
OBJ 5000104b (sz=32, trace=301030, class=java.util.concurrent.ConcurrentHashMap$Node@50000024)
	key		50003072
	val		50000fdd
OBJ 5000104c (sz=32, trace=301095, class=java.util.concurrent.ConcurrentHashMap$Node@50000024)
	key		5000314e
	val		50000fdf
	next		50001067
OBJ 5000104d (sz=32, trace=301095, class=java.util.concurrent.ConcurrentHashMap$Node@50000024)
	key		50003170
	val		50000fe1
OBJ 5000104e (sz=32, trace=301095, class=java.util.concurrent.ConcurrentHashMap$Node@50000024)
	key		500030c8
	val		50000fe3
OBJ 5000104f (sz=32, trace=301095, class=java.util.concurrent.ConcurrentHashMap$Node@50000024)
	key		5000311e
	val		50000fe5
OBJ 50001050 (sz=32, trace=301030, class=java.util.concurrent.ConcurrentHashMap$Node@50000024)
	key		50003174
	val		50000fe7
	next		5000106d
OBJ 50001051 (sz=32, trace=301030, class=java.util.concurrent.ConcurrentHashMap$Node@50000024)
	key		5000307a
	val		50000fe9
OBJ 50001052 (sz=32, trace=301095, class=java.util.concurrent.ConcurrentHashMap$Node@50000024)
OBJ 50001053 (sz=32, trace=301030, class=java.util.concurrent.ConcurrentHashMap$Node@50000024)
	key		50003126
	val		50000fed
OBJ 50001054 (sz=32, trace=301095, class=java.util.concurrent.ConcurrentHashMap$Node@50000024)
	key		50003136
	val		50000fef
OBJ 50001055 (sz=32, trace=301030, class=java.util.concurrent.ConcurrentHashMap$Node@50000024)
	key		5000315e
	val		50000ff1
OBJ 50001056 (sz=32, trace=301095, class=java.util.concurrent.ConcurrentHashMap$Node@50000024)
	key		50003190
	val		50000ff3
OBJ 50001057 (sz=32, trace=301095, class=java.util.concurrent.ConcurrentHashMap$Node@50000024)
	key		500030d4
	val		50000ff5
OBJ 50001058 (sz=32, trace=301095, class=java.util.concurrent.ConcurrentHashMap$Node@50000024)
	key		5000301a
	val		50000ff7
OBJ 50001059 (sz=32, trace=301030, class=java.util.concurrent.ConcurrentHashMap$Node@50000024)
	key		50003076
	val		50000ff9
ARR 5000105a (sz=528, trace=301096, nelems=127, elem type=java.util.concurrent.ConcurrentHashMap$Node[]@50000023)
	[0]		5000102e
	[2]		50001077
	[3]		50001039
	[5]		50001030
	[6]		50001076
	[7]		50001064
	[9]		50001048
	[11]		50001050
	[12]		50001045
	[15]		5000104a
	[17]		50001033
	[18]		5000102f
	[21]		50001055
	[22]		50001073
	[23]		50001060
	[24]		50001066
	[25]		50001036
	[27]		5000106a
	[28]		50001054
	[30]		5000103d
	[32]		50001049
	[35]		50001041
	[39]		50001042
	[41]		50001053
	[43]		50001065
	[48]		5000106f
	[49]		50001040
	[51]		5000105d
	[52]		50001047
	[61]		5000105c
	[67]		50001069
	[70]		50001038
	[71]		50001057
	[76]		50001062
	[77]		5000106b
	[83]		5000103f
	[84]		50001071
	[87]		50001061
	[89]		5000105f
	[90]		50001024
	[91]		50001035
	[92]		5000105e
	[93]		50001051
	[101]		50001059
	[104]		5000104b
	[108]		5000103a
	[110]		50001075
	[112]		50001020
	[115]		50001037
	[117]		50001070
	[124]		50001031
	[125]		50001058
	[126]		50001028
OBJ 5000105b (sz=32, trace=301025, class=java.util.concurrent.ConcurrentHashMap$ForwardingNode@50000f2c)
OBJ 5000105c (sz=32, trace=301097, class=java.util.concurrent.ConcurrentHashMap$Node@50000024)
	key		500030ec
	val		50000fcd
OBJ 5000105d (sz=32, trace=301097, class=java.util.concurrent.ConcurrentHashMap$Node@50000024)
	key		500030f4
	val		50000fa8
	next		50001074
OBJ 5000105e (sz=32, trace=301026, class=java.util.concurrent.ConcurrentHashMap$Node@50000024)
	key		5000307e
	val		50000fd3
OBJ 5000105f (sz=32, trace=301026, class=java.util.concurrent.ConcurrentHashMap$Node@50000024)
	key		50003096
	val		50000fac
	next		50001072
OBJ 50001060 (sz=32, trace=301097, class=java.util.concurrent.ConcurrentHashMap$Node@50000024)
	key		50003148
	val		50000fb6
	next		5000104c
OBJ 50001061 (sz=32, trace=301026, class=java.util.concurrent.ConcurrentHashMap$Node@50000024)
	key		500030aa
	val		50000f9f
OBJ 50001062 (sz=32, trace=301026, class=java.util.concurrent.ConcurrentHashMap$Node@50000024)
	key		500030d0
	val		50000fcf
OBJ 50001063 (sz=32, trace=301097, class=java.util.concurrent.ConcurrentHashMap$Node@50000024)
	key		50003182
	val		50000fb0
OBJ 50001064 (sz=32, trace=301097, class=java.util.concurrent.ConcurrentHashMap$Node@50000024)
	key		5000317e
	val		50000feb
	next		50001063
OBJ 50001065 (sz=32, trace=301030, class=java.util.concurrent.ConcurrentHashMap$Node@50000024)
	key		50003122
	val		50000ffb
OBJ 50001066 (sz=32, trace=301030, class=java.util.concurrent.ConcurrentHashMap$Node@50000024)
	key		50003144
	val		50000ffd
OBJ 50001067 (sz=32, trace=301095, class=java.util.concurrent.ConcurrentHashMap$Node@50000024)
	key		50003152
	val		50000fff
OBJ 50001068 (sz=32, trace=301095, class=java.util.concurrent.ConcurrentHashMap$Node@50000024)
	key		50003140
	val		50001001
OBJ 50001069 (sz=32, trace=301030, class=java.util.concurrent.ConcurrentHashMap$Node@50000024)
	key		500030e8
	val		50001003
OBJ 5000106a (sz=32, trace=301030, class=java.util.concurrent.ConcurrentHashMap$Node@50000024)
	key		5000313a
	val		50001005
OBJ 5000106b (sz=32, trace=301030, class=java.util.concurrent.ConcurrentHashMap$Node@50000024)
	key		500030cc
	val		50001007
OBJ 5000106c (sz=32, trace=301095, class=java.util.concurrent.ConcurrentHashMap$Node@50000024)
	key		50003042
	val		50001009
OBJ 5000106d (sz=32, trace=301095, class=java.util.concurrent.ConcurrentHashMap$Node@50000024)
	key		50003178
	val		5000100b
OBJ 5000106e (sz=32, trace=301095, class=java.util.concurrent.ConcurrentHashMap$Node@50000024)
	key		50003068
	val		5000100d
OBJ 5000106f (sz=32, trace=301030, class=java.util.concurrent.ConcurrentHashMap$Node@50000024)
	key		50003120
	val		5000100f
OBJ 50001070 (sz=32, trace=301030, class=java.util.concurrent.ConcurrentHashMap$Node@50000024)
	key		50003036
	val		50001011
OBJ 50001071 (sz=32, trace=301030, class=java.util.concurrent.ConcurrentHashMap$Node@50000024)
	key		500030ae
	val		50001013
OBJ 50001072 (sz=32, trace=301095, class=java.util.concurrent.ConcurrentHashMap$Node@50000024)
	key		500030a6
	val		50001015
OBJ 50001073 (sz=32, trace=301030, class=java.util.concurrent.ConcurrentHashMap$Node@50000024)
	key		50003156
	val		50001017
OBJ 50001074 (sz=32, trace=301095, class=java.util.concurrent.ConcurrentHashMap$Node@50000024)
	key		5000310e
	val		50001019
OBJ 50001075 (sz=32, trace=301030, class=java.util.concurrent.ConcurrentHashMap$Node@50000024)
	key		50003060
	val		5000101b
OBJ 50001076 (sz=32, trace=301030, class=java.util.concurrent.ConcurrentHashMap$Node@50000024)
	key		50003189
	val		50003188
OBJ 50001077 (sz=32, trace=301030, class=java.util.concurrent.ConcurrentHashMap$Node@50000024)
	key		5000319b
	val		5000319a
OBJ 50001078 (sz=24, trace=301048, class=java.util.concurrent.ConcurrentHashMap$KeySetView@5000001f)
	map		50000f9d
OBJ 50001079 (sz=24, trace=301049, class=sun.util.resources.ParallelListResourceBundle$KeySet@50000f50)
	set		50001078
OBJ 5000107a (sz=24, trace=301226, class=java.lang.StringBuilder@50000134)
ARR 5000107b (sz=48, trace=301227, nelems=0, elem type=char[])
OBJ 5000107c (sz=24, trace=301228, class=java.lang.String@50000181)
ARR 5000107d (sz=48, trace=301229, nelems=0, elem type=char[])
OBJ 5000107e (sz=48, trace=301230, class=sun.util.locale.provider.LocaleResources$ResourceReference@50000f36)
	referent	50000f4f
	queue		50000ae9
	cacheKey	50003674
OBJ 5000107f (sz=32, trace=301231, class=java.util.concurrent.ConcurrentHashMap$Node@50000024)
	key		50003674
	val		5000107e
OBJ 50001081 (sz=64, trace=301233, class=java.util.concurrent.ConcurrentHashMap@5000002b)
	table		500010e7
OBJ 50001083 (sz=16, trace=301235, class=java.util.Currency$1@50001082)
OBJ 50001084 (sz=24, trace=301236, class=java.lang.StringBuilder@50000134)
ARR 50001085 (sz=48, trace=301237, nelems=0, elem type=char[])
ARR 50001086 (sz=104, trace=300010, nelems=0, elem type=char[])
ARR 50001087 (sz=192, trace=300010, nelems=0, elem type=char[])
OBJ 50001088 (sz=24, trace=301238, class=java.lang.String@50000181)
	value		50001089
ARR 50001089 (sz=120, trace=301239, nelems=60, elem type=char[])
OBJ 5000108c (sz=32, trace=301241, class=java.io.File@5000012e)
OBJ 5000108d (sz=32, trace=301242, class=java.io.FileInputStream@5000008b)
	fd		50001090
	path		50001088
	closeLock	5000108f
OBJ 5000108e (sz=40, trace=300110, class=java.lang.ref.Finalizer@50000160)
	referent	5000108d
	queue		50001644
	next		50000f09
	prev		5000130c
OBJ 5000108f (sz=16, trace=301243, class=java.lang.Object@50000185)
OBJ 50001090 (sz=40, trace=301244, class=java.io.FileDescriptor@5000008a)
	parent		5000108d
OBJ 50001091 (sz=40, trace=300856, class=java.io.BufferedInputStream@50000083)
ARR 50001092 (sz=8208, trace=301245, nelems=0, elem type=byte[])
OBJ 50001093 (sz=32, trace=301246, class=java.io.DataInputStream@5000108b)
ARR 50001094 (sz=96, trace=301247, nelems=0, elem type=byte[])
ARR 50001095 (sz=176, trace=301248, nelems=0, elem type=char[])
ARR 50001096 (sz=24, trace=301249, nelems=0, elem type=byte[])
ARR 50001097 (sz=2704, trace=301250, nelems=676, elem type=int[])
ARR 50001098 (sz=136, trace=301251, nelems=17, elem type=long[])
ARR 50001099 (sz=88, trace=301252, nelems=17, elem type=java.lang.String[]@500000db)
	[0]		5000109a
	[1]		5000109c
	[2]		5000109e
	[3]		500010a0
	[4]		500010a2
	[5]		500010a4
	[6]		500010a6
	[7]		500010a8
	[8]		500010aa
	[9]		500010ac
	[10]		500010ae
	[11]		500010b0
	[12]		500010b2
	[13]		500010b4
	[14]		500010b6
	[15]		500010b8
	[16]		500010ba
OBJ 5000109a (sz=24, trace=301253, class=java.lang.String@50000181)
	value		5000109b
ARR 5000109b (sz=6, trace=301254, nelems=3, elem type=char[])
OBJ 5000109c (sz=24, trace=301253, class=java.lang.String@50000181)
	value		5000109d
ARR 5000109d (sz=6, trace=301254, nelems=3, elem type=char[])
OBJ 5000109e (sz=24, trace=301253, class=java.lang.String@50000181)
	value		5000109f
ARR 5000109f (sz=6, trace=301254, nelems=3, elem type=char[])
OBJ 500010a0 (sz=24, trace=301253, class=java.lang.String@50000181)
	value		500010a1
ARR 500010a1 (sz=6, trace=301254, nelems=3, elem type=char[])
OBJ 500010a2 (sz=24, trace=301253, class=java.lang.String@50000181)
	value		500010a3
ARR 500010a3 (sz=6, trace=301254, nelems=3, elem type=char[])
OBJ 500010a4 (sz=24, trace=301253, class=java.lang.String@50000181)
	value		500010a5
ARR 500010a5 (sz=6, trace=301254, nelems=3, elem type=char[])
OBJ 500010a6 (sz=24, trace=301253, class=java.lang.String@50000181)
	value		500010a7
ARR 500010a7 (sz=6, trace=301254, nelems=3, elem type=char[])
OBJ 500010a8 (sz=24, trace=301253, class=java.lang.String@50000181)
	value		500010a9
ARR 500010a9 (sz=6, trace=301254, nelems=3, elem type=char[])
OBJ 500010aa (sz=24, trace=301253, class=java.lang.String@50000181)
	value		500010ab
ARR 500010ab (sz=6, trace=301254, nelems=3, elem type=char[])
OBJ 500010ac (sz=24, trace=301253, class=java.lang.String@50000181)
	value		500010ad
ARR 500010ad (sz=6, trace=301254, nelems=3, elem type=char[])
OBJ 500010ae (sz=24, trace=301253, class=java.lang.String@50000181)
	value		500010af
ARR 500010af (sz=6, trace=301254, nelems=3, elem type=char[])
OBJ 500010b0 (sz=24, trace=301253, class=java.lang.String@50000181)
	value		500010b1
ARR 500010b1 (sz=6, trace=301254, nelems=3, elem type=char[])
OBJ 500010b2 (sz=24, trace=301253, class=java.lang.String@50000181)
	value		500010b3
ARR 500010b3 (sz=6, trace=301254, nelems=3, elem type=char[])
OBJ 500010b4 (sz=24, trace=301253, class=java.lang.String@50000181)
	value		500010b5
ARR 500010b5 (sz=6, trace=301254, nelems=3, elem type=char[])
OBJ 500010b6 (sz=24, trace=301253, class=java.lang.String@50000181)
	value		500010b7
ARR 500010b7 (sz=6, trace=301254, nelems=3, elem type=char[])
OBJ 500010b8 (sz=24, trace=301253, class=java.lang.String@50000181)
	value		500010b9
ARR 500010b9 (sz=6, trace=301254, nelems=3, elem type=char[])
OBJ 500010ba (sz=24, trace=301253, class=java.lang.String@50000181)
	value		500010bb
ARR 500010bb (sz=6, trace=301254, nelems=3, elem type=char[])
ARR 500010bc (sz=88, trace=301255, nelems=17, elem type=java.lang.String[]@500000db)
	[0]		500010bd
	[1]		500010be
	[2]		500010bf
	[3]		500010c0
	[4]		500010c1
	[5]		500010c2
	[6]		500010c3
	[7]		500010c4
	[8]		500010c5
	[9]		500010c6
	[10]		500010c7
	[11]		500010c8
	[12]		500010c9
	[13]		500010ca
	[14]		500010cc
	[15]		500010ce
	[16]		500010cf
OBJ 500010bd (sz=24, trace=301253, class=java.lang.String@50000181)
	value		50001bf9
OBJ 500010be (sz=24, trace=301253, class=java.lang.String@50000181)
	value		50001bf9
OBJ 500010bf (sz=24, trace=301253, class=java.lang.String@50000181)
	value		50001bf9
OBJ 500010c0 (sz=24, trace=301253, class=java.lang.String@50000181)
	value		50001bf9
OBJ 500010c1 (sz=24, trace=301253, class=java.lang.String@50000181)
	value		50001bf9
OBJ 500010c2 (sz=24, trace=301253, class=java.lang.String@50000181)
	value		50001bf9
OBJ 500010c3 (sz=24, trace=301253, class=java.lang.String@50000181)
	value		50001bf9
OBJ 500010c4 (sz=24, trace=301253, class=java.lang.String@50000181)
	value		50001bf9
OBJ 500010c5 (sz=24, trace=301253, class=java.lang.String@50000181)
	value		50001bf9
OBJ 500010c6 (sz=24, trace=301253, class=java.lang.String@50000181)
	value		50001bf9
OBJ 500010c7 (sz=24, trace=301253, class=java.lang.String@50000181)
	value		50001bf9
OBJ 500010c8 (sz=24, trace=301253, class=java.lang.String@50000181)
	value		50001bf9
OBJ 500010c9 (sz=24, trace=301253, class=java.lang.String@50000181)
	value		50001bf9
OBJ 500010ca (sz=24, trace=301253, class=java.lang.String@50000181)
	value		500010cb
ARR 500010cb (sz=6, trace=301254, nelems=3, elem type=char[])
OBJ 500010cc (sz=24, trace=301253, class=java.lang.String@50000181)
	value		500010cd
ARR 500010cd (sz=6, trace=301254, nelems=3, elem type=char[])
OBJ 500010ce (sz=24, trace=301253, class=java.lang.String@50000181)
	value		50001bf9
OBJ 500010cf (sz=24, trace=301253, class=java.lang.String@50000181)
	value		50001bf9
ARR 500010d0 (sz=68, trace=301256, nelems=17, elem type=int[])
ARR 500010d1 (sz=68, trace=301257, nelems=17, elem type=int[])
ARR 500010d2 (sz=68, trace=301258, nelems=17, elem type=int[])
ARR 500010d3 (sz=68, trace=301259, nelems=17, elem type=int[])
ARR 500010d4 (sz=600, trace=301260, nelems=0, elem type=byte[])
ARR 500010d5 (sz=1184, trace=301261, nelems=0, elem type=char[])
OBJ 500010d6 (sz=24, trace=301262, class=java.lang.String@50000181)
	value		500010d7
ARR 500010d7 (sz=582, trace=301254, nelems=291, elem type=char[])
ARR 500010d8 (sz=292, trace=301263, nelems=73, elem type=int[])
ARR 500010d9 (sz=292, trace=301264, nelems=73, elem type=int[])
OBJ 500010da (sz=16, trace=301265, class=java.io.FileInputStream$1@50000013)
OBJ 500010db (sz=24, trace=301266, class=java.lang.StringBuilder@50000134)
ARR 500010dc (sz=48, trace=301267, nelems=0, elem type=char[])
ARR 500010dd (sz=104, trace=300010, nelems=0, elem type=char[])
ARR 500010de (sz=192, trace=300010, nelems=0, elem type=char[])
OBJ 500010df (sz=24, trace=301268, class=java.lang.String@50000181)
ARR 500010e0 (sz=152, trace=301269, nelems=0, elem type=char[])
OBJ 500010e1 (sz=32, trace=301270, class=java.io.File@5000012e)
OBJ 500010e2 (sz=24, trace=301271, class=java.lang.StringBuilder@50000134)
ARR 500010e3 (sz=56, trace=301272, nelems=0, elem type=char[])
OBJ 500010e4 (sz=24, trace=301273, class=java.lang.String@50000181)
	value		500010e5
ARR 500010e5 (sz=6, trace=301274, nelems=3, elem type=char[])
OBJ 500010e6 (sz=24, trace=301275, class=java.util.Currency@50001080)
	currencyCode	500010e4
ARR 500010e7 (sz=80, trace=301276, nelems=16, elem type=java.util.concurrent.ConcurrentHashMap$Node[]@50000023)
	[15]		500010e8
OBJ 500010e8 (sz=32, trace=301277, class=java.util.concurrent.ConcurrentHashMap$Node@50000024)
	key		500010e4
	val		500010e6
OBJ 500010eb (sz=64, trace=301280, class=java.util.concurrent.ConcurrentHashMap@5000002b)
	table		50001286
ARR 500010ec (sz=56, trace=301281, nelems=10, elem type=java.lang.Class[]@50000116)
	[0]		500010ed
	[1]		500010ee
	[2]		500010ef
	[3]		500010f0
	[4]		50000f3b
	[5]		500008af
	[6]		500010e9
	[7]		500010f1
	[8]		500010f2
	[9]		500010f3
OBJ 500010f4 (sz=32, trace=301289, class=sun.util.locale.provider.LocaleServiceProviderPool@500010ea)
	providers	500010f5
	providersCache	500010f6
	providerClass	500010e9
OBJ 500010f5 (sz=64, trace=301290, class=java.util.concurrent.ConcurrentHashMap@5000002b)
	table		5000126d
OBJ 500010f6 (sz=64, trace=301291, class=java.util.concurrent.ConcurrentHashMap@5000002b)
OBJ 500010f7 (sz=24, trace=301292, class=java.util.Collections$UnmodifiableCollection$1@500008cc)
OBJ 500010f8 (sz=32, trace=300515, class=java.util.ArrayList$Itr@500008ce)
OBJ 500010f9 (sz=24, trace=300518, class=java.lang.String@50000181)
ARR 500010fa (sz=56, trace=300519, nelems=0, elem type=char[])
OBJ 500010fc (sz=16, trace=300525, class=java.util.HashSet@50000005)
	map		500010fd
OBJ 500010fd (sz=48, trace=300526, class=java.util.HashMap@500000d9)
	table		50001228
OBJ 500010fe (sz=48, trace=300527, class=java.util.StringTokenizer@50000038)
OBJ 500010ff (sz=24, trace=300528, class=java.lang.String@50000181)
	value		50001100
ARR 50001100 (sz=10, trace=300529, nelems=5, elem type=char[])
ARR 50001101 (sz=80, trace=300189, nelems=0, elem type=java.util.HashMap$Node[]@500000d5)
OBJ 50001102 (sz=32, trace=300190, class=java.util.HashMap$Node@500000d7)
	key		500010ff
	value		50001772
	next		5000113b
OBJ 50001103 (sz=24, trace=300528, class=java.lang.String@50000181)
	value		50001104
ARR 50001104 (sz=10, trace=300529, nelems=5, elem type=char[])
OBJ 50001105 (sz=32, trace=300190, class=java.util.HashMap$Node@500000d7)
	key		50001103
	value		50001772
OBJ 50001106 (sz=24, trace=300528, class=java.lang.String@50000181)
	value		50001107
ARR 50001107 (sz=10, trace=300529, nelems=5, elem type=char[])
OBJ 50001108 (sz=32, trace=300190, class=java.util.HashMap$Node@500000d7)
	key		50001106
	value		50001772
OBJ 50001109 (sz=24, trace=300528, class=java.lang.String@50000181)
	value		5000110a
ARR 5000110a (sz=10, trace=300529, nelems=5, elem type=char[])
OBJ 5000110b (sz=32, trace=300190, class=java.util.HashMap$Node@500000d7)
	key		50001109
	value		50001772
OBJ 5000110c (sz=24, trace=300528, class=java.lang.String@50000181)
	value		5000110d
ARR 5000110d (sz=10, trace=300529, nelems=5, elem type=char[])
OBJ 5000110e (sz=32, trace=300190, class=java.util.HashMap$Node@500000d7)
	key		5000110c
	value		50001772
	next		50001187
OBJ 5000110f (sz=24, trace=300528, class=java.lang.String@50000181)
	value		50001110
ARR 50001110 (sz=10, trace=300529, nelems=5, elem type=char[])
OBJ 50001111 (sz=32, trace=300190, class=java.util.HashMap$Node@500000d7)
	key		5000110f
	value		50001772
OBJ 50001112 (sz=24, trace=300528, class=java.lang.String@50000181)
	value		50001113
ARR 50001113 (sz=10, trace=300529, nelems=5, elem type=char[])
OBJ 50001114 (sz=32, trace=300229, class=java.util.HashMap$Node@500000d7)
	key		50001112
	value		50001772
OBJ 50001115 (sz=24, trace=300528, class=java.lang.String@50000181)
	value		50001116
ARR 50001116 (sz=10, trace=300529, nelems=5, elem type=char[])
OBJ 50001117 (sz=32, trace=300190, class=java.util.HashMap$Node@500000d7)
	key		50001115
	value		50001772
OBJ 50001118 (sz=24, trace=300528, class=java.lang.String@50000181)
	value		50001119
ARR 50001119 (sz=10, trace=300529, nelems=5, elem type=char[])
OBJ 5000111a (sz=32, trace=300229, class=java.util.HashMap$Node@500000d7)
	key		50001118
	value		50001772
	next		5000112c
OBJ 5000111b (sz=24, trace=300528, class=java.lang.String@50000181)
	value		5000111c
ARR 5000111c (sz=10, trace=300529, nelems=5, elem type=char[])
OBJ 5000111d (sz=32, trace=300229, class=java.util.HashMap$Node@500000d7)
	key		5000111b
	value		50001772
OBJ 5000111e (sz=24, trace=300528, class=java.lang.String@50000181)
	value		5000111f
ARR 5000111f (sz=10, trace=300529, nelems=5, elem type=char[])
OBJ 50001120 (sz=32, trace=300229, class=java.util.HashMap$Node@500000d7)
	key		5000111e
	value		50001772
OBJ 50001121 (sz=24, trace=300528, class=java.lang.String@50000181)
ARR 50001122 (sz=24, trace=300529, nelems=0, elem type=char[])
OBJ 50001123 (sz=24, trace=300528, class=java.lang.String@50000181)
	value		50001124
ARR 50001124 (sz=10, trace=300529, nelems=5, elem type=char[])
OBJ 50001125 (sz=32, trace=300190, class=java.util.HashMap$Node@500000d7)
	key		50001123
	value		50001772
OBJ 50001126 (sz=24, trace=300528, class=java.lang.String@50000181)
	value		50001127
ARR 50001127 (sz=10, trace=300529, nelems=5, elem type=char[])
OBJ 50001128 (sz=32, trace=300229, class=java.util.HashMap$Node@500000d7)
	key		50001126
	value		50001772
	next		5000119d
ARR 50001129 (sz=144, trace=300538, nelems=0, elem type=java.util.HashMap$Node[]@500000d5)
OBJ 5000112a (sz=24, trace=300528, class=java.lang.String@50000181)
	value		5000112b
ARR 5000112b (sz=10, trace=300529, nelems=5, elem type=char[])
OBJ 5000112c (sz=32, trace=300229, class=java.util.HashMap$Node@500000d7)
	key		5000112a
	value		50001772
	next		500011e8
OBJ 5000112d (sz=24, trace=300528, class=java.lang.String@50000181)
	value		5000112e
ARR 5000112e (sz=10, trace=300529, nelems=5, elem type=char[])
OBJ 5000112f (sz=32, trace=300190, class=java.util.HashMap$Node@500000d7)
	key		5000112d
	value		50001772
	next		50001193
OBJ 50001130 (sz=24, trace=300528, class=java.lang.String@50000181)
	value		50001131
ARR 50001131 (sz=10, trace=300529, nelems=5, elem type=char[])
OBJ 50001132 (sz=32, trace=300190, class=java.util.HashMap$Node@500000d7)
	key		50001130
	value		50001772
OBJ 50001133 (sz=24, trace=300528, class=java.lang.String@50000181)
	value		50001134
ARR 50001134 (sz=10, trace=300529, nelems=5, elem type=char[])
OBJ 50001135 (sz=32, trace=300229, class=java.util.HashMap$Node@500000d7)
	key		50001133
	value		50001772
	next		500011c1
OBJ 50001136 (sz=24, trace=300528, class=java.lang.String@50000181)
	value		50001137
ARR 50001137 (sz=10, trace=300529, nelems=5, elem type=char[])
OBJ 50001138 (sz=32, trace=300229, class=java.util.HashMap$Node@500000d7)
	key		50001136
	value		50001772
OBJ 50001139 (sz=24, trace=300528, class=java.lang.String@50000181)
	value		5000113a
ARR 5000113a (sz=10, trace=300529, nelems=5, elem type=char[])
OBJ 5000113b (sz=32, trace=300229, class=java.util.HashMap$Node@500000d7)
	key		50001139
	value		50001772
OBJ 5000113c (sz=24, trace=300528, class=java.lang.String@50000181)
	value		5000113d
ARR 5000113d (sz=10, trace=300529, nelems=5, elem type=char[])
OBJ 5000113e (sz=32, trace=300190, class=java.util.HashMap$Node@500000d7)
	key		5000113c
	value		50001772
	next		500011e5
OBJ 5000113f (sz=24, trace=300528, class=java.lang.String@50000181)
	value		50001140
ARR 50001140 (sz=10, trace=300529, nelems=5, elem type=char[])
OBJ 50001141 (sz=32, trace=300190, class=java.util.HashMap$Node@500000d7)
	key		5000113f
	value		50001772
OBJ 50001142 (sz=24, trace=300528, class=java.lang.String@50000181)
	value		50001143
ARR 50001143 (sz=10, trace=300529, nelems=5, elem type=char[])
OBJ 50001144 (sz=32, trace=300229, class=java.util.HashMap$Node@500000d7)
	key		50001142
	value		50001772
	next		5000122e
OBJ 50001145 (sz=24, trace=300528, class=java.lang.String@50000181)
	value		50001146
ARR 50001146 (sz=10, trace=300529, nelems=5, elem type=char[])
OBJ 50001147 (sz=32, trace=300190, class=java.util.HashMap$Node@500000d7)
	key		50001145
	value		50001772
OBJ 50001148 (sz=24, trace=300528, class=java.lang.String@50000181)
	value		50001149
ARR 50001149 (sz=10, trace=300529, nelems=5, elem type=char[])
OBJ 5000114a (sz=32, trace=300229, class=java.util.HashMap$Node@500000d7)
	key		50001148
	value		50001772
OBJ 5000114b (sz=24, trace=300528, class=java.lang.String@50000181)
	value		5000114c
ARR 5000114c (sz=10, trace=300529, nelems=5, elem type=char[])
OBJ 5000114d (sz=32, trace=300190, class=java.util.HashMap$Node@500000d7)
	key		5000114b
	value		50001772
	next		50001224
ARR 5000114e (sz=272, trace=300538, nelems=0, elem type=java.util.HashMap$Node[]@500000d5)
OBJ 5000114f (sz=24, trace=300528, class=java.lang.String@50000181)
	value		50001150
ARR 50001150 (sz=10, trace=300529, nelems=5, elem type=char[])
OBJ 50001151 (sz=32, trace=300190, class=java.util.HashMap$Node@500000d7)
	key		5000114f
	value		50001772
OBJ 50001152 (sz=24, trace=300528, class=java.lang.String@50000181)
	value		50001153
ARR 50001153 (sz=10, trace=300529, nelems=5, elem type=char[])
OBJ 50001154 (sz=32, trace=300229, class=java.util.HashMap$Node@500000d7)
	key		50001152
	value		50001772
OBJ 50001155 (sz=24, trace=300528, class=java.lang.String@50000181)
	value		50001156
ARR 50001156 (sz=10, trace=300529, nelems=5, elem type=char[])
OBJ 50001157 (sz=32, trace=300190, class=java.util.HashMap$Node@500000d7)
	key		50001155
	value		50001772
OBJ 50001158 (sz=24, trace=300528, class=java.lang.String@50000181)
	value		50001159
ARR 50001159 (sz=10, trace=300529, nelems=5, elem type=char[])
OBJ 5000115a (sz=32, trace=300190, class=java.util.HashMap$Node@500000d7)
	key		50001158
	value		50001772
OBJ 5000115b (sz=24, trace=300528, class=java.lang.String@50000181)
	value		5000115c
ARR 5000115c (sz=10, trace=300529, nelems=5, elem type=char[])
OBJ 5000115d (sz=32, trace=300229, class=java.util.HashMap$Node@500000d7)
	key		5000115b
	value		50001772
OBJ 5000115e (sz=24, trace=300528, class=java.lang.String@50000181)
	value		5000115f
ARR 5000115f (sz=10, trace=300529, nelems=5, elem type=char[])
OBJ 50001160 (sz=32, trace=300229, class=java.util.HashMap$Node@500000d7)
	key		5000115e
	value		50001772
	next		50001172
OBJ 50001161 (sz=24, trace=300528, class=java.lang.String@50000181)
	value		50001162
ARR 50001162 (sz=10, trace=300529, nelems=5, elem type=char[])
OBJ 50001163 (sz=32, trace=300190, class=java.util.HashMap$Node@500000d7)
	key		50001161
	value		50001772
OBJ 50001164 (sz=24, trace=300528, class=java.lang.String@50000181)
	value		50001165
ARR 50001165 (sz=10, trace=300529, nelems=5, elem type=char[])
OBJ 50001166 (sz=32, trace=300190, class=java.util.HashMap$Node@500000d7)
	key		50001164
	value		50001772
OBJ 50001167 (sz=24, trace=300528, class=java.lang.String@50000181)
	value		50001168
ARR 50001168 (sz=4, trace=300529, nelems=2, elem type=char[])
OBJ 50001169 (sz=32, trace=300229, class=java.util.HashMap$Node@500000d7)
	key		50001167
	value		50001772
	next		5000125b
OBJ 5000116a (sz=24, trace=300528, class=java.lang.String@50000181)
	value		5000116b
ARR 5000116b (sz=10, trace=300529, nelems=5, elem type=char[])
OBJ 5000116c (sz=32, trace=300190, class=java.util.HashMap$Node@500000d7)
	key		5000116a
	value		50001772
OBJ 5000116d (sz=24, trace=300528, class=java.lang.String@50000181)
	value		5000116e
ARR 5000116e (sz=10, trace=300529, nelems=5, elem type=char[])
OBJ 5000116f (sz=32, trace=300190, class=java.util.HashMap$Node@500000d7)
	key		5000116d
	value		50001772
	next		500011fd
OBJ 50001170 (sz=24, trace=300528, class=java.lang.String@50000181)
	value		50001171
ARR 50001171 (sz=10, trace=300529, nelems=5, elem type=char[])
OBJ 50001172 (sz=32, trace=300229, class=java.util.HashMap$Node@500000d7)
	key		50001170
	value		50001772
OBJ 50001173 (sz=24, trace=300528, class=java.lang.String@50000181)
	value		50001174
ARR 50001174 (sz=10, trace=300529, nelems=5, elem type=char[])
OBJ 50001175 (sz=32, trace=300190, class=java.util.HashMap$Node@500000d7)
	key		50001173
	value		50001772
OBJ 50001176 (sz=24, trace=300528, class=java.lang.String@50000181)
	value		50001177
ARR 50001177 (sz=10, trace=300529, nelems=5, elem type=char[])
OBJ 50001178 (sz=32, trace=300229, class=java.util.HashMap$Node@500000d7)
	key		50001176
	value		50001772
OBJ 50001179 (sz=24, trace=300528, class=java.lang.String@50000181)
	value		5000117a
ARR 5000117a (sz=10, trace=300529, nelems=5, elem type=char[])
OBJ 5000117b (sz=32, trace=300229, class=java.util.HashMap$Node@500000d7)
	key		50001179
	value		50001772
OBJ 5000117c (sz=24, trace=300528, class=java.lang.String@50000181)
	value		5000117d
ARR 5000117d (sz=10, trace=300529, nelems=5, elem type=char[])
OBJ 5000117e (sz=32, trace=300229, class=java.util.HashMap$Node@500000d7)
	key		5000117c
	value		50001772
	next		50001246
OBJ 5000117f (sz=24, trace=300528, class=java.lang.String@50000181)
	value		50001180
ARR 50001180 (sz=4, trace=300529, nelems=2, elem type=char[])
OBJ 50001181 (sz=32, trace=300190, class=java.util.HashMap$Node@500000d7)
	key		5000117f
	value		50001772
OBJ 50001182 (sz=24, trace=300528, class=java.lang.String@50000181)
	value		50001183
ARR 50001183 (sz=10, trace=300529, nelems=5, elem type=char[])
OBJ 50001184 (sz=32, trace=300190, class=java.util.HashMap$Node@500000d7)
	key		50001182
	value		50001772
OBJ 50001185 (sz=24, trace=300528, class=java.lang.String@50000181)
	value		50001186
ARR 50001186 (sz=10, trace=300529, nelems=5, elem type=char[])
OBJ 50001187 (sz=32, trace=300229, class=java.util.HashMap$Node@500000d7)
	key		50001185
	value		50001772
OBJ 50001188 (sz=24, trace=300528, class=java.lang.String@50000181)
	value		50001189
ARR 50001189 (sz=10, trace=300529, nelems=5, elem type=char[])
OBJ 5000118a (sz=32, trace=300190, class=java.util.HashMap$Node@500000d7)
	key		50001188
	value		50001772
OBJ 5000118b (sz=24, trace=300528, class=java.lang.String@50000181)
	value		5000118c
ARR 5000118c (sz=10, trace=300529, nelems=5, elem type=char[])
OBJ 5000118d (sz=32, trace=300190, class=java.util.HashMap$Node@500000d7)
	key		5000118b
	value		50001772
OBJ 5000118e (sz=24, trace=300528, class=java.lang.String@50000181)
	value		5000118f
ARR 5000118f (sz=10, trace=300529, nelems=5, elem type=char[])
OBJ 50001190 (sz=32, trace=300229, class=java.util.HashMap$Node@500000d7)
	key		5000118e
	value		50001772
OBJ 50001191 (sz=24, trace=300528, class=java.lang.String@50000181)
	value		50001192
ARR 50001192 (sz=10, trace=300529, nelems=5, elem type=char[])
OBJ 50001193 (sz=32, trace=300229, class=java.util.HashMap$Node@500000d7)
	key		50001191
	value		50001772
	next		500011cd
OBJ 50001194 (sz=24, trace=300528, class=java.lang.String@50000181)
	value		50001195
ARR 50001195 (sz=10, trace=300529, nelems=5, elem type=char[])
OBJ 50001196 (sz=32, trace=300190, class=java.util.HashMap$Node@500000d7)
	key		50001194
	value		50001772
ARR 50001197 (sz=528, trace=300538, nelems=0, elem type=java.util.HashMap$Node[]@500000d5)
OBJ 50001198 (sz=24, trace=300528, class=java.lang.String@50000181)
	value		50001199
ARR 50001199 (sz=10, trace=300529, nelems=5, elem type=char[])
OBJ 5000119a (sz=32, trace=300229, class=java.util.HashMap$Node@500000d7)
	key		50001198
	value		50001772
	next		500011bb
OBJ 5000119b (sz=24, trace=300528, class=java.lang.String@50000181)
	value		5000119c
ARR 5000119c (sz=10, trace=300529, nelems=5, elem type=char[])
OBJ 5000119d (sz=32, trace=300229, class=java.util.HashMap$Node@500000d7)
	key		5000119b
	value		50001772
OBJ 5000119e (sz=24, trace=300528, class=java.lang.String@50000181)
	value		5000119f
ARR 5000119f (sz=10, trace=300529, nelems=5, elem type=char[])
OBJ 500011a0 (sz=32, trace=300190, class=java.util.HashMap$Node@500000d7)
	key		5000119e
	value		50001772
OBJ 500011a1 (sz=24, trace=300528, class=java.lang.String@50000181)
	value		500011a2
ARR 500011a2 (sz=10, trace=300529, nelems=5, elem type=char[])
OBJ 500011a3 (sz=32, trace=300190, class=java.util.HashMap$Node@500000d7)
	key		500011a1
	value		50001772
OBJ 500011a4 (sz=24, trace=300528, class=java.lang.String@50000181)
	value		500011a5
ARR 500011a5 (sz=10, trace=300529, nelems=5, elem type=char[])
OBJ 500011a6 (sz=32, trace=300190, class=java.util.HashMap$Node@500000d7)
	key		500011a4
	value		50001772
OBJ 500011a7 (sz=24, trace=300528, class=java.lang.String@50000181)
	value		500011a8
ARR 500011a8 (sz=10, trace=300529, nelems=5, elem type=char[])
OBJ 500011a9 (sz=32, trace=300190, class=java.util.HashMap$Node@500000d7)
	key		500011a7
	value		50001772
OBJ 500011aa (sz=24, trace=300528, class=java.lang.String@50000181)
	value		500011ab
ARR 500011ab (sz=10, trace=300529, nelems=5, elem type=char[])
OBJ 500011ac (sz=32, trace=300190, class=java.util.HashMap$Node@500000d7)
	key		500011aa
	value		50001772
	next		5000122b
OBJ 500011ad (sz=24, trace=300528, class=java.lang.String@50000181)
	value		500011ae
ARR 500011ae (sz=10, trace=300529, nelems=5, elem type=char[])
OBJ 500011af (sz=32, trace=300190, class=java.util.HashMap$Node@500000d7)
	key		500011ad
	value		50001772
OBJ 500011b0 (sz=24, trace=300528, class=java.lang.String@50000181)
	value		500011b1
ARR 500011b1 (sz=10, trace=300529, nelems=5, elem type=char[])
OBJ 500011b2 (sz=32, trace=300190, class=java.util.HashMap$Node@500000d7)
	key		500011b0
	value		50001772
OBJ 500011b3 (sz=24, trace=300528, class=java.lang.String@50000181)
	value		500011b4
ARR 500011b4 (sz=10, trace=300529, nelems=5, elem type=char[])
OBJ 500011b5 (sz=32, trace=300190, class=java.util.HashMap$Node@500000d7)
	key		500011b3
	value		50001772
OBJ 500011b6 (sz=24, trace=300528, class=java.lang.String@50000181)
	value		500011b7
ARR 500011b7 (sz=10, trace=300529, nelems=5, elem type=char[])
OBJ 500011b8 (sz=32, trace=300190, class=java.util.HashMap$Node@500000d7)
	key		500011b6
	value		50001772
OBJ 500011b9 (sz=24, trace=300528, class=java.lang.String@50000181)
	value		500011ba
ARR 500011ba (sz=10, trace=300529, nelems=5, elem type=char[])
OBJ 500011bb (sz=32, trace=300229, class=java.util.HashMap$Node@500000d7)
	key		500011b9
	value		50001772
OBJ 500011bc (sz=24, trace=300528, class=java.lang.String@50000181)
	value		500011bd
ARR 500011bd (sz=10, trace=300529, nelems=5, elem type=char[])
OBJ 500011be (sz=32, trace=300190, class=java.util.HashMap$Node@500000d7)
	key		500011bc
	value		50001772
OBJ 500011bf (sz=24, trace=300528, class=java.lang.String@50000181)
	value		500011c0
ARR 500011c0 (sz=10, trace=300529, nelems=5, elem type=char[])
OBJ 500011c1 (sz=32, trace=300229, class=java.util.HashMap$Node@500000d7)
	key		500011bf
	value		50001772
OBJ 500011c2 (sz=24, trace=300528, class=java.lang.String@50000181)
	value		500011c3
ARR 500011c3 (sz=10, trace=300529, nelems=5, elem type=char[])
OBJ 500011c4 (sz=32, trace=300190, class=java.util.HashMap$Node@500000d7)
	key		500011c2
	value		50001772
	next		500011f1
OBJ 500011c5 (sz=24, trace=300528, class=java.lang.String@50000181)
	value		500011c6
ARR 500011c6 (sz=10, trace=300529, nelems=5, elem type=char[])
OBJ 500011c7 (sz=32, trace=300190, class=java.util.HashMap$Node@500000d7)
	key		500011c5
	value		50001772
OBJ 500011c8 (sz=24, trace=300528, class=java.lang.String@50000181)
	value		500011c9
ARR 500011c9 (sz=4, trace=300529, nelems=2, elem type=char[])
OBJ 500011ca (sz=32, trace=300229, class=java.util.HashMap$Node@500000d7)
	key		500011c8
	value		50001772
	next		50001234
OBJ 500011cb (sz=24, trace=300528, class=java.lang.String@50000181)
	value		500011cc
ARR 500011cc (sz=10, trace=300529, nelems=5, elem type=char[])
OBJ 500011cd (sz=32, trace=300229, class=java.util.HashMap$Node@500000d7)
	key		500011cb
	value		50001772
OBJ 500011ce (sz=24, trace=300528, class=java.lang.String@50000181)
	value		500011cf
ARR 500011cf (sz=10, trace=300529, nelems=5, elem type=char[])
OBJ 500011d0 (sz=32, trace=300229, class=java.util.HashMap$Node@500000d7)
	key		500011ce
	value		50001772
OBJ 500011d1 (sz=24, trace=300528, class=java.lang.String@50000181)
	value		500011d2
ARR 500011d2 (sz=10, trace=300529, nelems=5, elem type=char[])
OBJ 500011d3 (sz=32, trace=300190, class=java.util.HashMap$Node@500000d7)
	key		500011d1
	value		50001772
OBJ 500011d4 (sz=24, trace=300528, class=java.lang.String@50000181)
	value		500011d5
ARR 500011d5 (sz=10, trace=300529, nelems=5, elem type=char[])
OBJ 500011d6 (sz=32, trace=300190, class=java.util.HashMap$Node@500000d7)
	key		500011d4
	value		50001772
OBJ 500011d7 (sz=24, trace=300528, class=java.lang.String@50000181)
	value		500011d8
ARR 500011d8 (sz=10, trace=300529, nelems=5, elem type=char[])
OBJ 500011d9 (sz=32, trace=300190, class=java.util.HashMap$Node@500000d7)
	key		500011d7
	value		50001772
OBJ 500011da (sz=24, trace=300528, class=java.lang.String@50000181)
	value		500011db
ARR 500011db (sz=10, trace=300529, nelems=5, elem type=char[])
OBJ 500011dc (sz=32, trace=300190, class=java.util.HashMap$Node@500000d7)
	key		500011da
	value		50001772
	next		500011fa
OBJ 500011dd (sz=24, trace=300528, class=java.lang.String@50000181)
	value		500011de
ARR 500011de (sz=10, trace=300529, nelems=5, elem type=char[])
OBJ 500011df (sz=32, trace=300229, class=java.util.HashMap$Node@500000d7)
	key		500011dd
	value		50001772
OBJ 500011e0 (sz=24, trace=300528, class=java.lang.String@50000181)
	value		500011e1
ARR 500011e1 (sz=10, trace=300529, nelems=5, elem type=char[])
OBJ 500011e2 (sz=32, trace=300229, class=java.util.HashMap$Node@500000d7)
	key		500011e0
	value		50001772
OBJ 500011e3 (sz=24, trace=300528, class=java.lang.String@50000181)
	value		500011e4
ARR 500011e4 (sz=10, trace=300529, nelems=5, elem type=char[])
OBJ 500011e5 (sz=32, trace=300229, class=java.util.HashMap$Node@500000d7)
	key		500011e3
	value		50001772
OBJ 500011e6 (sz=24, trace=300528, class=java.lang.String@50000181)
	value		500011e7
ARR 500011e7 (sz=10, trace=300529, nelems=5, elem type=char[])
OBJ 500011e8 (sz=32, trace=300229, class=java.util.HashMap$Node@500000d7)
	key		500011e6
	value		50001772
OBJ 500011e9 (sz=24, trace=300528, class=java.lang.String@50000181)
	value		500011ea
ARR 500011ea (sz=10, trace=300529, nelems=5, elem type=char[])
OBJ 500011eb (sz=32, trace=300190, class=java.util.HashMap$Node@500000d7)
	key		500011e9
	value		50001772
OBJ 500011ec (sz=24, trace=300528, class=java.lang.String@50000181)
	value		500011ed
ARR 500011ed (sz=4, trace=300529, nelems=2, elem type=char[])
OBJ 500011ee (sz=32, trace=300190, class=java.util.HashMap$Node@500000d7)
	key		500011ec
	value		50001772
OBJ 500011ef (sz=24, trace=300528, class=java.lang.String@50000181)
	value		500011f0
ARR 500011f0 (sz=10, trace=300529, nelems=5, elem type=char[])
OBJ 500011f1 (sz=32, trace=300229, class=java.util.HashMap$Node@500000d7)
	key		500011ef
	value		50001772
	next		50001258
OBJ 500011f2 (sz=24, trace=300528, class=java.lang.String@50000181)
	value		500011f3
ARR 500011f3 (sz=10, trace=300529, nelems=5, elem type=char[])
OBJ 500011f4 (sz=32, trace=300190, class=java.util.HashMap$Node@500000d7)
	key		500011f2
	value		50001772
OBJ 500011f5 (sz=24, trace=300528, class=java.lang.String@50000181)
	value		500011f6
ARR 500011f6 (sz=10, trace=300529, nelems=5, elem type=char[])
OBJ 500011f7 (sz=32, trace=300229, class=java.util.HashMap$Node@500000d7)
	key		500011f5
	value		50001772
OBJ 500011f8 (sz=24, trace=300528, class=java.lang.String@50000181)
	value		500011f9
ARR 500011f9 (sz=4, trace=300529, nelems=2, elem type=char[])
OBJ 500011fa (sz=32, trace=300229, class=java.util.HashMap$Node@500000d7)
	key		500011f8
	value		50001772
OBJ 500011fb (sz=24, trace=300528, class=java.lang.String@50000181)
	value		500011fc
ARR 500011fc (sz=10, trace=300529, nelems=5, elem type=char[])
OBJ 500011fd (sz=32, trace=300229, class=java.util.HashMap$Node@500000d7)
	key		500011fb
	value		50001772
OBJ 500011fe (sz=24, trace=300528, class=java.lang.String@50000181)
	value		500011ff
ARR 500011ff (sz=4, trace=300529, nelems=2, elem type=char[])
OBJ 50001200 (sz=32, trace=300190, class=java.util.HashMap$Node@500000d7)
	key		500011fe
	value		50001772
OBJ 50001201 (sz=24, trace=300528, class=java.lang.String@50000181)
	value		50001202
ARR 50001202 (sz=10, trace=300529, nelems=5, elem type=char[])
OBJ 50001203 (sz=32, trace=300229, class=java.util.HashMap$Node@500000d7)
	key		50001201
	value		50001772
OBJ 50001204 (sz=24, trace=300528, class=java.lang.String@50000181)
	value		50001205
ARR 50001205 (sz=10, trace=300529, nelems=5, elem type=char[])
OBJ 50001206 (sz=32, trace=300190, class=java.util.HashMap$Node@500000d7)
	key		50001204
	value		50001772
OBJ 50001207 (sz=24, trace=300528, class=java.lang.String@50000181)
	value		50001208
ARR 50001208 (sz=10, trace=300529, nelems=5, elem type=char[])
OBJ 50001209 (sz=32, trace=300190, class=java.util.HashMap$Node@500000d7)
	key		50001207
	value		50001772
OBJ 5000120a (sz=24, trace=300528, class=java.lang.String@50000181)
	value		5000120b
ARR 5000120b (sz=10, trace=300529, nelems=5, elem type=char[])
OBJ 5000120c (sz=32, trace=300190, class=java.util.HashMap$Node@500000d7)
	key		5000120a
	value		50001772
OBJ 5000120d (sz=24, trace=300528, class=java.lang.String@50000181)
	value		5000120e
ARR 5000120e (sz=10, trace=300529, nelems=5, elem type=char[])
OBJ 5000120f (sz=32, trace=300190, class=java.util.HashMap$Node@500000d7)
	key		5000120d
	value		50001772
OBJ 50001210 (sz=24, trace=300528, class=java.lang.String@50000181)
	value		50001211
ARR 50001211 (sz=10, trace=300529, nelems=5, elem type=char[])
OBJ 50001212 (sz=32, trace=300190, class=java.util.HashMap$Node@500000d7)
	key		50001210
	value		50001772
OBJ 50001213 (sz=24, trace=300528, class=java.lang.String@50000181)
	value		50001214
ARR 50001214 (sz=10, trace=300529, nelems=5, elem type=char[])
OBJ 50001215 (sz=32, trace=300190, class=java.util.HashMap$Node@500000d7)
	key		50001213
	value		50001772
	next		50001261
OBJ 50001216 (sz=24, trace=300528, class=java.lang.String@50000181)
	value		50001217
ARR 50001217 (sz=10, trace=300529, nelems=5, elem type=char[])
OBJ 50001218 (sz=32, trace=300190, class=java.util.HashMap$Node@500000d7)
	key		50001216
	value		50001772
OBJ 50001219 (sz=24, trace=300528, class=java.lang.String@50000181)
	value		5000121a
ARR 5000121a (sz=10, trace=300529, nelems=5, elem type=char[])
OBJ 5000121b (sz=32, trace=300190, class=java.util.HashMap$Node@500000d7)
	key		50001219
	value		50001772
OBJ 5000121c (sz=24, trace=300528, class=java.lang.String@50000181)
	value		5000121d
ARR 5000121d (sz=10, trace=300529, nelems=5, elem type=char[])
OBJ 5000121e (sz=32, trace=300229, class=java.util.HashMap$Node@500000d7)
	key		5000121c
	value		50001772
OBJ 5000121f (sz=24, trace=300528, class=java.lang.String@50000181)
	value		50001220
ARR 50001220 (sz=4, trace=300529, nelems=2, elem type=char[])
OBJ 50001221 (sz=32, trace=300190, class=java.util.HashMap$Node@500000d7)
	key		5000121f
	value		50001772
OBJ 50001222 (sz=24, trace=300528, class=java.lang.String@50000181)
	value		50001223
ARR 50001223 (sz=10, trace=300529, nelems=5, elem type=char[])
OBJ 50001224 (sz=32, trace=300229, class=java.util.HashMap$Node@500000d7)
	key		50001222
	value		50001772
	next		5000124c
OBJ 50001225 (sz=24, trace=300528, class=java.lang.String@50000181)
	value		50001226
ARR 50001226 (sz=10, trace=300529, nelems=5, elem type=char[])
OBJ 50001227 (sz=32, trace=300229, class=java.util.HashMap$Node@500000d7)
	key		50001225
	value		50001772
ARR 50001228 (sz=1040, trace=300538, nelems=256, elem type=java.util.HashMap$Node[]@500000d5)
	[1]		5000110b
	[3]		50001138
	[4]		50001221
	[7]		5000120f
	[8]		5000110e
	[9]		50001151
	[10]		50001120
	[12]		5000121b
	[14]		50001240
	[16]		5000117e
	[18]		50001218
	[23]		5000123d
	[24]		50001175
	[25]		50001102
	[28]		5000120c
	[29]		50001154
	[34]		5000113e
	[38]		500011b8
	[42]		50001190
	[43]		500011ee
	[44]		5000118a
	[46]		500011d0
	[47]		5000118d
	[49]		5000121e
	[50]		50001227
	[53]		5000112f
	[55]		500011dc
	[57]		5000111a
	[59]		50001141
	[65]		500011a3
	[67]		500011e2
	[69]		500011b2
	[76]		500011b5
	[79]		50001249
	[80]		5000116c
	[81]		500011eb
	[89]		5000115d
	[92]		50001163
	[93]		50001117
	[99]		5000124f
	[100]		50001200
	[101]		5000126a
	[102]		50001203
	[104]		50001231
	[105]		50001243
	[113]		50001144
	[114]		50001237
	[116]		50001184
	[118]		50001252
	[122]		50001166
	[129]		50001169
	[131]		5000111d
	[133]		50001209
	[138]		50001111
	[141]		50001215
	[152]		500011df
	[157]		5000117b
	[158]		5000116f
	[163]		50001157
	[167]		50001147
	[168]		500011a0
	[174]		50001181
	[176]		500011af
	[177]		50001114
	[178]		5000115a
	[180]		500011ac
	[184]		50001212
	[186]		500011c4
	[188]		500011d6
	[189]		5000125e
	[190]		50001108
	[192]		500011c7
	[195]		50001105
	[202]		50001206
	[203]		50001125
	[204]		500011ca
	[206]		50001196
	[207]		50001132
	[215]		500011d3
	[217]		5000119a
	[220]		500011f7
	[225]		5000114a
	[226]		50001160
	[228]		5000123a
	[229]		50001264
	[230]		5000114d
	[231]		500011be
	[233]		50001128
	[234]		50001135
	[238]		500011a6
	[240]		500011f4
	[250]		50001178
	[251]		500011d9
	[254]		500011a9
	[255]		50001255
OBJ 50001229 (sz=24, trace=300528, class=java.lang.String@50000181)
	value		5000122a
ARR 5000122a (sz=10, trace=300529, nelems=5, elem type=char[])
OBJ 5000122b (sz=32, trace=300229, class=java.util.HashMap$Node@500000d7)
	key		50001229
	value		50001772
	next		50001267
OBJ 5000122c (sz=24, trace=300528, class=java.lang.String@50000181)
	value		5000122d
ARR 5000122d (sz=10, trace=300529, nelems=5, elem type=char[])
OBJ 5000122e (sz=32, trace=300229, class=java.util.HashMap$Node@500000d7)
	key		5000122c
	value		50001772
OBJ 5000122f (sz=24, trace=300528, class=java.lang.String@50000181)
	value		50001230
ARR 50001230 (sz=10, trace=300529, nelems=5, elem type=char[])
OBJ 50001231 (sz=32, trace=300190, class=java.util.HashMap$Node@500000d7)
	key		5000122f
	value		50001772
OBJ 50001232 (sz=24, trace=300528, class=java.lang.String@50000181)
	value		50001233
ARR 50001233 (sz=10, trace=300529, nelems=5, elem type=char[])
OBJ 50001234 (sz=32, trace=300229, class=java.util.HashMap$Node@500000d7)
	key		50001232
	value		50001772
OBJ 50001235 (sz=24, trace=300528, class=java.lang.String@50000181)
	value		50001236
ARR 50001236 (sz=10, trace=300529, nelems=5, elem type=char[])
OBJ 50001237 (sz=32, trace=300190, class=java.util.HashMap$Node@500000d7)
	key		50001235
	value		50001772
OBJ 50001238 (sz=24, trace=300528, class=java.lang.String@50000181)
	value		50001239
ARR 50001239 (sz=10, trace=300529, nelems=5, elem type=char[])
OBJ 5000123a (sz=32, trace=300190, class=java.util.HashMap$Node@500000d7)
	key		50001238
	value		50001772
OBJ 5000123b (sz=24, trace=300528, class=java.lang.String@50000181)
	value		5000123c
ARR 5000123c (sz=10, trace=300529, nelems=5, elem type=char[])
OBJ 5000123d (sz=32, trace=300190, class=java.util.HashMap$Node@500000d7)
	key		5000123b
	value		50001772
OBJ 5000123e (sz=24, trace=300528, class=java.lang.String@50000181)
	value		5000123f
ARR 5000123f (sz=20, trace=300529, nelems=10, elem type=char[])
OBJ 50001240 (sz=32, trace=300190, class=java.util.HashMap$Node@500000d7)
	key		5000123e
	value		50001772
OBJ 50001241 (sz=24, trace=300528, class=java.lang.String@50000181)
	value		50001242
ARR 50001242 (sz=20, trace=300529, nelems=10, elem type=char[])
OBJ 50001243 (sz=32, trace=300190, class=java.util.HashMap$Node@500000d7)
	key		50001241
	value		50001772
OBJ 50001244 (sz=24, trace=300528, class=java.lang.String@50000181)
	value		50001245
ARR 50001245 (sz=20, trace=300529, nelems=10, elem type=char[])
OBJ 50001246 (sz=32, trace=300229, class=java.util.HashMap$Node@500000d7)
	key		50001244
	value		50001772
OBJ 50001247 (sz=24, trace=300528, class=java.lang.String@50000181)
	value		50001248
ARR 50001248 (sz=10, trace=300529, nelems=5, elem type=char[])
OBJ 50001249 (sz=32, trace=300190, class=java.util.HashMap$Node@500000d7)
	key		50001247
	value		50001772
OBJ 5000124a (sz=24, trace=300528, class=java.lang.String@50000181)
	value		5000124b
ARR 5000124b (sz=10, trace=300529, nelems=5, elem type=char[])
OBJ 5000124c (sz=32, trace=300229, class=java.util.HashMap$Node@500000d7)
	key		5000124a
	value		50001772
OBJ 5000124d (sz=24, trace=300528, class=java.lang.String@50000181)
	value		5000124e
ARR 5000124e (sz=4, trace=300529, nelems=2, elem type=char[])
OBJ 5000124f (sz=32, trace=300190, class=java.util.HashMap$Node@500000d7)
	key		5000124d
	value		50001772
OBJ 50001250 (sz=24, trace=300528, class=java.lang.String@50000181)
	value		50001251
ARR 50001251 (sz=10, trace=300529, nelems=5, elem type=char[])
OBJ 50001252 (sz=32, trace=300190, class=java.util.HashMap$Node@500000d7)
	key		50001250
	value		50001772
OBJ 50001253 (sz=24, trace=300528, class=java.lang.String@50000181)
	value		50001254
ARR 50001254 (sz=10, trace=300529, nelems=5, elem type=char[])
OBJ 50001255 (sz=32, trace=300190, class=java.util.HashMap$Node@500000d7)
	key		50001253
	value		50001772
OBJ 50001256 (sz=24, trace=300528, class=java.lang.String@50000181)
	value		50001257
ARR 50001257 (sz=10, trace=300529, nelems=5, elem type=char[])
OBJ 50001258 (sz=32, trace=300229, class=java.util.HashMap$Node@500000d7)
	key		50001256
	value		50001772
OBJ 50001259 (sz=24, trace=300528, class=java.lang.String@50000181)
	value		5000125a
ARR 5000125a (sz=10, trace=300529, nelems=5, elem type=char[])
OBJ 5000125b (sz=32, trace=300229, class=java.util.HashMap$Node@500000d7)
	key		50001259
	value		50001772
OBJ 5000125c (sz=24, trace=300528, class=java.lang.String@50000181)
	value		5000125d
ARR 5000125d (sz=10, trace=300529, nelems=5, elem type=char[])
OBJ 5000125e (sz=32, trace=300190, class=java.util.HashMap$Node@500000d7)
	key		5000125c
	value		50001772
OBJ 5000125f (sz=24, trace=300528, class=java.lang.String@50000181)
	value		50001260
ARR 50001260 (sz=10, trace=300529, nelems=5, elem type=char[])
OBJ 50001261 (sz=32, trace=300229, class=java.util.HashMap$Node@500000d7)
	key		5000125f
	value		50001772
OBJ 50001262 (sz=24, trace=300528, class=java.lang.String@50000181)
	value		50001263
ARR 50001263 (sz=10, trace=300529, nelems=5, elem type=char[])
OBJ 50001264 (sz=32, trace=300190, class=java.util.HashMap$Node@500000d7)
	key		50001262
	value		50001772
OBJ 50001265 (sz=24, trace=300528, class=java.lang.String@50000181)
	value		50001266
ARR 50001266 (sz=10, trace=300529, nelems=5, elem type=char[])
OBJ 50001267 (sz=32, trace=300229, class=java.util.HashMap$Node@500000d7)
	key		50001265
	value		50001772
OBJ 50001268 (sz=24, trace=300528, class=java.lang.String@50000181)
	value		50001269
ARR 50001269 (sz=10, trace=300529, nelems=5, elem type=char[])
OBJ 5000126a (sz=32, trace=300190, class=java.util.HashMap$Node@500000d7)
	key		50001268
	value		50001772
OBJ 5000126b (sz=32, trace=300540, class=java.util.concurrent.ConcurrentHashMap$Node@50000024)
	key		50003666
	val		500010fc
OBJ 5000126c (sz=24, trace=301294, class=sun.util.locale.provider.CurrencyNameProviderImpl@500010fb)
	type		500008c0
	langtags	500010fc
ARR 5000126d (sz=80, trace=301295, nelems=8, elem type=java.util.concurrent.ConcurrentHashMap$Node[]@50000023)
	[7]		5000126e
OBJ 5000126e (sz=32, trace=301296, class=java.util.concurrent.ConcurrentHashMap$Node@50000024)
	key		500008c0
	val		5000126c
OBJ 50001270 (sz=24, trace=301298, class=sun.util.locale.provider.SPILocaleProviderAdapter$1@5000126f)
OBJ 50001271 (sz=32, trace=301299, class=java.util.ServiceLoader@50000255)
OBJ 50001272 (sz=56, trace=300157, class=java.util.LinkedHashMap@5000005f)
OBJ 50001273 (sz=40, trace=300159, class=java.util.ServiceLoader$LazyIterator@50000258)
OBJ 50001274 (sz=24, trace=301300, class=java.util.ServiceLoader$1@5000025a)
OBJ 50001275 (sz=16, trace=300163, class=java.util.LinkedHashMap$LinkedEntrySet@5000025c)
OBJ 50001276 (sz=32, trace=300165, class=java.util.LinkedHashMap$LinkedEntryIterator@5000025f)
OBJ 50001277 (sz=24, trace=300166, class=java.lang.StringBuilder@50000134)
ARR 50001278 (sz=48, trace=300167, nelems=0, elem type=char[])
ARR 50001279 (sz=88, trace=300010, nelems=0, elem type=char[])
ARR 5000127a (sz=160, trace=300010, nelems=0, elem type=char[])
OBJ 5000127b (sz=24, trace=300168, class=java.lang.String@50000181)
ARR 5000127c (sz=120, trace=300169, nelems=0, elem type=char[])
ARR 5000127d (sz=24, trace=300170, nelems=0, elem type=java.util.Enumeration[]@50000267)
OBJ 5000127e (sz=40, trace=300269, class=sun.misc.URLClassPath$2@500004ce)
OBJ 5000127f (sz=16, trace=300271, class=java.lang.ClassLoader$2@500004d0)
OBJ 50001280 (sz=40, trace=300273, class=sun.misc.URLClassPath$1@500004d2)
OBJ 50001281 (sz=24, trace=300275, class=java.net.URLClassLoader$3@500004d4)
OBJ 50001282 (sz=24, trace=300277, class=sun.misc.CompoundEnumeration@500004d6)
OBJ 50001283 (sz=16, trace=300322, class=java.net.URLClassLoader$3$1@500005de)
ARR 50001284 (sz=80, trace=301301, nelems=12, elem type=java.util.concurrent.ConcurrentHashMap$Node[]@50000023)
	[11]		50001285
OBJ 50001285 (sz=32, trace=301302, class=java.util.concurrent.ConcurrentHashMap$Node@50000024)
	key		500010e9
	val		500008b9
ARR 50001286 (sz=80, trace=301303, nelems=12, elem type=java.util.concurrent.ConcurrentHashMap$Node[]@50000023)
	[11]		50001287
OBJ 50001287 (sz=32, trace=301304, class=java.util.concurrent.ConcurrentHashMap$Node@50000024)
	key		500010e9
	val		500010f4
OBJ 5000128a (sz=16, trace=301306, class=java.util.Currency$CurrencyNameGetter@50001289)
ARR 5000128b (sz=24, trace=301307, nelems=0, elem type=java.lang.Object[]@5000011b)
OBJ 5000128c (sz=24, trace=301308, class=java.lang.StringBuilder@50000134)
ARR 5000128d (sz=48, trace=301309, nelems=0, elem type=char[])
OBJ 5000128e (sz=24, trace=301310, class=java.lang.String@50000181)
	value		5000128f
ARR 5000128f (sz=12, trace=301311, nelems=6, elem type=char[])
OBJ 50001290 (sz=24, trace=301312, class=java.lang.StringBuilder@50000134)
ARR 50001291 (sz=48, trace=301313, nelems=0, elem type=char[])
ARR 50001292 (sz=88, trace=300010, nelems=0, elem type=char[])
OBJ 50001293 (sz=24, trace=301314, class=java.lang.String@50000181)
	value		50001294
ARR 50001294 (sz=64, trace=301315, nelems=32, elem type=char[])
OBJ 50001295 (sz=24, trace=301316, class=sun.util.resources.LocaleData$1@50000af4)
OBJ 50001296 (sz=56, trace=300603, class=java.util.ResourceBundle$CacheKey@50000755)
OBJ 50001297 (sz=32, trace=300354, class=java.util.ResourceBundle$LoaderReference@50000758)
OBJ 50001298 (sz=24, trace=300376, class=java.util.ArrayList@500000f0)
ARR 50001299 (sz=40, trace=300605, nelems=0, elem type=java.lang.Object[]@5000011b)
OBJ 5000129a (sz=24, trace=300606, class=java.lang.String@50000181)
ARR 5000129b (sz=48, trace=300607, nelems=0, elem type=char[])
OBJ 5000129c (sz=32, trace=300608, class=java.util.ArrayList$Itr@500008ce)
OBJ 5000129d (sz=24, trace=300609, class=java.lang.StringBuilder@50000134)
ARR 5000129e (sz=56, trace=300610, nelems=0, elem type=char[])
OBJ 5000129f (sz=24, trace=300611, class=java.lang.String@50000181)
ARR 500012a0 (sz=40, trace=300612, nelems=0, elem type=char[])
ARR 500012a1 (sz=40, trace=300613, nelems=0, elem type=char[])
OBJ 500012a2 (sz=24, trace=300614, class=java.lang.String@50000181)
OBJ 500012a3 (sz=24, trace=300609, class=java.lang.StringBuilder@50000134)
ARR 500012a4 (sz=56, trace=300610, nelems=0, elem type=char[])
OBJ 500012a5 (sz=24, trace=300611, class=java.lang.String@50000181)
ARR 500012a6 (sz=40, trace=300612, nelems=0, elem type=char[])
ARR 500012a7 (sz=40, trace=300613, nelems=0, elem type=char[])
OBJ 500012a8 (sz=24, trace=300614, class=java.lang.String@50000181)
OBJ 500012a9 (sz=24, trace=300609, class=java.lang.StringBuilder@50000134)
ARR 500012aa (sz=56, trace=300610, nelems=0, elem type=char[])
OBJ 500012ab (sz=24, trace=300611, class=java.lang.String@50000181)
ARR 500012ac (sz=24, trace=300612, nelems=0, elem type=char[])
OBJ 500012ad (sz=32, trace=300378, class=java.util.ResourceBundle$LoaderReference@50000758)
OBJ 500012ae (sz=16, trace=300379, class=java.lang.Object@50000185)
OBJ 500012af (sz=32, trace=300381, class=java.util.concurrent.ConcurrentHashMap$Node@50000024)
	key		50001293
	val		500012ae
ARR 500012b3 (sz=16, trace=300383, nelems=0, elem type=java.lang.Class[]@50000116)
OBJ 500012b4 (sz=56, trace=300126, class=java.lang.Class$ReflectionData@500000c4)
OBJ 500012b5 (sz=40, trace=300040, class=java.lang.ref.SoftReference@50000165)
OBJ 500012b6 (sz=80, trace=300127, class=java.lang.reflect.Constructor@50000150)
OBJ 500012b7 (sz=24, trace=300384, class=java.lang.Class$1@500000ae)
OBJ 500012b8 (sz=24, trace=300129, class=sun.reflect.NativeConstructorAccessorImpl@500000ac)
OBJ 500012b9 (sz=16, trace=300130, class=sun.reflect.DelegatingConstructorAccessorImpl@500000ab)
OBJ 500012ba (sz=48, trace=301317, class=sun.util.resources.CurrencyNames@500012b2)
	locale		50001d0b
	name		50001293
	cacheKey	50003254
OBJ 500012bb (sz=32, trace=300378, class=java.util.ResourceBundle$LoaderReference@50000758)
	referent	50000736
	queue		50000252
	cacheKey	50003254
OBJ 500012bc (sz=48, trace=300387, class=java.util.ResourceBundle$BundleReference@500007a7)
	referent	500012ba
	queue		50000252
	cacheKey	50003254
OBJ 500012bd (sz=32, trace=300389, class=java.util.concurrent.ConcurrentHashMap$Node@50000024)
	key		50003254
	val		500012bc
OBJ 500012be (sz=32, trace=300378, class=java.util.ResourceBundle$LoaderReference@50000758)
OBJ 500012bf (sz=24, trace=300620, class=java.lang.StringBuilder@50000134)
ARR 500012c0 (sz=48, trace=300621, nelems=0, elem type=char[])
OBJ 500012c1 (sz=24, trace=300622, class=java.lang.String@50000181)
ARR 500012c2 (sz=56, trace=300623, nelems=0, elem type=char[])
ARR 500012c3 (sz=88, trace=300010, nelems=0, elem type=char[])
OBJ 500012c4 (sz=24, trace=300624, class=java.lang.String@50000181)
ARR 500012c5 (sz=48, trace=300625, nelems=0, elem type=char[])
ARR 500012c6 (sz=160, trace=300010, nelems=0, elem type=char[])
OBJ 500012c7 (sz=24, trace=300626, class=java.lang.String@50000181)
ARR 500012c8 (sz=88, trace=300627, nelems=0, elem type=char[])
OBJ 500012c9 (sz=24, trace=300628, class=java.lang.StringBuilder@50000134)
ARR 500012ca (sz=120, trace=300629, nelems=0, elem type=char[])
OBJ 500012cb (sz=24, trace=300630, class=java.lang.String@50000181)
	value		500012cc
ARR 500012cc (sz=82, trace=300393, nelems=41, elem type=char[])
OBJ 500012cd (sz=16, trace=300379, class=java.lang.Object@50000185)
OBJ 500012ce (sz=32, trace=300381, class=java.util.concurrent.ConcurrentHashMap$Node@50000024)
	key		500012cb
	val		500012cd
OBJ 500012cf (sz=24, trace=300395, class=java.net.URLClassLoader$1@500007b2)
ARR 500012d0 (sz=104, trace=300396, nelems=0, elem type=char[])
OBJ 500012d1 (sz=24, trace=300397, class=java.lang.String@50000181)
ARR 500012d2 (sz=112, trace=300398, nelems=0, elem type=char[])
OBJ 500012d3 (sz=24, trace=300399, class=java.lang.String@50000181)
ARR 500012d4 (sz=112, trace=300686, nelems=0, elem type=char[])
ARR 500012d5 (sz=160, trace=300687, nelems=0, elem type=byte[])
ARR 500012d6 (sz=64, trace=300688, nelems=0, elem type=byte[])
ARR 500012d7 (sz=112, trace=300686, nelems=0, elem type=char[])
ARR 500012d8 (sz=160, trace=300687, nelems=0, elem type=byte[])
ARR 500012d9 (sz=64, trace=300688, nelems=0, elem type=byte[])
OBJ 500012da (sz=80, trace=300690, class=java.util.zip.ZipEntry@50000c12)
ARR 500012db (sz=112, trace=300693, nelems=0, elem type=char[])
OBJ 500012dc (sz=24, trace=300694, class=java.lang.String@50000181)
ARR 500012dd (sz=112, trace=300695, nelems=0, elem type=char[])
OBJ 500012de (sz=96, trace=300697, class=java.util.jar.JarFile$JarFileEntry@50000c1a)
ARR 500012df (sz=240, trace=300698, nelems=0, elem type=char[])
ARR 500012e0 (sz=112, trace=300699, nelems=0, elem type=char[])
OBJ 500012e1 (sz=24, trace=300700, class=java.lang.String@50000181)
ARR 500012e2 (sz=112, trace=300701, nelems=0, elem type=char[])
OBJ 500012e3 (sz=64, trace=300702, class=java.net.URL@5000012c)
OBJ 500012e4 (sz=24, trace=300703, class=java.lang.String@50000181)
ARR 500012e5 (sz=24, trace=300704, nelems=0, elem type=char[])
OBJ 500012e6 (sz=24, trace=300705, class=java.lang.StringBuilder@50000134)
ARR 500012e7 (sz=48, trace=300706, nelems=0, elem type=char[])
ARR 500012e8 (sz=168, trace=300010, nelems=0, elem type=char[])
ARR 500012e9 (sz=312, trace=300010, nelems=0, elem type=char[])
OBJ 500012ea (sz=24, trace=300707, class=java.lang.String@50000181)
ARR 500012eb (sz=256, trace=300708, nelems=0, elem type=char[])
OBJ 500012ec (sz=24, trace=300709, class=java.lang.String@50000181)
ARR 500012ed (sz=160, trace=300710, nelems=0, elem type=char[])
OBJ 500012ee (sz=24, trace=300711, class=java.lang.String@50000181)
ARR 500012ef (sz=112, trace=300712, nelems=0, elem type=char[])
OBJ 500012f0 (sz=16, trace=300713, class=sun.net.www.ParseUtil@50000012)
OBJ 500012f1 (sz=24, trace=300714, class=java.lang.StringBuilder@50000134)
ARR 500012f2 (sz=48, trace=300715, nelems=0, elem type=char[])
ARR 500012f3 (sz=160, trace=300010, nelems=0, elem type=char[])
ARR 500012f4 (sz=312, trace=300010, nelems=0, elem type=char[])
OBJ 500012f5 (sz=24, trace=300716, class=java.lang.String@50000181)
ARR 500012f6 (sz=256, trace=300717, nelems=0, elem type=char[])
OBJ 500012f7 (sz=32, trace=300719, class=sun.misc.URLClassPath$JarLoader$2@50000c35)
OBJ 500012f8 (sz=24, trace=300720, class=java.lang.String@50000181)
	value		500012f9
ARR 500012f9 (sz=42, trace=300721, nelems=21, elem type=char[])
ARR 500012fa (sz=64, trace=300791, nelems=0, elem type=char[])
OBJ 500012fb (sz=24, trace=300792, class=java.lang.String@50000181)
ARR 500012fc (sz=64, trace=300793, nelems=0, elem type=char[])
OBJ 500012fd (sz=24, trace=300794, class=java.lang.String@50000181)
ARR 500012fe (sz=64, trace=300795, nelems=0, elem type=char[])
OBJ 500012ff (sz=24, trace=300796, class=java.lang.String@50000181)
ARR 50001300 (sz=64, trace=300797, nelems=0, elem type=char[])
OBJ 50001301 (sz=24, trace=300798, class=java.lang.String@50000181)
ARR 50001302 (sz=64, trace=300799, nelems=0, elem type=char[])
OBJ 50001303 (sz=24, trace=300792, class=java.lang.String@50000181)
ARR 50001304 (sz=64, trace=300793, nelems=0, elem type=char[])
OBJ 50001305 (sz=24, trace=300794, class=java.lang.String@50000181)
OBJ 50001306 (sz=56, trace=300800, class=java.lang.Package@50000c91)
	pkgName		500012f8
	loader		5000164c
OBJ 50001307 (sz=32, trace=300190, class=java.util.HashMap$Node@500000d7)
	key		500012f8
	value		50001306
ARR 50001308 (sz=112, trace=301011, nelems=0, elem type=char[])
ARR 50001309 (sz=160, trace=301012, nelems=0, elem type=byte[])
ARR 5000130a (sz=64, trace=301013, nelems=0, elem type=byte[])
OBJ 5000130b (sz=56, trace=301014, class=java.util.zip.ZipFile$ZipFileInputStream@50000c44)
	this$0		50000c01
OBJ 5000130c (sz=40, trace=300110, class=java.lang.ref.Finalizer@50000160)
	referent	5000130b
	queue		50001644
	next		5000108e
OBJ 5000130d (sz=40, trace=300727, class=java.util.WeakHashMap$Entry@5000003f)
ARR 5000130e (sz=16, trace=300949, nelems=0, elem type=byte[])
ARR 5000130f (sz=1040, trace=300950, nelems=0, elem type=byte[])
ARR 50001310 (sz=3088, trace=300950, nelems=0, elem type=byte[])
ARR 50001311 (sz=7184, trace=300950, nelems=0, elem type=byte[])
ARR 50001312 (sz=11200, trace=300950, nelems=0, elem type=byte[])
OBJ 50001313 (sz=32, trace=300951, class=java.security.CodeSource@50000127)
OBJ 50001314 (sz=24, trace=300999, class=java.lang.String@50000181)
	value		50001315
ARR 50001315 (sz=42, trace=301000, nelems=21, elem type=char[])
OBJ 50001316 (sz=32, trace=301002, class=java.util.concurrent.ConcurrentHashMap$Node@50000024)
	key		50001314
	val		500018ee
OBJ 50001317 (sz=24, trace=300291, class=java.lang.StringBuffer@50000135)
ARR 50001318 (sz=160, trace=300292, nelems=0, elem type=char[])
ARR 50001319 (sz=160, trace=300293, nelems=0, elem type=char[])
OBJ 5000131a (sz=24, trace=300294, class=java.lang.String@50000181)
OBJ 5000131b (sz=16, trace=301003, class=java.lang.Object@50000185)
OBJ 5000131c (sz=32, trace=300381, class=java.util.concurrent.ConcurrentHashMap$Node@50000024)
	key		5000190b
	val		5000131b
ARR 5000131e (sz=16, trace=300383, nelems=0, elem type=java.lang.Class[]@50000116)
OBJ 5000131f (sz=56, trace=300126, class=java.lang.Class$ReflectionData@500000c4)
OBJ 50001320 (sz=40, trace=300040, class=java.lang.ref.SoftReference@50000165)
OBJ 50001321 (sz=80, trace=300127, class=java.lang.reflect.Constructor@50000150)
OBJ 50001322 (sz=24, trace=300384, class=java.lang.Class$1@500000ae)
OBJ 50001323 (sz=24, trace=300129, class=sun.reflect.NativeConstructorAccessorImpl@500000ac)
OBJ 50001324 (sz=16, trace=300130, class=sun.reflect.DelegatingConstructorAccessorImpl@500000ab)
OBJ 50001325 (sz=48, trace=301318, class=sun.util.resources.zh.CurrencyNames_zh_CN@5000131d)
	parent		500012ba
	locale		50001d0a
	name		50001293
	cacheKey	50003253
	lookup		500013ff
OBJ 50001326 (sz=32, trace=300378, class=java.util.ResourceBundle$LoaderReference@50000758)
	referent	50000736
	queue		50000252
	cacheKey	50003253
OBJ 50001327 (sz=48, trace=300387, class=java.util.ResourceBundle$BundleReference@500007a7)
	referent	50001325
	queue		50000252
	cacheKey	50003253
OBJ 50001328 (sz=32, trace=300389, class=java.util.concurrent.ConcurrentHashMap$Node@50000024)
	key		50003253
	val		50001327
ARR 50001329 (sz=872, trace=301319, nelems=0, elem type=java.lang.Object[][]@50000815)
ARR 5000132a (sz=24, trace=301320, nelems=0, elem type=java.lang.Object[]@5000011b)
ARR 5000132b (sz=24, trace=301321, nelems=0, elem type=java.lang.Object[]@5000011b)
ARR 5000132c (sz=24, trace=301322, nelems=0, elem type=java.lang.Object[]@5000011b)
ARR 5000132d (sz=24, trace=301323, nelems=0, elem type=java.lang.Object[]@5000011b)
ARR 5000132e (sz=24, trace=301324, nelems=0, elem type=java.lang.Object[]@5000011b)
ARR 5000132f (sz=24, trace=301325, nelems=0, elem type=java.lang.Object[]@5000011b)
ARR 50001330 (sz=24, trace=301326, nelems=0, elem type=java.lang.Object[]@5000011b)
ARR 50001331 (sz=24, trace=301327, nelems=0, elem type=java.lang.Object[]@5000011b)
ARR 50001332 (sz=24, trace=301328, nelems=0, elem type=java.lang.Object[]@5000011b)
ARR 50001333 (sz=24, trace=301329, nelems=0, elem type=java.lang.Object[]@5000011b)
ARR 50001334 (sz=24, trace=301330, nelems=0, elem type=java.lang.Object[]@5000011b)
ARR 50001335 (sz=24, trace=301331, nelems=0, elem type=java.lang.Object[]@5000011b)
ARR 50001336 (sz=24, trace=301332, nelems=0, elem type=java.lang.Object[]@5000011b)
ARR 50001337 (sz=24, trace=301333, nelems=0, elem type=java.lang.Object[]@5000011b)
ARR 50001338 (sz=24, trace=301334, nelems=0, elem type=java.lang.Object[]@5000011b)
ARR 50001339 (sz=24, trace=301335, nelems=0, elem type=java.lang.Object[]@5000011b)
ARR 5000133a (sz=24, trace=301336, nelems=0, elem type=java.lang.Object[]@5000011b)
ARR 5000133b (sz=24, trace=301337, nelems=0, elem type=java.lang.Object[]@5000011b)
ARR 5000133c (sz=24, trace=301338, nelems=0, elem type=java.lang.Object[]@5000011b)
ARR 5000133d (sz=24, trace=301339, nelems=0, elem type=java.lang.Object[]@5000011b)
ARR 5000133e (sz=24, trace=301340, nelems=0, elem type=java.lang.Object[]@5000011b)
ARR 5000133f (sz=24, trace=301341, nelems=0, elem type=java.lang.Object[]@5000011b)
ARR 50001340 (sz=24, trace=301342, nelems=0, elem type=java.lang.Object[]@5000011b)
ARR 50001341 (sz=24, trace=301343, nelems=0, elem type=java.lang.Object[]@5000011b)
ARR 50001342 (sz=24, trace=301344, nelems=0, elem type=java.lang.Object[]@5000011b)
ARR 50001343 (sz=24, trace=301345, nelems=0, elem type=java.lang.Object[]@5000011b)
ARR 50001344 (sz=24, trace=301346, nelems=0, elem type=java.lang.Object[]@5000011b)
ARR 50001345 (sz=24, trace=301347, nelems=0, elem type=java.lang.Object[]@5000011b)
ARR 50001346 (sz=24, trace=301348, nelems=0, elem type=java.lang.Object[]@5000011b)
ARR 50001347 (sz=24, trace=301349, nelems=0, elem type=java.lang.Object[]@5000011b)
ARR 50001348 (sz=24, trace=301350, nelems=0, elem type=java.lang.Object[]@5000011b)
ARR 50001349 (sz=24, trace=301351, nelems=0, elem type=java.lang.Object[]@5000011b)
ARR 5000134a (sz=24, trace=301352, nelems=0, elem type=java.lang.Object[]@5000011b)
ARR 5000134b (sz=24, trace=301353, nelems=0, elem type=java.lang.Object[]@5000011b)
ARR 5000134c (sz=24, trace=301354, nelems=0, elem type=java.lang.Object[]@5000011b)
ARR 5000134d (sz=24, trace=301355, nelems=0, elem type=java.lang.Object[]@5000011b)
ARR 5000134e (sz=24, trace=301356, nelems=0, elem type=java.lang.Object[]@5000011b)
ARR 5000134f (sz=24, trace=301357, nelems=0, elem type=java.lang.Object[]@5000011b)
ARR 50001350 (sz=24, trace=301358, nelems=0, elem type=java.lang.Object[]@5000011b)
ARR 50001351 (sz=24, trace=301359, nelems=0, elem type=java.lang.Object[]@5000011b)
ARR 50001352 (sz=24, trace=301360, nelems=0, elem type=java.lang.Object[]@5000011b)
ARR 50001353 (sz=24, trace=301361, nelems=0, elem type=java.lang.Object[]@5000011b)
ARR 50001354 (sz=24, trace=301362, nelems=0, elem type=java.lang.Object[]@5000011b)
ARR 50001355 (sz=24, trace=301363, nelems=0, elem type=java.lang.Object[]@5000011b)
ARR 50001356 (sz=24, trace=301364, nelems=0, elem type=java.lang.Object[]@5000011b)
ARR 50001357 (sz=24, trace=301365, nelems=0, elem type=java.lang.Object[]@5000011b)
ARR 50001358 (sz=24, trace=301366, nelems=0, elem type=java.lang.Object[]@5000011b)
ARR 50001359 (sz=24, trace=301367, nelems=0, elem type=java.lang.Object[]@5000011b)
ARR 5000135a (sz=24, trace=301368, nelems=0, elem type=java.lang.Object[]@5000011b)
ARR 5000135b (sz=24, trace=301369, nelems=0, elem type=java.lang.Object[]@5000011b)
ARR 5000135c (sz=24, trace=301370, nelems=0, elem type=java.lang.Object[]@5000011b)
ARR 5000135d (sz=24, trace=301371, nelems=0, elem type=java.lang.Object[]@5000011b)
ARR 5000135e (sz=24, trace=301372, nelems=0, elem type=java.lang.Object[]@5000011b)
ARR 5000135f (sz=24, trace=301373, nelems=0, elem type=java.lang.Object[]@5000011b)
ARR 50001360 (sz=24, trace=301374, nelems=0, elem type=java.lang.Object[]@5000011b)
ARR 50001361 (sz=24, trace=301375, nelems=0, elem type=java.lang.Object[]@5000011b)
ARR 50001362 (sz=24, trace=301376, nelems=0, elem type=java.lang.Object[]@5000011b)
ARR 50001363 (sz=24, trace=301377, nelems=0, elem type=java.lang.Object[]@5000011b)
ARR 50001364 (sz=24, trace=301378, nelems=0, elem type=java.lang.Object[]@5000011b)
ARR 50001365 (sz=24, trace=301379, nelems=0, elem type=java.lang.Object[]@5000011b)
ARR 50001366 (sz=24, trace=301380, nelems=0, elem type=java.lang.Object[]@5000011b)
ARR 50001367 (sz=24, trace=301381, nelems=0, elem type=java.lang.Object[]@5000011b)
ARR 50001368 (sz=24, trace=301382, nelems=0, elem type=java.lang.Object[]@5000011b)
ARR 50001369 (sz=24, trace=301383, nelems=0, elem type=java.lang.Object[]@5000011b)
ARR 5000136a (sz=24, trace=301384, nelems=0, elem type=java.lang.Object[]@5000011b)
ARR 5000136b (sz=24, trace=301385, nelems=0, elem type=java.lang.Object[]@5000011b)
ARR 5000136c (sz=24, trace=301386, nelems=0, elem type=java.lang.Object[]@5000011b)
ARR 5000136d (sz=24, trace=301387, nelems=0, elem type=java.lang.Object[]@5000011b)
ARR 5000136e (sz=24, trace=301388, nelems=0, elem type=java.lang.Object[]@5000011b)
ARR 5000136f (sz=24, trace=301389, nelems=0, elem type=java.lang.Object[]@5000011b)
ARR 50001370 (sz=24, trace=301390, nelems=0, elem type=java.lang.Object[]@5000011b)
ARR 50001371 (sz=24, trace=301391, nelems=0, elem type=java.lang.Object[]@5000011b)
ARR 50001372 (sz=24, trace=301392, nelems=0, elem type=java.lang.Object[]@5000011b)
ARR 50001373 (sz=24, trace=301393, nelems=0, elem type=java.lang.Object[]@5000011b)
ARR 50001374 (sz=24, trace=301394, nelems=0, elem type=java.lang.Object[]@5000011b)
ARR 50001375 (sz=24, trace=301395, nelems=0, elem type=java.lang.Object[]@5000011b)
ARR 50001376 (sz=24, trace=301396, nelems=0, elem type=java.lang.Object[]@5000011b)
ARR 50001377 (sz=24, trace=301397, nelems=0, elem type=java.lang.Object[]@5000011b)
ARR 50001378 (sz=24, trace=301398, nelems=0, elem type=java.lang.Object[]@5000011b)
ARR 50001379 (sz=24, trace=301399, nelems=0, elem type=java.lang.Object[]@5000011b)
ARR 5000137a (sz=24, trace=301400, nelems=0, elem type=java.lang.Object[]@5000011b)
ARR 5000137b (sz=24, trace=301401, nelems=0, elem type=java.lang.Object[]@5000011b)
ARR 5000137c (sz=24, trace=301402, nelems=0, elem type=java.lang.Object[]@5000011b)
ARR 5000137d (sz=24, trace=301403, nelems=0, elem type=java.lang.Object[]@5000011b)
ARR 5000137e (sz=24, trace=301404, nelems=0, elem type=java.lang.Object[]@5000011b)
ARR 5000137f (sz=24, trace=301405, nelems=0, elem type=java.lang.Object[]@5000011b)
ARR 50001380 (sz=24, trace=301406, nelems=0, elem type=java.lang.Object[]@5000011b)
ARR 50001381 (sz=24, trace=301407, nelems=0, elem type=java.lang.Object[]@5000011b)
ARR 50001382 (sz=24, trace=301408, nelems=0, elem type=java.lang.Object[]@5000011b)
ARR 50001383 (sz=24, trace=301409, nelems=0, elem type=java.lang.Object[]@5000011b)
ARR 50001384 (sz=24, trace=301410, nelems=0, elem type=java.lang.Object[]@5000011b)
ARR 50001385 (sz=24, trace=301411, nelems=0, elem type=java.lang.Object[]@5000011b)
ARR 50001386 (sz=24, trace=301412, nelems=0, elem type=java.lang.Object[]@5000011b)
ARR 50001387 (sz=24, trace=301413, nelems=0, elem type=java.lang.Object[]@5000011b)
ARR 50001388 (sz=24, trace=301414, nelems=0, elem type=java.lang.Object[]@5000011b)
ARR 50001389 (sz=24, trace=301415, nelems=0, elem type=java.lang.Object[]@5000011b)
ARR 5000138a (sz=24, trace=301416, nelems=0, elem type=java.lang.Object[]@5000011b)
ARR 5000138b (sz=24, trace=301417, nelems=0, elem type=java.lang.Object[]@5000011b)
ARR 5000138c (sz=24, trace=301418, nelems=0, elem type=java.lang.Object[]@5000011b)
ARR 5000138d (sz=24, trace=301419, nelems=0, elem type=java.lang.Object[]@5000011b)
ARR 5000138e (sz=24, trace=301420, nelems=0, elem type=java.lang.Object[]@5000011b)
ARR 5000138f (sz=24, trace=301421, nelems=0, elem type=java.lang.Object[]@5000011b)
ARR 50001390 (sz=24, trace=301422, nelems=0, elem type=java.lang.Object[]@5000011b)
ARR 50001391 (sz=24, trace=301423, nelems=0, elem type=java.lang.Object[]@5000011b)
ARR 50001392 (sz=24, trace=301424, nelems=0, elem type=java.lang.Object[]@5000011b)
ARR 50001393 (sz=24, trace=301425, nelems=0, elem type=java.lang.Object[]@5000011b)
ARR 50001394 (sz=24, trace=301426, nelems=0, elem type=java.lang.Object[]@5000011b)
ARR 50001395 (sz=24, trace=301427, nelems=0, elem type=java.lang.Object[]@5000011b)
ARR 50001396 (sz=24, trace=301428, nelems=0, elem type=java.lang.Object[]@5000011b)
ARR 50001397 (sz=24, trace=301429, nelems=0, elem type=java.lang.Object[]@5000011b)
ARR 50001398 (sz=24, trace=301430, nelems=0, elem type=java.lang.Object[]@5000011b)
ARR 50001399 (sz=24, trace=301431, nelems=0, elem type=java.lang.Object[]@5000011b)
ARR 5000139a (sz=24, trace=301432, nelems=0, elem type=java.lang.Object[]@5000011b)
ARR 5000139b (sz=24, trace=301433, nelems=0, elem type=java.lang.Object[]@5000011b)
ARR 5000139c (sz=24, trace=301434, nelems=0, elem type=java.lang.Object[]@5000011b)
ARR 5000139d (sz=24, trace=301435, nelems=0, elem type=java.lang.Object[]@5000011b)
ARR 5000139e (sz=24, trace=301436, nelems=0, elem type=java.lang.Object[]@5000011b)
ARR 5000139f (sz=24, trace=301437, nelems=0, elem type=java.lang.Object[]@5000011b)
ARR 500013a0 (sz=24, trace=301438, nelems=0, elem type=java.lang.Object[]@5000011b)
ARR 500013a1 (sz=24, trace=301439, nelems=0, elem type=java.lang.Object[]@5000011b)
ARR 500013a2 (sz=24, trace=301440, nelems=0, elem type=java.lang.Object[]@5000011b)
ARR 500013a3 (sz=24, trace=301441, nelems=0, elem type=java.lang.Object[]@5000011b)
ARR 500013a4 (sz=24, trace=301442, nelems=0, elem type=java.lang.Object[]@5000011b)
ARR 500013a5 (sz=24, trace=301443, nelems=0, elem type=java.lang.Object[]@5000011b)
ARR 500013a6 (sz=24, trace=301444, nelems=0, elem type=java.lang.Object[]@5000011b)
ARR 500013a7 (sz=24, trace=301445, nelems=0, elem type=java.lang.Object[]@5000011b)
ARR 500013a8 (sz=24, trace=301446, nelems=0, elem type=java.lang.Object[]@5000011b)
ARR 500013a9 (sz=24, trace=301447, nelems=0, elem type=java.lang.Object[]@5000011b)
ARR 500013aa (sz=24, trace=301448, nelems=0, elem type=java.lang.Object[]@5000011b)
ARR 500013ab (sz=24, trace=301449, nelems=0, elem type=java.lang.Object[]@5000011b)
ARR 500013ac (sz=24, trace=301450, nelems=0, elem type=java.lang.Object[]@5000011b)
ARR 500013ad (sz=24, trace=301451, nelems=0, elem type=java.lang.Object[]@5000011b)
ARR 500013ae (sz=24, trace=301452, nelems=0, elem type=java.lang.Object[]@5000011b)
ARR 500013af (sz=24, trace=301453, nelems=0, elem type=java.lang.Object[]@5000011b)
ARR 500013b0 (sz=24, trace=301454, nelems=0, elem type=java.lang.Object[]@5000011b)
ARR 500013b1 (sz=24, trace=301455, nelems=0, elem type=java.lang.Object[]@5000011b)
ARR 500013b2 (sz=24, trace=301456, nelems=0, elem type=java.lang.Object[]@5000011b)
ARR 500013b3 (sz=24, trace=301457, nelems=0, elem type=java.lang.Object[]@5000011b)
ARR 500013b4 (sz=24, trace=301458, nelems=0, elem type=java.lang.Object[]@5000011b)
ARR 500013b5 (sz=24, trace=301459, nelems=0, elem type=java.lang.Object[]@5000011b)
ARR 500013b6 (sz=24, trace=301460, nelems=0, elem type=java.lang.Object[]@5000011b)
ARR 500013b7 (sz=24, trace=301461, nelems=0, elem type=java.lang.Object[]@5000011b)
ARR 500013b8 (sz=24, trace=301462, nelems=0, elem type=java.lang.Object[]@5000011b)
ARR 500013b9 (sz=24, trace=301463, nelems=0, elem type=java.lang.Object[]@5000011b)
ARR 500013ba (sz=24, trace=301464, nelems=0, elem type=java.lang.Object[]@5000011b)
ARR 500013bb (sz=24, trace=301465, nelems=0, elem type=java.lang.Object[]@5000011b)
ARR 500013bc (sz=24, trace=301466, nelems=0, elem type=java.lang.Object[]@5000011b)
ARR 500013bd (sz=24, trace=301467, nelems=0, elem type=java.lang.Object[]@5000011b)
ARR 500013be (sz=24, trace=301468, nelems=0, elem type=java.lang.Object[]@5000011b)
ARR 500013bf (sz=24, trace=301469, nelems=0, elem type=java.lang.Object[]@5000011b)
ARR 500013c0 (sz=24, trace=301470, nelems=0, elem type=java.lang.Object[]@5000011b)
ARR 500013c1 (sz=24, trace=301471, nelems=0, elem type=java.lang.Object[]@5000011b)
ARR 500013c2 (sz=24, trace=301472, nelems=0, elem type=java.lang.Object[]@5000011b)
ARR 500013c3 (sz=24, trace=301473, nelems=0, elem type=java.lang.Object[]@5000011b)
ARR 500013c4 (sz=24, trace=301474, nelems=0, elem type=java.lang.Object[]@5000011b)
ARR 500013c5 (sz=24, trace=301475, nelems=0, elem type=java.lang.Object[]@5000011b)
ARR 500013c6 (sz=24, trace=301476, nelems=0, elem type=java.lang.Object[]@5000011b)
ARR 500013c7 (sz=24, trace=301477, nelems=0, elem type=java.lang.Object[]@5000011b)
ARR 500013c8 (sz=24, trace=301478, nelems=0, elem type=java.lang.Object[]@5000011b)
ARR 500013c9 (sz=24, trace=301479, nelems=0, elem type=java.lang.Object[]@5000011b)
ARR 500013ca (sz=24, trace=301480, nelems=0, elem type=java.lang.Object[]@5000011b)
ARR 500013cb (sz=24, trace=301481, nelems=0, elem type=java.lang.Object[]@5000011b)
ARR 500013cc (sz=24, trace=301482, nelems=0, elem type=java.lang.Object[]@5000011b)
ARR 500013cd (sz=24, trace=301483, nelems=0, elem type=java.lang.Object[]@5000011b)
ARR 500013ce (sz=24, trace=301484, nelems=0, elem type=java.lang.Object[]@5000011b)
ARR 500013cf (sz=24, trace=301485, nelems=0, elem type=java.lang.Object[]@5000011b)
ARR 500013d0 (sz=24, trace=301486, nelems=0, elem type=java.lang.Object[]@5000011b)
ARR 500013d1 (sz=24, trace=301487, nelems=0, elem type=java.lang.Object[]@5000011b)
ARR 500013d2 (sz=24, trace=301488, nelems=0, elem type=java.lang.Object[]@5000011b)
ARR 500013d3 (sz=24, trace=301489, nelems=0, elem type=java.lang.Object[]@5000011b)
ARR 500013d4 (sz=24, trace=301490, nelems=0, elem type=java.lang.Object[]@5000011b)
ARR 500013d5 (sz=24, trace=301491, nelems=0, elem type=java.lang.Object[]@5000011b)
ARR 500013d6 (sz=24, trace=301492, nelems=0, elem type=java.lang.Object[]@5000011b)
ARR 500013d7 (sz=24, trace=301493, nelems=0, elem type=java.lang.Object[]@5000011b)
ARR 500013d8 (sz=24, trace=301494, nelems=0, elem type=java.lang.Object[]@5000011b)
ARR 500013d9 (sz=24, trace=301495, nelems=0, elem type=java.lang.Object[]@5000011b)
ARR 500013da (sz=24, trace=301496, nelems=0, elem type=java.lang.Object[]@5000011b)
ARR 500013db (sz=24, trace=301497, nelems=0, elem type=java.lang.Object[]@5000011b)
ARR 500013dc (sz=24, trace=301498, nelems=0, elem type=java.lang.Object[]@5000011b)
ARR 500013dd (sz=24, trace=301499, nelems=0, elem type=java.lang.Object[]@5000011b)
ARR 500013de (sz=24, trace=301500, nelems=0, elem type=java.lang.Object[]@5000011b)
ARR 500013df (sz=24, trace=301501, nelems=0, elem type=java.lang.Object[]@5000011b)
ARR 500013e0 (sz=24, trace=301502, nelems=0, elem type=java.lang.Object[]@5000011b)
ARR 500013e1 (sz=24, trace=301503, nelems=0, elem type=java.lang.Object[]@5000011b)
ARR 500013e2 (sz=24, trace=301504, nelems=0, elem type=java.lang.Object[]@5000011b)
ARR 500013e3 (sz=24, trace=301505, nelems=0, elem type=java.lang.Object[]@5000011b)
ARR 500013e4 (sz=24, trace=301506, nelems=0, elem type=java.lang.Object[]@5000011b)
ARR 500013e5 (sz=24, trace=301507, nelems=0, elem type=java.lang.Object[]@5000011b)
ARR 500013e6 (sz=24, trace=301508, nelems=0, elem type=java.lang.Object[]@5000011b)
ARR 500013e7 (sz=24, trace=301509, nelems=0, elem type=java.lang.Object[]@5000011b)
ARR 500013e8 (sz=24, trace=301510, nelems=0, elem type=java.lang.Object[]@5000011b)
ARR 500013e9 (sz=24, trace=301511, nelems=0, elem type=java.lang.Object[]@5000011b)
ARR 500013ea (sz=24, trace=301512, nelems=0, elem type=java.lang.Object[]@5000011b)
ARR 500013eb (sz=24, trace=301513, nelems=0, elem type=java.lang.Object[]@5000011b)
ARR 500013ec (sz=24, trace=301514, nelems=0, elem type=java.lang.Object[]@5000011b)
ARR 500013ed (sz=24, trace=301515, nelems=0, elem type=java.lang.Object[]@5000011b)
ARR 500013ee (sz=24, trace=301516, nelems=0, elem type=java.lang.Object[]@5000011b)
ARR 500013ef (sz=24, trace=301517, nelems=0, elem type=java.lang.Object[]@5000011b)
ARR 500013f0 (sz=24, trace=301518, nelems=0, elem type=java.lang.Object[]@5000011b)
ARR 500013f1 (sz=24, trace=301519, nelems=0, elem type=java.lang.Object[]@5000011b)
ARR 500013f2 (sz=24, trace=301520, nelems=0, elem type=java.lang.Object[]@5000011b)
ARR 500013f3 (sz=24, trace=301521, nelems=0, elem type=java.lang.Object[]@5000011b)
ARR 500013f4 (sz=24, trace=301522, nelems=0, elem type=java.lang.Object[]@5000011b)
ARR 500013f5 (sz=24, trace=301523, nelems=0, elem type=java.lang.Object[]@5000011b)
ARR 500013f6 (sz=24, trace=301524, nelems=0, elem type=java.lang.Object[]@5000011b)
ARR 500013f7 (sz=24, trace=301525, nelems=0, elem type=java.lang.Object[]@5000011b)
ARR 500013f8 (sz=24, trace=301526, nelems=0, elem type=java.lang.Object[]@5000011b)
ARR 500013f9 (sz=24, trace=301527, nelems=0, elem type=java.lang.Object[]@5000011b)
ARR 500013fa (sz=24, trace=301528, nelems=0, elem type=java.lang.Object[]@5000011b)
ARR 500013fb (sz=24, trace=301529, nelems=0, elem type=java.lang.Object[]@5000011b)
ARR 500013fc (sz=24, trace=301530, nelems=0, elem type=java.lang.Object[]@5000011b)
ARR 500013fd (sz=24, trace=301531, nelems=0, elem type=java.lang.Object[]@5000011b)
ARR 500013fe (sz=24, trace=301532, nelems=0, elem type=java.lang.Object[]@5000011b)
OBJ 500013ff (sz=48, trace=301533, class=java.util.HashMap@500000d9)
	keySet		500014d8
	table		500014c2
ARR 50001400 (sz=1040, trace=301534, nelems=0, elem type=java.util.HashMap$Node[]@500000d5)
OBJ 50001401 (sz=32, trace=300190, class=java.util.HashMap$Node@500000d7)
	key		50001a47
	value		50001b42
	next		50001441
OBJ 50001402 (sz=32, trace=300190, class=java.util.HashMap$Node@500000d7)
	key		50001a48
	value		50001af4
	next		500014b2
OBJ 50001403 (sz=32, trace=300190, class=java.util.HashMap$Node@500000d7)
	key		50001a49
	value		50001b37
OBJ 50001404 (sz=32, trace=300190, class=java.util.HashMap$Node@500000d7)
	key		50001a4a
	value		50001b33
OBJ 50001405 (sz=32, trace=300190, class=java.util.HashMap$Node@500000d7)
	key		50001a4b
	value		50001b32
OBJ 50001406 (sz=32, trace=300190, class=java.util.HashMap$Node@500000d7)
	key		50001a4c
	value		50001b35
OBJ 50001407 (sz=32, trace=300190, class=java.util.HashMap$Node@500000d7)
	key		50001a4d
	value		50001ac8
OBJ 50001408 (sz=32, trace=300190, class=java.util.HashMap$Node@500000d7)
	key		50001a4e
	value		50001b2b
OBJ 50001409 (sz=32, trace=300190, class=java.util.HashMap$Node@500000d7)
	key		50001a4f
	value		50001af3
	next		5000145a
OBJ 5000140a (sz=32, trace=300190, class=java.util.HashMap$Node@500000d7)
	key		50001a50
	value		50001b36
	next		5000148f
OBJ 5000140b (sz=32, trace=300190, class=java.util.HashMap$Node@500000d7)
	key		50001a51
	value		50001af1
	next		50001432
OBJ 5000140c (sz=32, trace=300190, class=java.util.HashMap$Node@500000d7)
	key		50001a52
	value		50001b15
OBJ 5000140d (sz=32, trace=300190, class=java.util.HashMap$Node@500000d7)
	key		50001a53
	value		50001b38
OBJ 5000140e (sz=32, trace=300190, class=java.util.HashMap$Node@500000d7)
	key		50001a54
	value		50001b31
	next		50001489
OBJ 5000140f (sz=32, trace=300190, class=java.util.HashMap$Node@500000d7)
	key		50001a55
	value		50001b30
	next		500014ac
OBJ 50001410 (sz=32, trace=300190, class=java.util.HashMap$Node@500000d7)
	key		50001a56
	value		50001b11
	next		50001437
OBJ 50001411 (sz=32, trace=300190, class=java.util.HashMap$Node@500000d7)
	key		50001a57
	value		50001af6
OBJ 50001412 (sz=32, trace=300190, class=java.util.HashMap$Node@500000d7)
	key		50001a58
	value		50001af2
OBJ 50001413 (sz=32, trace=300190, class=java.util.HashMap$Node@500000d7)
	key		50001a59
	value		50001b0d
OBJ 50001414 (sz=32, trace=300190, class=java.util.HashMap$Node@500000d7)
	key		50001a5a
	value		50001ad0
	next		500014d5
OBJ 50001415 (sz=32, trace=300190, class=java.util.HashMap$Node@500000d7)
	key		50001a5b
	value		50001acf
OBJ 50001416 (sz=32, trace=300190, class=java.util.HashMap$Node@500000d7)
	key		50001a5c
	value		50001af7
	next		5000149d
OBJ 50001417 (sz=32, trace=300190, class=java.util.HashMap$Node@500000d7)
	key		50001a5d
	value		50001af9
OBJ 50001418 (sz=32, trace=300190, class=java.util.HashMap$Node@500000d7)
	key		50001a5e
	value		50001b1f
OBJ 50001419 (sz=32, trace=300190, class=java.util.HashMap$Node@500000d7)
	key		50001a5f
	value		50001b02
	next		500014d4
OBJ 5000141a (sz=32, trace=300190, class=java.util.HashMap$Node@500000d7)
	key		50001a60
	value		50001b1b
	next		5000146e
OBJ 5000141b (sz=32, trace=300229, class=java.util.HashMap$Node@500000d7)
	key		50001a61
	value		50001b1a
OBJ 5000141c (sz=32, trace=300190, class=java.util.HashMap$Node@500000d7)
	key		50001a62
	value		50001af8
OBJ 5000141d (sz=32, trace=300190, class=java.util.HashMap$Node@500000d7)
	key		50001a63
	value		50001af5
	next		50001499
OBJ 5000141e (sz=32, trace=300190, class=java.util.HashMap$Node@500000d7)
	key		50001a64
	value		50001ac5
OBJ 5000141f (sz=32, trace=300190, class=java.util.HashMap$Node@500000d7)
	key		50001a65
	value		50001add
	next		5000149c
OBJ 50001420 (sz=32, trace=300190, class=java.util.HashMap$Node@500000d7)
	key		50001a66
	value		50001b1e
OBJ 50001421 (sz=32, trace=300190, class=java.util.HashMap$Node@500000d7)
	key		50001a67
	value		50001b1d
OBJ 50001422 (sz=32, trace=300190, class=java.util.HashMap$Node@500000d7)
	key		50001a68
	value		50001acd
OBJ 50001423 (sz=32, trace=300190, class=java.util.HashMap$Node@500000d7)
	key		50001a69
	value		50001ad9
OBJ 50001424 (sz=32, trace=300190, class=java.util.HashMap$Node@500000d7)
	key		50001a6a
	value		50001ad6
OBJ 50001425 (sz=32, trace=300229, class=java.util.HashMap$Node@500000d7)
	key		50001a6b
	value		50001b1c
	next		5000144d
OBJ 50001426 (sz=32, trace=300190, class=java.util.HashMap$Node@500000d7)
	key		50001a6c
	value		50001b08
OBJ 50001427 (sz=32, trace=300190, class=java.util.HashMap$Node@500000d7)
	key		50001a6d
	value		50001b09
OBJ 50001428 (sz=32, trace=300190, class=java.util.HashMap$Node@500000d7)
	key		50001a6e
	value		50001ac9
OBJ 50001429 (sz=32, trace=300190, class=java.util.HashMap$Node@500000d7)
	key		50001a6f
	value		50001ae8
OBJ 5000142a (sz=32, trace=300190, class=java.util.HashMap$Node@500000d7)
	key		50001a70
	value		50001ae9
OBJ 5000142b (sz=32, trace=300190, class=java.util.HashMap$Node@500000d7)
	key		50001a71
	value		50001b06
OBJ 5000142c (sz=32, trace=300190, class=java.util.HashMap$Node@500000d7)
	key		50001a72
	value		50001ae3
OBJ 5000142d (sz=32, trace=300190, class=java.util.HashMap$Node@500000d7)
	key		50001a73
	value		50001ae4
	next		50001445
OBJ 5000142e (sz=32, trace=300190, class=java.util.HashMap$Node@500000d7)
	key		50001a74
	value		50001ace
OBJ 5000142f (sz=32, trace=300190, class=java.util.HashMap$Node@500000d7)
	key		50001a75
	value		50001aed
	next		500014c6
OBJ 50001430 (sz=32, trace=300229, class=java.util.HashMap$Node@500000d7)
	key		50001a76
	value		50001aff
	next		50001451
OBJ 50001431 (sz=32, trace=300229, class=java.util.HashMap$Node@500000d7)
	key		50001a77
	value		50001afc
	next		50001470
OBJ 50001432 (sz=32, trace=300229, class=java.util.HashMap$Node@500000d7)
	key		50001a78
	value		50001ae6
OBJ 50001433 (sz=32, trace=300190, class=java.util.HashMap$Node@500000d7)
	key		50001a79
	value		50001ac6
OBJ 50001434 (sz=32, trace=300190, class=java.util.HashMap$Node@500000d7)
	key		50001a7a
	value		50001af0
OBJ 50001435 (sz=32, trace=300190, class=java.util.HashMap$Node@500000d7)
	key		50001a7b
	value		50001b34
OBJ 50001436 (sz=32, trace=300190, class=java.util.HashMap$Node@500000d7)
	key		50001a7c
	value		50001b18
OBJ 50001437 (sz=32, trace=300229, class=java.util.HashMap$Node@500000d7)
	key		50001a7d
	value		50001aeb
OBJ 50001438 (sz=32, trace=300190, class=java.util.HashMap$Node@500000d7)
	key		50001a7e
	value		50001ae2
OBJ 50001439 (sz=32, trace=300190, class=java.util.HashMap$Node@500000d7)
	key		50001a7f
	value		50001b2f
OBJ 5000143a (sz=32, trace=300190, class=java.util.HashMap$Node@500000d7)
	key		50001a80
	value		50001aec
	next		500014ba
OBJ 5000143b (sz=32, trace=300190, class=java.util.HashMap$Node@500000d7)
	key		50001a81
	value		50001b0c
OBJ 5000143c (sz=32, trace=300190, class=java.util.HashMap$Node@500000d7)
	key		50001a82
	value		50001b29
OBJ 5000143d (sz=32, trace=300190, class=java.util.HashMap$Node@500000d7)
	key		50001a83
	value		50001b03
OBJ 5000143e (sz=32, trace=300190, class=java.util.HashMap$Node@500000d7)
	key		50001a84
	value		50001b21
OBJ 5000143f (sz=32, trace=300190, class=java.util.HashMap$Node@500000d7)
	key		50001a85
	value		50001b10
OBJ 50001440 (sz=32, trace=300190, class=java.util.HashMap$Node@500000d7)
	key		50001a86
	value		50001b2a
OBJ 50001441 (sz=32, trace=300229, class=java.util.HashMap$Node@500000d7)
	key		50001a87
	value		50001ac7
OBJ 50001442 (sz=32, trace=300190, class=java.util.HashMap$Node@500000d7)
	key		50001a88
	value		50001adb
OBJ 50001443 (sz=32, trace=300190, class=java.util.HashMap$Node@500000d7)
	key		50001a89
	value		50001ada
	next		5000144a
OBJ 50001444 (sz=32, trace=300190, class=java.util.HashMap$Node@500000d7)
	key		50001a8a
	value		50001b20
OBJ 50001445 (sz=32, trace=300229, class=java.util.HashMap$Node@500000d7)
	key		50001a8b
	value		50001ad2
OBJ 50001446 (sz=32, trace=300190, class=java.util.HashMap$Node@500000d7)
	key		50001a8c
	value		50001ad5
OBJ 50001447 (sz=32, trace=300190, class=java.util.HashMap$Node@500000d7)
	key		50001a8d
	value		50001afa
	next		500014c7
OBJ 50001448 (sz=32, trace=300229, class=java.util.HashMap$Node@500000d7)
	key		50001a8e
	value		50001ae1
OBJ 50001449 (sz=32, trace=300190, class=java.util.HashMap$Node@500000d7)
	key		50001a8f
	value		50001ad4
OBJ 5000144a (sz=32, trace=300229, class=java.util.HashMap$Node@500000d7)
	key		50001a90
	value		50001aea
	next		5000145f
OBJ 5000144b (sz=32, trace=300190, class=java.util.HashMap$Node@500000d7)
	key		50001a91
	value		50001b14
OBJ 5000144c (sz=32, trace=300190, class=java.util.HashMap$Node@500000d7)
	key		50001a92
	value		50001b12
	next		500014b4
OBJ 5000144d (sz=32, trace=300229, class=java.util.HashMap$Node@500000d7)
	key		50001a93
	value		50001ad1
	next		50001457
OBJ 5000144e (sz=32, trace=300190, class=java.util.HashMap$Node@500000d7)
	key		50001a94
	value		50001b13
OBJ 5000144f (sz=32, trace=300190, class=java.util.HashMap$Node@500000d7)
	key		50001a95
	value		50001adc
OBJ 50001450 (sz=32, trace=300190, class=java.util.HashMap$Node@500000d7)
	key		50001a96
	value		50001ae0
	next		500014c3
OBJ 50001451 (sz=32, trace=300229, class=java.util.HashMap$Node@500000d7)
	key		50001a97
	value		50001b17
OBJ 50001452 (sz=32, trace=300229, class=java.util.HashMap$Node@500000d7)
	key		50001a98
	value		50001aca
OBJ 50001453 (sz=32, trace=300190, class=java.util.HashMap$Node@500000d7)
	key		50001a99
	value		50001adf
OBJ 50001454 (sz=32, trace=300190, class=java.util.HashMap$Node@500000d7)
	key		50001a9a
	value		50001acb
OBJ 50001455 (sz=32, trace=300190, class=java.util.HashMap$Node@500000d7)
	key		50001a9b
	value		50001acc
	next		50001482
OBJ 50001456 (sz=32, trace=300190, class=java.util.HashMap$Node@500000d7)
	key		50001a9c
	value		50001ad3
OBJ 50001457 (sz=32, trace=300229, class=java.util.HashMap$Node@500000d7)
	key		50001a9d
	value		50001afd
OBJ 50001458 (sz=32, trace=300229, class=java.util.HashMap$Node@500000d7)
	key		50001a9e
	value		50001b19
OBJ 50001459 (sz=32, trace=300190, class=java.util.HashMap$Node@500000d7)
	key		50001a9f
	value		50001b25
OBJ 5000145a (sz=32, trace=300229, class=java.util.HashMap$Node@500000d7)
	key		50001aa0
	value		50001b05
OBJ 5000145b (sz=32, trace=300190, class=java.util.HashMap$Node@500000d7)
	key		50001aa1
	value		50001b28
	next		5000149a
OBJ 5000145c (sz=32, trace=300190, class=java.util.HashMap$Node@500000d7)
	key		50001aa2
	value		50001ae5
OBJ 5000145d (sz=32, trace=300229, class=java.util.HashMap$Node@500000d7)
	key		50001aa3
	value		50001b0b
OBJ 5000145e (sz=32, trace=300190, class=java.util.HashMap$Node@500000d7)
	key		50001aa4
	value		50001b23
OBJ 5000145f (sz=32, trace=300229, class=java.util.HashMap$Node@500000d7)
	key		50001aa5
	value		50001b0a
OBJ 50001460 (sz=32, trace=300190, class=java.util.HashMap$Node@500000d7)
	key		50001aa6
	value		50001b39
OBJ 50001461 (sz=32, trace=300190, class=java.util.HashMap$Node@500000d7)
	key		50001aa7
	value		50001b22
OBJ 50001462 (sz=32, trace=300190, class=java.util.HashMap$Node@500000d7)
	key		50001aa8
	value		50001afb
OBJ 50001463 (sz=32, trace=300190, class=java.util.HashMap$Node@500000d7)
	key		50001aa9
	value		50001ae7
	next		500014a6
OBJ 50001464 (sz=32, trace=300190, class=java.util.HashMap$Node@500000d7)
	key		50001aaa
	value		50001b27
OBJ 50001465 (sz=32, trace=300229, class=java.util.HashMap$Node@500000d7)
	key		50001aab
	value		50001b41
OBJ 50001466 (sz=32, trace=300190, class=java.util.HashMap$Node@500000d7)
	key		50001aac
	value		50001b04
OBJ 50001467 (sz=32, trace=300190, class=java.util.HashMap$Node@500000d7)
	key		50001aad
	value		50001ad7
OBJ 50001468 (sz=32, trace=300190, class=java.util.HashMap$Node@500000d7)
	key		50001aae
	value		50001b2d
OBJ 50001469 (sz=32, trace=300190, class=java.util.HashMap$Node@500000d7)
	key		50001aaf
	value		50001b24
	next		50001496
OBJ 5000146a (sz=32, trace=300190, class=java.util.HashMap$Node@500000d7)
	key		50001ab0
	value		50001ade
OBJ 5000146b (sz=32, trace=300190, class=java.util.HashMap$Node@500000d7)
	key		50001ab1
	value		50001afe
	next		50001498
OBJ 5000146c (sz=32, trace=300190, class=java.util.HashMap$Node@500000d7)
	key		50001ab2
	value		50001ad8
OBJ 5000146d (sz=32, trace=300190, class=java.util.HashMap$Node@500000d7)
	key		50001ab3
	value		50001b01
OBJ 5000146e (sz=32, trace=300229, class=java.util.HashMap$Node@500000d7)
	key		50001ab4
	value		50001b00
OBJ 5000146f (sz=32, trace=300190, class=java.util.HashMap$Node@500000d7)
	key		50001ab5
	value		50001b40
OBJ 50001470 (sz=32, trace=300229, class=java.util.HashMap$Node@500000d7)
	key		50001ab6
	value		50001b3f
OBJ 50001471 (sz=32, trace=300190, class=java.util.HashMap$Node@500000d7)
	key		50001ab7
	value		50001b3a
OBJ 50001472 (sz=32, trace=300229, class=java.util.HashMap$Node@500000d7)
	key		50001ab8
	value		50001b26
OBJ 50001473 (sz=32, trace=300229, class=java.util.HashMap$Node@500000d7)
	key		50001ab9
	value		50001b2e
OBJ 50001474 (sz=32, trace=300229, class=java.util.HashMap$Node@500000d7)
	key		50001aba
	value		50001b16
OBJ 50001475 (sz=32, trace=300190, class=java.util.HashMap$Node@500000d7)
	key		50001abb
	value		50001b0e
OBJ 50001476 (sz=32, trace=300190, class=java.util.HashMap$Node@500000d7)
	key		50001abc
	value		50001b3e
OBJ 50001477 (sz=32, trace=300190, class=java.util.HashMap$Node@500000d7)
	key		50001abd
	value		50001b0f
OBJ 50001478 (sz=32, trace=300229, class=java.util.HashMap$Node@500000d7)
	key		50001abe
	value		50001b3b
OBJ 50001479 (sz=32, trace=300190, class=java.util.HashMap$Node@500000d7)
	key		50001abf
	value		50001b3c
OBJ 5000147a (sz=32, trace=300190, class=java.util.HashMap$Node@500000d7)
	key		50001ac0
	value		50001aef
	next		500014a3
OBJ 5000147b (sz=32, trace=300190, class=java.util.HashMap$Node@500000d7)
	key		50001ac1
	value		50001aee
	next		500014d3
OBJ 5000147c (sz=32, trace=300190, class=java.util.HashMap$Node@500000d7)
	key		50001ac2
	value		50001b3d
OBJ 5000147d (sz=32, trace=300190, class=java.util.HashMap$Node@500000d7)
	key		50001ac3
	value		50001b07
	next		500014a4
OBJ 5000147e (sz=32, trace=300229, class=java.util.HashMap$Node@500000d7)
	key		50001ac4
	value		50001b2c
OBJ 5000147f (sz=32, trace=300190, class=java.util.HashMap$Node@500000d7)
	key		50001b43
	value		50001bdb
OBJ 50001480 (sz=32, trace=300190, class=java.util.HashMap$Node@500000d7)
	key		50001b44
	value		50001bb7
OBJ 50001481 (sz=32, trace=300190, class=java.util.HashMap$Node@500000d7)
	key		50001b45
	value		50001bb6
OBJ 50001482 (sz=32, trace=300229, class=java.util.HashMap$Node@500000d7)
	key		50001b46
	value		50001be3
OBJ 50001483 (sz=32, trace=300229, class=java.util.HashMap$Node@500000d7)
	key		50001b47
	value		50001bbf
	next		500014a5
OBJ 50001484 (sz=32, trace=300229, class=java.util.HashMap$Node@500000d7)
	key		50001b48
	value		50001bb8
OBJ 50001485 (sz=32, trace=300190, class=java.util.HashMap$Node@500000d7)
	key		50001b49
	value		50001bc6
OBJ 50001486 (sz=32, trace=300229, class=java.util.HashMap$Node@500000d7)
	key		50001b4a
	value		50001bee
OBJ 50001487 (sz=32, trace=300190, class=java.util.HashMap$Node@500000d7)
	key		50001b4b
	value		50001bbc
OBJ 50001488 (sz=32, trace=300190, class=java.util.HashMap$Node@500000d7)
	key		50001b4c
	value		50001bd8
OBJ 50001489 (sz=32, trace=300229, class=java.util.HashMap$Node@500000d7)
	key		50001b4d
	value		50001bba
OBJ 5000148a (sz=32, trace=300229, class=java.util.HashMap$Node@500000d7)
	key		50001b4e
	value		50001be4
	next		500014d0
OBJ 5000148b (sz=32, trace=300190, class=java.util.HashMap$Node@500000d7)
	key		50001b4f
	value		50001bb9
OBJ 5000148c (sz=32, trace=300190, class=java.util.HashMap$Node@500000d7)
	key		50001b50
	value		50001bd0
OBJ 5000148d (sz=32, trace=300190, class=java.util.HashMap$Node@500000d7)
	key		50001b51
	value		50001be6
OBJ 5000148e (sz=32, trace=300190, class=java.util.HashMap$Node@500000d7)
	key		50001b52
	value		50001bbb
OBJ 5000148f (sz=32, trace=300229, class=java.util.HashMap$Node@500000d7)
	key		50001b53
	value		50001ba6
OBJ 50001490 (sz=32, trace=300190, class=java.util.HashMap$Node@500000d7)
	key		50001b54
	value		50001bc7
OBJ 50001491 (sz=32, trace=300190, class=java.util.HashMap$Node@500000d7)
	key		50001b55
	value		50001bdc
OBJ 50001492 (sz=32, trace=300190, class=java.util.HashMap$Node@500000d7)
	key		50001b56
	value		50001bb0
OBJ 50001493 (sz=32, trace=300190, class=java.util.HashMap$Node@500000d7)
	key		50001b57
	value		50001ba2
OBJ 50001494 (sz=32, trace=300190, class=java.util.HashMap$Node@500000d7)
	key		50001b58
	value		50001ba3
OBJ 50001495 (sz=32, trace=300229, class=java.util.HashMap$Node@500000d7)
	key		50001b59
	value		50001ba7
OBJ 50001496 (sz=32, trace=300229, class=java.util.HashMap$Node@500000d7)
	key		50001b5a
	value		50001bcd
	next		500014b0
OBJ 50001497 (sz=32, trace=300229, class=java.util.HashMap$Node@500000d7)
	key		50001b5b
	value		50001bbe
OBJ 50001498 (sz=32, trace=300229, class=java.util.HashMap$Node@500000d7)
	key		50001b5c
	value		50001bb2
OBJ 50001499 (sz=32, trace=300229, class=java.util.HashMap$Node@500000d7)
	key		50001b5d
	value		50001be0
OBJ 5000149a (sz=32, trace=300229, class=java.util.HashMap$Node@500000d7)
	key		50001b5e
	value		50001bd6
OBJ 5000149b (sz=32, trace=300190, class=java.util.HashMap$Node@500000d7)
	key		50001b5f
	value		50001bc3
OBJ 5000149c (sz=32, trace=300229, class=java.util.HashMap$Node@500000d7)
	key		50001b60
	value		50001bad
OBJ 5000149d (sz=32, trace=300229, class=java.util.HashMap$Node@500000d7)
	key		50001b61
	value		50001bc2
OBJ 5000149e (sz=32, trace=300190, class=java.util.HashMap$Node@500000d7)
	key		50001b62
	value		50001bc1
OBJ 5000149f (sz=32, trace=300229, class=java.util.HashMap$Node@500000d7)
	key		50001b63
	value		50001bb1
OBJ 500014a0 (sz=32, trace=300229, class=java.util.HashMap$Node@500000d7)
	key		50001b64
	value		50001bda
	next		500014bb
OBJ 500014a1 (sz=32, trace=300229, class=java.util.HashMap$Node@500000d7)
	key		50001b65
	value		50001be1
OBJ 500014a2 (sz=32, trace=300190, class=java.util.HashMap$Node@500000d7)
	key		50001b66
	value		50001be2
OBJ 500014a3 (sz=32, trace=300229, class=java.util.HashMap$Node@500000d7)
	key		50001b67
	value		50001bac
OBJ 500014a4 (sz=32, trace=300229, class=java.util.HashMap$Node@500000d7)
	key		50001b68
	value		50001be5
OBJ 500014a5 (sz=32, trace=300229, class=java.util.HashMap$Node@500000d7)
	key		50001b69
	value		50001ba8
OBJ 500014a6 (sz=32, trace=300229, class=java.util.HashMap$Node@500000d7)
	key		50001b6a
	value		50001bc0
OBJ 500014a7 (sz=32, trace=300229, class=java.util.HashMap$Node@500000d7)
	key		50001b6b
	value		50001bd1
	next		500014b9
OBJ 500014a8 (sz=32, trace=300190, class=java.util.HashMap$Node@500000d7)
	key		50001b6c
	value		50001baf
OBJ 500014a9 (sz=32, trace=300229, class=java.util.HashMap$Node@500000d7)
	key		50001b6d
	value		50001baa
OBJ 500014aa (sz=32, trace=300190, class=java.util.HashMap$Node@500000d7)
	key		50001b6e
	value		50001ba9
OBJ 500014ab (sz=32, trace=300190, class=java.util.HashMap$Node@500000d7)
	key		50001b6f
	value		50001bd9
OBJ 500014ac (sz=32, trace=300229, class=java.util.HashMap$Node@500000d7)
	key		50001b70
	value		50001bcc
OBJ 500014ad (sz=32, trace=300229, class=java.util.HashMap$Node@500000d7)
	key		50001b71
	value		50001bbd
OBJ 500014ae (sz=32, trace=300190, class=java.util.HashMap$Node@500000d7)
	key		50001b72
	value		50001bab
OBJ 500014af (sz=32, trace=300229, class=java.util.HashMap$Node@500000d7)
	key		50001b73
	value		50001bc5
OBJ 500014b0 (sz=32, trace=300229, class=java.util.HashMap$Node@500000d7)
	key		50001b74
	value		50001bd5
OBJ 500014b1 (sz=32, trace=300190, class=java.util.HashMap$Node@500000d7)
	key		50001b75
	value		50001bc4
OBJ 500014b2 (sz=32, trace=300229, class=java.util.HashMap$Node@500000d7)
	key		50001b76
	value		50001bae
OBJ 500014b3 (sz=32, trace=300229, class=java.util.HashMap$Node@500000d7)
	key		50001b77
	value		50001b9d
OBJ 500014b4 (sz=32, trace=300229, class=java.util.HashMap$Node@500000d7)
	key		50001b78
	value		50001b9f
OBJ 500014b5 (sz=32, trace=300229, class=java.util.HashMap$Node@500000d7)
	key		50001b79
	value		50001bdd
OBJ 500014b6 (sz=32, trace=300229, class=java.util.HashMap$Node@500000d7)
	key		50001b7a
	value		50001bdf
OBJ 500014b7 (sz=32, trace=300190, class=java.util.HashMap$Node@500000d7)
	key		50001b7b
	value		50001bde
OBJ 500014b8 (sz=32, trace=300190, class=java.util.HashMap$Node@500000d7)
	key		50001b7c
	value		50001ba0
OBJ 500014b9 (sz=32, trace=300229, class=java.util.HashMap$Node@500000d7)
	key		50001b7d
	value		50001b9e
	next		500014cd
OBJ 500014ba (sz=32, trace=300229, class=java.util.HashMap$Node@500000d7)
	key		50001b7e
	value		50001bb4
OBJ 500014bb (sz=32, trace=300229, class=java.util.HashMap$Node@500000d7)
	key		50001b7f
	value		50001bb5
	next		500014bd
OBJ 500014bc (sz=32, trace=300190, class=java.util.HashMap$Node@500000d7)
	key		50001b80
	value		50001bea
	next		500014c1
OBJ 500014bd (sz=32, trace=300229, class=java.util.HashMap$Node@500000d7)
	key		50001b81
	value		50001bd7
OBJ 500014be (sz=32, trace=300229, class=java.util.HashMap$Node@500000d7)
	key		50001b82
	value		50001be7
OBJ 500014bf (sz=32, trace=300190, class=java.util.HashMap$Node@500000d7)
	key		50001b83
	value		50001b9b
OBJ 500014c0 (sz=32, trace=300229, class=java.util.HashMap$Node@500000d7)
	key		50001b84
	value		50001bed
OBJ 500014c1 (sz=32, trace=300229, class=java.util.HashMap$Node@500000d7)
	key		50001b85
	value		50001bf0
ARR 500014c2 (sz=2064, trace=301535, nelems=509, elem type=java.util.HashMap$Node[]@500000d5)
	[0]		50001479
	[6]		5000146f
	[11]		5000143c
	[13]		50001431
	[15]		50001410
	[21]		50001481
	[25]		50001485
	[29]		5000141c
	[33]		5000143d
	[34]		5000147a
	[35]		5000146b
	[36]		50001424
	[37]		50001411
	[39]		5000144c
	[42]		5000147b
	[48]		5000142c
	[50]		5000141d
	[61]		50001454
	[63]		5000142d
	[64]		500014b1
	[66]		50001492
	[71]		5000147c
	[74]		5000143e
	[78]		500014cb
	[80]		500014b8
	[83]		5000142e
	[85]		50001486
	[88]		5000145b
	[93]		5000141e
	[94]		50001446
	[96]		5000147e
	[97]		5000147d
	[99]		5000140a
	[104]		50001455
	[109]		500014cc
	[111]		500014a7
	[115]		50001412
	[118]		5000146c
	[121]		50001461
	[125]		500014ce
	[126]		50001493
	[128]		50001456
	[130]		50001413
	[135]		50001471
	[142]		50001494
	[143]		50001435
	[144]		50001487
	[145]		5000149b
	[150]		5000145c
	[156]		500014bf
	[159]		500014c0
	[160]		50001425
	[161]		5000140b
	[172]		50001402
	[173]		500014bc
	[177]		5000140c
	[180]		5000145d
	[182]		50001450
	[183]		50001462
	[184]		500014c5
	[185]		500014c4
	[186]		5000141f
	[187]		5000142f
	[188]		500014a8
	[192]		50001495
	[193]		50001403
	[197]		50001433
	[198]		50001414
	[200]		50001415
	[202]		50001472
	[203]		50001483
	[206]		500014d6
	[208]		500014d2
	[210]		50001466
	[213]		50001430
	[216]		50001447
	[218]		5000144e
	[221]		50001404
	[223]		50001416
	[224]		5000148d
	[228]		50001463
	[231]		500014d1
	[232]		50001405
	[234]		50001420
	[240]		5000140d
	[241]		50001484
	[242]		50001473
	[244]		50001440
	[246]		500014cf
	[248]		5000144f
	[250]		50001421
	[254]		50001417
	[263]		500014c8
	[269]		50001422
	[271]		50001474
	[272]		5000147f
	[274]		5000149e
	[277]		500014a9
	[280]		50001488
	[281]		500014be
	[282]		500014aa
	[283]		5000143f
	[284]		50001426
	[293]		50001448
	[294]		50001427
	[299]		500014ab
	[306]		5000149f
	[320]		500014c9
	[324]		50001434
	[325]		5000145e
	[326]		500014ca
	[335]		50001401
	[337]		5000146d
	[340]		5000140f
	[341]		5000140e
	[349]		500014b3
	[352]		50001438
	[360]		500014ad
	[363]		50001475
	[367]		50001428
	[376]		50001418
	[377]		5000148a
	[383]		5000148e
	[384]		50001458
	[385]		50001449
	[387]		50001439
	[389]		50001429
	[391]		500014b5
	[401]		500014b6
	[402]		5000143a
	[404]		500014b7
	[406]		500014a0
	[407]		50001464
	[409]		50001419
	[415]		50001467
	[416]		50001406
	[419]		50001442
	[420]		50001476
	[431]		500014ae
	[433]		50001452
	[435]		50001443
	[436]		5000141a
	[441]		50001407
	[442]		500014af
	[443]		50001465
	[446]		50001459
	[448]		5000144b
	[451]		5000143b
	[452]		50001468
	[455]		50001423
	[456]		5000141b
	[458]		50001436
	[459]		50001477
	[462]		50001490
	[463]		50001444
	[464]		50001491
	[468]		50001480
	[469]		5000142a
	[470]		5000148b
	[475]		50001408
	[484]		500014a1
	[485]		50001469
	[488]		50001478
	[489]		500014a2
	[492]		50001453
	[497]		50001460
	[498]		50001409
	[499]		5000148c
	[500]		50001497
	[501]		5000142b
	[508]		5000146a
OBJ 500014c3 (sz=32, trace=300229, class=java.util.HashMap$Node@500000d7)
	key		50001b86
	value		50001bc8
OBJ 500014c4 (sz=32, trace=300190, class=java.util.HashMap$Node@500000d7)
	key		50001b87
	value		50001bcb
OBJ 500014c5 (sz=32, trace=300190, class=java.util.HashMap$Node@500000d7)
	key		50001b88
	value		50001bc9
OBJ 500014c6 (sz=32, trace=300229, class=java.util.HashMap$Node@500000d7)
	key		50001b89
	value		50001bca
OBJ 500014c7 (sz=32, trace=300229, class=java.util.HashMap$Node@500000d7)
	key		50001b8a
	value		50001b9a
OBJ 500014c8 (sz=32, trace=300190, class=java.util.HashMap$Node@500000d7)
	key		50001b8b
	value		50001bd4
OBJ 500014c9 (sz=32, trace=300190, class=java.util.HashMap$Node@500000d7)
	key		50001b8c
	value		50001bcf
OBJ 500014ca (sz=32, trace=300190, class=java.util.HashMap$Node@500000d7)
	key		50001b8d
	value		50001bce
OBJ 500014cb (sz=32, trace=300190, class=java.util.HashMap$Node@500000d7)
	key		50001b8e
	value		50001bef
OBJ 500014cc (sz=32, trace=300190, class=java.util.HashMap$Node@500000d7)
	key		50001b8f
	value		50001beb
OBJ 500014cd (sz=32, trace=300229, class=java.util.HashMap$Node@500000d7)
	key		50001b90
	value		50001bb3
OBJ 500014ce (sz=32, trace=300190, class=java.util.HashMap$Node@500000d7)
	key		50001b91
	value		50001bec
OBJ 500014cf (sz=32, trace=300190, class=java.util.HashMap$Node@500000d7)
	key		50001b92
	value		50001b9c
OBJ 500014d0 (sz=32, trace=300229, class=java.util.HashMap$Node@500000d7)
	key		50001b93
	value		50001be8
OBJ 500014d1 (sz=32, trace=300190, class=java.util.HashMap$Node@500000d7)
	key		50001b94
	value		50001ba1
OBJ 500014d2 (sz=32, trace=300190, class=java.util.HashMap$Node@500000d7)
	key		50001b95
	value		50001ba4
OBJ 500014d3 (sz=32, trace=300229, class=java.util.HashMap$Node@500000d7)
	key		50001b96
	value		50001ba5
OBJ 500014d4 (sz=32, trace=300229, class=java.util.HashMap$Node@500000d7)
	key		50001b97
	value		50001be9
OBJ 500014d5 (sz=32, trace=300229, class=java.util.HashMap$Node@500000d7)
	key		50001b98
	value		50001bd2
OBJ 500014d6 (sz=32, trace=300190, class=java.util.HashMap$Node@500000d7)
	key		50001b99
	value		50001bd3
OBJ 500014d8 (sz=16, trace=301537, class=java.util.HashMap$KeySet@500014d7)
	this$0		500013ff
OBJ 500014d9 (sz=48, trace=301538, class=sun.util.locale.provider.LocaleResources$ResourceReference@50000f36)
	referent	50001b42
	queue		50000ae9
	cacheKey	5000128e
OBJ 500014da (sz=32, trace=301539, class=java.util.concurrent.ConcurrentHashMap$Node@50000024)
	key		5000128e
	val		500014d9
ARR 500014dd (sz=16, trace=301541, nelems=0, elem type=java.text.FieldPosition[]@500014dc)
OBJ 500014de (sz=144, trace=301542, class=java.text.DecimalFormat@500014db)
ARR 500014e0 (sz=38, trace=301544, nelems=19, elem type=char[])
OBJ 500014e1 (sz=40, trace=301545, class=java.text.DigitList@500014df)
ARR 500014e2 (sz=56, trace=301546, nelems=0, elem type=char[])
OBJ 500014e4 (sz=24, trace=301548, class=java.math.RoundingMode@500014e3)
	name		500036af
OBJ 500014e5 (sz=24, trace=301549, class=java.math.RoundingMode@500014e3)
	name		500036a9
OBJ 500014e6 (sz=24, trace=301550, class=java.math.RoundingMode@500014e3)
	name		500036a8
OBJ 500014e7 (sz=24, trace=301551, class=java.math.RoundingMode@500014e3)
	name		500036aa
OBJ 500014e8 (sz=24, trace=301552, class=java.math.RoundingMode@500014e3)
	name		500036ad
OBJ 500014e9 (sz=24, trace=301553, class=java.math.RoundingMode@500014e3)
	name		500036ab
OBJ 500014ea (sz=24, trace=301554, class=java.math.RoundingMode@500014e3)
	name		500036ac
OBJ 500014eb (sz=24, trace=301555, class=java.math.RoundingMode@500014e3)
	name		500036ae
ARR 500014ed (sz=48, trace=301556, nelems=8, elem type=java.math.RoundingMode[]@500014ec)
	[0]		500014e4
	[1]		500014e5
	[2]		500014e6
	[3]		500014e7
	[4]		500014e8
	[5]		500014e9
	[6]		500014ea
	[7]		500014eb
OBJ 500014ee (sz=24, trace=301557, class=java.lang.StringBuffer@50000135)
ARR 500014ef (sz=48, trace=301558, nelems=0, elem type=char[])
OBJ 500014f0 (sz=24, trace=301559, class=java.lang.StringBuffer@50000135)
ARR 500014f1 (sz=48, trace=301560, nelems=0, elem type=char[])
ARR 500014f2 (sz=16, trace=301561, nelems=0, elem type=char[])
OBJ 500014f3 (sz=24, trace=301562, class=java.lang.String@50000181)
ARR 500014f4 (sz=16, trace=301563, nelems=0, elem type=char[])
OBJ 500014f5 (sz=24, trace=301564, class=java.lang.String@50000181)
OBJ 500014f6 (sz=24, trace=301557, class=java.lang.StringBuffer@50000135)
ARR 500014f7 (sz=48, trace=301558, nelems=0, elem type=char[])
OBJ 500014f8 (sz=24, trace=301559, class=java.lang.StringBuffer@50000135)
ARR 500014f9 (sz=48, trace=301560, nelems=0, elem type=char[])
ARR 500014fa (sz=24, trace=301565, nelems=0, elem type=char[])
OBJ 500014fb (sz=24, trace=301566, class=java.lang.String@50000181)
ARR 500014fc (sz=16, trace=301567, nelems=0, elem type=char[])
OBJ 500014fd (sz=24, trace=301568, class=java.lang.String@50000181)
OBJ 500014fe (sz=24, trace=301569, class=java.lang.StringBuffer@50000135)
ARR 500014ff (sz=48, trace=301570, nelems=0, elem type=char[])
ARR 50001500 (sz=16, trace=301571, nelems=0, elem type=char[])
OBJ 50001501 (sz=24, trace=301572, class=java.lang.String@50000181)
ARR 50001502 (sz=16, trace=301573, nelems=0, elem type=char[])
OBJ 50001503 (sz=24, trace=301574, class=java.lang.String@50000181)
ARR 50001504 (sz=24, trace=301575, nelems=0, elem type=char[])
OBJ 50001505 (sz=24, trace=301576, class=java.lang.String@50000181)
ARR 50001506 (sz=16, trace=301577, nelems=0, elem type=char[])
OBJ 50001507 (sz=24, trace=301578, class=java.lang.String@50000181)
OBJ 50001508 (sz=24, trace=301579, class=java.lang.StringBuffer@50000135)
ARR 50001509 (sz=48, trace=301580, nelems=0, elem type=char[])
OBJ 5000150a (sz=32, trace=301581, class=java.text.FieldPosition@50000874)
OBJ 5000150d (sz=24, trace=301583, class=java.text.FieldPosition$Delegate@5000150c)
OBJ 5000150f (sz=48, trace=301585, class=java.util.HashMap@500000d9)
	table		50001511
OBJ 50001510 (sz=16, trace=301586, class=java.text.NumberFormat$Field@5000150e)
	name		50003640
ARR 50001511 (sz=80, trace=301587, nelems=16, elem type=java.util.HashMap$Node[]@500000d5)
	[2]		50001518
	[8]		5000151a
	[9]		5000151e
	[10]		50001524
	[11]		50001512
	[12]		50001522
	[13]		50001520
	[15]		50001514
OBJ 50001512 (sz=32, trace=300190, class=java.util.HashMap$Node@500000d7)
	key		50003640
	value		50001510
	next		5000151c
OBJ 50001513 (sz=16, trace=301588, class=java.text.NumberFormat$Field@5000150e)
	name		50003697
OBJ 50001514 (sz=32, trace=300190, class=java.util.HashMap$Node@500000d7)
	key		50003697
	value		50001513
	next		50001516
OBJ 50001515 (sz=16, trace=301589, class=java.text.NumberFormat$Field@5000150e)
	name		50003694
OBJ 50001516 (sz=32, trace=300229, class=java.util.HashMap$Node@500000d7)
	key		50003694
	value		50001515
OBJ 50001517 (sz=16, trace=301590, class=java.text.NumberFormat$Field@5000150e)
	name		50003693
OBJ 50001518 (sz=32, trace=300190, class=java.util.HashMap$Node@500000d7)
	key		50003693
	value		50001517
OBJ 50001519 (sz=16, trace=301591, class=java.text.NumberFormat$Field@5000150e)
	name		5000369a
OBJ 5000151a (sz=32, trace=300190, class=java.util.HashMap$Node@500000d7)
	key		5000369a
	value		50001519
OBJ 5000151b (sz=16, trace=301592, class=java.text.NumberFormat$Field@5000150e)
	name		50003698
OBJ 5000151c (sz=32, trace=300229, class=java.util.HashMap$Node@500000d7)
	key		50003698
	value		5000151b
OBJ 5000151d (sz=16, trace=301593, class=java.text.NumberFormat$Field@5000150e)
	name		50003696
OBJ 5000151e (sz=32, trace=300190, class=java.util.HashMap$Node@500000d7)
	key		50003696
	value		5000151d
OBJ 5000151f (sz=16, trace=301594, class=java.text.NumberFormat$Field@5000150e)
	name		50003643
OBJ 50001520 (sz=32, trace=300190, class=java.util.HashMap$Node@500000d7)
	key		50003643
	value		5000151f
OBJ 50001521 (sz=16, trace=301595, class=java.text.NumberFormat$Field@5000150e)
	name		50003699
OBJ 50001522 (sz=32, trace=300190, class=java.util.HashMap$Node@500000d7)
	key		50003699
	value		50001521
OBJ 50001523 (sz=16, trace=301596, class=java.text.NumberFormat$Field@5000150e)
	name		5000363d
OBJ 50001524 (sz=32, trace=300190, class=java.util.HashMap$Node@500000d7)
	key		5000363d
	value		50001523
	next		50001526
OBJ 50001525 (sz=16, trace=301597, class=java.text.NumberFormat$Field@5000150e)
	name		50003695
OBJ 50001526 (sz=32, trace=300229, class=java.util.HashMap$Node@500000d7)
	key		50003695
	value		50001525
ARR 50001527 (sz=24, trace=301598, nelems=0, elem type=char[])
OBJ 50001528 (sz=24, trace=301599, class=java.lang.String@50000181)
OBJ 50001529 (sz=24, trace=300468, class=java.lang.String@50000181)
ARR 5000152a (sz=32, trace=300469, nelems=0, elem type=char[])
OBJ 5000152b (sz=64, trace=301041, class=java.text.DecimalFormatSymbols@50000f3a)
OBJ 5000152c (sz=24, trace=301271, class=java.lang.StringBuilder@50000134)
ARR 5000152d (sz=56, trace=301272, nelems=0, elem type=char[])
OBJ 5000152e (sz=24, trace=301273, class=java.lang.String@50000181)
ARR 5000152f (sz=24, trace=301274, nelems=0, elem type=char[])
OBJ 50001530 (sz=144, trace=301542, class=java.text.DecimalFormat@500014db)
OBJ 50001531 (sz=40, trace=301545, class=java.text.DigitList@500014df)
ARR 50001532 (sz=56, trace=301546, nelems=0, elem type=char[])
OBJ 50001533 (sz=24, trace=301557, class=java.lang.StringBuffer@50000135)
ARR 50001534 (sz=48, trace=301558, nelems=0, elem type=char[])
OBJ 50001535 (sz=24, trace=301559, class=java.lang.StringBuffer@50000135)
ARR 50001536 (sz=48, trace=301560, nelems=0, elem type=char[])
ARR 50001537 (sz=16, trace=301561, nelems=0, elem type=char[])
OBJ 50001538 (sz=24, trace=301562, class=java.lang.String@50000181)
ARR 50001539 (sz=16, trace=301563, nelems=0, elem type=char[])
OBJ 5000153a (sz=24, trace=301564, class=java.lang.String@50000181)
OBJ 5000153b (sz=24, trace=301557, class=java.lang.StringBuffer@50000135)
ARR 5000153c (sz=48, trace=301558, nelems=0, elem type=char[])
OBJ 5000153d (sz=24, trace=301559, class=java.lang.StringBuffer@50000135)
ARR 5000153e (sz=48, trace=301560, nelems=0, elem type=char[])
ARR 5000153f (sz=24, trace=301565, nelems=0, elem type=char[])
OBJ 50001540 (sz=24, trace=301566, class=java.lang.String@50000181)
ARR 50001541 (sz=16, trace=301567, nelems=0, elem type=char[])
OBJ 50001542 (sz=24, trace=301568, class=java.lang.String@50000181)
OBJ 50001543 (sz=24, trace=301569, class=java.lang.StringBuffer@50000135)
ARR 50001544 (sz=48, trace=301570, nelems=0, elem type=char[])
ARR 50001545 (sz=16, trace=301571, nelems=0, elem type=char[])
OBJ 50001546 (sz=24, trace=301572, class=java.lang.String@50000181)
ARR 50001547 (sz=16, trace=301573, nelems=0, elem type=char[])
OBJ 50001548 (sz=24, trace=301574, class=java.lang.String@50000181)
ARR 50001549 (sz=24, trace=301575, nelems=0, elem type=char[])
OBJ 5000154a (sz=24, trace=301576, class=java.lang.String@50000181)
ARR 5000154b (sz=16, trace=301577, nelems=0, elem type=char[])
OBJ 5000154c (sz=24, trace=301578, class=java.lang.String@50000181)
OBJ 5000154d (sz=24, trace=301579, class=java.lang.StringBuffer@50000135)
ARR 5000154e (sz=48, trace=301580, nelems=0, elem type=char[])
OBJ 5000154f (sz=32, trace=301581, class=java.text.FieldPosition@50000874)
OBJ 50001550 (sz=24, trace=301583, class=java.text.FieldPosition$Delegate@5000150c)
ARR 50001551 (sz=24, trace=301598, nelems=0, elem type=char[])
OBJ 50001552 (sz=24, trace=301599, class=java.lang.String@50000181)
OBJ 50001553 (sz=24, trace=300479, class=java.lang.String@50000181)
ARR 50001554 (sz=48, trace=300480, nelems=0, elem type=char[])
ARR 50001555 (sz=88, trace=300478, nelems=0, elem type=char[])
ARR 50001556 (sz=80, trace=300481, nelems=0, elem type=char[])
OBJ 50001557 (sz=24, trace=300482, class=java.lang.String@50000181)
ARR 50001558 (sz=536, trace=300010, nelems=0, elem type=char[])
ARR 50001559 (sz=24, trace=301600, nelems=0, elem type=java.lang.Object[]@5000011b)
OBJ 5000155a (sz=40, trace=300440, class=java.text.MessageFormat@50000840)
ARR 5000155b (sz=56, trace=301601, nelems=0, elem type=java.text.Format[]@50000846)
ARR 5000155c (sz=56, trace=301602, nelems=0, elem type=int[])
ARR 5000155d (sz=56, trace=301603, nelems=0, elem type=int[])
ARR 5000155e (sz=32, trace=300454, nelems=0, elem type=java.lang.StringBuilder[]@5000085b)
OBJ 5000155f (sz=24, trace=300455, class=java.lang.StringBuilder@50000134)
ARR 50001560 (sz=48, trace=300456, nelems=0, elem type=char[])
OBJ 50001561 (sz=24, trace=300457, class=java.lang.StringBuilder@50000134)
ARR 50001562 (sz=48, trace=300458, nelems=0, elem type=char[])
ARR 50001563 (sz=32, trace=300459, nelems=0, elem type=java.lang.String[]@500000db)
OBJ 50001564 (sz=24, trace=300460, class=java.lang.String@50000181)
ARR 50001565 (sz=32, trace=300461, nelems=0, elem type=char[])
OBJ 50001566 (sz=24, trace=300460, class=java.lang.String@50000181)
ARR 50001567 (sz=24, trace=300461, nelems=0, elem type=char[])
OBJ 50001568 (sz=24, trace=300457, class=java.lang.StringBuilder@50000134)
ARR 50001569 (sz=48, trace=300458, nelems=0, elem type=char[])
ARR 5000156a (sz=32, trace=300459, nelems=0, elem type=java.lang.String[]@500000db)
OBJ 5000156b (sz=24, trace=300460, class=java.lang.String@50000181)
ARR 5000156c (sz=40, trace=300461, nelems=0, elem type=char[])
OBJ 5000156d (sz=24, trace=300460, class=java.lang.String@50000181)
ARR 5000156e (sz=24, trace=300461, nelems=0, elem type=char[])
ARR 5000156f (sz=88, trace=300248, nelems=0, elem type=char[])
OBJ 50001570 (sz=24, trace=300462, class=java.lang.String@50000181)
ARR 50001571 (sz=72, trace=300463, nelems=0, elem type=char[])
OBJ 50001572 (sz=24, trace=300464, class=java.lang.StringBuffer@50000135)
ARR 50001573 (sz=48, trace=300465, nelems=0, elem type=char[])
OBJ 50001574 (sz=32, trace=300467, class=java.text.FieldPosition@50000874)
OBJ 50001575 (sz=24, trace=300468, class=java.lang.String@50000181)
ARR 50001576 (sz=32, trace=300469, nelems=0, elem type=char[])
OBJ 50001577 (sz=64, trace=301041, class=java.text.DecimalFormatSymbols@50000f3a)
OBJ 50001578 (sz=24, trace=301271, class=java.lang.StringBuilder@50000134)
ARR 50001579 (sz=56, trace=301272, nelems=0, elem type=char[])
OBJ 5000157a (sz=24, trace=301273, class=java.lang.String@50000181)
ARR 5000157b (sz=24, trace=301274, nelems=0, elem type=char[])
OBJ 5000157c (sz=144, trace=301542, class=java.text.DecimalFormat@500014db)
OBJ 5000157d (sz=40, trace=301545, class=java.text.DigitList@500014df)
ARR 5000157e (sz=56, trace=301546, nelems=0, elem type=char[])
OBJ 5000157f (sz=24, trace=301557, class=java.lang.StringBuffer@50000135)
ARR 50001580 (sz=48, trace=301558, nelems=0, elem type=char[])
OBJ 50001581 (sz=24, trace=301559, class=java.lang.StringBuffer@50000135)
ARR 50001582 (sz=48, trace=301560, nelems=0, elem type=char[])
ARR 50001583 (sz=16, trace=301561, nelems=0, elem type=char[])
OBJ 50001584 (sz=24, trace=301562, class=java.lang.String@50000181)
ARR 50001585 (sz=16, trace=301563, nelems=0, elem type=char[])
OBJ 50001586 (sz=24, trace=301564, class=java.lang.String@50000181)
OBJ 50001587 (sz=24, trace=301557, class=java.lang.StringBuffer@50000135)
ARR 50001588 (sz=48, trace=301558, nelems=0, elem type=char[])
OBJ 50001589 (sz=24, trace=301559, class=java.lang.StringBuffer@50000135)
ARR 5000158a (sz=48, trace=301560, nelems=0, elem type=char[])
ARR 5000158b (sz=24, trace=301565, nelems=0, elem type=char[])
OBJ 5000158c (sz=24, trace=301566, class=java.lang.String@50000181)
ARR 5000158d (sz=16, trace=301567, nelems=0, elem type=char[])
OBJ 5000158e (sz=24, trace=301568, class=java.lang.String@50000181)
OBJ 5000158f (sz=24, trace=301569, class=java.lang.StringBuffer@50000135)
ARR 50001590 (sz=48, trace=301570, nelems=0, elem type=char[])
ARR 50001591 (sz=16, trace=301571, nelems=0, elem type=char[])
OBJ 50001592 (sz=24, trace=301572, class=java.lang.String@50000181)
ARR 50001593 (sz=16, trace=301573, nelems=0, elem type=char[])
OBJ 50001594 (sz=24, trace=301574, class=java.lang.String@50000181)
ARR 50001595 (sz=24, trace=301575, nelems=0, elem type=char[])
OBJ 50001596 (sz=24, trace=301576, class=java.lang.String@50000181)
ARR 50001597 (sz=16, trace=301577, nelems=0, elem type=char[])
OBJ 50001598 (sz=24, trace=301578, class=java.lang.String@50000181)
OBJ 50001599 (sz=24, trace=301579, class=java.lang.StringBuffer@50000135)
ARR 5000159a (sz=48, trace=301580, nelems=0, elem type=char[])
OBJ 5000159b (sz=32, trace=301581, class=java.text.FieldPosition@50000874)
OBJ 5000159c (sz=24, trace=301583, class=java.text.FieldPosition$Delegate@5000150c)
ARR 5000159d (sz=24, trace=301598, nelems=0, elem type=char[])
OBJ 5000159e (sz=24, trace=301599, class=java.lang.String@50000181)
OBJ 5000159f (sz=24, trace=300468, class=java.lang.String@50000181)
ARR 500015a0 (sz=32, trace=300469, nelems=0, elem type=char[])
OBJ 500015a1 (sz=64, trace=301041, class=java.text.DecimalFormatSymbols@50000f3a)
OBJ 500015a2 (sz=24, trace=301271, class=java.lang.StringBuilder@50000134)
ARR 500015a3 (sz=56, trace=301272, nelems=0, elem type=char[])
OBJ 500015a4 (sz=24, trace=301273, class=java.lang.String@50000181)
ARR 500015a5 (sz=24, trace=301274, nelems=0, elem type=char[])
OBJ 500015a6 (sz=144, trace=301542, class=java.text.DecimalFormat@500014db)
OBJ 500015a7 (sz=40, trace=301545, class=java.text.DigitList@500014df)
ARR 500015a8 (sz=56, trace=301546, nelems=0, elem type=char[])
OBJ 500015a9 (sz=24, trace=301557, class=java.lang.StringBuffer@50000135)
ARR 500015aa (sz=48, trace=301558, nelems=0, elem type=char[])
OBJ 500015ab (sz=24, trace=301559, class=java.lang.StringBuffer@50000135)
ARR 500015ac (sz=48, trace=301560, nelems=0, elem type=char[])
ARR 500015ad (sz=16, trace=301561, nelems=0, elem type=char[])
OBJ 500015ae (sz=24, trace=301562, class=java.lang.String@50000181)
ARR 500015af (sz=16, trace=301563, nelems=0, elem type=char[])
OBJ 500015b0 (sz=24, trace=301564, class=java.lang.String@50000181)
OBJ 500015b1 (sz=24, trace=301557, class=java.lang.StringBuffer@50000135)
ARR 500015b2 (sz=48, trace=301558, nelems=0, elem type=char[])
OBJ 500015b3 (sz=24, trace=301559, class=java.lang.StringBuffer@50000135)
ARR 500015b4 (sz=48, trace=301560, nelems=0, elem type=char[])
ARR 500015b5 (sz=24, trace=301565, nelems=0, elem type=char[])
OBJ 500015b6 (sz=24, trace=301566, class=java.lang.String@50000181)
ARR 500015b7 (sz=16, trace=301567, nelems=0, elem type=char[])
OBJ 500015b8 (sz=24, trace=301568, class=java.lang.String@50000181)
OBJ 500015b9 (sz=24, trace=301569, class=java.lang.StringBuffer@50000135)
ARR 500015ba (sz=48, trace=301570, nelems=0, elem type=char[])
ARR 500015bb (sz=16, trace=301571, nelems=0, elem type=char[])
OBJ 500015bc (sz=24, trace=301572, class=java.lang.String@50000181)
ARR 500015bd (sz=16, trace=301573, nelems=0, elem type=char[])
OBJ 500015be (sz=24, trace=301574, class=java.lang.String@50000181)
ARR 500015bf (sz=24, trace=301575, nelems=0, elem type=char[])
OBJ 500015c0 (sz=24, trace=301576, class=java.lang.String@50000181)
ARR 500015c1 (sz=16, trace=301577, nelems=0, elem type=char[])
OBJ 500015c2 (sz=24, trace=301578, class=java.lang.String@50000181)
OBJ 500015c3 (sz=24, trace=301579, class=java.lang.StringBuffer@50000135)
ARR 500015c4 (sz=48, trace=301580, nelems=0, elem type=char[])
OBJ 500015c5 (sz=32, trace=301581, class=java.text.FieldPosition@50000874)
OBJ 500015c6 (sz=24, trace=301583, class=java.text.FieldPosition$Delegate@5000150c)
ARR 500015c7 (sz=24, trace=301598, nelems=0, elem type=char[])
OBJ 500015c8 (sz=24, trace=301599, class=java.lang.String@50000181)
OBJ 500015c9 (sz=24, trace=300479, class=java.lang.String@50000181)
ARR 500015ca (sz=48, trace=300480, nelems=0, elem type=char[])
ARR 500015cb (sz=88, trace=300478, nelems=0, elem type=char[])
ARR 500015cc (sz=80, trace=300481, nelems=0, elem type=char[])
OBJ 500015cd (sz=24, trace=300482, class=java.lang.String@50000181)
ARR 500015ce (sz=24, trace=301604, nelems=0, elem type=java.lang.Object[]@5000011b)
OBJ 500015cf (sz=40, trace=300440, class=java.text.MessageFormat@50000840)
ARR 500015d0 (sz=56, trace=301605, nelems=0, elem type=java.text.Format[]@50000846)
ARR 500015d1 (sz=56, trace=301606, nelems=0, elem type=int[])
ARR 500015d2 (sz=56, trace=301607, nelems=0, elem type=int[])
ARR 500015d3 (sz=32, trace=300454, nelems=0, elem type=java.lang.StringBuilder[]@5000085b)
OBJ 500015d4 (sz=24, trace=300455, class=java.lang.StringBuilder@50000134)
ARR 500015d5 (sz=48, trace=300456, nelems=0, elem type=char[])
OBJ 500015d6 (sz=24, trace=300457, class=java.lang.StringBuilder@50000134)
ARR 500015d7 (sz=48, trace=300458, nelems=0, elem type=char[])
ARR 500015d8 (sz=32, trace=300459, nelems=0, elem type=java.lang.String[]@500000db)
OBJ 500015d9 (sz=24, trace=300460, class=java.lang.String@50000181)
ARR 500015da (sz=24, trace=300461, nelems=0, elem type=char[])
OBJ 500015db (sz=24, trace=300460, class=java.lang.String@50000181)
ARR 500015dc (sz=24, trace=300461, nelems=0, elem type=char[])
OBJ 500015dd (sz=24, trace=300457, class=java.lang.StringBuilder@50000134)
ARR 500015de (sz=48, trace=300458, nelems=0, elem type=char[])
ARR 500015df (sz=32, trace=300459, nelems=0, elem type=java.lang.String[]@500000db)
OBJ 500015e0 (sz=24, trace=300460, class=java.lang.String@50000181)
ARR 500015e1 (sz=40, trace=300461, nelems=0, elem type=char[])
OBJ 500015e2 (sz=24, trace=300460, class=java.lang.String@50000181)
ARR 500015e3 (sz=24, trace=300461, nelems=0, elem type=char[])
OBJ 500015e4 (sz=24, trace=300462, class=java.lang.String@50000181)
ARR 500015e5 (sz=48, trace=300463, nelems=0, elem type=char[])
OBJ 500015e6 (sz=24, trace=300464, class=java.lang.StringBuffer@50000135)
ARR 500015e7 (sz=48, trace=300465, nelems=0, elem type=char[])
OBJ 500015e8 (sz=32, trace=300467, class=java.text.FieldPosition@50000874)
OBJ 500015e9 (sz=24, trace=300468, class=java.lang.String@50000181)
ARR 500015ea (sz=24, trace=300469, nelems=0, elem type=char[])
OBJ 500015eb (sz=24, trace=300468, class=java.lang.String@50000181)
ARR 500015ec (sz=32, trace=300469, nelems=0, elem type=char[])
ARR 500015ed (sz=88, trace=300478, nelems=0, elem type=char[])
OBJ 500015ee (sz=24, trace=300479, class=java.lang.String@50000181)
ARR 500015ef (sz=32, trace=300480, nelems=0, elem type=char[])
ARR 500015f0 (sz=80, trace=300481, nelems=0, elem type=char[])
OBJ 500015f1 (sz=24, trace=300482, class=java.lang.String@50000181)
ARR 500015f2 (sz=24, trace=301608, nelems=0, elem type=java.lang.Object[]@5000011b)
OBJ 500015f3 (sz=40, trace=300440, class=java.text.MessageFormat@50000840)
ARR 500015f4 (sz=56, trace=301609, nelems=0, elem type=java.text.Format[]@50000846)
ARR 500015f5 (sz=56, trace=301610, nelems=0, elem type=int[])
ARR 500015f6 (sz=56, trace=301611, nelems=0, elem type=int[])
ARR 500015f7 (sz=32, trace=300454, nelems=0, elem type=java.lang.StringBuilder[]@5000085b)
OBJ 500015f8 (sz=24, trace=300455, class=java.lang.StringBuilder@50000134)
ARR 500015f9 (sz=48, trace=300456, nelems=0, elem type=char[])
ARR 500015fa (sz=88, trace=300248, nelems=0, elem type=char[])
OBJ 500015fb (sz=24, trace=300457, class=java.lang.StringBuilder@50000134)
ARR 500015fc (sz=48, trace=300458, nelems=0, elem type=char[])
ARR 500015fd (sz=32, trace=300459, nelems=0, elem type=java.lang.String[]@500000db)
OBJ 500015fe (sz=24, trace=300460, class=java.lang.String@50000181)
ARR 500015ff (sz=72, trace=300461, nelems=0, elem type=char[])
OBJ 50001600 (sz=24, trace=300460, class=java.lang.String@50000181)
ARR 50001601 (sz=24, trace=300461, nelems=0, elem type=char[])
OBJ 50001602 (sz=24, trace=300462, class=java.lang.String@50000181)
ARR 50001603 (sz=72, trace=300463, nelems=0, elem type=char[])
OBJ 50001604 (sz=24, trace=300464, class=java.lang.StringBuffer@50000135)
ARR 50001605 (sz=48, trace=300465, nelems=0, elem type=char[])
OBJ 50001606 (sz=32, trace=300467, class=java.text.FieldPosition@50000874)
ARR 50001607 (sz=88, trace=300478, nelems=0, elem type=char[])
OBJ 50001608 (sz=24, trace=300479, class=java.lang.String@50000181)
ARR 50001609 (sz=80, trace=300481, nelems=0, elem type=char[])
OBJ 5000160a (sz=24, trace=300482, class=java.lang.String@50000181)
ARR 5000160b (sz=24, trace=301612, nelems=0, elem type=java.lang.Object[]@5000011b)
OBJ 5000160c (sz=40, trace=300440, class=java.text.MessageFormat@50000840)
ARR 5000160d (sz=56, trace=301613, nelems=0, elem type=java.text.Format[]@50000846)
ARR 5000160e (sz=56, trace=301614, nelems=0, elem type=int[])
ARR 5000160f (sz=56, trace=301615, nelems=0, elem type=int[])
ARR 50001610 (sz=32, trace=300454, nelems=0, elem type=java.lang.StringBuilder[]@5000085b)
OBJ 50001611 (sz=24, trace=300455, class=java.lang.StringBuilder@50000134)
ARR 50001612 (sz=48, trace=300456, nelems=0, elem type=char[])
ARR 50001613 (sz=88, trace=300248, nelems=0, elem type=char[])
ARR 50001614 (sz=160, trace=300248, nelems=0, elem type=char[])
ARR 50001615 (sz=304, trace=300248, nelems=0, elem type=char[])
OBJ 50001616 (sz=24, trace=300457, class=java.lang.StringBuilder@50000134)
ARR 50001617 (sz=48, trace=300458, nelems=0, elem type=char[])
ARR 50001618 (sz=32, trace=300459, nelems=0, elem type=java.lang.String[]@500000db)
OBJ 50001619 (sz=24, trace=300460, class=java.lang.String@50000181)
ARR 5000161a (sz=200, trace=300461, nelems=0, elem type=char[])
OBJ 5000161b (sz=24, trace=300460, class=java.lang.String@50000181)
ARR 5000161c (sz=24, trace=300461, nelems=0, elem type=char[])
ARR 5000161d (sz=592, trace=300248, nelems=0, elem type=char[])
ARR 5000161e (sz=1168, trace=300248, nelems=0, elem type=char[])
ARR 5000161f (sz=2320, trace=300248, nelems=0, elem type=char[])
ARR 50001620 (sz=4624, trace=300248, nelems=0, elem type=char[])
OBJ 50001621 (sz=24, trace=300462, class=java.lang.String@50000181)
ARR 50001622 (sz=2864, trace=300463, nelems=0, elem type=char[])
OBJ 50001623 (sz=24, trace=300464, class=java.lang.StringBuffer@50000135)
ARR 50001624 (sz=48, trace=300465, nelems=0, elem type=char[])
OBJ 50001625 (sz=32, trace=300467, class=java.text.FieldPosition@50000874)
OBJ 50001626 (sz=24, trace=300468, class=java.lang.String@50000181)
ARR 50001627 (sz=200, trace=300469, nelems=0, elem type=char[])
ARR 50001628 (sz=200, trace=300478, nelems=0, elem type=char[])
ARR 50001629 (sz=376, trace=300478, nelems=0, elem type=char[])
OBJ 5000162a (sz=24, trace=300479, class=java.lang.String@50000181)
ARR 5000162b (sz=2688, trace=300480, nelems=0, elem type=char[])
ARR 5000162c (sz=2864, trace=300478, nelems=0, elem type=char[])
ARR 5000162d (sz=2864, trace=300481, nelems=0, elem type=char[])
OBJ 5000162e (sz=24, trace=300482, class=java.lang.String@50000181)
ARR 5000162f (sz=3352, trace=300010, nelems=1676, elem type=char[])
OBJ 50001630 (sz=24, trace=301616, class=java.lang.String@50000181)
ARR 50001631 (sz=3368, trace=301617, nelems=0, elem type=char[])
OBJ 50001632 (sz=48, trace=300208, class=java.nio.HeapCharBuffer@5000006a)
OBJ 50001633 (sz=48, trace=300208, class=java.nio.HeapCharBuffer@5000006a)
OBJ 50001634 (sz=376, trace=300001, class=java.lang.Thread@5000015d)
	name		500035b4
	group		5000176e
	inheritedAccessControlContext	500035b3
	blockerLock	50001635
OBJ 50001635 (sz=16, trace=300002, class=java.lang.Object@50000185)
ARR 50001637 (sz=56, trace=301618, nelems=0, elem type=java.lang.Runnable[]@500000e3)
OBJ 50001639 (sz=16, trace=301620, class=java.lang.Shutdown$Lock@50001638)
OBJ 5000163a (sz=16, trace=301621, class=java.lang.Shutdown$Lock@50001638)
OBJ 50001640 (sz=376, trace=300000, class=java.lang.Thread@5000015d)
	name		500036e6
	contextClassLoader	5000164a
	blockerLock	500036e5
OBJ 50001641 (sz=376, trace=300000, class=java.lang.Thread@5000015d)
	name		50003599
	group		5000176f
	contextClassLoader	5000164a
	inheritedAccessControlContext	50003598
	blockerLock	50003597
OBJ 50001642 (sz=376, trace=300000, class=java.lang.Thread@5000015d)
	name		5000359d
	group		5000176f
	contextClassLoader	5000164a
	inheritedAccessControlContext	5000359c
	blockerLock	5000359b
OBJ 50001643 (sz=384, trace=300000, class=java.lang.ref.Finalizer$FinalizerThread@500000d0)
	name		500035a1
	group		5000176f
	inheritedAccessControlContext	500035a0
	blockerLock	5000359f
OBJ 50001644 (sz=32, trace=300000, class=java.lang.ref.ReferenceQueue@5000015f)
	lock		50001645
OBJ 50001645 (sz=16, trace=300000, class=java.lang.ref.ReferenceQueue$Lock@500000e4)
OBJ 50001646 (sz=16, trace=300000, class=java.lang.System$2@50000047)
OBJ 50001647 (sz=376, trace=300000, class=java.lang.ref.Reference$ReferenceHandler@500000f2)
	name		50001c1b
	group		5000176f
	inheritedAccessControlContext	500035af
	blockerLock	500035ae
OBJ 50001648 (sz=16, trace=300000, class=java.lang.ref.Reference$Lock@500000f3)
OBJ 50001649 (sz=24, trace=300000, class=java.lang.String@50000181)
	value		5000184d
OBJ 5000164a (sz=96, trace=300000, class=sun.misc.Launcher$AppClassLoader@50000129)
	parent		5000164c
	parallelLockMap	500018fa
	package2certs	500018f9
	classes		500018f8
	defaultDomain	500018f7
	domains		500018f6
	packages	500018f5
	nativeLibraries	500018f4
	assertionLock	500018f3
	pdcache		500018f2
	ucp		500018ef
	acc		500018f1
	closeables	500018f0
	ucp		500018ef
ARR 5000164b (sz=0, trace=300000, nelems=0, elem type=int[])
OBJ 5000164c (sz=88, trace=300000, class=sun.misc.Launcher$ExtClassLoader@50000128)
	parallelLockMap	50001906
	package2certs	50001905
	classes		50001904
	defaultDomain	50001903
	domains		50001902
	packages	50001901
	nativeLibraries	50001900
	assertionLock	500018ff
	pdcache		500018fe
	ucp		500018fd
	acc		500018fc
	closeables	500018fb
ARR 5000164d (sz=24, trace=300000, nelems=0, elem type=java.lang.Object[]@5000011b)
ARR 5000164e (sz=24, trace=300000, nelems=0, elem type=java.lang.Object[]@5000011b)
ARR 5000164f (sz=40, trace=300000, nelems=0, elem type=java.lang.Object[]@5000011b)
ARR 50001650 (sz=32, trace=300000, nelems=0, elem type=java.lang.Object[]@5000011b)
ARR 50001651 (sz=24, trace=300000, nelems=0, elem type=java.lang.Object[]@5000011b)
ARR 50001652 (sz=2648, trace=300000, nelems=0, elem type=java.lang.Object[]@5000011b)
ARR 50001653 (sz=96, trace=300000, nelems=13, elem type=java.lang.Object[]@5000011b)
	[0]		5000177a
	[1]		50001c52
	[7]		50003692
	[12]		50003020
ARR 50001654 (sz=40, trace=300000, nelems=4, elem type=java.lang.Object[]@5000011b)
	[3]		500036a7
ARR 50001655 (sz=56, trace=300000, nelems=8, elem type=java.lang.Object[]@5000011b)
	[0]		500036a8
	[1]		500036a9
	[2]		500036aa
	[3]		500036ab
	[4]		500036ac
	[5]		500036ad
	[6]		500036ae
	[7]		500036af
ARR 50001656 (sz=72, trace=300000, nelems=11, elem type=java.lang.Object[]@5000011b)
	[0]		5000363d
	[1]		50003693
	[2]		50003694
	[3]		50003695
	[4]		50003696
	[5]		50003697
	[6]		50003698
	[7]		50003640
	[8]		50003699
	[9]		50003643
	[10]		5000369a
ARR 50001657 (sz=32, trace=300000, nelems=0, elem type=java.lang.Object[]@5000011b)
ARR 50001658 (sz=56, trace=300000, nelems=5, elem type=java.lang.Object[]@5000011b)
	[4]		50001f31
ARR 50001659 (sz=88, trace=300000, nelems=17, elem type=java.lang.Object[]@5000011b)
	[0]		50002e92
	[1]		50002e93
	[2]		50002e94
	[3]		50002e95
	[4]		50002e96
	[5]		50002e97
	[6]		50002e98
	[7]		50002e99
	[8]		50002e9a
	[9]		50002e9b
	[10]		50002e9c
	[11]		50002e9d
	[12]		50002e9e
	[13]		50002e9f
	[14]		50002ea0
	[15]		50002ea1
	[16]		50002ea2
ARR 5000165a (sz=72, trace=300000, nelems=11, elem type=java.lang.Object[]@5000011b)
	[5]		50002eb4
	[7]		50001e65
	[10]		50001c23
ARR 5000165b (sz=24, trace=300000, nelems=0, elem type=java.lang.Object[]@5000011b)
ARR 5000165c (sz=56, trace=300000, nelems=5, elem type=java.lang.Object[]@5000011b)
	[4]		50001c22
ARR 5000165d (sz=216, trace=300000, nelems=47, elem type=java.lang.Object[]@5000011b)
	[13]		50001e67
	[16]		50001e68
	[17]		50001e69
	[18]		50001e6a
	[19]		50001e6b
	[45]		50001c23
	[46]		50001e6c
ARR 5000165e (sz=24, trace=300000, nelems=1, elem type=java.lang.Object[]@5000011b)
	[0]		50001e90
ARR 5000165f (sz=48, trace=300000, nelems=4, elem type=java.lang.Object[]@5000011b)
	[3]		50001e83
ARR 50001660 (sz=80, trace=300000, nelems=16, elem type=java.lang.Object[]@5000011b)
	[0]		5000177a
	[1]		50001c52
	[2]		50001c22
	[3]		50001e6d
	[4]		50001e6e
	[15]		50001e6f
ARR 50001661 (sz=296, trace=300000, nelems=0, elem type=java.lang.Object[]@5000011b)
ARR 50001662 (sz=200, trace=300000, nelems=42, elem type=java.lang.Object[]@5000011b)
	[18]		50001e91
	[19]		50001e92
	[21]		50001e93
	[22]		50001e94
	[26]		50001e95
	[29]		500017ab
	[30]		50001e96
	[41]		50001794
ARR 50001663 (sz=24, trace=300000, nelems=0, elem type=java.lang.Object[]@5000011b)
ARR 50001664 (sz=88, trace=300000, nelems=15, elem type=java.lang.Object[]@5000011b)
	[2]		50001e81
	[14]		50001e82
ARR 50001665 (sz=128, trace=300000, nelems=0, elem type=java.lang.Object[]@5000011b)
ARR 50001666 (sz=32, trace=300000, nelems=0, elem type=java.lang.Object[]@5000011b)
ARR 50001667 (sz=24, trace=300000, nelems=0, elem type=java.lang.Object[]@5000011b)
ARR 50001668 (sz=32, trace=300000, nelems=0, elem type=java.lang.Object[]@5000011b)
ARR 50001669 (sz=72, trace=300000, nelems=14, elem type=java.lang.Object[]@5000011b)
	[2]		50001e73
	[7]		50001e74
	[9]		50001e75
	[10]		50001e76
	[11]		50001e77
	[12]		50001e78
	[13]		50001e79
ARR 5000166a (sz=56, trace=300000, nelems=10, elem type=java.lang.Object[]@5000011b)
	[9]		50001c23
ARR 5000166b (sz=32, trace=300000, nelems=0, elem type=java.lang.Object[]@5000011b)
ARR 5000166c (sz=32, trace=300000, nelems=3, elem type=java.lang.Object[]@5000011b)
	[0]		50002f8e
	[2]		50002f8f
ARR 5000166d (sz=144, trace=300000, nelems=0, elem type=java.lang.Object[]@5000011b)
ARR 5000166e (sz=64, trace=300000, nelems=0, elem type=java.lang.Object[]@5000011b)
ARR 5000166f (sz=56, trace=300000, nelems=10, elem type=java.lang.Object[]@5000011b)
	[5]		50001c44
	[6]		50001c45
	[7]		50001c46
	[8]		50001c47
	[9]		50001c48
ARR 50001670 (sz=56, trace=300000, nelems=0, elem type=java.lang.Object[]@5000011b)
ARR 50001671 (sz=56, trace=300000, nelems=8, elem type=java.lang.Object[]@5000011b)
	[1]		50001e44
	[7]		50001c47
ARR 50001672 (sz=24, trace=300000, nelems=1, elem type=java.lang.Object[]@5000011b)
	[0]		50001e49
ARR 50001673 (sz=32, trace=300000, nelems=3, elem type=java.lang.Object[]@5000011b)
	[2]		50001e45
ARR 50001674 (sz=24, trace=300000, nelems=0, elem type=java.lang.Object[]@5000011b)
ARR 50001675 (sz=32, trace=300000, nelems=0, elem type=java.lang.Object[]@5000011b)
ARR 50001676 (sz=64, trace=300000, nelems=0, elem type=java.lang.Object[]@5000011b)
ARR 50001677 (sz=56, trace=300000, nelems=9, elem type=java.lang.Object[]@5000011b)
	[3]		5000368c
	[4]		5000368d
	[6]		50001e91
	[7]		5000368e
	[8]		50001e94
ARR 50001678 (sz=56, trace=300000, nelems=10, elem type=java.lang.Object[]@5000011b)
	[0]		50001dff
	[1]		50001e00
	[2]		50001e01
	[3]		50001e02
	[4]		50001e03
	[5]		50001e04
	[6]		50001e05
	[7]		50001e06
	[8]		50001e07
	[9]		50001e08
ARR 50001679 (sz=32, trace=300000, nelems=0, elem type=java.lang.Object[]@5000011b)
ARR 5000167a (sz=48, trace=300000, nelems=5, elem type=java.lang.Object[]@5000011b)
	[2]		500036a3
	[3]		50001cfc
	[4]		500036a4
ARR 5000167b (sz=24, trace=300000, nelems=1, elem type=java.lang.Object[]@5000011b)
	[0]		500036e2
ARR 5000167c (sz=32, trace=300000, nelems=0, elem type=java.lang.Object[]@5000011b)
ARR 5000167d (sz=48, trace=300000, nelems=6, elem type=java.lang.Object[]@5000011b)
	[2]		5000364e
	[3]		5000364f
	[4]		50003650
	[5]		50003651
ARR 5000167e (sz=136, trace=300000, nelems=29, elem type=java.lang.Object[]@5000011b)
	[8]		5000366c
	[9]		50003666
	[12]		5000366d
	[13]		50003664
	[17]		5000366e
	[20]		5000366f
	[22]		50001e91
	[23]		50001e94
	[24]		50003670
	[28]		50001c39
ARR 5000167f (sz=56, trace=300000, nelems=9, elem type=java.lang.Object[]@5000011b)
	[0]		50003654
	[1]		50003655
	[2]		50003656
	[3]		50003657
	[4]		50003652
	[5]		50003658
	[6]		50003659
	[7]		5000365a
	[8]		5000365b
ARR 50001680 (sz=88, trace=300000, nelems=17, elem type=java.lang.Object[]@5000011b)
	[0]		500036ba
	[1]		500036bb
	[2]		500036bc
	[3]		500036bd
	[4]		500036be
	[5]		500036bf
	[6]		500036c0
	[7]		500036c1
	[8]		500036c2
	[9]		500036c3
	[10]		500036c4
	[11]		500036c5
	[12]		500036c6
	[13]		50003666
	[14]		50003664
	[15]		500036c7
	[16]		500036c8
ARR 50001681 (sz=304, trace=300000, nelems=72, elem type=java.lang.Object[]@5000011b)
	[0]		5000177a
	[10]		50001d8a
	[11]		50001d8b
	[12]		50001d8c
	[13]		50001d8d
	[14]		50001d8e
	[15]		50001d8f
	[16]		50001d90
	[17]		50001d91
	[18]		50001d92
	[20]		50001d93
	[21]		50001d94
	[22]		50001d95
	[23]		50001d96
	[24]		50001d97
	[25]		50001d98
	[26]		50001d99
	[27]		50001d9a
	[28]		50001d9b
	[29]		50001d9c
	[30]		50001d9d
	[31]		50001d9e
	[32]		50001d9f
	[33]		50001da0
	[35]		50001da1
	[36]		50001da2
	[37]		50001da3
	[38]		50001da4
	[39]		50001da5
	[42]		50001da6
	[43]		50001da7
	[44]		50001da8
	[45]		50001da9
	[46]		50001daa
	[47]		50001dab
	[48]		50001dac
	[49]		50001dad
	[50]		50001dae
	[51]		50001daf
	[52]		50001db0
	[53]		50001db1
	[54]		50001db2
	[55]		50001db3
	[56]		50001db4
	[57]		50001db5
	[58]		50001db6
	[59]		50001db7
	[60]		50001db8
	[62]		50001db9
	[63]		50001dba
	[65]		50001dbb
	[67]		50001dbc
	[68]		50001dbd
	[69]		50001dbe
	[70]		50001dbf
	[71]		50001dc0
ARR 50001682 (sz=128, trace=300000, nelems=25, elem type=java.lang.Object[]@5000011b)
	[2]		50003672
	[6]		50003673
	[8]		50003674
	[12]		5000313e
	[14]		50003675
	[16]		5000303e
	[17]		50003082
	[24]		50003676
ARR 50001683 (sz=48, trace=300000, nelems=5, elem type=java.lang.Object[]@5000011b)
	[3]		50003668
	[4]		50003669
ARR 50001684 (sz=32, trace=300000, nelems=3, elem type=java.lang.Object[]@5000011b)
	[0]		5000366a
	[2]		50001cf6
ARR 50001685 (sz=872, trace=300000, nelems=214, elem type=java.lang.Object[]@5000011b)
	[0]		5000177a
	[1]		5000301f
	[2]		50003086
	[3]		50003084
	[4]		5000301d
	[5]		50001e90
	[6]		50001c52
	[7]		50001798
	[8]		50003040
	[9]		500030f6
	[10]		500030ff
	[11]		50003100
	[12]		50003101
	[13]		500030f7
	[14]		500030f8
	[15]		500030f9
	[16]		500030fa
	[17]		500030fb
	[18]		500030fc
	[19]		500030fd
	[20]		500030fe
	[21]		5000301c
	[22]		5000314b
	[23]		50003017
	[24]		50003184
	[25]		50003182
	[26]		5000304b
	[27]		500031a3
	[28]		5000304f
	[29]		500031a6
	[30]		5000314a
	[31]		500030ac
	[32]		50003016
	[33]		50003068
	[34]		50003189
	[35]		50003120
	[36]		50003096
	[37]		500030b8
	[38]		5000308a
	[39]		50003053
	[40]		500031aa
	[41]		5000313e
	[42]		50003020
	[43]		500030b0
	[44]		5000306a
	[45]		50003134
	[46]		50003090
	[47]		50003049
	[48]		500031a1
	[49]		5000309d
	[50]		500030bf
	[51]		50003112
	[52]		50003111
	[53]		50003110
	[54]		50003113
	[55]		50003188
	[56]		50003166
	[57]		5000303a
	[58]		50003039
	[59]		50003038
	[60]		50003031
	[61]		5000319a
	[62]		50003048
	[63]		500031a0
	[64]		5000304e
	[65]		500031a5
	[66]		5000304d
	[67]		500031a4
	[68]		5000308d
	[69]		5000306d
	[70]		5000306c
	[71]		5000306b
	[72]		5000304a
	[73]		500031a2
	[74]		5000304c
	[75]		5000302e
	[76]		50003099
	[77]		500030bb
	[78]		50003046
	[79]		5000319e
	[80]		500030f4
	[81]		50003023
	[82]		50003052
	[83]		500031a9
	[84]		5000303e
	[85]		50003082
	[86]		50003051
	[87]		500031a8
	[88]		50003185
	[89]		5000308c
	[90]		5000309e
	[91]		500030c0
	[92]		50003050
	[93]		500031a7
	[94]		50003030
	[95]		50003098
	[96]		500030ba
	[97]		5000308e
	[98]		5000302f
	[99]		5000309c
	[100]		500030be
	[101]		50003178
	[102]		5000309a
	[103]		500030bc
	[104]		5000308f
	[105]		5000309b
	[106]		500030bd
	[107]		5000311a
	[108]		500030d8
	[109]		50003194
	[110]		50003064
	[111]		5000312a
	[112]		500030ae
	[113]		500030a6
	[114]		500030aa
	[115]		50003036
	[116]		5000318c
	[117]		50003162
	[118]		5000319b
	[119]		500030ec
	[120]		500030b2
	[121]		500030b1
	[122]		500030b3
	[123]		500030d0
	[124]		5000316c
	[125]		5000307e
	[126]		500030f0
	[127]		5000315a
	[128]		50003159
	[129]		50003158
	[130]		5000310e
	[131]		50003060
	[132]		5000302c
	[133]		5000312e
	[134]		50003156
	[135]		50003164
	[136]		5000318e
	[137]		5000317a
	[138]		50003130
	[139]		50003168
	[140]		50003072
	[141]		50003170
	[142]		500030c8
	[143]		5000314e
	[144]		5000311e
	[145]		50003174
	[146]		5000307a
	[147]		5000317e
	[148]		50003126
	[149]		50003136
	[150]		5000315e
	[151]		50003190
	[152]		50003118
	[153]		50003148
	[154]		500030d4
	[155]		5000301a
	[156]		50003076
	[157]		5000311b
	[158]		50003122
	[159]		50003014
	[160]		50003144
	[161]		50003152
	[162]		50003140
	[163]		500030e8
	[164]		5000313a
	[165]		500030cc
	[166]		50003042
	[167]		50003062
	[168]		500030a8
	[169]		50003085
	[170]		50003197
	[171]		500030e0
	[172]		500030dc
	[173]		500030df
	[174]		500030de
	[175]		500030dd
	[176]		500030da
	[177]		500030db
	[178]		50003196
	[179]		500030d6
	[180]		500030d2
	[181]		5000312c
	[182]		500030f2
	[183]		50003080
	[184]		50003078
	[185]		50003142
	[186]		500030ea
	[187]		50003074
	[188]		50003180
	[189]		5000313c
	[190]		50003150
	[191]		500030ce
	[192]		50003160
	[193]		50003192
	[194]		5000316a
	[195]		50003128
	[196]		5000307c
	[197]		50003154
	[198]		50003172
	[199]		500030ca
	[200]		50003066
	[201]		50003146
	[202]		50003176
	[203]		5000301e
	[204]		50003021
	[205]		50003022
	[206]		50003044
	[207]		50003124
	[208]		50003132
	[209]		5000317c
	[210]		500030ee
	[211]		50003138
	[212]		5000316e
	[213]		500022f8
ARR 50001686 (sz=24, trace=300000, nelems=1, elem type=java.lang.Object[]@5000011b)
	[0]		500031b6
ARR 50001687 (sz=104, trace=300000, nelems=5, elem type=java.lang.Object[]@5000011b)
	[4]		50001e65
ARR 50001688 (sz=48, trace=300000, nelems=7, elem type=java.lang.Object[]@5000011b)
	[0]		50001ecd
	[2]		50001ece
	[3]		50001ecf
	[4]		50001ed0
	[5]		50001ed1
	[6]		50001ed2
ARR 50001689 (sz=24, trace=300000, nelems=2, elem type=java.lang.Object[]@5000011b)
	[1]		50001ece
ARR 5000168a (sz=24, trace=300000, nelems=1, elem type=java.lang.Object[]@5000011b)
	[0]		50001ecd
ARR 5000168b (sz=24, trace=300000, nelems=1, elem type=java.lang.Object[]@5000011b)
	[0]		50001ed0
ARR 5000168c (sz=24, trace=300000, nelems=1, elem type=java.lang.Object[]@5000011b)
	[0]		50001ed1
ARR 5000168d (sz=24, trace=300000, nelems=1, elem type=java.lang.Object[]@5000011b)
	[0]		50001ecf
ARR 5000168e (sz=24, trace=300000, nelems=0, elem type=java.lang.Object[]@5000011b)
ARR 5000168f (sz=24, trace=300000, nelems=0, elem type=java.lang.Object[]@5000011b)
ARR 50001690 (sz=24, trace=300000, nelems=0, elem type=java.lang.Object[]@5000011b)
ARR 50001691 (sz=40, trace=300000, nelems=0, elem type=java.lang.Object[]@5000011b)
ARR 50001692 (sz=40, trace=300000, nelems=6, elem type=java.lang.Object[]@5000011b)
	[0]		50001eae
	[1]		50001eaf
	[2]		50001eb0
	[3]		50001eb1
	[4]		50001eb2
	[5]		50001eb3
ARR 50001693 (sz=32, trace=300000, nelems=0, elem type=java.lang.Object[]@5000011b)
ARR 50001694 (sz=56, trace=300000, nelems=10, elem type=java.lang.Object[]@5000011b)
	[5]		50002eb6
	[8]		50002eb7
	[9]		50001794
ARR 50001695 (sz=64, trace=300000, nelems=3, elem type=java.lang.Object[]@5000011b)
	[0]		50001c22
	[2]		50001ecb
ARR 50001696 (sz=24, trace=300000, nelems=0, elem type=java.lang.Object[]@5000011b)
ARR 50001697 (sz=24, trace=300000, nelems=0, elem type=java.lang.Object[]@5000011b)
ARR 50001698 (sz=240, trace=300000, nelems=53, elem type=java.lang.Object[]@5000011b)
	[7]		500035e9
	[8]		500035ea
	[9]		500035eb
	[12]		500035ec
	[13]		500035ed
	[14]		500035ee
	[16]		50001ed2
	[17]		500035ef
	[24]		500035f0
	[26]		500035f1
	[40]		50001e91
	[41]		500035f2
	[42]		50001e94
	[44]		500035f3
	[45]		500035f4
	[46]		50002744
	[47]		500035f5
	[50]		500035f6
	[52]		500035f7
ARR 50001699 (sz=24, trace=300000, nelems=1, elem type=java.lang.Object[]@5000011b)
	[0]		5000191a
ARR 5000169a (sz=32, trace=300000, nelems=4, elem type=java.lang.Object[]@5000011b)
	[1]		50003620
	[2]		50003608
	[3]		50001794
ARR 5000169b (sz=192, trace=300000, nelems=0, elem type=java.lang.Object[]@5000011b)
ARR 5000169c (sz=24, trace=300000, nelems=2, elem type=java.lang.Object[]@5000011b)
	[0]		50001ed2
	[1]		50001f31
ARR 5000169d (sz=296, trace=300000, nelems=66, elem type=java.lang.Object[]@5000011b)
	[18]		5000362f
	[25]		50003630
	[45]		50003430
	[50]		50003418
	[51]		50003440
	[52]		5000341c
	[54]		50003424
	[65]		500017c1
ARR 5000169e (sz=24, trace=300000, nelems=1, elem type=java.lang.Object[]@5000011b)
	[0]		5000190f
ARR 5000169f (sz=56, trace=300000, nelems=0, elem type=java.lang.Object[]@5000011b)
ARR 500016a0 (sz=24, trace=300000, nelems=0, elem type=java.lang.Object[]@5000011b)
ARR 500016a1 (sz=64, trace=300000, nelems=7, elem type=java.lang.Object[]@5000011b)
	[6]		5000344f
ARR 500016a2 (sz=40, trace=300000, nelems=5, elem type=java.lang.Object[]@5000011b)
	[4]		50003450
ARR 500016a3 (sz=48, trace=300000, nelems=3, elem type=java.lang.Object[]@5000011b)
	[2]		50001c2d
ARR 500016a4 (sz=24, trace=300000, nelems=1, elem type=java.lang.Object[]@5000011b)
	[0]		50001c22
ARR 500016a5 (sz=24, trace=300000, nelems=0, elem type=java.lang.Object[]@5000011b)
ARR 500016a6 (sz=48, trace=300000, nelems=8, elem type=java.lang.Object[]@5000011b)
	[0]		5000177a
	[1]		50001e64
	[6]		50001c30
	[7]		50001c23
ARR 500016a7 (sz=72, trace=300000, nelems=11, elem type=java.lang.Object[]@5000011b)
	[8]		50001ead
	[10]		500017c5
ARR 500016a8 (sz=24, trace=300000, nelems=0, elem type=java.lang.Object[]@5000011b)
ARR 500016a9 (sz=32, trace=300000, nelems=1, elem type=java.lang.Object[]@5000011b)
	[0]		5000177a
ARR 500016aa (sz=32, trace=300000, nelems=0, elem type=java.lang.Object[]@5000011b)
ARR 500016ab (sz=24, trace=300000, nelems=0, elem type=java.lang.Object[]@5000011b)
ARR 500016ac (sz=48, trace=300000, nelems=6, elem type=java.lang.Object[]@5000011b)
	[0]		5000177a
	[2]		50001c2d
	[3]		50001bf2
	[4]		50003453
	[5]		50001e95
ARR 500016ad (sz=72, trace=300000, nelems=14, elem type=java.lang.Object[]@5000011b)
	[0]		5000177a
	[1]		50001bf3
	[3]		50001bf4
	[10]		50001da8
	[11]		50001da9
	[12]		50001daa
	[13]		50001bf5
ARR 500016ae (sz=48, trace=300000, nelems=0, elem type=java.lang.Object[]@5000011b)
ARR 500016af (sz=24, trace=300000, nelems=0, elem type=java.lang.Object[]@5000011b)
ARR 500016b0 (sz=64, trace=300000, nelems=0, elem type=java.lang.Object[]@5000011b)
ARR 500016b1 (sz=48, trace=300000, nelems=0, elem type=java.lang.Object[]@5000011b)
ARR 500016b2 (sz=24, trace=300000, nelems=0, elem type=java.lang.Object[]@5000011b)
ARR 500016b3 (sz=168, trace=300000, nelems=0, elem type=java.lang.Object[]@5000011b)
ARR 500016b4 (sz=24, trace=300000, nelems=1, elem type=java.lang.Object[]@5000011b)
	[0]		50002eba
ARR 500016b5 (sz=168, trace=300000, nelems=38, elem type=java.lang.Object[]@5000011b)
	[0]		5000342b
	[1]		50003427
	[2]		5000342f
	[3]		50003433
	[4]		5000343f
	[5]		50003417
	[6]		5000343b
	[7]		50003423
	[8]		5000342c
	[9]		50003434
	[10]		50003448
	[11]		50003404
	[12]		5000340c
	[13]		50003410
	[14]		50003414
	[15]		50003430
	[16]		50003428
	[17]		50003438
	[18]		50003444
	[19]		5000344c
	[20]		50003408
	[21]		50003420
	[22]		50003418
	[23]		50003440
	[24]		5000341c
	[25]		5000343c
	[26]		50003424
	[27]		50003407
	[28]		50003437
	[29]		5000344b
	[30]		5000341b
	[31]		5000341f
	[32]		50003403
	[33]		5000340b
	[34]		5000340f
	[35]		50003443
	[36]		50003447
	[37]		50003413
ARR 500016b6 (sz=24, trace=300000, nelems=0, elem type=java.lang.Object[]@5000011b)
ARR 500016b7 (sz=152, trace=300000, nelems=30, elem type=java.lang.Object[]@5000011b)
	[0]		5000177a
	[16]		5000363c
	[17]		5000363d
	[18]		5000363e
	[20]		5000363f
	[21]		50003640
	[22]		50001923
	[23]		50003641
	[26]		50003642
	[27]		50003643
	[28]		50001a35
	[29]		50003644
ARR 500016b8 (sz=24, trace=300000, nelems=0, elem type=java.lang.Object[]@5000011b)
ARR 500016b9 (sz=72, trace=300000, nelems=12, elem type=java.lang.Object[]@5000011b)
	[0]		5000177a
	[2]		50001bfa
	[3]		50001bfb
	[11]		50001bfc
ARR 500016ba (sz=24, trace=300000, nelems=1, elem type=java.lang.Object[]@5000011b)
	[0]		5000177a
ARR 500016bb (sz=24, trace=300000, nelems=0, elem type=java.lang.Object[]@5000011b)
ARR 500016bc (sz=24, trace=300000, nelems=2, elem type=java.lang.Object[]@5000011b)
	[0]		50001a2c
	[1]		50001a2d
ARR 500016bd (sz=32, trace=300000, nelems=3, elem type=java.lang.Object[]@5000011b)
	[0]		50001e1a
	[1]		50001e1b
	[2]		5000191a
ARR 500016be (sz=40, trace=300000, nelems=5, elem type=java.lang.Object[]@5000011b)
	[4]		50001a39
ARR 500016bf (sz=88, trace=300000, nelems=15, elem type=java.lang.Object[]@5000011b)
	[14]		50001923
ARR 500016c0 (sz=40, trace=300000, nelems=5, elem type=java.lang.Object[]@5000011b)
	[4]		50001a35
ARR 500016c1 (sz=112, trace=300000, nelems=24, elem type=java.lang.Object[]@5000011b)
	[0]		5000177a
	[1]		50001c51
	[2]		50001c52
	[3]		50001c53
	[4]		50001c54
	[5]		50001c22
	[6]		50001c55
	[7]		50001c56
	[8]		50001c57
	[9]		50001c58
	[14]		50001c59
	[15]		50001c5a
	[16]		50001c5b
	[17]		50001c5c
	[23]		50001c30
ARR 500016c2 (sz=80, trace=300000, nelems=4, elem type=java.lang.Object[]@5000011b)
	[3]		50001c60
ARR 500016c3 (sz=120, trace=300000, nelems=25, elem type=java.lang.Object[]@5000011b)
	[0]		5000177a
	[1]		50001798
	[2]		50001c2e
	[3]		50001c22
	[10]		50001c2f
	[12]		50001c30
	[13]		50001c31
	[14]		50001c32
	[15]		50001c33
	[17]		50001c34
	[18]		50001c35
	[20]		50001c36
	[21]		50001c37
	[23]		50001c38
	[24]		50001c39
ARR 500016c4 (sz=80, trace=300000, nelems=10, elem type=java.lang.Object[]@5000011b)
	[0]		5000177a
	[9]		50001e4d
ARR 500016c5 (sz=48, trace=300000, nelems=6, elem type=java.lang.Object[]@5000011b)
	[0]		5000177a
	[5]		50001c43
ARR 500016c6 (sz=72, trace=300000, nelems=0, elem type=java.lang.Object[]@5000011b)
ARR 500016c7 (sz=32, trace=300000, nelems=0, elem type=java.lang.Object[]@5000011b)
ARR 500016c8 (sz=112, trace=300000, nelems=23, elem type=java.lang.Object[]@5000011b)
	[14]		50001c23
	[15]		50001c24
	[16]		50001c25
	[18]		500017c0
	[19]		50001c26
	[20]		50001c27
	[21]		50001c28
	[22]		50001794
ARR 500016c9 (sz=64, trace=300000, nelems=9, elem type=java.lang.Object[]@5000011b)
	[0]		5000177a
	[4]		50001c22
	[7]		50001c23
	[8]		50003483
ARR 500016ca (sz=24, trace=300000, nelems=2, elem type=java.lang.Object[]@5000011b)
	[1]		5000348d
ARR 500016cb (sz=24, trace=300000, nelems=1, elem type=java.lang.Object[]@5000011b)
	[0]		500034f2
ARR 500016cc (sz=40, trace=300000, nelems=0, elem type=java.lang.Object[]@5000011b)
ARR 500016cd (sz=80, trace=300000, nelems=11, elem type=java.lang.Object[]@5000011b)
	[10]		500035c9
ARR 500016ce (sz=120, trace=300000, nelems=0, elem type=java.lang.Object[]@5000011b)
ARR 500016cf (sz=24, trace=300000, nelems=1, elem type=java.lang.Object[]@5000011b)
	[0]		500035dc
ARR 500016d0 (sz=64, trace=300000, nelems=0, elem type=java.lang.Object[]@5000011b)
ARR 500016d1 (sz=24, trace=300000, nelems=0, elem type=java.lang.Object[]@5000011b)
ARR 500016d2 (sz=24, trace=300000, nelems=0, elem type=java.lang.Object[]@5000011b)
ARR 500016d3 (sz=40, trace=300000, nelems=0, elem type=java.lang.Object[]@5000011b)
ARR 500016d4 (sz=56, trace=300000, nelems=10, elem type=java.lang.Object[]@5000011b)
	[0]		500035ca
	[1]		500035cb
	[2]		500035cc
	[3]		500035cd
	[4]		500035ce
	[5]		500035cf
	[6]		500035d0
	[7]		500035d1
	[8]		500035d2
	[9]		50001794
ARR 500016d5 (sz=144, trace=300000, nelems=0, elem type=java.lang.Object[]@5000011b)
ARR 500016d6 (sz=128, trace=300000, nelems=0, elem type=java.lang.Object[]@5000011b)
ARR 500016d7 (sz=24, trace=300000, nelems=2, elem type=java.lang.Object[]@5000011b)
	[0]		500035e7
	[1]		500035e8
ARR 500016d8 (sz=32, trace=300000, nelems=3, elem type=java.lang.Object[]@5000011b)
	[2]		5000177b
ARR 500016d9 (sz=96, trace=300000, nelems=19, elem type=java.lang.Object[]@5000011b)
	[0]		5000177a
	[17]		50001c66
	[18]		50001c67
ARR 500016da (sz=32, trace=300000, nelems=2, elem type=java.lang.Object[]@5000011b)
	[0]		50001e26
	[1]		50001e27
ARR 500016db (sz=48, trace=300000, nelems=8, elem type=java.lang.Object[]@5000011b)
	[5]		50001cea
	[6]		50001ceb
	[7]		50001cec
ARR 500016dc (sz=32, trace=300000, nelems=0, elem type=java.lang.Object[]@5000011b)
ARR 500016dd (sz=24, trace=300000, nelems=2, elem type=java.lang.Object[]@5000011b)
	[0]		50001e2f
	[1]		50001e30
ARR 500016de (sz=32, trace=300000, nelems=3, elem type=java.lang.Object[]@5000011b)
	[0]		500018de
	[2]		50001794
ARR 500016df (sz=24, trace=300000, nelems=2, elem type=java.lang.Object[]@5000011b)
	[0]		50003581
	[1]		50003582
ARR 500016e0 (sz=40, trace=300000, nelems=0, elem type=java.lang.Object[]@5000011b)
ARR 500016e1 (sz=80, trace=300000, nelems=14, elem type=java.lang.Object[]@5000011b)
	[13]		50001924
ARR 500016e2 (sz=24, trace=300000, nelems=1, elem type=java.lang.Object[]@5000011b)
	[0]		500017bf
ARR 500016e3 (sz=24, trace=300000, nelems=1, elem type=java.lang.Object[]@5000011b)
	[0]		500018e3
ARR 500016e4 (sz=48, trace=300000, nelems=8, elem type=java.lang.Object[]@5000011b)
	[3]		500035e1
	[6]		500035e2
	[7]		500035e3
ARR 500016e5 (sz=48, trace=300000, nelems=8, elem type=java.lang.Object[]@5000011b)
	[6]		50003489
	[7]		5000348a
ARR 500016e6 (sz=40, trace=300000, nelems=4, elem type=java.lang.Object[]@5000011b)
	[0]		50001798
	[1]		50001c2e
	[3]		50001c37
ARR 500016e7 (sz=32, trace=300000, nelems=4, elem type=java.lang.Object[]@5000011b)
	[3]		50002f8c
ARR 500016e8 (sz=64, trace=300000, nelems=12, elem type=java.lang.Object[]@5000011b)
	[2]		50001c22
	[11]		50001794
ARR 500016e9 (sz=32, trace=300000, nelems=2, elem type=java.lang.Object[]@5000011b)
	[0]		50003488
	[1]		50002ebb
ARR 500016ea (sz=264, trace=300000, nelems=50, elem type=java.lang.Object[]@5000011b)
	[22]		50001e89
	[48]		50001e8a
	[49]		50001e8b
ARR 500016eb (sz=24, trace=300000, nelems=0, elem type=java.lang.Object[]@5000011b)
ARR 500016ec (sz=24, trace=300000, nelems=0, elem type=java.lang.Object[]@5000011b)
ARR 500016ed (sz=24, trace=300000, nelems=0, elem type=java.lang.Object[]@5000011b)
ARR 500016ee (sz=24, trace=300000, nelems=1, elem type=java.lang.Object[]@5000011b)
	[0]		50001e5d
ARR 500016ef (sz=24, trace=300000, nelems=2, elem type=java.lang.Object[]@5000011b)
	[1]		50001a2b
ARR 500016f0 (sz=32, trace=300000, nelems=3, elem type=java.lang.Object[]@5000011b)
	[0]		50002eb9
	[1]		50002eba
	[2]		50002ebb
ARR 500016f1 (sz=32, trace=300000, nelems=0, elem type=java.lang.Object[]@5000011b)
ARR 500016f2 (sz=40, trace=300000, nelems=4, elem type=java.lang.Object[]@5000011b)
	[3]		50001773
ARR 500016f3 (sz=32, trace=300000, nelems=0, elem type=java.lang.Object[]@5000011b)
ARR 500016f4 (sz=32, trace=300000, nelems=0, elem type=java.lang.Object[]@5000011b)
ARR 500016f5 (sz=256, trace=300000, nelems=60, elem type=java.lang.Object[]@5000011b)
	[0]		5000177a
	[3]		50001c52
	[5]		50001bf3
	[10]		50001cee
	[12]		50001cef
	[14]		50001cf0
	[17]		50001cf1
	[23]		50001cf2
	[26]		50001cf3
	[28]		50001cf4
	[29]		50001cf5
	[30]		50001cf6
	[31]		50001cf7
	[32]		50001c16
	[33]		50001cf8
	[37]		50001cf9
	[39]		50001cfa
	[42]		50001cfb
	[43]		50001cfc
	[44]		50001cfd
	[45]		50001cfe
	[46]		50001cff
	[47]		50001d00
	[48]		50001d01
	[49]		50001d02
	[50]		50001d03
	[51]		50001d04
	[55]		50001bf5
	[56]		50001d05
	[57]		50001d06
	[58]		50001d07
	[59]		50001d08
ARR 500016f6 (sz=88, trace=300000, nelems=0, elem type=java.lang.Object[]@5000011b)
ARR 500016f7 (sz=56, trace=300000, nelems=10, elem type=java.lang.Object[]@5000011b)
	[1]		50001913
	[2]		50001914
	[3]		50001915
	[4]		50001916
	[5]		50001917
	[7]		50001918
	[8]		50001919
	[9]		5000191a
ARR 500016f8 (sz=24, trace=300000, nelems=0, elem type=java.lang.Object[]@5000011b)
ARR 500016f9 (sz=72, trace=300000, nelems=0, elem type=java.lang.Object[]@5000011b)
ARR 500016fa (sz=536, trace=300000, nelems=129, elem type=java.lang.Object[]@5000011b)
	[0]		5000230f
	[1]		50002309
	[3]		50002310
	[4]		50002311
	[5]		50002312
	[6]		50002313
	[7]		50002314
	[8]		50002315
	[9]		50002316
	[10]		50002317
	[11]		50002318
	[12]		50002319
	[13]		5000231a
	[14]		5000231b
	[15]		5000231c
	[16]		5000231d
	[17]		5000231e
	[18]		5000231f
	[19]		50002320
	[20]		50002321
	[21]		50002322
	[22]		50002323
	[23]		50002324
	[24]		50002325
	[25]		50002326
	[26]		50002327
	[27]		50002328
	[28]		50002329
	[29]		5000232a
	[30]		5000232b
	[31]		5000232c
	[32]		5000232d
	[33]		5000232e
	[34]		5000232f
	[35]		50002330
	[36]		50002331
	[37]		50002332
	[38]		50002333
	[39]		50002334
	[40]		50002335
	[41]		50002336
	[42]		50002337
	[43]		50002338
	[44]		50002339
	[45]		5000233a
	[46]		5000233b
	[47]		5000233c
	[48]		5000233d
	[49]		5000233e
	[50]		5000233f
	[51]		50002340
	[52]		50002341
	[53]		50002342
	[54]		50002343
	[55]		50002344
	[56]		50002345
	[57]		50002346
	[58]		50002347
	[59]		50002348
	[60]		50002349
	[61]		5000234a
	[62]		5000234b
	[63]		5000234c
	[64]		5000234d
	[65]		5000234e
	[66]		5000234f
	[67]		50002350
	[68]		50002351
	[69]		50002352
	[70]		50002353
	[71]		50002354
	[72]		50002355
	[73]		50002356
	[74]		50002357
	[75]		50002358
	[76]		50002359
	[77]		5000235a
	[78]		5000235b
	[79]		5000235c
	[80]		5000235d
	[81]		5000235e
	[82]		5000235f
	[83]		50002360
	[84]		50002361
	[85]		50002362
	[86]		50002363
	[87]		50002364
	[88]		50002365
	[89]		50002366
	[90]		50002367
	[91]		50002368
	[92]		50002369
	[93]		5000236a
	[94]		5000236b
	[95]		5000236c
	[96]		5000236d
	[97]		5000236e
	[98]		5000236f
	[99]		50002370
	[100]		50002371
	[101]		50002372
	[102]		50002373
	[103]		50002374
	[104]		50002375
	[105]		50002376
	[106]		50002377
	[107]		50002378
	[108]		50002379
	[109]		5000237a
	[110]		5000237b
	[111]		5000237c
	[112]		5000237d
	[113]		5000237e
	[114]		5000237f
	[115]		50002380
	[116]		50002381
	[117]		50002382
	[118]		50002383
	[119]		50002384
	[120]		50002385
	[121]		50002386
	[122]		50002387
	[123]		50002388
	[124]		50002389
	[125]		5000238a
	[126]		5000238b
	[127]		5000238c
	[128]		5000238d
ARR 500016fb (sz=32, trace=300000, nelems=0, elem type=java.lang.Object[]@5000011b)
ARR 500016fc (sz=80, trace=300000, nelems=15, elem type=java.lang.Object[]@5000011b)
	[1]		500021b2
	[2]		500022d9
	[3]		500022da
	[6]		500022db
	[11]		500022dc
	[14]		500022f8
ARR 500016fd (sz=32, trace=300000, nelems=3, elem type=java.lang.Object[]@5000011b)
	[0]		500022e2
	[1]		500022e3
	[2]		500022e4
ARR 500016fe (sz=24, trace=300000, nelems=0, elem type=java.lang.Object[]@5000011b)
ARR 500016ff (sz=24, trace=300000, nelems=0, elem type=java.lang.Object[]@5000011b)
ARR 50001700 (sz=24, trace=300000, nelems=0, elem type=java.lang.Object[]@5000011b)
ARR 50001701 (sz=40, trace=300000, nelems=0, elem type=java.lang.Object[]@5000011b)
ARR 50001702 (sz=104, trace=300000, nelems=17, elem type=java.lang.Object[]@5000011b)
	[7]		50001c29
	[8]		5000356f
	[10]		50003564
	[14]		50003565
	[15]		50003570
	[16]		50001c24
ARR 50001703 (sz=24, trace=300000, nelems=0, elem type=java.lang.Object[]@5000011b)
ARR 50001704 (sz=24, trace=300000, nelems=0, elem type=java.lang.Object[]@5000011b)
ARR 50001705 (sz=24, trace=300000, nelems=0, elem type=java.lang.Object[]@5000011b)
ARR 50001706 (sz=40, trace=300000, nelems=5, elem type=java.lang.Object[]@5000011b)
	[3]		50001773
	[4]		50001e97
ARR 50001707 (sz=40, trace=300000, nelems=0, elem type=java.lang.Object[]@5000011b)
ARR 50001708 (sz=56, trace=300000, nelems=0, elem type=java.lang.Object[]@5000011b)
ARR 50001709 (sz=40, trace=300000, nelems=3, elem type=java.lang.Object[]@5000011b)
	[0]		5000352c
	[2]		50001792
ARR 5000170a (sz=24, trace=300000, nelems=0, elem type=java.lang.Object[]@5000011b)
ARR 5000170b (sz=536, trace=300000, nelems=130, elem type=java.lang.Object[]@5000011b)
	[0]		50002dfa
	[3]		5000257f
	[4]		50002dfb
	[5]		50002311
	[6]		50002312
	[7]		50002313
	[8]		50002314
	[9]		50002315
	[10]		50002316
	[11]		50002317
	[12]		50002318
	[13]		50002319
	[14]		5000231a
	[15]		5000231b
	[16]		5000231c
	[17]		5000231d
	[18]		5000231e
	[19]		5000231f
	[20]		50002320
	[21]		50002321
	[22]		50002322
	[23]		50002323
	[24]		50002324
	[25]		50002325
	[26]		50002326
	[27]		50002327
	[28]		50002328
	[29]		50002329
	[30]		5000232a
	[31]		5000232b
	[32]		5000232c
	[33]		5000232d
	[34]		5000232e
	[35]		5000232f
	[36]		50002330
	[37]		50002331
	[38]		50002332
	[39]		50002333
	[40]		50002334
	[41]		50002335
	[42]		50002336
	[43]		50002337
	[44]		50002338
	[45]		50002339
	[46]		5000233a
	[47]		5000233b
	[48]		5000233c
	[49]		5000233d
	[50]		5000233e
	[51]		5000233f
	[52]		50002340
	[53]		50002341
	[54]		50002342
	[55]		50002343
	[56]		50002344
	[57]		50002345
	[58]		50002346
	[59]		50002347
	[60]		50002348
	[61]		50002349
	[62]		5000234a
	[63]		5000234b
	[64]		5000234c
	[65]		5000234d
	[66]		5000234e
	[67]		5000234f
	[68]		50002350
	[69]		50002351
	[70]		50002352
	[71]		50002353
	[72]		50002354
	[73]		50002355
	[74]		50002356
	[75]		50002357
	[76]		50002358
	[77]		50002359
	[78]		5000235a
	[79]		5000235b
	[80]		5000235c
	[81]		5000235d
	[82]		5000235e
	[83]		5000235f
	[84]		50002360
	[85]		50002361
	[86]		50002362
	[87]		50002363
	[88]		50002364
	[89]		50002365
	[90]		50002366
	[91]		50002367
	[92]		50002368
	[93]		50002369
	[94]		5000236a
	[95]		5000236b
	[96]		5000236c
	[97]		5000236d
	[98]		5000236e
	[99]		5000236f
	[100]		50002370
	[101]		50002371
	[102]		50002372
	[103]		50002373
	[104]		50002374
	[105]		50002375
	[106]		50002376
	[107]		50002377
	[108]		50002378
	[109]		50002379
	[110]		5000237a
	[111]		5000237b
	[112]		5000237c
	[113]		5000237d
	[114]		5000237e
	[115]		5000237f
	[116]		50002380
	[117]		50002381
	[118]		50002382
	[119]		50002383
	[120]		50002384
	[121]		50002385
	[122]		50002386
	[123]		50002dfc
	[124]		50002388
	[125]		50002389
	[126]		5000238a
	[127]		5000238b
	[128]		5000238c
	[129]		5000238d
ARR 5000170c (sz=24, trace=300000, nelems=0, elem type=java.lang.Object[]@5000011b)
ARR 5000170d (sz=32, trace=300000, nelems=0, elem type=java.lang.Object[]@5000011b)
ARR 5000170e (sz=24, trace=300000, nelems=0, elem type=java.lang.Object[]@5000011b)
ARR 5000170f (sz=80, trace=300000, nelems=13, elem type=java.lang.Object[]@5000011b)
	[1]		500021b2
	[2]		500022d9
	[3]		500022da
	[6]		500022db
	[12]		500022dc
ARR 50001710 (sz=32, trace=300000, nelems=0, elem type=java.lang.Object[]@5000011b)
ARR 50001711 (sz=32, trace=300000, nelems=0, elem type=java.lang.Object[]@5000011b)
ARR 50001712 (sz=56, trace=300000, nelems=8, elem type=java.lang.Object[]@5000011b)
	[2]		50001ebb
	[3]		50001ebc
	[4]		50001ebd
	[7]		50001ebe
ARR 50001713 (sz=24, trace=300000, nelems=2, elem type=java.lang.Object[]@5000011b)
	[0]		50001eb5
	[1]		50001eb6
ARR 50001714 (sz=24, trace=300000, nelems=1, elem type=java.lang.Object[]@5000011b)
	[0]		5000191a
ARR 50001715 (sz=48, trace=300000, nelems=0, elem type=java.lang.Object[]@5000011b)
ARR 50001716 (sz=40, trace=300000, nelems=4, elem type=java.lang.Object[]@5000011b)
	[0]		500022eb
	[1]		500022ec
	[2]		500022ed
	[3]		500022ee
ARR 50001717 (sz=24, trace=300000, nelems=0, elem type=java.lang.Object[]@5000011b)
ARR 50001718 (sz=56, trace=300000, nelems=10, elem type=java.lang.Object[]@5000011b)
	[6]		500017a8
	[7]		500017a9
	[8]		500017aa
	[9]		500017ab
ARR 50001719 (sz=32, trace=300000, nelems=0, elem type=java.lang.Object[]@5000011b)
ARR 5000171a (sz=152, trace=300000, nelems=0, elem type=java.lang.Object[]@5000011b)
ARR 5000171b (sz=24, trace=300000, nelems=0, elem type=java.lang.Object[]@5000011b)
ARR 5000171c (sz=64, trace=300000, nelems=11, elem type=java.lang.Object[]@5000011b)
	[0]		500017be
	[3]		500017bf
	[4]		500017c0
	[5]		500017c1
	[6]		500017c2
	[7]		500017c3
	[8]		500017c4
	[9]		500017c5
	[10]		50001794
ARR 5000171d (sz=40, trace=300000, nelems=0, elem type=java.lang.Object[]@5000011b)
ARR 5000171e (sz=48, trace=300000, nelems=0, elem type=java.lang.Object[]@5000011b)
ARR 5000171f (sz=32, trace=300000, nelems=1, elem type=java.lang.Object[]@5000011b)
	[0]		50001797
ARR 50001720 (sz=24, trace=300000, nelems=0, elem type=java.lang.Object[]@5000011b)
ARR 50001721 (sz=56, trace=300000, nelems=10, elem type=java.lang.Object[]@5000011b)
	[9]		50001a37
ARR 50001722 (sz=24, trace=300000, nelems=1, elem type=java.lang.Object[]@5000011b)
	[0]		500035a1
ARR 50001723 (sz=24, trace=300000, nelems=0, elem type=java.lang.Object[]@5000011b)
ARR 50001724 (sz=48, trace=300000, nelems=7, elem type=java.lang.Object[]@5000011b)
	[0]		5000177a
	[1]		500021b2
	[5]		500021b3
	[6]		500021b4
ARR 50001725 (sz=24, trace=300000, nelems=0, elem type=java.lang.Object[]@5000011b)
ARR 50001726 (sz=24, trace=300000, nelems=2, elem type=java.lang.Object[]@5000011b)
	[0]		50001798
	[1]		500020bd
ARR 50001727 (sz=864, trace=300000, nelems=212, elem type=java.lang.Object[]@5000011b)
	[0]		50001ef1
	[1]		50001edf
	[2]		50001ef2
	[3]		50001ef3
	[4]		50001ef4
	[5]		50001ef5
	[6]		50001ef6
	[7]		50001ef7
	[8]		50001ef8
	[9]		50001ef9
	[10]		50001efa
	[11]		50001efb
	[12]		50001efc
	[13]		50001efd
	[14]		50001efe
	[15]		50001eff
	[16]		50001f00
	[17]		50001f01
	[18]		50001f02
	[19]		50001f03
	[20]		50001f04
	[21]		50001f05
	[22]		50001f06
	[23]		50001f07
	[24]		50001f08
	[25]		50001f09
	[26]		50001ee1
	[27]		50001ed6
	[28]		50001ed8
	[29]		50001f0a
	[30]		50001f0b
	[31]		50001f0c
	[32]		50001f0d
	[33]		50001f0e
	[34]		50001edb
	[35]		50001f0f
	[36]		50001f10
	[37]		50001f11
	[38]		50001f12
	[39]		50001ed9
	[40]		50001f13
	[41]		50001f14
	[42]		50001f15
	[43]		50001f16
	[44]		50001f17
	[45]		50001f18
	[46]		50001f19
	[47]		50001f1a
	[48]		50001f1b
	[49]		50001ed7
	[50]		50001f1c
	[51]		50001f1d
	[52]		50001f1e
	[53]		50001f1f
	[54]		50001f20
	[55]		50001f21
	[56]		50001f22
	[57]		50001f23
	[58]		50001f24
	[59]		50001f25
	[60]		50001f26
	[61]		50001f27
	[62]		50001f28
	[63]		50001f29
	[64]		50001f2a
	[65]		50001f2b
	[66]		50001f2c
	[67]		50001f2d
	[68]		50001f2e
	[69]		50001f2f
	[70]		50001f30
	[71]		50001f31
	[72]		50001f32
	[73]		50001f33
	[74]		50001f34
	[75]		50001f35
	[76]		50001f36
	[77]		50001f37
	[78]		50001f38
	[79]		50001f39
	[80]		50001f3a
	[81]		50001f3b
	[82]		50001f3c
	[83]		50001f3d
	[84]		50001f3e
	[85]		50001f3f
	[86]		50001f40
	[87]		50001f41
	[88]		50001f42
	[89]		50001ee2
	[90]		50001f43
	[91]		50001f44
	[92]		50001f45
	[93]		50001f46
	[94]		50001f47
	[95]		50001f48
	[96]		50001f49
	[97]		50001f4a
	[98]		50001edc
	[99]		50001f4b
	[100]		50001f4c
	[101]		50001f4d
	[102]		50001f4e
	[103]		50001f4f
	[104]		50001f50
	[105]		50001f51
	[106]		50001f52
	[107]		50001f53
	[108]		50001f54
	[109]		50001f55
	[110]		50001f56
	[111]		50001f57
	[112]		50001f58
	[113]		50001f59
	[114]		50001f5a
	[115]		50001f5b
	[116]		50001f5c
	[117]		50001f5d
	[118]		50001f5e
	[119]		50001f5f
	[120]		50001f60
	[121]		50001f61
	[122]		50001f62
	[123]		50001edd
	[124]		50001f63
	[125]		50001f64
	[126]		50001f65
	[127]		50001f66
	[128]		50001f67
	[129]		50001f68
	[130]		50001f69
	[131]		50001f6a
	[132]		50001f6b
	[133]		50001f6c
	[134]		50001f6d
	[135]		50001f6e
	[136]		50001f6f
	[137]		50001f70
	[138]		50001f71
	[139]		50001f72
	[140]		50001f73
	[141]		50001f74
	[142]		50001f75
	[143]		50001ede
	[144]		50001f76
	[145]		50001f77
	[146]		50001f78
	[147]		50001f79
	[148]		50001f7a
	[149]		50001f7b
	[150]		50001f7c
	[151]		50001f7d
	[152]		50001f7e
	[153]		50001f7f
	[154]		50001f80
	[155]		50001f81
	[156]		50001f82
	[157]		50001f83
	[158]		50001f84
	[159]		50001f85
	[160]		50001f86
	[161]		50001f87
	[162]		50001f88
	[163]		50001f89
	[164]		50001f8a
	[165]		50001f8b
	[166]		50001f8c
	[167]		50001f8d
	[168]		50001f8e
	[169]		50001f8f
	[170]		50001f90
	[171]		50001f91
	[172]		50001f92
	[173]		50001f93
	[174]		50001f94
	[175]		50001f95
	[176]		50001f96
	[177]		50001f97
	[178]		50001f98
	[179]		50001f99
	[180]		50001ed5
	[181]		50001f9a
	[182]		50001f9b
	[183]		50001f9c
	[184]		50001f9d
	[185]		50001f9e
	[186]		50001f9f
	[187]		50001fa0
	[188]		50001fa1
	[189]		50001ee0
	[190]		50001fa2
	[191]		50001fa3
	[192]		50001fa4
	[193]		50001fa5
	[194]		50001fa6
	[195]		50001fa7
	[196]		50001fa8
	[197]		50001fa9
	[198]		50001faa
	[199]		50001fab
	[200]		50001fac
	[201]		50001fad
	[202]		50001fae
	[203]		50001faf
	[204]		50001fb0
	[205]		50001fb1
	[206]		50001eda
	[207]		50001fb2
	[208]		50001fb3
	[209]		50001fb4
	[210]		50001fb5
	[211]		50001fb6
ARR 50001728 (sz=984, trace=300000, nelems=241, elem type=java.lang.Object[]@5000011b)
	[0]		50001ef1
	[1]		50001edf
	[2]		50001ef2
	[3]		50001ef3
	[4]		50001ef4
	[5]		50001ef5
	[6]		50001ef6
	[7]		50001ef7
	[8]		50001ef8
	[9]		50001ef9
	[10]		50001efa
	[11]		50001efb
	[12]		50001efc
	[13]		50001fb4
	[14]		50001efd
	[15]		50001efe
	[16]		50001eff
	[17]		50001f00
	[18]		50001f01
	[19]		50001f02
	[20]		50001f03
	[21]		50001f04
	[22]		50001f05
	[23]		50001f06
	[24]		50001f07
	[25]		50001f08
	[26]		50001f09
	[27]		50001f42
	[28]		5000211c
	[29]		5000211d
	[30]		5000211e
	[31]		50001ee2
	[32]		50001f43
	[33]		500020c0
	[34]		5000211f
	[35]		50001f44
	[36]		50001f45
	[37]		50001f46
	[38]		50001f47
	[39]		50001f48
	[40]		50001f49
	[41]		50001f4a
	[42]		50001edc
	[43]		50001f4b
	[44]		50001f4c
	[45]		50001f4d
	[46]		50001f4e
	[47]		50001f4f
	[48]		50001f50
	[49]		50001f51
	[50]		50001f52
	[51]		50001f53
	[52]		50001f54
	[53]		50001f55
	[54]		50001f56
	[55]		50001f57
	[56]		50001f58
	[57]		50001f59
	[58]		50001f5a
	[59]		50001f5b
	[60]		50001f5c
	[61]		50001f5d
	[62]		50001f5e
	[63]		50001f5f
	[64]		50001f60
	[65]		50001f61
	[66]		50001f62
	[67]		50002120
	[68]		50002121
	[69]		50002122
	[70]		50002123
	[71]		50002124
	[72]		50002125
	[73]		50002126
	[74]		50002127
	[75]		50002128
	[76]		50002129
	[77]		5000212a
	[78]		5000212b
	[79]		5000212c
	[80]		50001f70
	[81]		50001f71
	[82]		50001f72
	[83]		50001f73
	[84]		5000212d
	[85]		50001f74
	[86]		50001f75
	[87]		50001ede
	[88]		5000212e
	[89]		5000212f
	[90]		50001f76
	[91]		50001f77
	[92]		50001f78
	[93]		50001f79
	[94]		50001f7a
	[95]		50001f7b
	[96]		50002130
	[97]		50001f7c
	[98]		50001f7d
	[99]		50001f7e
	[100]		50001f7f
	[101]		50001f80
	[102]		50001f81
	[103]		50001fb5
	[104]		50001f82
	[105]		50001f83
	[106]		50001f84
	[107]		50001f85
	[108]		50002131
	[109]		500020c1
	[110]		50002132
	[111]		50001f86
	[112]		50001f87
	[113]		50001f88
	[114]		50001f89
	[115]		50002133
	[116]		50001f8a
	[117]		50001f8b
	[118]		50001f8c
	[119]		50001f8d
	[120]		50001f8e
	[121]		50001f8f
	[122]		50001fb6
	[123]		50001f90
	[124]		50001f91
	[125]		50001f92
	[126]		50001f93
	[127]		50002134
	[128]		50002135
	[129]		500020c2
	[130]		500020c3
	[131]		500020c4
	[132]		500020c5
	[133]		500020c6
	[134]		500020c7
	[135]		500020c8
	[136]		500020c9
	[137]		50001f94
	[138]		50001f95
	[139]		50001f96
	[140]		50001f97
	[141]		50001f98
	[142]		50001f99
	[143]		50001ed5
	[144]		50002136
	[145]		50002137
	[146]		50002138
	[147]		50002139
	[148]		5000213a
	[149]		50001f9a
	[150]		5000213b
	[151]		50001f9b
	[152]		5000213c
	[153]		5000213d
	[154]		50001f9c
	[155]		5000213e
	[156]		5000213f
	[157]		50001f9d
	[158]		50001f9e
	[159]		50001f9f
	[160]		50001fa0
	[161]		50001fa1
	[162]		50001ee0
	[163]		50002140
	[164]		50002141
	[165]		50001fa2
	[166]		50002142
	[167]		50002143
	[168]		50002144
	[169]		50002145
	[170]		50002146
	[171]		50002147
	[172]		50002148
	[173]		50002149
	[174]		5000214a
	[175]		5000214b
	[176]		5000214c
	[177]		5000214d
	[178]		5000214e
	[179]		50001fa3
	[180]		500020ca
	[181]		500020cb
	[182]		50001fa4
	[183]		50001fa5
	[184]		50001fa6
	[185]		50001fa7
	[186]		50001fa8
	[187]		50001fa9
	[188]		5000214f
	[189]		50002150
	[190]		50001faa
	[191]		50001fab
	[192]		50001fac
	[193]		50001fad
	[194]		50002151
	[195]		50002152
	[196]		50001faf
	[197]		50001fb0
	[198]		50001fb1
	[199]		50002153
	[200]		50002154
	[201]		50002155
	[202]		50002156
	[203]		50001eda
	[204]		500020cc
	[205]		500020cd
	[206]		500020ce
	[207]		500020cf
	[208]		500020d0
	[209]		500020d1
	[210]		50002157
	[211]		500020d2
	[212]		50002158
	[213]		500020d3
	[214]		50001fb2
	[215]		50002159
	[216]		5000215a
	[217]		5000215b
	[218]		5000215c
	[219]		5000215d
	[220]		5000215e
	[221]		5000215f
	[222]		50002160
	[223]		50002161
	[224]		50002162
	[225]		500020d4
	[226]		500020d5
	[227]		500020d6
	[228]		500020d7
	[229]		500020d8
	[230]		500020d9
	[231]		50001fb3
	[232]		500020da
	[233]		500020db
	[234]		50002163
	[235]		50002164
	[236]		500020dc
	[237]		50002165
	[238]		500020dd
	[239]		50002166
	[240]		500020de
ARR 50001729 (sz=328, trace=300000, nelems=78, elem type=java.lang.Object[]@5000011b)
	[0]		500020a2
	[1]		500020a3
	[2]		500020a4
	[3]		500020a5
	[4]		500020a6
	[5]		500020a7
	[6]		500020a8
	[7]		500020a9
	[8]		500020aa
	[9]		500020ab
	[10]		500020ac
	[11]		500020ad
	[12]		50001f29
	[13]		500020ae
	[14]		500020af
	[15]		500020b0
	[16]		500020b1
	[17]		500020b2
	[18]		500020b3
	[19]		500020b4
	[20]		500020b5
	[21]		500020b6
	[22]		500020b7
	[23]		500020b8
	[24]		500020b9
	[25]		500020ba
	[26]		500020bb
	[27]		500020bc
	[28]		500020bd
	[29]		50001f32
	[30]		50001f33
	[31]		50001f34
	[32]		500020be
	[33]		50001f35
	[34]		50001f36
	[35]		50001f37
	[36]		50001f38
	[37]		50001f39
	[38]		500020bf
	[39]		500020c0
	[40]		500020c1
	[41]		50001f86
	[42]		50001f88
	[43]		50001f8a
	[44]		50001f8b
	[45]		50001f8c
	[46]		50001f8d
	[47]		50001f8e
	[48]		50001f8f
	[49]		500020c2
	[50]		500020c3
	[51]		500020c4
	[52]		500020c5
	[53]		500020c6
	[54]		500020c7
	[55]		500020c8
	[56]		500020c9
	[57]		500020ca
	[58]		500020cb
	[59]		500020cc
	[60]		500020cd
	[61]		500020ce
	[62]		500020cf
	[63]		500020d0
	[64]		500020d1
	[65]		500020d2
	[66]		500020d3
	[67]		500020d4
	[68]		500020d5
	[69]		500020d6
	[70]		500020d7
	[71]		500020d8
	[72]		500020d9
	[73]		500020da
	[74]		500020db
	[75]		500020dc
	[76]		500020dd
	[77]		500020de
ARR 5000172a (sz=176, trace=300000, nelems=39, elem type=java.lang.Object[]@5000011b)
	[0]		500020c0
	[1]		500020c1
	[2]		50001f86
	[3]		50001f88
	[4]		50001f8a
	[5]		50001f8b
	[6]		50001f8c
	[7]		50001f8d
	[8]		50001f8e
	[9]		50001f8f
	[10]		500020c2
	[11]		500020c3
	[12]		500020c4
	[13]		500020c5
	[14]		500020c6
	[15]		500020c7
	[16]		500020c8
	[17]		500020c9
	[18]		500020ca
	[19]		500020cb
	[20]		500020cc
	[21]		500020cd
	[22]		500020ce
	[23]		500020cf
	[24]		500020d0
	[25]		500020d1
	[26]		500020d2
	[27]		500020d3
	[28]		500020d4
	[29]		500020d5
	[30]		500020d6
	[31]		500020d7
	[32]		500020d8
	[33]		500020d9
	[34]		500020da
	[35]		500020db
	[36]		500020dc
	[37]		500020dd
	[38]		500020de
ARR 5000172b (sz=24, trace=300000, nelems=1, elem type=java.lang.Object[]@5000011b)
	[0]		5000191a
ARR 5000172c (sz=24, trace=300000, nelems=1, elem type=java.lang.Object[]@5000011b)
	[0]		5000350e
ARR 5000172d (sz=40, trace=300000, nelems=5, elem type=java.lang.Object[]@5000011b)
	[2]		50003508
	[3]		50003509
	[4]		5000350a
ARR 5000172e (sz=32, trace=300000, nelems=0, elem type=java.lang.Object[]@5000011b)
ARR 5000172f (sz=72, trace=300000, nelems=0, elem type=java.lang.Object[]@5000011b)
ARR 50001730 (sz=104, trace=300000, nelems=1, elem type=java.lang.Object[]@5000011b)
	[0]		50001777
ARR 50001731 (sz=24, trace=300000, nelems=1, elem type=java.lang.Object[]@5000011b)
	[0]		50002e8b
ARR 50001732 (sz=24, trace=300000, nelems=1, elem type=java.lang.Object[]@5000011b)
	[0]		50001798
ARR 50001733 (sz=3040, trace=300000, nelems=750, elem type=java.lang.Object[]@5000011b)
	[0]		50002491
	[1]		50002492
	[2]		50002493
	[3]		50002494
	[4]		50002495
	[5]		50002496
	[6]		50002497
	[7]		50002498
	[8]		50002499
	[9]		5000249a
	[10]		5000249b
	[11]		5000249c
	[12]		5000249d
	[13]		5000230c
	[14]		5000249e
	[15]		5000249f
	[16]		500024a0
	[17]		500024a1
	[18]		500024a2
	[19]		500024a3
	[20]		500024a4
	[21]		500024a5
	[22]		500024a6
	[23]		500024a7
	[24]		500024a8
	[25]		500024a9
	[26]		500024aa
	[27]		500024ab
	[28]		50002309
	[29]		500024ac
	[30]		500024ad
	[31]		500024ae
	[32]		500024af
	[33]		500024b0
	[34]		500024b1
	[35]		500024b2
	[36]		500024b3
	[37]		500024b4
	[38]		500024b5
	[39]		500024b6
	[40]		500024b7
	[41]		500024b8
	[42]		500024b9
	[43]		500024ba
	[44]		500024bb
	[45]		500024bc
	[46]		500024bd
	[47]		500024be
	[48]		500024bf
	[49]		500024c0
	[50]		500024c1
	[51]		500024c2
	[52]		500024c3
	[53]		500024c4
	[54]		500024c5
	[55]		500024c6
	[56]		500024c7
	[57]		500024c8
	[58]		500024c9
	[59]		500024ca
	[60]		500024cb
	[61]		500024cc
	[62]		500024cd
	[63]		500024ce
	[64]		500024cf
	[65]		500024d0
	[66]		500024d1
	[67]		500024d2
	[68]		500024d3
	[69]		500024d4
	[70]		500024d5
	[71]		500024d6
	[72]		500024d7
	[73]		500024d8
	[74]		500024d9
	[75]		500024da
	[76]		500024db
	[77]		500024dc
	[78]		500024dd
	[79]		500024de
	[80]		500024df
	[81]		500024e0
	[82]		500024e1
	[83]		500024e2
	[84]		500024e3
	[85]		500024e4
	[86]		500024e5
	[87]		500024e6
	[88]		500024e7
	[89]		500024e8
	[90]		500024e9
	[91]		500024ea
	[92]		500024eb
	[93]		500024ec
	[94]		500024ed
	[95]		500024ee
	[96]		500024ef
	[97]		500024f0
	[98]		500024f1
	[99]		500024f2
	[100]		500024f3
	[101]		500024f4
	[102]		500024f5
	[103]		500024f6
	[104]		500024f7
	[105]		500024f8
	[106]		500024f9
	[107]		500024fa
	[108]		500024fb
	[109]		500024fc
	[110]		500024fd
	[111]		500024fe
	[112]		500024ff
	[113]		50002500
	[114]		50002501
	[115]		50002502
	[116]		50002503
	[117]		50002504
	[118]		50002505
	[119]		50002506
	[120]		50002507
	[121]		50002508
	[122]		50002509
	[123]		5000250a
	[124]		5000250b
	[125]		5000250c
	[126]		5000250d
	[127]		5000250e
	[128]		5000250f
	[129]		50002510
	[130]		50002511
	[131]		50002512
	[132]		50002513
	[133]		50002514
	[134]		50002515
	[135]		50002516
	[136]		50002517
	[137]		50002518
	[138]		50002519
	[139]		5000251a
	[140]		5000251b
	[141]		5000251c
	[142]		5000251d
	[143]		5000251e
	[144]		5000251f
	[145]		50002520
	[146]		50002521
	[147]		50002522
	[148]		50002523
	[149]		50002524
	[150]		50002525
	[151]		50002526
	[152]		50002527
	[153]		50002528
	[154]		50002529
	[155]		5000252a
	[156]		5000252b
	[157]		5000252c
	[158]		5000252d
	[159]		5000252e
	[160]		5000252f
	[161]		50002530
	[162]		50002531
	[163]		50002532
	[164]		50002533
	[165]		50002534
	[166]		50002535
	[167]		50002536
	[168]		50002537
	[169]		50002538
	[170]		50002539
	[171]		5000253a
	[172]		5000253b
	[173]		5000253c
	[174]		5000253d
	[175]		5000253e
	[176]		5000253f
	[177]		50002540
	[178]		50002541
	[179]		50002542
	[180]		50002543
	[181]		50002544
	[182]		50002545
	[183]		50002546
	[184]		50002547
	[185]		50002548
	[186]		50002549
	[187]		5000254a
	[188]		5000254b
	[189]		5000254c
	[190]		5000254d
	[191]		5000254e
	[192]		5000254f
	[193]		50002550
	[194]		50002551
	[195]		50002552
	[196]		50002553
	[197]		50002554
	[198]		50002555
	[199]		50002556
	[200]		50002557
	[201]		50002558
	[202]		50002559
	[203]		5000255a
	[204]		5000255b
	[205]		5000255c
	[206]		5000255d
	[207]		5000255e
	[208]		5000255f
	[209]		50002560
	[210]		50002561
	[211]		50002562
	[212]		50002563
	[213]		50002564
	[214]		50002565
	[215]		5000230b
	[216]		50002566
	[217]		50002567
	[218]		50002568
	[219]		50002569
	[220]		5000256a
	[221]		5000256b
	[222]		5000256c
	[223]		5000256d
	[224]		5000256e
	[225]		5000256f
	[226]		50002570
	[227]		50002571
	[228]		50002572
	[229]		50002573
	[230]		50002574
	[231]		50002575
	[232]		50002576
	[233]		50002577
	[234]		50002578
	[235]		50002579
	[236]		5000257a
	[237]		5000257b
	[238]		5000257c
	[239]		5000257d
	[240]		5000257e
	[241]		5000257f
	[242]		50002580
	[243]		50002581
	[244]		50002582
	[245]		50002583
	[246]		50002584
	[247]		50002585
	[248]		50002586
	[249]		50002587
	[250]		50002588
	[252]		50002589
	[253]		5000258a
	[254]		5000258b
	[255]		5000258c
	[256]		5000258d
	[257]		5000258e
	[258]		5000258f
	[259]		50002590
	[260]		50002591
	[261]		50002592
	[262]		50002593
	[263]		50002594
	[264]		50002595
	[265]		50002596
	[266]		50002597
	[267]		50002598
	[268]		50002599
	[269]		5000259a
	[270]		5000259b
	[271]		5000259c
	[272]		5000259d
	[273]		5000259e
	[274]		5000259f
	[275]		500025a0
	[276]		500025a1
	[277]		500025a2
	[278]		500025a3
	[279]		500025a4
	[280]		500025a5
	[281]		500025a6
	[282]		500025a7
	[283]		500025a8
	[284]		500025a9
	[285]		500025aa
	[286]		500025ab
	[287]		500025ac
	[288]		500025ad
	[289]		500025ae
	[290]		500025af
	[291]		500025b0
	[292]		500025b1
	[293]		500025b2
	[294]		500025b3
	[295]		500025b4
	[296]		500025b5
	[297]		500025b6
	[298]		500025b7
	[299]		500025b8
	[300]		500025b9
	[301]		500025ba
	[302]		500025bb
	[303]		500025bc
	[304]		500025bd
	[305]		500025be
	[306]		500025bf
	[307]		500025c0
	[308]		500025c1
	[309]		500025c2
	[310]		500025c3
	[311]		500025c4
	[312]		500025c5
	[313]		500025c6
	[314]		500025c7
	[315]		500025c8
	[316]		500025c9
	[317]		500025ca
	[318]		500025cb
	[319]		500025cc
	[320]		500025cd
	[321]		500025ce
	[322]		500025cf
	[324]		500025d0
	[325]		500025d1
	[326]		500025d2
	[327]		500025d3
	[328]		500025d4
	[329]		500025d5
	[330]		500025d6
	[331]		500025d7
	[332]		500025d8
	[333]		500025d9
	[334]		500025da
	[335]		500025db
	[336]		500025dc
	[337]		500025dd
	[338]		500025de
	[339]		500025df
	[340]		500025e0
	[341]		500025e1
	[342]		500025e2
	[343]		500025e3
	[344]		500025e4
	[345]		500025e5
	[346]		500025e6
	[347]		500025e7
	[348]		500025e8
	[349]		500025e9
	[350]		500025ea
	[351]		500025eb
	[352]		500025ec
	[353]		500025ed
	[354]		500025ee
	[355]		500025ef
	[356]		500025f0
	[357]		500025f1
	[358]		500025f2
	[359]		500025f3
	[360]		500025f4
	[361]		500025f5
	[362]		500025f6
	[363]		500025f7
	[364]		500025f8
	[365]		500025f9
	[366]		500025fa
	[367]		500025fb
	[368]		500025fc
	[369]		500025fd
	[370]		500025fe
	[371]		500025ff
	[372]		50002600
	[373]		50002601
	[374]		50002602
	[375]		50002603
	[376]		50002604
	[377]		50002605
	[378]		50002606
	[379]		50002607
	[380]		50002608
	[381]		50002609
	[382]		5000260a
	[383]		5000260b
	[384]		5000260c
	[385]		5000260d
	[386]		5000260e
	[387]		5000260f
	[388]		50002610
	[389]		50002611
	[390]		50002612
	[391]		50002613
	[392]		50002614
	[393]		50002615
	[394]		50002616
	[395]		50002617
	[396]		50002618
	[397]		50002619
	[398]		5000261a
	[399]		5000261b
	[400]		5000261c
	[401]		5000261d
	[402]		5000261e
	[403]		5000261f
	[404]		50002620
	[405]		50002621
	[406]		50002622
	[407]		50002623
	[408]		50002624
	[409]		50002625
	[410]		50002626
	[411]		50002627
	[412]		50002628
	[413]		50002629
	[414]		5000262a
	[415]		5000262b
	[416]		5000262c
	[417]		5000262d
	[418]		5000262e
	[419]		5000262f
	[420]		50002630
	[421]		50002631
	[422]		50002632
	[424]		50002633
	[425]		50002634
	[426]		50002635
	[427]		50002636
	[428]		50002637
	[429]		50002638
	[430]		50002639
	[431]		5000263a
	[432]		5000263b
	[433]		5000263c
	[434]		5000263d
	[435]		5000263e
	[436]		5000263f
	[437]		50002640
	[438]		50002641
	[439]		50002642
	[440]		50002643
	[441]		50002644
	[442]		50002645
	[443]		50002646
	[444]		50002647
	[445]		50002648
	[446]		50002649
	[447]		5000264a
	[448]		5000264b
	[449]		5000264c
	[450]		5000264d
	[451]		5000264e
	[452]		5000264f
	[453]		50002650
	[454]		50002651
	[455]		50002652
	[456]		50002653
	[457]		50002654
	[458]		50002655
	[459]		50002656
	[460]		50002657
	[461]		50002658
	[462]		50002659
	[463]		5000265a
	[464]		5000265b
	[465]		5000265c
	[466]		5000265d
	[467]		5000265e
	[468]		5000265f
	[469]		50002660
	[470]		50002661
	[471]		50002662
	[472]		50002663
	[473]		50002664
	[474]		50002665
	[475]		50002666
	[476]		50002667
	[477]		50002668
	[478]		50002669
	[479]		5000266a
	[480]		5000266b
	[481]		5000266c
	[482]		5000266d
	[483]		5000266e
	[484]		5000266f
	[485]		50002670
	[486]		50002671
	[487]		50002672
	[488]		50002673
	[489]		50002674
	[490]		50002675
	[491]		50002676
	[492]		50002677
	[493]		50002678
	[494]		50002679
	[495]		5000267a
	[496]		5000267b
	[497]		5000267c
	[498]		5000267d
	[499]		5000267e
	[500]		5000267f
	[501]		50002680
	[502]		50002681
	[503]		50002682
	[504]		50002683
	[505]		50002684
	[506]		50002685
	[507]		50002686
	[508]		50002687
	[509]		50002688
	[510]		50002689
	[511]		5000268a
	[512]		5000268b
	[513]		5000268c
	[514]		5000268d
	[515]		5000268e
	[516]		5000268f
	[517]		50002690
	[518]		50002691
	[519]		50002692
	[520]		50002693
	[521]		50002694
	[522]		50002695
	[523]		50002696
	[524]		50002697
	[525]		50002698
	[526]		50002699
	[527]		5000269a
	[528]		5000269b
	[529]		5000269c
	[530]		5000269d
	[531]		5000269e
	[532]		5000269f
	[533]		500026a0
	[534]		500026a1
	[535]		500026a2
	[536]		500026a3
	[537]		500026a4
	[538]		500026a5
	[539]		500026a6
	[540]		500026a7
	[541]		500026a8
	[542]		500026a9
	[543]		500026aa
	[544]		500026ab
	[545]		500026ac
	[546]		500026ad
	[547]		500026ae
	[548]		500026af
	[549]		500026b0
	[550]		500026b1
	[551]		500026b2
	[552]		500026b3
	[553]		500026b4
	[554]		500026b5
	[555]		500026b6
	[556]		500026b7
	[557]		500026b8
	[558]		500026b9
	[559]		500026ba
	[560]		500026bb
	[561]		500026bc
	[562]		500026bd
	[563]		500026be
	[564]		500026bf
	[565]		500026c0
	[566]		500026c1
	[567]		500026c2
	[568]		500026c3
	[569]		500026c4
	[570]		500026c5
	[571]		500026c6
	[572]		500026c7
	[573]		500026c8
	[574]		500026c9
	[575]		500026ca
	[576]		500026cb
	[577]		500026cc
	[578]		500026cd
	[579]		500026ce
	[580]		500026cf
	[581]		500026d0
	[582]		500026d1
	[583]		500026d2
	[584]		500026d3
	[585]		500026d4
	[586]		500026d5
	[587]		500026d6
	[588]		500026d7
	[589]		500026d8
	[590]		500026d9
	[591]		500026da
	[592]		500026db
	[593]		500026dc
	[594]		500026dd
	[595]		500026de
	[596]		500026df
	[597]		500026e0
	[598]		500026e1
	[599]		500026e2
	[600]		500026e3
	[601]		500026e4
	[602]		500026e5
	[603]		500026e6
	[604]		500026e7
	[605]		500026e8
	[606]		500026e9
	[607]		500026ea
	[608]		500026eb
	[609]		500026ec
	[610]		500026ed
	[611]		500026ee
	[612]		500026ef
	[613]		500026f0
	[614]		500026f1
	[615]		500026f2
	[616]		500026f3
	[617]		500026f4
	[618]		500026f5
	[619]		500026f6
	[620]		500026f7
	[621]		500026f8
	[622]		500026f9
	[623]		500026fa
	[624]		500026fb
	[625]		500026fc
	[626]		500026fd
	[627]		500026fe
	[628]		500026ff
	[629]		50002700
	[630]		50002701
	[631]		50002702
	[632]		50002703
	[633]		50002704
	[634]		50002705
	[635]		50002706
	[636]		50002707
	[637]		50002708
	[638]		50002709
	[639]		5000270a
	[640]		5000270b
	[641]		5000270c
	[642]		5000270d
	[643]		5000270e
	[644]		5000270f
	[645]		50002710
	[646]		50002711
	[647]		50002712
	[648]		50002713
	[649]		50002714
	[650]		50002715
	[651]		50002716
	[652]		50002717
	[653]		50002718
	[654]		50002719
	[655]		5000271a
	[656]		5000271b
	[657]		5000271c
	[658]		5000271d
	[659]		5000271e
	[660]		5000271f
	[661]		50002720
	[662]		50002721
	[663]		50002722
	[664]		50002723
	[665]		50002724
	[666]		50002725
	[667]		50002726
	[668]		50002727
	[669]		50002728
	[670]		50002729
	[671]		5000272a
	[672]		5000272b
	[673]		5000272c
	[674]		5000272d
	[675]		5000272e
	[676]		5000272f
	[677]		50002730
	[678]		50002731
	[679]		50002732
	[680]		50002733
	[681]		50002734
	[682]		50002735
	[683]		50002736
	[684]		50002737
	[685]		50002738
	[686]		50002739
	[687]		5000273a
	[688]		5000273b
	[689]		5000273c
	[690]		5000273d
	[691]		5000273e
	[692]		5000273f
	[693]		50002740
	[694]		50002741
	[695]		50002742
	[696]		50002743
	[698]		50002744
	[699]		50002745
	[701]		50002746
	[702]		50002747
	[703]		50002748
	[704]		50002749
	[705]		5000274a
	[706]		5000274b
	[707]		5000274c
	[708]		5000274d
	[709]		5000274e
	[710]		5000274f
	[711]		50002750
	[712]		50002751
	[713]		50002752
	[714]		50002753
	[715]		50002754
	[716]		50002755
	[717]		50002756
	[718]		50002757
	[719]		50002758
	[720]		50002759
	[721]		5000275a
	[722]		5000275b
	[723]		5000275c
	[724]		5000275d
	[725]		5000275e
	[726]		5000275f
	[727]		50002760
	[728]		50002761
	[729]		50002762
	[730]		50002763
	[731]		50002764
	[732]		50002765
	[733]		50002766
	[734]		50002767
	[735]		50002768
	[736]		50002769
	[737]		5000276a
	[738]		5000276b
	[739]		5000276c
	[740]		5000276d
	[741]		5000276e
	[742]		5000276f
	[743]		50002770
	[744]		50002771
	[745]		50002772
	[746]		50002773
	[747]		50002774
	[748]		50002775
	[749]		50002776
ARR 50001734 (sz=32, trace=300000, nelems=0, elem type=java.lang.Object[]@5000011b)
ARR 50001735 (sz=32, trace=300000, nelems=3, elem type=java.lang.Object[]@5000011b)
	[1]		500017a4
	[2]		500017a5
ARR 50001736 (sz=56, trace=300000, nelems=0, elem type=java.lang.Object[]@5000011b)
ARR 50001737 (sz=80, trace=300000, nelems=0, elem type=java.lang.Object[]@5000011b)
ARR 50001738 (sz=32, trace=300000, nelems=0, elem type=java.lang.Object[]@5000011b)
ARR 50001739 (sz=88, trace=300000, nelems=0, elem type=java.lang.Object[]@5000011b)
ARR 5000173a (sz=24, trace=300000, nelems=1, elem type=java.lang.Object[]@5000011b)
	[0]		50001c1b
ARR 5000173b (sz=24, trace=300000, nelems=2, elem type=java.lang.Object[]@5000011b)
	[1]		500017bc
ARR 5000173c (sz=88, trace=300000, nelems=18, elem type=java.lang.Object[]@5000011b)
	[0]		5000177a
	[5]		50001798
	[13]		500018e6
	[14]		500018e7
	[17]		500018e8
ARR 5000173d (sz=56, trace=300000, nelems=10, elem type=java.lang.Object[]@5000011b)
	[9]		50002f8d
ARR 5000173e (sz=56, trace=300000, nelems=0, elem type=java.lang.Object[]@5000011b)
ARR 5000173f (sz=56, trace=300000, nelems=10, elem type=java.lang.Object[]@5000011b)
	[0]		5000177a
	[1]		50001790
	[2]		50001775
	[3]		50001791
	[4]		50001792
	[5]		50001793
	[6]		50001776
	[7]		50001762
	[8]		50001774
	[9]		50001794
ARR 50001740 (sz=208, trace=300000, nelems=0, elem type=java.lang.Object[]@5000011b)
ARR 50001741 (sz=32, trace=300000, nelems=3, elem type=java.lang.Object[]@5000011b)
	[2]		50001771
ARR 50001742 (sz=72, trace=300000, nelems=13, elem type=java.lang.Object[]@5000011b)
	[0]		5000177a
	[6]		5000177b
	[9]		5000177c
	[10]		5000177d
	[12]		5000177e
ARR 50001743 (sz=48, trace=300000, nelems=7, elem type=java.lang.Object[]@5000011b)
	[6]		50002f96
ARR 50001744 (sz=64, trace=300000, nelems=7, elem type=java.lang.Object[]@5000011b)
	[6]		5000178c
ARR 50001745 (sz=32, trace=300000, nelems=0, elem type=java.lang.Object[]@5000011b)
ARR 50001746 (sz=40, trace=300000, nelems=2, elem type=java.lang.Object[]@5000011b)
	[1]		5000179f
ARR 50001747 (sz=48, trace=300000, nelems=0, elem type=java.lang.Object[]@5000011b)
ARR 50001748 (sz=72, trace=300000, nelems=0, elem type=java.lang.Object[]@5000011b)
ARR 50001749 (sz=80, trace=300000, nelems=0, elem type=java.lang.Object[]@5000011b)
ARR 5000174a (sz=32, trace=300000, nelems=0, elem type=java.lang.Object[]@5000011b)
ARR 5000174b (sz=112, trace=300000, nelems=4, elem type=java.lang.Object[]@5000011b)
	[3]		50001798
ARR 5000174c (sz=32, trace=300000, nelems=3, elem type=java.lang.Object[]@5000011b)
	[2]		500017a1
ARR 5000174d (sz=72, trace=300000, nelems=0, elem type=java.lang.Object[]@5000011b)
ARR 5000174e (sz=32, trace=300000, nelems=0, elem type=java.lang.Object[]@5000011b)
ARR 5000174f (sz=32, trace=300000, nelems=0, elem type=java.lang.Object[]@5000011b)
ARR 50001750 (sz=24, trace=300000, nelems=0, elem type=java.lang.Object[]@5000011b)
ARR 50001751 (sz=48, trace=300000, nelems=0, elem type=java.lang.Object[]@5000011b)
ARR 50001752 (sz=64, trace=300000, nelems=9, elem type=java.lang.Object[]@5000011b)
	[8]		5000179b
ARR 50001753 (sz=48, trace=300000, nelems=0, elem type=java.lang.Object[]@5000011b)
ARR 50001754 (sz=24, trace=300000, nelems=0, elem type=java.lang.Object[]@5000011b)
ARR 50001755 (sz=24, trace=300000, nelems=0, elem type=java.lang.Object[]@5000011b)
ARR 50001756 (sz=24, trace=300000, nelems=0, elem type=java.lang.Object[]@5000011b)
ARR 50001757 (sz=24, trace=300000, nelems=0, elem type=java.lang.Object[]@5000011b)
OBJ 50001758 (sz=104, trace=300000, class=java.lang.Class@5000017d)
OBJ 50001759 (sz=104, trace=300000, class=java.lang.Class@5000017d)
OBJ 5000175a (sz=104, trace=300000, class=java.lang.Class@5000017d)
OBJ 5000175b (sz=104, trace=300000, class=java.lang.Class@5000017d)
OBJ 5000175c (sz=104, trace=300000, class=java.lang.Class@5000017d)
OBJ 5000175d (sz=104, trace=300000, class=java.lang.Class@5000017d)
OBJ 5000175e (sz=104, trace=300000, class=java.lang.Class@5000017d)
OBJ 5000175f (sz=104, trace=300000, class=java.lang.Class@5000017d)
OBJ 50001760 (sz=104, trace=300000, class=java.lang.Class@5000017d)
ARR 50001761 (sz=16, trace=300000, nelems=0, elem type=java.lang.Class[]@50000116)
OBJ 50001762 (sz=24, trace=300000, class=java.lang.String@50000181)
	value		50003514
OBJ 50001763 (sz=24, trace=300000, class=java.lang.String@50000181)
	value		500035c8
OBJ 50001764 (sz=32, trace=300000, class=java.lang.OutOfMemoryError@50000169)
	detailMessage	500035c6
OBJ 50001765 (sz=32, trace=300000, class=java.lang.OutOfMemoryError@50000169)
	detailMessage	500035c4
OBJ 50001766 (sz=32, trace=300000, class=java.lang.OutOfMemoryError@50000169)
	detailMessage	500035c2
OBJ 50001767 (sz=32, trace=300000, class=java.lang.OutOfMemoryError@50000169)
	detailMessage	500035c0
OBJ 50001768 (sz=32, trace=300000, class=java.lang.OutOfMemoryError@50000169)
	detailMessage	500035be
OBJ 50001769 (sz=32, trace=300000, class=java.lang.OutOfMemoryError@50000169)
	detailMessage	500035bc
ARR 5000176a (sz=32, trace=300000, nelems=4, elem type=java.lang.OutOfMemoryError[]@50000110)
	[0]		500035b8
	[1]		500035b9
	[2]		500035ba
	[3]		500035bb
OBJ 5000176b (sz=32, trace=300000, class=java.lang.NullPointerException@50000115)
OBJ 5000176c (sz=32, trace=300000, class=java.lang.ArithmeticException@50000114)
	detailMessage	500035b6
OBJ 5000176d (sz=32, trace=300000, class=java.lang.VirtualMachineError@5000016a)
OBJ 5000176e (sz=48, trace=300000, class=java.lang.ThreadGroup@5000015b)
	parent		5000176f
	name		500035b1
	threads		500035b0
OBJ 5000176f (sz=48, trace=300000, class=java.lang.ThreadGroup@5000015b)
	name		50002f96
	threads		50003596
	groups		50003595
OBJ 50001770 (sz=32, trace=300000, class=java.lang.VirtualMachineError@5000016a)
OBJ 50001771 (sz=24, trace=300000, class=java.lang.String@50000181)
	value		5000351b
OBJ 50001772 (sz=16, trace=300000, class=java.lang.Object@50000185)
OBJ 50001773 (sz=24, trace=300000, class=java.lang.String@50000181)
	value		50001e9c
OBJ 50001774 (sz=24, trace=300000, class=java.lang.String@50000181)
	value		50003513
OBJ 50001775 (sz=24, trace=300000, class=java.lang.String@50000181)
	value		50003519
OBJ 50001776 (sz=24, trace=300000, class=java.lang.String@50000181)
	value		50003515
OBJ 50001777 (sz=24, trace=300000, class=java.lang.String@50000181)
	value		50001922
ARR 50001778 (sz=1024, trace=300000, nelems=256, elem type=int[])
OBJ 50001779 (sz=16, trace=300000, class=java.lang.CharacterDataLatin1@50000015)
OBJ 5000177a (sz=24, trace=300000, class=java.lang.String@50000181)
	value		50001bf9
OBJ 5000177b (sz=24, trace=300000, class=java.lang.String@50000181)
	value		5000352b
OBJ 5000177c (sz=24, trace=300000, class=java.lang.String@50000181)
	value		50003594
OBJ 5000177d (sz=24, trace=300000, class=java.lang.String@50000181)
	value		50003593
OBJ 5000177e (sz=24, trace=300000, class=java.lang.String@50000181)
	value		50003592
OBJ 5000177f (sz=24, trace=300000, class=java.lang.String@50000181)
	value		5000183e
OBJ 50001780 (sz=48, trace=300000, class=java.util.Properties@50000157)
	table		5000353c
	entrySet	5000353b
OBJ 50001781 (sz=32, trace=300000, class=java.io.PrintStream@5000007c)
	out		50003530
	textOut		5000352f
	charOut		5000352e
OBJ 50001782 (sz=32, trace=300000, class=java.io.PrintStream@5000007c)
	out		50003520
	textOut		5000351f
	charOut		5000351e
OBJ 50001783 (sz=40, trace=300000, class=java.io.BufferedInputStream@50000083)
	in		50001785
	buf		50001784
ARR 50001784 (sz=8192, trace=300000, nelems=8192, elem type=byte[])
OBJ 50001785 (sz=32, trace=300000, class=java.io.FileInputStream@5000008b)
	fd		50001787
	closeLock	50001786
OBJ 50001786 (sz=16, trace=300000, class=java.lang.Object@50000185)
OBJ 50001787 (sz=40, trace=300000, class=java.io.FileDescriptor@5000008a)
	parent		50001785
OBJ 50001788 (sz=40, trace=300000, class=java.io.FileDescriptor@5000008a)
	parent		5000351c
OBJ 50001789 (sz=40, trace=300000, class=java.io.FileDescriptor@5000008a)
	parent		5000178a
OBJ 5000178a (sz=32, trace=300000, class=java.io.FileOutputStream@50000085)
	fd		50001789
	closeLock	5000178b
OBJ 5000178b (sz=16, trace=300000, class=java.lang.Object@50000185)
OBJ 5000178c (sz=24, trace=300000, class=java.lang.String@50000181)
	value		5000178f
OBJ 5000178d (sz=24, trace=300000, class=java.lang.RuntimePermission@50000103)
	name		5000178c
	path		5000178c
ARR 5000178e (sz=16, trace=300000, nelems=0, elem type=java.lang.StackTraceElement[]@50000107)
ARR 5000178f (sz=64, trace=300000, nelems=32, elem type=char[])
OBJ 50001790 (sz=24, trace=300000, class=java.lang.String@50000181)
	value		5000351a
OBJ 50001791 (sz=24, trace=300000, class=java.lang.String@50000181)
	value		50003518
OBJ 50001792 (sz=24, trace=300000, class=java.lang.String@50000181)
	value		50003517
OBJ 50001793 (sz=24, trace=300000, class=java.lang.String@50000181)
	value		50003516
OBJ 50001794 (sz=24, trace=300000, class=java.lang.String@50000181)
	value		500018e1
OBJ 50001795 (sz=16, trace=300000, class=java.lang.String$CaseInsensitiveComparator@5000010b)
ARR 50001796 (sz=16, trace=300000, nelems=0, elem type=java.io.ObjectStreamField[]@5000010d)
OBJ 50001797 (sz=24, trace=300000, class=java.lang.String@50000181)
	value		50003510
OBJ 50001798 (sz=24, trace=300000, class=java.lang.String@50000181)
	value		50001e62
OBJ 50001799 (sz=16, trace=300000, class=sun.reflect.ReflectionFactory@500000f4)
ARR 5000179a (sz=16, trace=300000, nelems=0, elem type=java.io.ObjectStreamField[]@5000010d)
OBJ 5000179b (sz=24, trace=300000, class=java.lang.String@50000181)
	value		5000179e
OBJ 5000179c (sz=16, trace=300000, class=java.lang.reflect.ReflectAccess@500000b6)
OBJ 5000179d (sz=24, trace=300000, class=java.lang.RuntimePermission@50000103)
	name		5000179b
	path		5000179b
ARR 5000179e (sz=46, trace=300000, nelems=23, elem type=char[])
OBJ 5000179f (sz=24, trace=300000, class=java.lang.String@50000181)
	value		500017a0
ARR 500017a0 (sz=12, trace=300000, nelems=6, elem type=char[])
OBJ 500017a1 (sz=24, trace=300000, class=java.lang.String@50000181)
	value		500017a3
OBJ 500017a2 (sz=24, trace=300000, class=java.lang.reflect.ReflectPermission@50000101)
	name		500017a1
	path		500017a1
ARR 500017a3 (sz=40, trace=300000, nelems=20, elem type=char[])
OBJ 500017a4 (sz=24, trace=300000, class=java.lang.String@50000181)
	value		500017a7
OBJ 500017a5 (sz=24, trace=300000, class=java.lang.String@50000181)
	value		500017a6
ARR 500017a6 (sz=46, trace=300000, nelems=23, elem type=char[])
ARR 500017a7 (sz=60, trace=300000, nelems=30, elem type=char[])
OBJ 500017a8 (sz=24, trace=300000, class=java.lang.String@50000181)
	value		500017b3
OBJ 500017a9 (sz=24, trace=300000, class=java.lang.String@50000181)
	value		500017b8
OBJ 500017aa (sz=24, trace=300000, class=java.lang.String@50000181)
	value		500017b7
OBJ 500017ab (sz=24, trace=300000, class=java.lang.String@50000181)
	value		500017b5
OBJ 500017ac (sz=48, trace=300000, class=java.util.HashMap@500000d9)
	table		500017b9
OBJ 500017ad (sz=48, trace=300000, class=java.util.HashMap@500000d9)
	table		500017ae
ARR 500017ae (sz=80, trace=300000, nelems=11, elem type=java.util.HashMap$Node[]@500000d5)
	[2]		500017af
	[5]		500017b0
	[10]		500017b1
OBJ 500017af (sz=32, trace=300000, class=java.util.HashMap$Node@500000d7)
	key		500000da
	value		500017b6
OBJ 500017b0 (sz=32, trace=300000, class=java.util.HashMap$Node@500000d7)
	key		5000017a
	value		500017b4
OBJ 500017b1 (sz=32, trace=300000, class=java.util.HashMap$Node@500000d7)
	key		5000017d
	value		500017b2
ARR 500017b2 (sz=24, trace=300000, nelems=1, elem type=java.lang.String[]@500000db)
	[0]		500017a8
ARR 500017b3 (sz=22, trace=300000, nelems=11, elem type=char[])
ARR 500017b4 (sz=24, trace=300000, nelems=1, elem type=java.lang.String[]@500000db)
	[0]		500017ab
ARR 500017b5 (sz=16, trace=300000, nelems=8, elem type=char[])
ARR 500017b6 (sz=24, trace=300000, nelems=2, elem type=java.lang.String[]@500000db)
	[0]		500017a9
	[1]		500017aa
ARR 500017b7 (sz=30, trace=300000, nelems=15, elem type=char[])
ARR 500017b8 (sz=28, trace=300000, nelems=14, elem type=char[])
ARR 500017b9 (sz=80, trace=300000, nelems=4, elem type=java.util.HashMap$Node[]@500000d5)
	[3]		500017ba
OBJ 500017ba (sz=32, trace=300000, class=java.util.HashMap$Node@500000d7)
	key		50000133
	value		500017bb
ARR 500017bb (sz=24, trace=300000, nelems=1, elem type=java.lang.String[]@500000db)
	[0]		500017bc
OBJ 500017bc (sz=24, trace=300000, class=java.lang.String@50000181)
	value		50003507
OBJ 500017bd (sz=16, trace=300000, class=sun.misc.Unsafe@50000133)
OBJ 500017be (sz=24, trace=300000, class=java.lang.String@50000181)
	value		50003506
OBJ 500017bf (sz=24, trace=300000, class=java.lang.String@50000181)
	value		50001a2a
OBJ 500017c0 (sz=24, trace=300000, class=java.lang.String@50000181)
	value		50002f89
OBJ 500017c1 (sz=24, trace=300000, class=java.lang.String@50000181)
	value		50003505
OBJ 500017c2 (sz=24, trace=300000, class=java.lang.String@50000181)
	value		50003504
OBJ 500017c3 (sz=24, trace=300000, class=java.lang.String@50000181)
	value		50003503
OBJ 500017c4 (sz=24, trace=300000, class=java.lang.String@50000181)
	value		50003502
OBJ 500017c5 (sz=24, trace=300000, class=java.lang.String@50000181)
	value		50002e90
OBJ 500017c6 (sz=48, trace=300000, class=java.util.Properties@50000157)
	table		500017c8
OBJ 500017c7 (sz=16, trace=300000, class=java.lang.Object@50000185)
ARR 500017c8 (sz=400, trace=300000, nelems=89, elem type=java.util.Hashtable$Entry[]@500000d2)
	[0]		500017c9
	[2]		500017ca
	[5]		500017cb
	[9]		500017cc
	[10]		500017cd
	[11]		500017ce
	[13]		500017cf
	[16]		500017d0
	[17]		500017d1
	[18]		500017d2
	[19]		500017d3
	[21]		500017d4
	[22]		500017d5
	[24]		500017d6
	[26]		500017d7
	[27]		500017d8
	[33]		500017d9
	[38]		500017da
	[39]		500017db
	[40]		500017dc
	[41]		500017dd
	[44]		500017de
	[47]		500017df
	[49]		500017e0
	[54]		500017e1
	[57]		500017e2
	[63]		500017e3
	[64]		500017e4
	[65]		500017e5
	[67]		500017e6
	[70]		500017e7
	[72]		500017e8
	[76]		500017e9
	[79]		500017ea
	[80]		500017eb
	[81]		500017ec
	[82]		500017ed
	[88]		500017ee
OBJ 500017c9 (sz=32, trace=300000, class=java.util.Hashtable$Entry@500000d3)
	key		500018d7
	value		500018d6
OBJ 500017ca (sz=32, trace=300000, class=java.util.Hashtable$Entry@500000d3)
	key		500018d3
	value		500018d2
OBJ 500017cb (sz=32, trace=300000, class=java.util.Hashtable$Entry@500000d3)
	key		500018cf
	value		500018ce
OBJ 500017cc (sz=32, trace=300000, class=java.util.Hashtable$Entry@500000d3)
	key		500018c7
	value		500018c6
	next		500018c5
OBJ 500017cd (sz=32, trace=300000, class=java.util.Hashtable$Entry@500000d3)
	key		500018c2
	value		500018c1
OBJ 500017ce (sz=32, trace=300000, class=java.util.Hashtable$Entry@500000d3)
	key		500018be
	value		500018bd
OBJ 500017cf (sz=32, trace=300000, class=java.util.Hashtable$Entry@500000d3)
	key		500018ba
	value		500018b9
OBJ 500017d0 (sz=32, trace=300000, class=java.util.Hashtable$Entry@500000d3)
	key		500018b2
	value		500018b1
	next		500018b0
OBJ 500017d1 (sz=32, trace=300000, class=java.util.Hashtable$Entry@500000d3)
	key		500018ad
	value		500018ac
OBJ 500017d2 (sz=32, trace=300000, class=java.util.Hashtable$Entry@500000d3)
	key		500018a9
	value		500018a8
OBJ 500017d3 (sz=32, trace=300000, class=java.util.Hashtable$Entry@500000d3)
	key		500018a5
	value		500018a4
OBJ 500017d4 (sz=32, trace=300000, class=java.util.Hashtable$Entry@500000d3)
	key		5000189d
	value		5000189c
	next		5000189b
OBJ 500017d5 (sz=32, trace=300000, class=java.util.Hashtable$Entry@500000d3)
	key		50001898
	value		50001897
OBJ 500017d6 (sz=32, trace=300000, class=java.util.Hashtable$Entry@500000d3)
	key		50001890
	value		5000188f
	next		5000188e
OBJ 500017d7 (sz=32, trace=300000, class=java.util.Hashtable$Entry@500000d3)
	key		50001887
	value		50001886
	next		50001885
OBJ 500017d8 (sz=32, trace=300000, class=java.util.Hashtable$Entry@500000d3)
	key		50001882
	value		50001881
OBJ 500017d9 (sz=32, trace=300000, class=java.util.Hashtable$Entry@500000d3)
	key		5000187a
	value		50001879
	next		50001878
OBJ 500017da (sz=32, trace=300000, class=java.util.Hashtable$Entry@500000d3)
	key		50001871
	value		50001870
	next		5000186f
OBJ 500017db (sz=32, trace=300000, class=java.util.Hashtable$Entry@500000d3)
	key		5000186c
	value		5000186b
OBJ 500017dc (sz=32, trace=300000, class=java.util.Hashtable$Entry@500000d3)
	key		50001868
	value		50001867
OBJ 500017dd (sz=32, trace=300000, class=java.util.Hashtable$Entry@500000d3)
	key		50001864
	value		50001863
OBJ 500017de (sz=32, trace=300000, class=java.util.Hashtable$Entry@500000d3)
	key		50001860
	value		5000185f
OBJ 500017df (sz=32, trace=300000, class=java.util.Hashtable$Entry@500000d3)
	key		5000185c
	value		5000185b
OBJ 500017e0 (sz=32, trace=300000, class=java.util.Hashtable$Entry@500000d3)
	key		50001854
	value		50001853
	next		50001852
OBJ 500017e1 (sz=32, trace=300000, class=java.util.Hashtable$Entry@500000d3)
	key		5000184f
	value		5000184e
OBJ 500017e2 (sz=32, trace=300000, class=java.util.Hashtable$Entry@500000d3)
	key		5000184b
	value		50001649
OBJ 500017e3 (sz=32, trace=300000, class=java.util.Hashtable$Entry@500000d3)
	key		50001848
	value		50001847
OBJ 500017e4 (sz=32, trace=300000, class=java.util.Hashtable$Entry@500000d3)
	key		50001844
	value		50001843
OBJ 500017e5 (sz=32, trace=300000, class=java.util.Hashtable$Entry@500000d3)
	key		50001840
	value		5000183f
OBJ 500017e6 (sz=32, trace=300000, class=java.util.Hashtable$Entry@500000d3)
	key		50001839
	value		50001838
	next		50001837
OBJ 500017e7 (sz=32, trace=300000, class=java.util.Hashtable$Entry@500000d3)
	key		50001830
	value		5000182f
	next		5000182e
OBJ 500017e8 (sz=32, trace=300000, class=java.util.Hashtable$Entry@500000d3)
	key		5000182b
	value		5000182a
OBJ 500017e9 (sz=32, trace=300000, class=java.util.Hashtable$Entry@500000d3)
	key		50001823
	value		50001822
	next		50001821
OBJ 500017ea (sz=32, trace=300000, class=java.util.Hashtable$Entry@500000d3)
	key		50001810
	value		5000180f
	next		5000180e
OBJ 500017eb (sz=32, trace=300000, class=java.util.Hashtable$Entry@500000d3)
	key		50001807
	value		50001806
	next		50001805
OBJ 500017ec (sz=32, trace=300000, class=java.util.Hashtable$Entry@500000d3)
	key		50001802
	value		50001801
OBJ 500017ed (sz=32, trace=300000, class=java.util.Hashtable$Entry@500000d3)
	key		500017fa
	value		500017f9
	next		500017f8
OBJ 500017ee (sz=32, trace=300000, class=java.util.Hashtable$Entry@500000d3)
	key		500017f1
	value		500017f0
	next		500017ef
OBJ 500017ef (sz=32, trace=300000, class=java.util.Hashtable$Entry@500000d3)
	key		500017f5
	value		500017f4
OBJ 500017f0 (sz=24, trace=300000, class=java.lang.String@50000181)
	value		500017f3
OBJ 500017f1 (sz=24, trace=300000, class=java.lang.String@50000181)
	value		500017f2
ARR 500017f2 (sz=42, trace=300000, nelems=21, elem type=char[])
ARR 500017f3 (sz=92, trace=300000, nelems=46, elem type=char[])
OBJ 500017f4 (sz=24, trace=300000, class=java.lang.String@50000181)
	value		500017f7
OBJ 500017f5 (sz=24, trace=300000, class=java.lang.String@50000181)
	value		500017f6
ARR 500017f6 (sz=30, trace=300000, nelems=15, elem type=char[])
ARR 500017f7 (sz=20, trace=300000, nelems=10, elem type=char[])
OBJ 500017f8 (sz=32, trace=300000, class=java.util.Hashtable$Entry@500000d3)
	key		500017fe
	value		500017fd
OBJ 500017f9 (sz=24, trace=300000, class=java.lang.String@50000181)
	value		500017fc
OBJ 500017fa (sz=24, trace=300000, class=java.lang.String@50000181)
	value		500017fb
ARR 500017fb (sz=28, trace=300000, nelems=14, elem type=char[])
ARR 500017fc (sz=36, trace=300000, nelems=18, elem type=char[])
OBJ 500017fd (sz=24, trace=300000, class=java.lang.String@50000181)
	value		50001800
OBJ 500017fe (sz=24, trace=300000, class=java.lang.String@50000181)
	value		500017ff
ARR 500017ff (sz=30, trace=300000, nelems=15, elem type=char[])
ARR 50001800 (sz=46, trace=300000, nelems=23, elem type=char[])
OBJ 50001801 (sz=24, trace=300000, class=java.lang.String@50000181)
	value		50001804
OBJ 50001802 (sz=24, trace=300000, class=java.lang.String@50000181)
	value		50001803
ARR 50001803 (sz=28, trace=300000, nelems=14, elem type=char[])
ARR 50001804 (sz=2, trace=300000, nelems=1, elem type=char[])
OBJ 50001805 (sz=32, trace=300000, class=java.util.Hashtable$Entry@500000d3)
	key		5000180b
	value		5000180a
OBJ 50001806 (sz=24, trace=300000, class=java.lang.String@50000181)
	value		50001809
OBJ 50001807 (sz=24, trace=300000, class=java.lang.String@50000181)
	value		50001808
ARR 50001808 (sz=24, trace=300000, nelems=12, elem type=char[])
ARR 50001809 (sz=66, trace=300000, nelems=33, elem type=char[])
OBJ 5000180a (sz=24, trace=300000, class=java.lang.String@50000181)
	value		5000180d
OBJ 5000180b (sz=24, trace=300000, class=java.lang.String@50000181)
	value		5000180c
ARR 5000180c (sz=34, trace=300000, nelems=17, elem type=char[])
ARR 5000180d (sz=12, trace=300000, nelems=6, elem type=char[])
OBJ 5000180e (sz=32, trace=300000, class=java.util.Hashtable$Entry@500000d3)
	key		50001815
	value		50001814
	next		50001813
OBJ 5000180f (sz=24, trace=300000, class=java.lang.String@50000181)
	value		50001812
OBJ 50001810 (sz=24, trace=300000, class=java.lang.String@50000181)
	value		50001811
ARR 50001811 (sz=22, trace=300000, nelems=11, elem type=char[])
ARR 50001812 (sz=0, trace=300000, nelems=0, elem type=char[])
OBJ 50001813 (sz=32, trace=300000, class=java.util.Hashtable$Entry@500000d3)
	key		5000181a
	value		50001819
	next		50001818
OBJ 50001814 (sz=24, trace=300000, class=java.lang.String@50000181)
	value		50001817
OBJ 50001815 (sz=24, trace=300000, class=java.lang.String@50000181)
	value		50001816
ARR 50001816 (sz=24, trace=300000, nelems=12, elem type=char[])
ARR 50001817 (sz=4, trace=300000, nelems=2, elem type=char[])
OBJ 50001818 (sz=32, trace=300000, class=java.util.Hashtable$Entry@500000d3)
	key		5000181e
	value		5000181d
OBJ 50001819 (sz=24, trace=300000, class=java.lang.String@50000181)
	value		5000181c
OBJ 5000181a (sz=24, trace=300000, class=java.lang.String@50000181)
	value		5000181b
ARR 5000181b (sz=34, trace=300000, nelems=17, elem type=char[])
ARR 5000181c (sz=24, trace=300000, nelems=12, elem type=char[])
OBJ 5000181d (sz=24, trace=300000, class=java.lang.String@50000181)
	value		50001820
OBJ 5000181e (sz=24, trace=300000, class=java.lang.String@50000181)
	value		5000181f
ARR 5000181f (sz=36, trace=300000, nelems=18, elem type=char[])
ARR 50001820 (sz=0, trace=300000, nelems=0, elem type=char[])
OBJ 50001821 (sz=32, trace=300000, class=java.util.Hashtable$Entry@500000d3)
	key		50001827
	value		50001826
OBJ 50001822 (sz=24, trace=300000, class=java.lang.String@50000181)
	value		50001825
OBJ 50001823 (sz=24, trace=300000, class=java.lang.String@50000181)
	value		50001824
ARR 50001824 (sz=52, trace=300000, nelems=26, elem type=char[])
ARR 50001825 (sz=68, trace=300000, nelems=34, elem type=char[])
OBJ 50001826 (sz=24, trace=300000, class=java.lang.String@50000181)
	value		50001829
OBJ 50001827 (sz=24, trace=300000, class=java.lang.String@50000181)
	value		50001828
ARR 50001828 (sz=16, trace=300000, nelems=8, elem type=char[])
ARR 50001829 (sz=62, trace=300000, nelems=31, elem type=char[])
OBJ 5000182a (sz=24, trace=300000, class=java.lang.String@50000181)
	value		5000182d
OBJ 5000182b (sz=24, trace=300000, class=java.lang.String@50000181)
	value		5000182c
ARR 5000182c (sz=40, trace=300000, nelems=20, elem type=char[])
ARR 5000182d (sz=64, trace=300000, nelems=32, elem type=char[])
OBJ 5000182e (sz=32, trace=300000, class=java.util.Hashtable$Entry@500000d3)
	key		50001834
	value		50001833
OBJ 5000182f (sz=24, trace=300000, class=java.lang.String@50000181)
	value		50001832
OBJ 50001830 (sz=24, trace=300000, class=java.lang.String@50000181)
	value		50001831
ARR 50001831 (sz=36, trace=300000, nelems=18, elem type=char[])
ARR 50001832 (sz=110, trace=300000, nelems=55, elem type=char[])
OBJ 50001833 (sz=24, trace=300000, class=java.lang.String@50000181)
	value		50001836
OBJ 50001834 (sz=24, trace=300000, class=java.lang.String@50000181)
	value		50001835
ARR 50001835 (sz=14, trace=300000, nelems=7, elem type=char[])
ARR 50001836 (sz=10, trace=300000, nelems=5, elem type=char[])
OBJ 50001837 (sz=32, trace=300000, class=java.util.Hashtable$Entry@500000d3)
	key		5000183c
	value		5000177f
OBJ 50001838 (sz=24, trace=300000, class=java.lang.String@50000181)
	value		5000183b
OBJ 50001839 (sz=24, trace=300000, class=java.lang.String@50000181)
	value		5000183a
ARR 5000183a (sz=28, trace=300000, nelems=14, elem type=char[])
ARR 5000183b (sz=68, trace=300000, nelems=34, elem type=char[])
OBJ 5000183c (sz=24, trace=300000, class=java.lang.String@50000181)
	value		5000183d
ARR 5000183d (sz=28, trace=300000, nelems=14, elem type=char[])
ARR 5000183e (sz=4, trace=300000, nelems=2, elem type=char[])
OBJ 5000183f (sz=24, trace=300000, class=java.lang.String@50000181)
	value		50001842
OBJ 50001840 (sz=24, trace=300000, class=java.lang.String@50000181)
	value		50001841
ARR 50001841 (sz=56, trace=300000, nelems=28, elem type=char[])
ARR 50001842 (sz=36, trace=300000, nelems=18, elem type=char[])
OBJ 50001843 (sz=24, trace=300000, class=java.lang.String@50000181)
	value		50001846
OBJ 50001844 (sz=24, trace=300000, class=java.lang.String@50000181)
	value		50001845
ARR 50001845 (sz=24, trace=300000, nelems=12, elem type=char[])
ARR 50001846 (sz=0, trace=300000, nelems=0, elem type=char[])
OBJ 50001847 (sz=24, trace=300000, class=java.lang.String@50000181)
	value		5000184a
OBJ 50001848 (sz=24, trace=300000, class=java.lang.String@50000181)
	value		50001849
ARR 50001849 (sz=14, trace=300000, nelems=7, elem type=char[])
ARR 5000184a (sz=20, trace=300000, nelems=10, elem type=char[])
OBJ 5000184b (sz=24, trace=300000, class=java.lang.String@50000181)
	value		5000184c
ARR 5000184c (sz=32, trace=300000, nelems=16, elem type=char[])
ARR 5000184d (sz=6, trace=300000, nelems=3, elem type=char[])
OBJ 5000184e (sz=24, trace=300000, class=java.lang.String@50000181)
	value		50001851
OBJ 5000184f (sz=24, trace=300000, class=java.lang.String@50000181)
	value		50001850
ARR 50001850 (sz=34, trace=300000, nelems=17, elem type=char[])
ARR 50001851 (sz=2910, trace=300000, nelems=1455, elem type=char[])
OBJ 50001852 (sz=32, trace=300000, class=java.util.Hashtable$Entry@500000d3)
	key		50001858
	value		50001857
OBJ 50001853 (sz=24, trace=300000, class=java.lang.String@50000181)
	value		50001856
OBJ 50001854 (sz=24, trace=300000, class=java.lang.String@50000181)
	value		50001855
ARR 50001855 (sz=46, trace=300000, nelems=23, elem type=char[])
ARR 50001856 (sz=62, trace=300000, nelems=31, elem type=char[])
OBJ 50001857 (sz=24, trace=300000, class=java.lang.String@50000181)
	value		5000185a
OBJ 50001858 (sz=24, trace=300000, class=java.lang.String@50000181)
	value		50001859
ARR 50001859 (sz=36, trace=300000, nelems=18, elem type=char[])
ARR 5000185a (sz=8, trace=300000, nelems=4, elem type=char[])
OBJ 5000185b (sz=24, trace=300000, class=java.lang.String@50000181)
	value		5000185e
OBJ 5000185c (sz=24, trace=300000, class=java.lang.String@50000181)
	value		5000185d
ARR 5000185d (sz=46, trace=300000, nelems=23, elem type=char[])
ARR 5000185e (sz=62, trace=300000, nelems=31, elem type=char[])
OBJ 5000185f (sz=24, trace=300000, class=java.lang.String@50000181)
	value		50001862
OBJ 50001860 (sz=24, trace=300000, class=java.lang.String@50000181)
	value		50001861
ARR 50001861 (sz=20, trace=300000, nelems=10, elem type=char[])
ARR 50001862 (sz=8, trace=300000, nelems=4, elem type=char[])
OBJ 50001863 (sz=24, trace=300000, class=java.lang.String@50000181)
	value		50001866
OBJ 50001864 (sz=24, trace=300000, class=java.lang.String@50000181)
	value		50001865
ARR 50001865 (sz=18, trace=300000, nelems=9, elem type=char[])
ARR 50001866 (sz=28, trace=300000, nelems=14, elem type=char[])
OBJ 50001867 (sz=24, trace=300000, class=java.lang.String@50000181)
	value		5000186a
OBJ 50001868 (sz=24, trace=300000, class=java.lang.String@50000181)
	value		50001869
ARR 50001869 (sz=26, trace=300000, nelems=13, elem type=char[])
ARR 5000186a (sz=0, trace=300000, nelems=0, elem type=char[])
OBJ 5000186b (sz=24, trace=300000, class=java.lang.String@50000181)
	value		5000186e
OBJ 5000186c (sz=24, trace=300000, class=java.lang.String@50000181)
	value		5000186d
ARR 5000186d (sz=38, trace=300000, nelems=19, elem type=char[])
ARR 5000186e (sz=54, trace=300000, nelems=27, elem type=char[])
OBJ 5000186f (sz=32, trace=300000, class=java.util.Hashtable$Entry@500000d3)
	key		50001875
	value		50001874
OBJ 50001870 (sz=24, trace=300000, class=java.lang.String@50000181)
	value		50001873
OBJ 50001871 (sz=24, trace=300000, class=java.lang.String@50000181)
	value		50001872
ARR 50001872 (sz=26, trace=300000, nelems=13, elem type=char[])
ARR 50001873 (sz=6, trace=300000, nelems=3, elem type=char[])
OBJ 50001874 (sz=24, trace=300000, class=java.lang.String@50000181)
	value		50001877
OBJ 50001875 (sz=24, trace=300000, class=java.lang.String@50000181)
	value		50001876
ARR 50001876 (sz=52, trace=300000, nelems=26, elem type=char[])
ARR 50001877 (sz=6, trace=300000, nelems=3, elem type=char[])
OBJ 50001878 (sz=32, trace=300000, class=java.util.Hashtable$Entry@500000d3)
	key		5000187e
	value		5000187d
OBJ 50001879 (sz=24, trace=300000, class=java.lang.String@50000181)
	value		5000187c
OBJ 5000187a (sz=24, trace=300000, class=java.lang.String@50000181)
	value		5000187b
ARR 5000187b (sz=18, trace=300000, nelems=9, elem type=char[])
ARR 5000187c (sz=10, trace=300000, nelems=5, elem type=char[])
OBJ 5000187d (sz=24, trace=300000, class=java.lang.String@50000181)
	value		50001880
OBJ 5000187e (sz=24, trace=300000, class=java.lang.String@50000181)
	value		5000187f
ARR 5000187f (sz=30, trace=300000, nelems=15, elem type=char[])
ARR 50001880 (sz=2, trace=300000, nelems=1, elem type=char[])
OBJ 50001881 (sz=24, trace=300000, class=java.lang.String@50000181)
	value		50001884
OBJ 50001882 (sz=24, trace=300000, class=java.lang.String@50000181)
	value		50001883
ARR 50001883 (sz=58, trace=300000, nelems=29, elem type=char[])
ARR 50001884 (sz=6, trace=300000, nelems=3, elem type=char[])
OBJ 50001885 (sz=32, trace=300000, class=java.util.Hashtable$Entry@500000d3)
	key		5000188b
	value		5000188a
OBJ 50001886 (sz=24, trace=300000, class=java.lang.String@50000181)
	value		50001889
OBJ 50001887 (sz=24, trace=300000, class=java.lang.String@50000181)
	value		50001888
ARR 50001888 (sz=38, trace=300000, nelems=19, elem type=char[])
ARR 50001889 (sz=4, trace=300000, nelems=2, elem type=char[])
OBJ 5000188a (sz=24, trace=300000, class=java.lang.String@50000181)
	value		5000188d
OBJ 5000188b (sz=24, trace=300000, class=java.lang.String@50000181)
	value		5000188c
ARR 5000188c (sz=18, trace=300000, nelems=9, elem type=char[])
ARR 5000188d (sz=84, trace=300000, nelems=42, elem type=char[])
OBJ 5000188e (sz=32, trace=300000, class=java.util.Hashtable$Entry@500000d3)
	key		50001894
	value		50001893
OBJ 5000188f (sz=24, trace=300000, class=java.lang.String@50000181)
	value		50001892
OBJ 50001890 (sz=24, trace=300000, class=java.lang.String@50000181)
	value		50001891
ARR 50001891 (sz=50, trace=300000, nelems=25, elem type=char[])
ARR 50001892 (sz=36, trace=300000, nelems=18, elem type=char[])
OBJ 50001893 (sz=24, trace=300000, class=java.lang.String@50000181)
	value		50001896
OBJ 50001894 (sz=24, trace=300000, class=java.lang.String@50000181)
	value		50001895
ARR 50001895 (sz=26, trace=300000, nelems=13, elem type=char[])
ARR 50001896 (sz=4, trace=300000, nelems=2, elem type=char[])
OBJ 50001897 (sz=24, trace=300000, class=java.lang.String@50000181)
	value		5000189a
OBJ 50001898 (sz=24, trace=300000, class=java.lang.String@50000181)
	value		50001899
ARR 50001899 (sz=22, trace=300000, nelems=11, elem type=char[])
ARR 5000189a (sz=48, trace=300000, nelems=24, elem type=char[])
OBJ 5000189b (sz=32, trace=300000, class=java.util.Hashtable$Entry@500000d3)
	key		500018a1
	value		500018a0
OBJ 5000189c (sz=24, trace=300000, class=java.lang.String@50000181)
	value		5000189f
OBJ 5000189d (sz=24, trace=300000, class=java.lang.String@50000181)
	value		5000189e
ARR 5000189e (sz=24, trace=300000, nelems=12, elem type=char[])
ARR 5000189f (sz=38, trace=300000, nelems=19, elem type=char[])
OBJ 500018a0 (sz=24, trace=300000, class=java.lang.String@50000181)
	value		500018a3
OBJ 500018a1 (sz=24, trace=300000, class=java.lang.String@50000181)
	value		500018a2
ARR 500018a2 (sz=54, trace=300000, nelems=27, elem type=char[])
ARR 500018a3 (sz=4, trace=300000, nelems=2, elem type=char[])
OBJ 500018a4 (sz=24, trace=300000, class=java.lang.String@50000181)
	value		500018a7
OBJ 500018a5 (sz=24, trace=300000, class=java.lang.String@50000181)
	value		500018a6
ARR 500018a6 (sz=24, trace=300000, nelems=12, elem type=char[])
ARR 500018a7 (sz=18, trace=300000, nelems=9, elem type=char[])
OBJ 500018a8 (sz=24, trace=300000, class=java.lang.String@50000181)
	value		500018ab
OBJ 500018a9 (sz=24, trace=300000, class=java.lang.String@50000181)
	value		500018aa
ARR 500018aa (sz=26, trace=300000, nelems=13, elem type=char[])
ARR 500018ab (sz=156, trace=300000, nelems=78, elem type=char[])
OBJ 500018ac (sz=24, trace=300000, class=java.lang.String@50000181)
	value		500018af
OBJ 500018ad (sz=24, trace=300000, class=java.lang.String@50000181)
	value		500018ae
ARR 500018ae (sz=38, trace=300000, nelems=19, elem type=char[])
ARR 500018af (sz=906, trace=300000, nelems=453, elem type=char[])
OBJ 500018b0 (sz=32, trace=300000, class=java.util.Hashtable$Entry@500000d3)
	key		500018b6
	value		500018b5
OBJ 500018b1 (sz=24, trace=300000, class=java.lang.String@50000181)
	value		500018b4
OBJ 500018b2 (sz=24, trace=300000, class=java.lang.String@50000181)
	value		500018b3
ARR 500018b3 (sz=38, trace=300000, nelems=19, elem type=char[])
ARR 500018b4 (sz=10, trace=300000, nelems=5, elem type=char[])
OBJ 500018b5 (sz=24, trace=300000, class=java.lang.String@50000181)
	value		500018b8
OBJ 500018b6 (sz=24, trace=300000, class=java.lang.String@50000181)
	value		500018b7
ARR 500018b7 (sz=22, trace=300000, nelems=11, elem type=char[])
ARR 500018b8 (sz=36, trace=300000, nelems=18, elem type=char[])
OBJ 500018b9 (sz=24, trace=300000, class=java.lang.String@50000181)
	value		500018bc
OBJ 500018ba (sz=24, trace=300000, class=java.lang.String@50000181)
	value		500018bb
ARR 500018bb (sz=28, trace=300000, nelems=14, elem type=char[])
ARR 500018bc (sz=2, trace=300000, nelems=1, elem type=char[])
OBJ 500018bd (sz=24, trace=300000, class=java.lang.String@50000181)
	value		500018c0
OBJ 500018be (sz=24, trace=300000, class=java.lang.String@50000181)
	value		500018bf
ARR 500018bf (sz=38, trace=300000, nelems=19, elem type=char[])
ARR 500018c0 (sz=70, trace=300000, nelems=35, elem type=char[])
OBJ 500018c1 (sz=24, trace=300000, class=java.lang.String@50000181)
	value		500018c4
OBJ 500018c2 (sz=24, trace=300000, class=java.lang.String@50000181)
	value		500018c3
ARR 500018c3 (sz=62, trace=300000, nelems=31, elem type=char[])
ARR 500018c4 (sz=10, trace=300000, nelems=5, elem type=char[])
OBJ 500018c5 (sz=32, trace=300000, class=java.util.Hashtable$Entry@500000d3)
	key		500018cb
	value		500018ca
OBJ 500018c6 (sz=24, trace=300000, class=java.lang.String@50000181)
	value		500018c9
OBJ 500018c7 (sz=24, trace=300000, class=java.lang.String@50000181)
	value		500018c8
ARR 500018c8 (sz=28, trace=300000, nelems=14, elem type=char[])
ARR 500018c9 (sz=12, trace=300000, nelems=6, elem type=char[])
OBJ 500018ca (sz=24, trace=300000, class=java.lang.String@50000181)
	value		500018cd
OBJ 500018cb (sz=24, trace=300000, class=java.lang.String@50000181)
	value		500018cc
ARR 500018cc (sz=46, trace=300000, nelems=23, elem type=char[])
ARR 500018cd (sz=26, trace=300000, nelems=13, elem type=char[])
OBJ 500018ce (sz=24, trace=300000, class=java.lang.String@50000181)
	value		500018d1
OBJ 500018cf (sz=24, trace=300000, class=java.lang.String@50000181)
	value		500018d0
ARR 500018d0 (sz=38, trace=300000, nelems=19, elem type=char[])
ARR 500018d1 (sz=10, trace=300000, nelems=5, elem type=char[])
OBJ 500018d2 (sz=24, trace=300000, class=java.lang.String@50000181)
	value		500018d5
OBJ 500018d3 (sz=24, trace=300000, class=java.lang.String@50000181)
	value		500018d4
ARR 500018d4 (sz=22, trace=300000, nelems=11, elem type=char[])
ARR 500018d5 (sz=14, trace=300000, nelems=7, elem type=char[])
OBJ 500018d6 (sz=24, trace=300000, class=java.lang.String@50000181)
	value		500018d9
OBJ 500018d7 (sz=24, trace=300000, class=java.lang.String@50000181)
	value		500018d8
ARR 500018d8 (sz=30, trace=300000, nelems=15, elem type=char[])
ARR 500018d9 (sz=10, trace=300000, nelems=5, elem type=char[])
ARR 500018da (sz=32, trace=300000, nelems=16, elem type=char[])
OBJ 500018db (sz=24, trace=300000, class=java.util.Collections$EmptyMap@500000e9)
OBJ 500018dc (sz=16, trace=300000, class=java.util.Collections$EmptyList@500000eb)
OBJ 500018dd (sz=16, trace=300000, class=java.util.Collections$EmptySet@500000ec)
OBJ 500018de (sz=24, trace=300000, class=java.lang.String@50000181)
	value		500018e2
OBJ 500018df (sz=16, trace=300000, class=java.lang.Boolean@50000124)
OBJ 500018e0 (sz=16, trace=300000, class=java.lang.Boolean@50000124)
ARR 500018e1 (sz=8, trace=300000, nelems=4, elem type=char[])
ARR 500018e2 (sz=14, trace=300000, nelems=7, elem type=char[])
OBJ 500018e3 (sz=24, trace=300000, class=java.lang.String@50000181)
	value		500018e4
ARR 500018e4 (sz=70, trace=300000, nelems=35, elem type=char[])
OBJ 500018e5 (sz=16, trace=300000, class=java.lang.Runtime@5000008d)
OBJ 500018e6 (sz=24, trace=300000, class=java.lang.String@50000181)
	value		50003501
OBJ 500018e7 (sz=24, trace=300000, class=java.lang.String@50000181)
	value		50003500
OBJ 500018e8 (sz=24, trace=300000, class=java.lang.String@50000181)
	value		500034ff
ARR 500018e9 (sz=24, trace=300000, nelems=1, elem type=java.lang.String[]@500000db)
	[0]		500017f0
ARR 500018ea (sz=168, trace=300000, nelems=37, elem type=java.lang.String[]@500000db)
	[0]		500034aa
	[1]		500034ab
	[2]		500034ac
	[3]		500034ad
	[4]		500034ae
	[5]		500034af
	[6]		500034b0
	[7]		500034b1
	[8]		500034b2
	[9]		500034b3
	[10]		500034b4
	[11]		500034b5
	[12]		500034b6
	[13]		500034b7
	[14]		500034b8
	[15]		500034b9
	[16]		500034ba
	[17]		500034bb
	[18]		500034bc
	[19]		500034bd
	[20]		500034be
	[21]		500034bf
	[22]		500034c0
	[23]		500034c1
	[24]		500034c2
	[25]		500034c3
	[26]		500034c4
	[27]		500034c5
	[28]		500034c6
	[29]		500034c7
	[30]		500034c8
	[31]		500034c9
	[32]		500034ca
	[33]		500034cb
	[34]		50001798
	[35]		500034cc
	[36]		500034cd
OBJ 500018eb (sz=32, trace=300000, class=java.util.Stack@500000f5)
	elementData	500034a9
OBJ 500018ec (sz=32, trace=300000, class=java.util.Vector@500000f6)
	elementData	500034a7
OBJ 500018ed (sz=32, trace=300000, class=java.util.Vector@500000f6)
	elementData	500034a6
ARR 500018ee (sz=16, trace=300000, nelems=0, elem type=java.security.cert.Certificate[]@500000fd)
OBJ 500018ef (sz=48, trace=300000, class=sun.misc.URLClassPath@50000004)
	path		5000349d
	urls		5000349c
	loaders		5000349b
	lmap		5000349a
	jarHandler	50003499
	acc		500018f1
OBJ 500018f0 (sz=48, trace=300000, class=java.util.WeakHashMap@500000ba)
	table		500034a4
	queue		500034a3
OBJ 500018f1 (sz=40, trace=300000, class=java.security.AccessControlContext@50000172)
OBJ 500018f2 (sz=48, trace=300000, class=java.util.HashMap@500000d9)
OBJ 500018f3 (sz=16, trace=300000, class=java.lang.Object@50000185)
OBJ 500018f4 (sz=32, trace=300000, class=java.util.Vector@500000f6)
	elementData	50003498
OBJ 500018f5 (sz=48, trace=300000, class=java.util.HashMap@500000d9)
OBJ 500018f6 (sz=24, trace=300000, class=java.util.Collections$SynchronizedSet@50000092)
	c		50003496
	mutex		500018f6
OBJ 500018f7 (sz=40, trace=300000, class=java.security.ProtectionDomain@50000173)
	codesource	50003495
	classloader	5000164a
	principals	50003494
	key		50003493
OBJ 500018f8 (sz=32, trace=300000, class=java.util.Vector@500000f6)
	elementData	50003492
OBJ 500018f9 (sz=64, trace=300000, class=java.util.concurrent.ConcurrentHashMap@5000002b)
OBJ 500018fa (sz=64, trace=300000, class=java.util.concurrent.ConcurrentHashMap@5000002b)
OBJ 500018fb (sz=48, trace=300000, class=java.util.WeakHashMap@500000ba)
	table		50003486
	queue		50003485
OBJ 500018fc (sz=40, trace=300000, class=java.security.AccessControlContext@50000172)
OBJ 500018fd (sz=48, trace=300000, class=sun.misc.URLClassPath@50000004)
	path		5000345f
	urls		5000345e
	loaders		5000345d
	lmap		5000345c
	jarHandler	5000345b
	acc		500018fc
OBJ 500018fe (sz=48, trace=300000, class=java.util.HashMap@500000d9)
	table		50000eaa
OBJ 500018ff (sz=16, trace=300000, class=java.lang.Object@50000185)
OBJ 50001900 (sz=32, trace=300000, class=java.util.Vector@500000f6)
	elementData	5000345a
OBJ 50001901 (sz=48, trace=300000, class=java.util.HashMap@500000d9)
	table		50000ca2
OBJ 50001902 (sz=24, trace=300000, class=java.util.Collections$SynchronizedSet@50000092)
	c		50003458
	mutex		50001902
OBJ 50001903 (sz=40, trace=300000, class=java.security.ProtectionDomain@50000173)
	codesource	50003457
	classloader	5000164c
	principals	50003456
	key		50003455
OBJ 50001904 (sz=32, trace=300000, class=java.util.Vector@500000f6)
	elementData	50001a46
OBJ 50001905 (sz=64, trace=300000, class=java.util.concurrent.ConcurrentHashMap@5000002b)
	table		50000eae
OBJ 50001906 (sz=64, trace=300000, class=java.util.concurrent.ConcurrentHashMap@5000002b)
	table		50000f2b
OBJ 50001907 (sz=24, trace=300000, class=java.lang.String@50000181)
	value		50001908
ARR 50001908 (sz=32, trace=300000, nelems=16, elem type=char[])
OBJ 50001909 (sz=24, trace=300000, class=java.lang.String@50000181)
	value		5000190a
ARR 5000190a (sz=32, trace=300000, nelems=16, elem type=char[])
OBJ 5000190b (sz=24, trace=300000, class=java.lang.String@50000181)
	value		5000190c
ARR 5000190c (sz=72, trace=300000, nelems=36, elem type=char[])
OBJ 5000190d (sz=24, trace=300000, class=java.lang.String@50000181)
	value		5000190e
ARR 5000190e (sz=64, trace=300000, nelems=32, elem type=char[])
OBJ 5000190f (sz=24, trace=300000, class=java.lang.String@50000181)
	value		50001910
ARR 50001910 (sz=62, trace=300000, nelems=31, elem type=char[])
OBJ 50001911 (sz=24, trace=300000, class=java.lang.String@50000181)
	value		50001912
ARR 50001912 (sz=90, trace=300000, nelems=45, elem type=char[])
OBJ 50001913 (sz=24, trace=300000, class=java.lang.String@50000181)
	value		50001a3b
OBJ 50001914 (sz=24, trace=300000, class=java.lang.String@50000181)
	value		50001920
OBJ 50001915 (sz=24, trace=300000, class=java.lang.String@50000181)
	value		50001a3d
OBJ 50001916 (sz=24, trace=300000, class=java.lang.String@50000181)
	value		50001a45
OBJ 50001917 (sz=24, trace=300000, class=java.lang.String@50000181)
	value		50001a44
OBJ 50001918 (sz=24, trace=300000, class=java.lang.String@50000181)
	value		50001a43
OBJ 50001919 (sz=24, trace=300000, class=java.lang.String@50000181)
	value		50001a42
OBJ 5000191a (sz=24, trace=300000, class=java.lang.String@50000181)
	value		50001a41
ARR 5000191b (sz=32, trace=300000, nelems=3, elem type=java.io.ObjectStreamField[]@5000010d)
	[0]		5000191c
	[1]		5000191d
	[2]		5000191e
OBJ 5000191c (sz=40, trace=300000, class=java.io.ObjectStreamField@5000010f)
	name		50001915
	signature	50001a3c
	type		50000025
OBJ 5000191d (sz=40, trace=300000, class=java.io.ObjectStreamField@5000010f)
	name		50001913
	signature	5000191f
	type		50001759
OBJ 5000191e (sz=40, trace=300000, class=java.io.ObjectStreamField@5000010f)
	name		50001914
	signature	5000191f
	type		50001759
OBJ 5000191f (sz=24, trace=300000, class=java.lang.String@50000181)
	value		50001921
ARR 50001920 (sz=24, trace=300000, nelems=12, elem type=char[])
ARR 50001921 (sz=2, trace=300000, nelems=1, elem type=char[])
ARR 50001922 (sz=6, trace=300000, nelems=3, elem type=char[])
OBJ 50001923 (sz=24, trace=300000, class=java.lang.String@50000181)
	value		50001a34
OBJ 50001924 (sz=24, trace=300000, class=java.lang.String@50000181)
	value		50001a33
ARR 50001925 (sz=40, trace=300000, nelems=10, elem type=int[])
ARR 50001926 (sz=200, trace=300000, nelems=100, elem type=char[])
ARR 50001927 (sz=200, trace=300000, nelems=100, elem type=char[])
ARR 50001928 (sz=72, trace=300000, nelems=36, elem type=char[])
ARR 50001929 (sz=1040, trace=300000, nelems=256, elem type=java.lang.Integer[]@5000004b)
	[0]		5000192a
	[1]		5000192b
	[2]		5000192c
	[3]		5000192d
	[4]		5000192e
	[5]		5000192f
	[6]		50001930
	[7]		50001931
	[8]		50001932
	[9]		50001933
	[10]		50001934
	[11]		50001935
	[12]		50001936
	[13]		50001937
	[14]		50001938
	[15]		50001939
	[16]		5000193a
	[17]		5000193b
	[18]		5000193c
	[19]		5000193d
	[20]		5000193e
	[21]		5000193f
	[22]		50001940
	[23]		50001941
	[24]		50001942
	[25]		50001943
	[26]		50001944
	[27]		50001945
	[28]		50001946
	[29]		50001947
	[30]		50001948
	[31]		50001949
	[32]		5000194a
	[33]		5000194b
	[34]		5000194c
	[35]		5000194d
	[36]		5000194e
	[37]		5000194f
	[38]		50001950
	[39]		50001951
	[40]		50001952
	[41]		50001953
	[42]		50001954
	[43]		50001955
	[44]		50001956
	[45]		50001957
	[46]		50001958
	[47]		50001959
	[48]		5000195a
	[49]		5000195b
	[50]		5000195c
	[51]		5000195d
	[52]		5000195e
	[53]		5000195f
	[54]		50001960
	[55]		50001961
	[56]		50001962
	[57]		50001963
	[58]		50001964
	[59]		50001965
	[60]		50001966
	[61]		50001967
	[62]		50001968
	[63]		50001969
	[64]		5000196a
	[65]		5000196b
	[66]		5000196c
	[67]		5000196d
	[68]		5000196e
	[69]		5000196f
	[70]		50001970
	[71]		50001971
	[72]		50001972
	[73]		50001973
	[74]		50001974
	[75]		50001975
	[76]		50001976
	[77]		50001977
	[78]		50001978
	[79]		50001979
	[80]		5000197a
	[81]		5000197b
	[82]		5000197c
	[83]		5000197d
	[84]		5000197e
	[85]		5000197f
	[86]		50001980
	[87]		50001981
	[88]		50001982
	[89]		50001983
	[90]		50001984
	[91]		50001985
	[92]		50001986
	[93]		50001987
	[94]		50001988
	[95]		50001989
	[96]		5000198a
	[97]		5000198b
	[98]		5000198c
	[99]		5000198d
	[100]		5000198e
	[101]		5000198f
	[102]		50001990
	[103]		50001991
	[104]		50001992
	[105]		50001993
	[106]		50001994
	[107]		50001995
	[108]		50001996
	[109]		50001997
	[110]		50001998
	[111]		50001999
	[112]		5000199a
	[113]		5000199b
	[114]		5000199c
	[115]		5000199d
	[116]		5000199e
	[117]		5000199f
	[118]		500019a0
	[119]		500019a1
	[120]		500019a2
	[121]		500019a3
	[122]		500019a4
	[123]		500019a5
	[124]		500019a6
	[125]		500019a7
	[126]		500019a8
	[127]		500019a9
	[128]		500019aa
	[129]		500019ab
	[130]		500019ac
	[131]		500019ad
	[132]		500019ae
	[133]		500019af
	[134]		500019b0
	[135]		500019b1
	[136]		500019b2
	[137]		500019b3
	[138]		500019b4
	[139]		500019b5
	[140]		500019b6
	[141]		500019b7
	[142]		500019b8
	[143]		500019b9
	[144]		500019ba
	[145]		500019bb
	[146]		500019bc
	[147]		500019bd
	[148]		500019be
	[149]		500019bf
	[150]		500019c0
	[151]		500019c1
	[152]		500019c2
	[153]		500019c3
	[154]		500019c4
	[155]		500019c5
	[156]		500019c6
	[157]		500019c7
	[158]		500019c8
	[159]		500019c9
	[160]		500019ca
	[161]		500019cb
	[162]		500019cc
	[163]		500019cd
	[164]		500019ce
	[165]		500019cf
	[166]		500019d0
	[167]		500019d1
	[168]		500019d2
	[169]		500019d3
	[170]		500019d4
	[171]		500019d5
	[172]		500019d6
	[173]		500019d7
	[174]		500019d8
	[175]		500019d9
	[176]		500019da
	[177]		500019db
	[178]		500019dc
	[179]		500019dd
	[180]		500019de
	[181]		500019df
	[182]		500019e0
	[183]		500019e1
	[184]		500019e2
	[185]		500019e3
	[186]		500019e4
	[187]		500019e5
	[188]		500019e6
	[189]		500019e7
	[190]		500019e8
	[191]		500019e9
	[192]		500019ea
	[193]		500019eb
	[194]		500019ec
	[195]		500019ed
	[196]		500019ee
	[197]		500019ef
	[198]		500019f0
	[199]		500019f1
	[200]		500019f2
	[201]		500019f3
	[202]		500019f4
	[203]		500019f5
	[204]		500019f6
	[205]		500019f7
	[206]		500019f8
	[207]		500019f9
	[208]		500019fa
	[209]		500019fb
	[210]		500019fc
	[211]		500019fd
	[212]		500019fe
	[213]		500019ff
	[214]		50001a00
	[215]		50001a01
	[216]		50001a02
	[217]		50001a03
	[218]		50001a04
	[219]		50001a05
	[220]		50001a06
	[221]		50001a07
	[222]		50001a08
	[223]		50001a09
	[224]		50001a0a
	[225]		50001a0b
	[226]		50001a0c
	[227]		50001a0d
	[228]		50001a0e
	[229]		50001a0f
	[230]		50001a10
	[231]		50001a11
	[232]		50001a12
	[233]		50001a13
	[234]		50001a14
	[235]		50001a15
	[236]		50001a16
	[237]		50001a17
	[238]		50001a18
	[239]		50001a19
	[240]		50001a1a
	[241]		50001a1b
	[242]		50001a1c
	[243]		50001a1d
	[244]		50001a1e
	[245]		50001a1f
	[246]		50001a20
	[247]		50001a21
	[248]		50001a22
	[249]		50001a23
	[250]		50001a24
	[251]		50001a25
	[252]		50001a26
	[253]		50001a27
	[254]		50001a28
	[255]		50001a29
OBJ 5000192a (sz=16, trace=300000, class=java.lang.Integer@5000011d)
OBJ 5000192b (sz=16, trace=300000, class=java.lang.Integer@5000011d)
OBJ 5000192c (sz=16, trace=300000, class=java.lang.Integer@5000011d)
OBJ 5000192d (sz=16, trace=300000, class=java.lang.Integer@5000011d)
OBJ 5000192e (sz=16, trace=300000, class=java.lang.Integer@5000011d)
OBJ 5000192f (sz=16, trace=300000, class=java.lang.Integer@5000011d)
OBJ 50001930 (sz=16, trace=300000, class=java.lang.Integer@5000011d)
OBJ 50001931 (sz=16, trace=300000, class=java.lang.Integer@5000011d)
OBJ 50001932 (sz=16, trace=300000, class=java.lang.Integer@5000011d)
OBJ 50001933 (sz=16, trace=300000, class=java.lang.Integer@5000011d)
OBJ 50001934 (sz=16, trace=300000, class=java.lang.Integer@5000011d)
OBJ 50001935 (sz=16, trace=300000, class=java.lang.Integer@5000011d)
OBJ 50001936 (sz=16, trace=300000, class=java.lang.Integer@5000011d)
OBJ 50001937 (sz=16, trace=300000, class=java.lang.Integer@5000011d)
OBJ 50001938 (sz=16, trace=300000, class=java.lang.Integer@5000011d)
OBJ 50001939 (sz=16, trace=300000, class=java.lang.Integer@5000011d)
OBJ 5000193a (sz=16, trace=300000, class=java.lang.Integer@5000011d)
OBJ 5000193b (sz=16, trace=300000, class=java.lang.Integer@5000011d)
OBJ 5000193c (sz=16, trace=300000, class=java.lang.Integer@5000011d)
OBJ 5000193d (sz=16, trace=300000, class=java.lang.Integer@5000011d)
OBJ 5000193e (sz=16, trace=300000, class=java.lang.Integer@5000011d)
OBJ 5000193f (sz=16, trace=300000, class=java.lang.Integer@5000011d)
OBJ 50001940 (sz=16, trace=300000, class=java.lang.Integer@5000011d)
OBJ 50001941 (sz=16, trace=300000, class=java.lang.Integer@5000011d)
OBJ 50001942 (sz=16, trace=300000, class=java.lang.Integer@5000011d)
OBJ 50001943 (sz=16, trace=300000, class=java.lang.Integer@5000011d)
OBJ 50001944 (sz=16, trace=300000, class=java.lang.Integer@5000011d)
OBJ 50001945 (sz=16, trace=300000, class=java.lang.Integer@5000011d)
OBJ 50001946 (sz=16, trace=300000, class=java.lang.Integer@5000011d)
OBJ 50001947 (sz=16, trace=300000, class=java.lang.Integer@5000011d)
OBJ 50001948 (sz=16, trace=300000, class=java.lang.Integer@5000011d)
OBJ 50001949 (sz=16, trace=300000, class=java.lang.Integer@5000011d)
OBJ 5000194a (sz=16, trace=300000, class=java.lang.Integer@5000011d)
OBJ 5000194b (sz=16, trace=300000, class=java.lang.Integer@5000011d)
OBJ 5000194c (sz=16, trace=300000, class=java.lang.Integer@5000011d)
OBJ 5000194d (sz=16, trace=300000, class=java.lang.Integer@5000011d)
OBJ 5000194e (sz=16, trace=300000, class=java.lang.Integer@5000011d)
OBJ 5000194f (sz=16, trace=300000, class=java.lang.Integer@5000011d)
OBJ 50001950 (sz=16, trace=300000, class=java.lang.Integer@5000011d)
OBJ 50001951 (sz=16, trace=300000, class=java.lang.Integer@5000011d)
OBJ 50001952 (sz=16, trace=300000, class=java.lang.Integer@5000011d)
OBJ 50001953 (sz=16, trace=300000, class=java.lang.Integer@5000011d)
OBJ 50001954 (sz=16, trace=300000, class=java.lang.Integer@5000011d)
OBJ 50001955 (sz=16, trace=300000, class=java.lang.Integer@5000011d)
OBJ 50001956 (sz=16, trace=300000, class=java.lang.Integer@5000011d)
OBJ 50001957 (sz=16, trace=300000, class=java.lang.Integer@5000011d)
OBJ 50001958 (sz=16, trace=300000, class=java.lang.Integer@5000011d)
OBJ 50001959 (sz=16, trace=300000, class=java.lang.Integer@5000011d)
OBJ 5000195a (sz=16, trace=300000, class=java.lang.Integer@5000011d)
OBJ 5000195b (sz=16, trace=300000, class=java.lang.Integer@5000011d)
OBJ 5000195c (sz=16, trace=300000, class=java.lang.Integer@5000011d)
OBJ 5000195d (sz=16, trace=300000, class=java.lang.Integer@5000011d)
OBJ 5000195e (sz=16, trace=300000, class=java.lang.Integer@5000011d)
OBJ 5000195f (sz=16, trace=300000, class=java.lang.Integer@5000011d)
OBJ 50001960 (sz=16, trace=300000, class=java.lang.Integer@5000011d)
OBJ 50001961 (sz=16, trace=300000, class=java.lang.Integer@5000011d)
OBJ 50001962 (sz=16, trace=300000, class=java.lang.Integer@5000011d)
OBJ 50001963 (sz=16, trace=300000, class=java.lang.Integer@5000011d)
OBJ 50001964 (sz=16, trace=300000, class=java.lang.Integer@5000011d)
OBJ 50001965 (sz=16, trace=300000, class=java.lang.Integer@5000011d)
OBJ 50001966 (sz=16, trace=300000, class=java.lang.Integer@5000011d)
OBJ 50001967 (sz=16, trace=300000, class=java.lang.Integer@5000011d)
OBJ 50001968 (sz=16, trace=300000, class=java.lang.Integer@5000011d)
OBJ 50001969 (sz=16, trace=300000, class=java.lang.Integer@5000011d)
OBJ 5000196a (sz=16, trace=300000, class=java.lang.Integer@5000011d)
OBJ 5000196b (sz=16, trace=300000, class=java.lang.Integer@5000011d)
OBJ 5000196c (sz=16, trace=300000, class=java.lang.Integer@5000011d)
OBJ 5000196d (sz=16, trace=300000, class=java.lang.Integer@5000011d)
OBJ 5000196e (sz=16, trace=300000, class=java.lang.Integer@5000011d)
OBJ 5000196f (sz=16, trace=300000, class=java.lang.Integer@5000011d)
OBJ 50001970 (sz=16, trace=300000, class=java.lang.Integer@5000011d)
OBJ 50001971 (sz=16, trace=300000, class=java.lang.Integer@5000011d)
OBJ 50001972 (sz=16, trace=300000, class=java.lang.Integer@5000011d)
OBJ 50001973 (sz=16, trace=300000, class=java.lang.Integer@5000011d)
OBJ 50001974 (sz=16, trace=300000, class=java.lang.Integer@5000011d)
OBJ 50001975 (sz=16, trace=300000, class=java.lang.Integer@5000011d)
OBJ 50001976 (sz=16, trace=300000, class=java.lang.Integer@5000011d)
OBJ 50001977 (sz=16, trace=300000, class=java.lang.Integer@5000011d)
OBJ 50001978 (sz=16, trace=300000, class=java.lang.Integer@5000011d)
OBJ 50001979 (sz=16, trace=300000, class=java.lang.Integer@5000011d)
OBJ 5000197a (sz=16, trace=300000, class=java.lang.Integer@5000011d)
OBJ 5000197b (sz=16, trace=300000, class=java.lang.Integer@5000011d)
OBJ 5000197c (sz=16, trace=300000, class=java.lang.Integer@5000011d)
OBJ 5000197d (sz=16, trace=300000, class=java.lang.Integer@5000011d)
OBJ 5000197e (sz=16, trace=300000, class=java.lang.Integer@5000011d)
OBJ 5000197f (sz=16, trace=300000, class=java.lang.Integer@5000011d)
OBJ 50001980 (sz=16, trace=300000, class=java.lang.Integer@5000011d)
OBJ 50001981 (sz=16, trace=300000, class=java.lang.Integer@5000011d)
OBJ 50001982 (sz=16, trace=300000, class=java.lang.Integer@5000011d)
OBJ 50001983 (sz=16, trace=300000, class=java.lang.Integer@5000011d)
OBJ 50001984 (sz=16, trace=300000, class=java.lang.Integer@5000011d)
OBJ 50001985 (sz=16, trace=300000, class=java.lang.Integer@5000011d)
OBJ 50001986 (sz=16, trace=300000, class=java.lang.Integer@5000011d)
OBJ 50001987 (sz=16, trace=300000, class=java.lang.Integer@5000011d)
OBJ 50001988 (sz=16, trace=300000, class=java.lang.Integer@5000011d)
OBJ 50001989 (sz=16, trace=300000, class=java.lang.Integer@5000011d)
OBJ 5000198a (sz=16, trace=300000, class=java.lang.Integer@5000011d)
OBJ 5000198b (sz=16, trace=300000, class=java.lang.Integer@5000011d)
OBJ 5000198c (sz=16, trace=300000, class=java.lang.Integer@5000011d)
OBJ 5000198d (sz=16, trace=300000, class=java.lang.Integer@5000011d)
OBJ 5000198e (sz=16, trace=300000, class=java.lang.Integer@5000011d)
OBJ 5000198f (sz=16, trace=300000, class=java.lang.Integer@5000011d)
OBJ 50001990 (sz=16, trace=300000, class=java.lang.Integer@5000011d)
OBJ 50001991 (sz=16, trace=300000, class=java.lang.Integer@5000011d)
OBJ 50001992 (sz=16, trace=300000, class=java.lang.Integer@5000011d)
OBJ 50001993 (sz=16, trace=300000, class=java.lang.Integer@5000011d)
OBJ 50001994 (sz=16, trace=300000, class=java.lang.Integer@5000011d)
OBJ 50001995 (sz=16, trace=300000, class=java.lang.Integer@5000011d)
OBJ 50001996 (sz=16, trace=300000, class=java.lang.Integer@5000011d)
OBJ 50001997 (sz=16, trace=300000, class=java.lang.Integer@5000011d)
OBJ 50001998 (sz=16, trace=300000, class=java.lang.Integer@5000011d)
OBJ 50001999 (sz=16, trace=300000, class=java.lang.Integer@5000011d)
OBJ 5000199a (sz=16, trace=300000, class=java.lang.Integer@5000011d)
OBJ 5000199b (sz=16, trace=300000, class=java.lang.Integer@5000011d)
OBJ 5000199c (sz=16, trace=300000, class=java.lang.Integer@5000011d)
OBJ 5000199d (sz=16, trace=300000, class=java.lang.Integer@5000011d)
OBJ 5000199e (sz=16, trace=300000, class=java.lang.Integer@5000011d)
OBJ 5000199f (sz=16, trace=300000, class=java.lang.Integer@5000011d)
OBJ 500019a0 (sz=16, trace=300000, class=java.lang.Integer@5000011d)
OBJ 500019a1 (sz=16, trace=300000, class=java.lang.Integer@5000011d)
OBJ 500019a2 (sz=16, trace=300000, class=java.lang.Integer@5000011d)
OBJ 500019a3 (sz=16, trace=300000, class=java.lang.Integer@5000011d)
OBJ 500019a4 (sz=16, trace=300000, class=java.lang.Integer@5000011d)
OBJ 500019a5 (sz=16, trace=300000, class=java.lang.Integer@5000011d)
OBJ 500019a6 (sz=16, trace=300000, class=java.lang.Integer@5000011d)
OBJ 500019a7 (sz=16, trace=300000, class=java.lang.Integer@5000011d)
OBJ 500019a8 (sz=16, trace=300000, class=java.lang.Integer@5000011d)
OBJ 500019a9 (sz=16, trace=300000, class=java.lang.Integer@5000011d)
OBJ 500019aa (sz=16, trace=300000, class=java.lang.Integer@5000011d)
OBJ 500019ab (sz=16, trace=300000, class=java.lang.Integer@5000011d)
OBJ 500019ac (sz=16, trace=300000, class=java.lang.Integer@5000011d)
OBJ 500019ad (sz=16, trace=300000, class=java.lang.Integer@5000011d)
OBJ 500019ae (sz=16, trace=300000, class=java.lang.Integer@5000011d)
OBJ 500019af (sz=16, trace=300000, class=java.lang.Integer@5000011d)
OBJ 500019b0 (sz=16, trace=300000, class=java.lang.Integer@5000011d)
OBJ 500019b1 (sz=16, trace=300000, class=java.lang.Integer@5000011d)
OBJ 500019b2 (sz=16, trace=300000, class=java.lang.Integer@5000011d)
OBJ 500019b3 (sz=16, trace=300000, class=java.lang.Integer@5000011d)
OBJ 500019b4 (sz=16, trace=300000, class=java.lang.Integer@5000011d)
OBJ 500019b5 (sz=16, trace=300000, class=java.lang.Integer@5000011d)
OBJ 500019b6 (sz=16, trace=300000, class=java.lang.Integer@5000011d)
OBJ 500019b7 (sz=16, trace=300000, class=java.lang.Integer@5000011d)
OBJ 500019b8 (sz=16, trace=300000, class=java.lang.Integer@5000011d)
OBJ 500019b9 (sz=16, trace=300000, class=java.lang.Integer@5000011d)
OBJ 500019ba (sz=16, trace=300000, class=java.lang.Integer@5000011d)
OBJ 500019bb (sz=16, trace=300000, class=java.lang.Integer@5000011d)
OBJ 500019bc (sz=16, trace=300000, class=java.lang.Integer@5000011d)
OBJ 500019bd (sz=16, trace=300000, class=java.lang.Integer@5000011d)
OBJ 500019be (sz=16, trace=300000, class=java.lang.Integer@5000011d)
OBJ 500019bf (sz=16, trace=300000, class=java.lang.Integer@5000011d)
OBJ 500019c0 (sz=16, trace=300000, class=java.lang.Integer@5000011d)
OBJ 500019c1 (sz=16, trace=300000, class=java.lang.Integer@5000011d)
OBJ 500019c2 (sz=16, trace=300000, class=java.lang.Integer@5000011d)
OBJ 500019c3 (sz=16, trace=300000, class=java.lang.Integer@5000011d)
OBJ 500019c4 (sz=16, trace=300000, class=java.lang.Integer@5000011d)
OBJ 500019c5 (sz=16, trace=300000, class=java.lang.Integer@5000011d)
OBJ 500019c6 (sz=16, trace=300000, class=java.lang.Integer@5000011d)
OBJ 500019c7 (sz=16, trace=300000, class=java.lang.Integer@5000011d)
OBJ 500019c8 (sz=16, trace=300000, class=java.lang.Integer@5000011d)
OBJ 500019c9 (sz=16, trace=300000, class=java.lang.Integer@5000011d)
OBJ 500019ca (sz=16, trace=300000, class=java.lang.Integer@5000011d)
OBJ 500019cb (sz=16, trace=300000, class=java.lang.Integer@5000011d)
OBJ 500019cc (sz=16, trace=300000, class=java.lang.Integer@5000011d)
OBJ 500019cd (sz=16, trace=300000, class=java.lang.Integer@5000011d)
OBJ 500019ce (sz=16, trace=300000, class=java.lang.Integer@5000011d)
OBJ 500019cf (sz=16, trace=300000, class=java.lang.Integer@5000011d)
OBJ 500019d0 (sz=16, trace=300000, class=java.lang.Integer@5000011d)
OBJ 500019d1 (sz=16, trace=300000, class=java.lang.Integer@5000011d)
OBJ 500019d2 (sz=16, trace=300000, class=java.lang.Integer@5000011d)
OBJ 500019d3 (sz=16, trace=300000, class=java.lang.Integer@5000011d)
OBJ 500019d4 (sz=16, trace=300000, class=java.lang.Integer@5000011d)
OBJ 500019d5 (sz=16, trace=300000, class=java.lang.Integer@5000011d)
OBJ 500019d6 (sz=16, trace=300000, class=java.lang.Integer@5000011d)
OBJ 500019d7 (sz=16, trace=300000, class=java.lang.Integer@5000011d)
OBJ 500019d8 (sz=16, trace=300000, class=java.lang.Integer@5000011d)
OBJ 500019d9 (sz=16, trace=300000, class=java.lang.Integer@5000011d)
OBJ 500019da (sz=16, trace=300000, class=java.lang.Integer@5000011d)
OBJ 500019db (sz=16, trace=300000, class=java.lang.Integer@5000011d)
OBJ 500019dc (sz=16, trace=300000, class=java.lang.Integer@5000011d)
OBJ 500019dd (sz=16, trace=300000, class=java.lang.Integer@5000011d)
OBJ 500019de (sz=16, trace=300000, class=java.lang.Integer@5000011d)
OBJ 500019df (sz=16, trace=300000, class=java.lang.Integer@5000011d)
OBJ 500019e0 (sz=16, trace=300000, class=java.lang.Integer@5000011d)
OBJ 500019e1 (sz=16, trace=300000, class=java.lang.Integer@5000011d)
OBJ 500019e2 (sz=16, trace=300000, class=java.lang.Integer@5000011d)
OBJ 500019e3 (sz=16, trace=300000, class=java.lang.Integer@5000011d)
OBJ 500019e4 (sz=16, trace=300000, class=java.lang.Integer@5000011d)
OBJ 500019e5 (sz=16, trace=300000, class=java.lang.Integer@5000011d)
OBJ 500019e6 (sz=16, trace=300000, class=java.lang.Integer@5000011d)
OBJ 500019e7 (sz=16, trace=300000, class=java.lang.Integer@5000011d)
OBJ 500019e8 (sz=16, trace=300000, class=java.lang.Integer@5000011d)
OBJ 500019e9 (sz=16, trace=300000, class=java.lang.Integer@5000011d)
OBJ 500019ea (sz=16, trace=300000, class=java.lang.Integer@5000011d)
OBJ 500019eb (sz=16, trace=300000, class=java.lang.Integer@5000011d)
OBJ 500019ec (sz=16, trace=300000, class=java.lang.Integer@5000011d)
OBJ 500019ed (sz=16, trace=300000, class=java.lang.Integer@5000011d)
OBJ 500019ee (sz=16, trace=300000, class=java.lang.Integer@5000011d)
OBJ 500019ef (sz=16, trace=300000, class=java.lang.Integer@5000011d)
OBJ 500019f0 (sz=16, trace=300000, class=java.lang.Integer@5000011d)
OBJ 500019f1 (sz=16, trace=300000, class=java.lang.Integer@5000011d)
OBJ 500019f2 (sz=16, trace=300000, class=java.lang.Integer@5000011d)
OBJ 500019f3 (sz=16, trace=300000, class=java.lang.Integer@5000011d)
OBJ 500019f4 (sz=16, trace=300000, class=java.lang.Integer@5000011d)
OBJ 500019f5 (sz=16, trace=300000, class=java.lang.Integer@5000011d)
OBJ 500019f6 (sz=16, trace=300000, class=java.lang.Integer@5000011d)
OBJ 500019f7 (sz=16, trace=300000, class=java.lang.Integer@5000011d)
OBJ 500019f8 (sz=16, trace=300000, class=java.lang.Integer@5000011d)
OBJ 500019f9 (sz=16, trace=300000, class=java.lang.Integer@5000011d)
OBJ 500019fa (sz=16, trace=300000, class=java.lang.Integer@5000011d)
OBJ 500019fb (sz=16, trace=300000, class=java.lang.Integer@5000011d)
OBJ 500019fc (sz=16, trace=300000, class=java.lang.Integer@5000011d)
OBJ 500019fd (sz=16, trace=300000, class=java.lang.Integer@5000011d)
OBJ 500019fe (sz=16, trace=300000, class=java.lang.Integer@5000011d)
OBJ 500019ff (sz=16, trace=300000, class=java.lang.Integer@5000011d)
OBJ 50001a00 (sz=16, trace=300000, class=java.lang.Integer@5000011d)
OBJ 50001a01 (sz=16, trace=300000, class=java.lang.Integer@5000011d)
OBJ 50001a02 (sz=16, trace=300000, class=java.lang.Integer@5000011d)
OBJ 50001a03 (sz=16, trace=300000, class=java.lang.Integer@5000011d)
OBJ 50001a04 (sz=16, trace=300000, class=java.lang.Integer@5000011d)
OBJ 50001a05 (sz=16, trace=300000, class=java.lang.Integer@5000011d)
OBJ 50001a06 (sz=16, trace=300000, class=java.lang.Integer@5000011d)
OBJ 50001a07 (sz=16, trace=300000, class=java.lang.Integer@5000011d)
OBJ 50001a08 (sz=16, trace=300000, class=java.lang.Integer@5000011d)
OBJ 50001a09 (sz=16, trace=300000, class=java.lang.Integer@5000011d)
OBJ 50001a0a (sz=16, trace=300000, class=java.lang.Integer@5000011d)
OBJ 50001a0b (sz=16, trace=300000, class=java.lang.Integer@5000011d)
OBJ 50001a0c (sz=16, trace=300000, class=java.lang.Integer@5000011d)
OBJ 50001a0d (sz=16, trace=300000, class=java.lang.Integer@5000011d)
OBJ 50001a0e (sz=16, trace=300000, class=java.lang.Integer@5000011d)
OBJ 50001a0f (sz=16, trace=300000, class=java.lang.Integer@5000011d)
OBJ 50001a10 (sz=16, trace=300000, class=java.lang.Integer@5000011d)
OBJ 50001a11 (sz=16, trace=300000, class=java.lang.Integer@5000011d)
OBJ 50001a12 (sz=16, trace=300000, class=java.lang.Integer@5000011d)
OBJ 50001a13 (sz=16, trace=300000, class=java.lang.Integer@5000011d)
OBJ 50001a14 (sz=16, trace=300000, class=java.lang.Integer@5000011d)
OBJ 50001a15 (sz=16, trace=300000, class=java.lang.Integer@5000011d)
OBJ 50001a16 (sz=16, trace=300000, class=java.lang.Integer@5000011d)
OBJ 50001a17 (sz=16, trace=300000, class=java.lang.Integer@5000011d)
OBJ 50001a18 (sz=16, trace=300000, class=java.lang.Integer@5000011d)
OBJ 50001a19 (sz=16, trace=300000, class=java.lang.Integer@5000011d)
OBJ 50001a1a (sz=16, trace=300000, class=java.lang.Integer@5000011d)
OBJ 50001a1b (sz=16, trace=300000, class=java.lang.Integer@5000011d)
OBJ 50001a1c (sz=16, trace=300000, class=java.lang.Integer@5000011d)
OBJ 50001a1d (sz=16, trace=300000, class=java.lang.Integer@5000011d)
OBJ 50001a1e (sz=16, trace=300000, class=java.lang.Integer@5000011d)
OBJ 50001a1f (sz=16, trace=300000, class=java.lang.Integer@5000011d)
OBJ 50001a20 (sz=16, trace=300000, class=java.lang.Integer@5000011d)
OBJ 50001a21 (sz=16, trace=300000, class=java.lang.Integer@5000011d)
OBJ 50001a22 (sz=16, trace=300000, class=java.lang.Integer@5000011d)
OBJ 50001a23 (sz=16, trace=300000, class=java.lang.Integer@5000011d)
OBJ 50001a24 (sz=16, trace=300000, class=java.lang.Integer@5000011d)
OBJ 50001a25 (sz=16, trace=300000, class=java.lang.Integer@5000011d)
OBJ 50001a26 (sz=16, trace=300000, class=java.lang.Integer@5000011d)
OBJ 50001a27 (sz=16, trace=300000, class=java.lang.Integer@5000011d)
OBJ 50001a28 (sz=16, trace=300000, class=java.lang.Integer@5000011d)
OBJ 50001a29 (sz=16, trace=300000, class=java.lang.Integer@5000011d)
ARR 50001a2a (sz=70, trace=300000, nelems=35, elem type=char[])
OBJ 50001a2b (sz=24, trace=300000, class=java.lang.String@50000181)
	value		50001a32
OBJ 50001a2c (sz=24, trace=300000, class=java.lang.String@50000181)
	value		50001a31
OBJ 50001a2d (sz=24, trace=300000, class=java.lang.String@50000181)
	value		50001a30
ARR 50001a2e (sz=512, trace=300000, nelems=256, elem type=char[])
ARR 50001a2f (sz=4, trace=300000, nelems=2, elem type=char[])
ARR 50001a30 (sz=1024, trace=300000, nelems=512, elem type=char[])
ARR 50001a31 (sz=512, trace=300000, nelems=256, elem type=char[])
ARR 50001a32 (sz=8, trace=300000, nelems=4, elem type=char[])
ARR 50001a33 (sz=6, trace=300000, nelems=3, elem type=char[])
ARR 50001a34 (sz=8, trace=300000, nelems=4, elem type=char[])
OBJ 50001a35 (sz=24, trace=300000, class=java.lang.String@50000181)
	value		50001a36
ARR 50001a36 (sz=10, trace=300000, nelems=5, elem type=char[])
OBJ 50001a37 (sz=24, trace=300000, class=java.lang.String@50000181)
	value		50001a38
ARR 50001a38 (sz=12, trace=300000, nelems=6, elem type=char[])
OBJ 50001a39 (sz=24, trace=300000, class=java.lang.String@50000181)
	value		50001a3a
ARR 50001a3a (sz=8, trace=300000, nelems=4, elem type=char[])
ARR 50001a3b (sz=22, trace=300000, nelems=11, elem type=char[])
OBJ 50001a3c (sz=24, trace=300000, class=java.lang.String@50000181)
	value		50001a3e
ARR 50001a3d (sz=16, trace=300000, nelems=8, elem type=char[])
ARR 50001a3e (sz=98, trace=300000, nelems=49, elem type=char[])
OBJ 50001a3f (sz=24, trace=300000, class=java.lang.String@50000181)
	value		50001a40
ARR 50001a40 (sz=58, trace=300000, nelems=29, elem type=char[])
ARR 50001a41 (sz=10, trace=300000, nelems=5, elem type=char[])
ARR 50001a42 (sz=26, trace=300000, nelems=13, elem type=char[])
ARR 50001a43 (sz=14, trace=300000, nelems=7, elem type=char[])
ARR 50001a44 (sz=18, trace=300000, nelems=9, elem type=char[])
ARR 50001a45 (sz=18, trace=300000, nelems=9, elem type=char[])
ARR 50001a46 (sz=56, trace=300000, nelems=3, elem type=java.lang.Object[]@5000011b)
	[0]		50000eb8
	[1]		50000f14
	[2]		5000131d
OBJ 50001a47 (sz=24, trace=300000, class=java.lang.String@50000181)
	value		500032e5
OBJ 50001a48 (sz=24, trace=300000, class=java.lang.String@50000181)
	value		5000336f
OBJ 50001a49 (sz=24, trace=300000, class=java.lang.String@50000181)
	value		5000334f
OBJ 50001a4a (sz=24, trace=300000, class=java.lang.String@50000181)
	value		5000332f
OBJ 50001a4b (sz=24, trace=300000, class=java.lang.String@50000181)
	value		50003321
OBJ 50001a4c (sz=24, trace=300000, class=java.lang.String@50000181)
	value		500032a7
OBJ 50001a4d (sz=24, trace=300000, class=java.lang.String@50000181)
	value		50003293
OBJ 50001a4e (sz=24, trace=300000, class=java.lang.String@50000181)
	value		50003271
OBJ 50001a4f (sz=24, trace=300000, class=java.lang.String@50000181)
	value		5000325d
OBJ 50001a50 (sz=24, trace=300000, class=java.lang.String@50000181)
	value		500033a7
OBJ 50001a51 (sz=24, trace=300000, class=java.lang.String@50000181)
	value		50003373
OBJ 50001a52 (sz=24, trace=300000, class=java.lang.String@50000181)
	value		50003369
OBJ 50001a53 (sz=24, trace=300000, class=java.lang.String@50000181)
	value		5000331d
OBJ 50001a54 (sz=24, trace=300000, class=java.lang.String@50000181)
	value		500032db
OBJ 50001a55 (sz=24, trace=300000, class=java.lang.String@50000181)
	value		500032df
OBJ 50001a56 (sz=24, trace=300000, class=java.lang.String@50000181)
	value		500033f1
OBJ 50001a57 (sz=24, trace=300000, class=java.lang.String@50000181)
	value		500033dd
OBJ 50001a58 (sz=24, trace=300000, class=java.lang.String@50000181)
	value		50003399
OBJ 50001a59 (sz=24, trace=300000, class=java.lang.String@50000181)
	value		5000338d
OBJ 50001a5a (sz=24, trace=300000, class=java.lang.String@50000181)
	value		50003349
OBJ 50001a5b (sz=24, trace=300000, class=java.lang.String@50000181)
	value		50003347
OBJ 50001a5c (sz=24, trace=300000, class=java.lang.String@50000181)
	value		5000332b
OBJ 50001a5d (sz=24, trace=300000, class=java.lang.String@50000181)
	value		5000330f
OBJ 50001a5e (sz=24, trace=300000, class=java.lang.String@50000181)
	value		500032cf
OBJ 50001a5f (sz=24, trace=300000, class=java.lang.String@50000181)
	value		500032ab
OBJ 50001a60 (sz=24, trace=300000, class=java.lang.String@50000181)
	value		50003295
OBJ 50001a61 (sz=24, trace=300000, class=java.lang.String@50000181)
	value		50003283
OBJ 50001a62 (sz=24, trace=300000, class=java.lang.String@50000181)
	value		500033eb
OBJ 50001a63 (sz=24, trace=300000, class=java.lang.String@50000181)
	value		500033cf
OBJ 50001a64 (sz=24, trace=300000, class=java.lang.String@50000181)
	value		500033b3
OBJ 50001a65 (sz=24, trace=300000, class=java.lang.String@50000181)
	value		50003359
OBJ 50001a66 (sz=24, trace=300000, class=java.lang.String@50000181)
	value		5000331f
OBJ 50001a67 (sz=24, trace=300000, class=java.lang.String@50000181)
	value		50003311
OBJ 50001a68 (sz=24, trace=300000, class=java.lang.String@50000181)
	value		5000330b
OBJ 50001a69 (sz=24, trace=300000, class=java.lang.String@50000181)
	value		50003285
OBJ 50001a6a (sz=24, trace=300000, class=java.lang.String@50000181)
	value		500033df
OBJ 50001a6b (sz=24, trace=300000, class=java.lang.String@50000181)
	value		50003377
OBJ 50001a6c (sz=24, trace=300000, class=java.lang.String@50000181)
	value		500032f9
OBJ 50001a6d (sz=24, trace=300000, class=java.lang.String@50000181)
	value		500032f5
OBJ 50001a6e (sz=24, trace=300000, class=java.lang.String@50000181)
	value		500032d1
OBJ 50001a6f (sz=24, trace=300000, class=java.lang.String@50000181)
	value		500032c1
OBJ 50001a70 (sz=24, trace=300000, class=java.lang.String@50000181)
	value		50003275
OBJ 50001a71 (sz=24, trace=300000, class=java.lang.String@50000181)
	value		50003257
OBJ 50001a72 (sz=24, trace=300000, class=java.lang.String@50000181)
	value		500033d3
OBJ 50001a73 (sz=24, trace=300000, class=java.lang.String@50000181)
	value		500033c9
OBJ 50001a74 (sz=24, trace=300000, class=java.lang.String@50000181)
	value		500033bb
OBJ 50001a75 (sz=24, trace=300000, class=java.lang.String@50000181)
	value		50003355
OBJ 50001a76 (sz=24, trace=300000, class=java.lang.String@50000181)
	value		50003337
OBJ 50001a77 (sz=24, trace=300000, class=java.lang.String@50000181)
	value		500033f5
OBJ 50001a78 (sz=24, trace=300000, class=java.lang.String@50000181)
	value		50003375
OBJ 50001a79 (sz=24, trace=300000, class=java.lang.String@50000181)
	value		5000334d
OBJ 50001a7a (sz=24, trace=300000, class=java.lang.String@50000181)
	value		500032ed
OBJ 50001a7b (sz=24, trace=300000, class=java.lang.String@50000181)
	value		50003387
OBJ 50001a7c (sz=24, trace=300000, class=java.lang.String@50000181)
	value		50003281
OBJ 50001a7d (sz=24, trace=300000, class=java.lang.String@50000181)
	value		500033f3
OBJ 50001a7e (sz=24, trace=300000, class=java.lang.String@50000181)
	value		500032d7
OBJ 50001a7f (sz=24, trace=300000, class=java.lang.String@50000181)
	value		500032c3
OBJ 50001a80 (sz=24, trace=300000, class=java.lang.String@50000181)
	value		500032b9
OBJ 50001a81 (sz=24, trace=300000, class=java.lang.String@50000181)
	value		50003289
OBJ 50001a82 (sz=24, trace=300000, class=java.lang.String@50000181)
	value		500033f9
OBJ 50001a83 (sz=24, trace=300000, class=java.lang.String@50000181)
	value		500033e9
OBJ 50001a84 (sz=24, trace=300000, class=java.lang.String@50000181)
	value		500033c1
OBJ 50001a85 (sz=24, trace=300000, class=java.lang.String@50000181)
	value		500032fb
OBJ 50001a86 (sz=24, trace=300000, class=java.lang.String@50000181)
	value		50003317
OBJ 50001a87 (sz=24, trace=300000, class=java.lang.String@50000181)
	value		500032e7
OBJ 50001a88 (sz=24, trace=300000, class=java.lang.String@50000181)
	value		500032a5
OBJ 50001a89 (sz=24, trace=300000, class=java.lang.String@50000181)
	value		50003299
OBJ 50001a8a (sz=24, trace=300000, class=java.lang.String@50000181)
	value		5000327b
OBJ 50001a8b (sz=24, trace=300000, class=java.lang.String@50000181)
	value		500033cb
OBJ 50001a8c (sz=24, trace=300000, class=java.lang.String@50000181)
	value		500033b1
OBJ 50001a8d (sz=24, trace=300000, class=java.lang.String@50000181)
	value		50003333
OBJ 50001a8e (sz=24, trace=300000, class=java.lang.String@50000181)
	value		500032f7
OBJ 50001a8f (sz=24, trace=300000, class=java.lang.String@50000181)
	value		500032c5
OBJ 50001a90 (sz=24, trace=300000, class=java.lang.String@50000181)
	value		5000329b
OBJ 50001a91 (sz=24, trace=300000, class=java.lang.String@50000181)
	value		5000328b
OBJ 50001a92 (sz=24, trace=300000, class=java.lang.String@50000181)
	value		500033d9
OBJ 50001a93 (sz=24, trace=300000, class=java.lang.String@50000181)
	value		50003379
OBJ 50001a94 (sz=24, trace=300000, class=java.lang.String@50000181)
	value		50003331
OBJ 50001a95 (sz=24, trace=300000, class=java.lang.String@50000181)
	value		50003313
OBJ 50001a96 (sz=24, trace=300000, class=java.lang.String@50000181)
	value		50003363
OBJ 50001a97 (sz=24, trace=300000, class=java.lang.String@50000181)
	value		50003339
OBJ 50001a98 (sz=24, trace=300000, class=java.lang.String@50000181)
	value		5000329f
OBJ 50001a99 (sz=24, trace=300000, class=java.lang.String@50000181)
	value		50003263
OBJ 50001a9a (sz=24, trace=300000, class=java.lang.String@50000181)
	value		500033cd
OBJ 50001a9b (sz=24, trace=300000, class=java.lang.String@50000181)
	value		500033a3
OBJ 50001a9c (sz=24, trace=300000, class=java.lang.String@50000181)
	value		5000338f
OBJ 50001a9d (sz=24, trace=300000, class=java.lang.String@50000181)
	value		5000337b
OBJ 50001a9e (sz=24, trace=300000, class=java.lang.String@50000181)
	value		500032c7
OBJ 50001a9f (sz=24, trace=300000, class=java.lang.String@50000181)
	value		5000328d
OBJ 50001aa0 (sz=24, trace=300000, class=java.lang.String@50000181)
	value		5000325f
OBJ 50001aa1 (sz=24, trace=300000, class=java.lang.String@50000181)
	value		500033b5
OBJ 50001aa2 (sz=24, trace=300000, class=java.lang.String@50000181)
	value		50003381
OBJ 50001aa3 (sz=24, trace=300000, class=java.lang.String@50000181)
	value		50003367
OBJ 50001aa4 (sz=24, trace=300000, class=java.lang.String@50000181)
	value		500032eb
OBJ 50001aa5 (sz=24, trace=300000, class=java.lang.String@50000181)
	value		5000329d
OBJ 50001aa6 (sz=24, trace=300000, class=java.lang.String@50000181)
	value		50003261
OBJ 50001aa7 (sz=24, trace=300000, class=java.lang.String@50000181)
	value		50003395
OBJ 50001aa8 (sz=24, trace=300000, class=java.lang.String@50000181)
	value		50003361
OBJ 50001aa9 (sz=24, trace=300000, class=java.lang.String@50000181)
	value		50003325
OBJ 50001aaa (sz=24, trace=300000, class=java.lang.String@50000181)
	value		500032af
OBJ 50001aab (sz=24, trace=300000, class=java.lang.String@50000181)
	value		5000328f
OBJ 50001aac (sz=24, trace=300000, class=java.lang.String@50000181)
	value		5000333b
OBJ 50001aad (sz=24, trace=300000, class=java.lang.String@50000181)
	value		500032a9
OBJ 50001aae (sz=24, trace=300000, class=java.lang.String@50000181)
	value		50003287
OBJ 50001aaf (sz=24, trace=300000, class=java.lang.String@50000181)
	value		50003269
OBJ 50001ab0 (sz=24, trace=300000, class=java.lang.String@50000181)
	value		50003255
OBJ 50001ab1 (sz=24, trace=300000, class=java.lang.String@50000181)
	value		500033e1
OBJ 50001ab2 (sz=24, trace=300000, class=java.lang.String@50000181)
	value		50003397
OBJ 50001ab3 (sz=24, trace=300000, class=java.lang.String@50000181)
	value		500032e3
OBJ 50001ab4 (sz=24, trace=300000, class=java.lang.String@50000181)
	value		50003297
OBJ 50001ab5 (sz=24, trace=300000, class=java.lang.String@50000181)
	value		500033fb
OBJ 50001ab6 (sz=24, trace=300000, class=java.lang.String@50000181)
	value		500033f7
OBJ 50001ab7 (sz=24, trace=300000, class=java.lang.String@50000181)
	value		5000338b
OBJ 50001ab8 (sz=24, trace=300000, class=java.lang.String@50000181)
	value		50003345
OBJ 50001ab9 (sz=24, trace=300000, class=java.lang.String@50000181)
	value		50003319
OBJ 50001aba (sz=24, trace=300000, class=java.lang.String@50000181)
	value		50003309
OBJ 50001abb (sz=24, trace=300000, class=java.lang.String@50000181)
	value		500032d3
OBJ 50001abc (sz=24, trace=300000, class=java.lang.String@50000181)
	value		500032a3
OBJ 50001abd (sz=24, trace=300000, class=java.lang.String@50000181)
	value		5000327f
OBJ 50001abe (sz=24, trace=300000, class=java.lang.String@50000181)
	value		50003267
OBJ 50001abf (sz=24, trace=300000, class=java.lang.String@50000181)
	value		500033fd
OBJ 50001ac0 (sz=24, trace=300000, class=java.lang.String@50000181)
	value		500033e5
OBJ 50001ac1 (sz=24, trace=300000, class=java.lang.String@50000181)
	value		500033d5
OBJ 50001ac2 (sz=24, trace=300000, class=java.lang.String@50000181)
	value		500033c3
OBJ 50001ac3 (sz=24, trace=300000, class=java.lang.String@50000181)
	value		500033ab
OBJ 50001ac4 (sz=24, trace=300000, class=java.lang.String@50000181)
	value		500033af
OBJ 50001ac5 (sz=24, trace=300000, class=java.lang.String@50000181)
	value		500033b4
OBJ 50001ac6 (sz=24, trace=300000, class=java.lang.String@50000181)
	value		5000334e
OBJ 50001ac7 (sz=24, trace=300000, class=java.lang.String@50000181)
	value		500032e8
OBJ 50001ac8 (sz=24, trace=300000, class=java.lang.String@50000181)
	value		50003294
OBJ 50001ac9 (sz=24, trace=300000, class=java.lang.String@50000181)
	value		500032d2
OBJ 50001aca (sz=24, trace=300000, class=java.lang.String@50000181)
	value		500032a0
OBJ 50001acb (sz=24, trace=300000, class=java.lang.String@50000181)
	value		500033ce
OBJ 50001acc (sz=24, trace=300000, class=java.lang.String@50000181)
	value		500033a4
OBJ 50001acd (sz=24, trace=300000, class=java.lang.String@50000181)
	value		5000330c
OBJ 50001ace (sz=24, trace=300000, class=java.lang.String@50000181)
	value		500033bc
OBJ 50001acf (sz=24, trace=300000, class=java.lang.String@50000181)
	value		50003348
OBJ 50001ad0 (sz=24, trace=300000, class=java.lang.String@50000181)
	value		5000334a
OBJ 50001ad1 (sz=24, trace=300000, class=java.lang.String@50000181)
	value		5000337a
OBJ 50001ad2 (sz=24, trace=300000, class=java.lang.String@50000181)
	value		500033cc
OBJ 50001ad3 (sz=24, trace=300000, class=java.lang.String@50000181)
	value		50003390
OBJ 50001ad4 (sz=24, trace=300000, class=java.lang.String@50000181)
	value		500032c6
OBJ 50001ad5 (sz=24, trace=300000, class=java.lang.String@50000181)
	value		500033b2
OBJ 50001ad6 (sz=24, trace=300000, class=java.lang.String@50000181)
	value		500033e0
OBJ 50001ad7 (sz=24, trace=300000, class=java.lang.String@50000181)
	value		500032aa
OBJ 50001ad8 (sz=24, trace=300000, class=java.lang.String@50000181)
	value		50003398
OBJ 50001ad9 (sz=24, trace=300000, class=java.lang.String@50000181)
	value		50003286
OBJ 50001ada (sz=24, trace=300000, class=java.lang.String@50000181)
	value		5000329a
OBJ 50001adb (sz=24, trace=300000, class=java.lang.String@50000181)
	value		500032a6
OBJ 50001adc (sz=24, trace=300000, class=java.lang.String@50000181)
	value		50003314
OBJ 50001add (sz=24, trace=300000, class=java.lang.String@50000181)
	value		5000335a
OBJ 50001ade (sz=24, trace=300000, class=java.lang.String@50000181)
	value		50003256
OBJ 50001adf (sz=24, trace=300000, class=java.lang.String@50000181)
	value		50003264
OBJ 50001ae0 (sz=24, trace=300000, class=java.lang.String@50000181)
	value		50003364
OBJ 50001ae1 (sz=24, trace=300000, class=java.lang.String@50000181)
	value		500032f8
OBJ 50001ae2 (sz=24, trace=300000, class=java.lang.String@50000181)
	value		500032d8
OBJ 50001ae3 (sz=24, trace=300000, class=java.lang.String@50000181)
	value		500033d4
OBJ 50001ae4 (sz=24, trace=300000, class=java.lang.String@50000181)
	value		500033ca
OBJ 50001ae5 (sz=24, trace=300000, class=java.lang.String@50000181)
	value		50003382
OBJ 50001ae6 (sz=24, trace=300000, class=java.lang.String@50000181)
	value		50003376
OBJ 50001ae7 (sz=24, trace=300000, class=java.lang.String@50000181)
	value		50003326
OBJ 50001ae8 (sz=24, trace=300000, class=java.lang.String@50000181)
	value		500032c2
OBJ 50001ae9 (sz=24, trace=300000, class=java.lang.String@50000181)
	value		50003276
OBJ 50001aea (sz=24, trace=300000, class=java.lang.String@50000181)
	value		5000329c
OBJ 50001aeb (sz=24, trace=300000, class=java.lang.String@50000181)
	value		500033f4
OBJ 50001aec (sz=24, trace=300000, class=java.lang.String@50000181)
	value		500032ba
OBJ 50001aed (sz=24, trace=300000, class=java.lang.String@50000181)
	value		50003356
OBJ 50001aee (sz=24, trace=300000, class=java.lang.String@50000181)
	value		500033d6
OBJ 50001aef (sz=24, trace=300000, class=java.lang.String@50000181)
	value		500033e6
OBJ 50001af0 (sz=24, trace=300000, class=java.lang.String@50000181)
	value		500032ee
OBJ 50001af1 (sz=24, trace=300000, class=java.lang.String@50000181)
	value		50003374
OBJ 50001af2 (sz=24, trace=300000, class=java.lang.String@50000181)
	value		5000339a
OBJ 50001af3 (sz=24, trace=300000, class=java.lang.String@50000181)
	value		5000325e
OBJ 50001af4 (sz=24, trace=300000, class=java.lang.String@50000181)
	value		50003370
OBJ 50001af5 (sz=24, trace=300000, class=java.lang.String@50000181)
	value		500033d0
OBJ 50001af6 (sz=24, trace=300000, class=java.lang.String@50000181)
	value		500033de
OBJ 50001af7 (sz=24, trace=300000, class=java.lang.String@50000181)
	value		5000332c
OBJ 50001af8 (sz=24, trace=300000, class=java.lang.String@50000181)
	value		500033ec
OBJ 50001af9 (sz=24, trace=300000, class=java.lang.String@50000181)
	value		50003310
OBJ 50001afa (sz=24, trace=300000, class=java.lang.String@50000181)
	value		50003334
OBJ 50001afb (sz=24, trace=300000, class=java.lang.String@50000181)
	value		50003362
OBJ 50001afc (sz=24, trace=300000, class=java.lang.String@50000181)
	value		500033f6
OBJ 50001afd (sz=24, trace=300000, class=java.lang.String@50000181)
	value		5000337c
OBJ 50001afe (sz=24, trace=300000, class=java.lang.String@50000181)
	value		500033e2
OBJ 50001aff (sz=24, trace=300000, class=java.lang.String@50000181)
	value		50003338
OBJ 50001b00 (sz=24, trace=300000, class=java.lang.String@50000181)
	value		50003298
OBJ 50001b01 (sz=24, trace=300000, class=java.lang.String@50000181)
	value		500032e4
OBJ 50001b02 (sz=24, trace=300000, class=java.lang.String@50000181)
	value		500032ac
OBJ 50001b03 (sz=24, trace=300000, class=java.lang.String@50000181)
	value		500033ea
OBJ 50001b04 (sz=24, trace=300000, class=java.lang.String@50000181)
	value		5000333c
OBJ 50001b05 (sz=24, trace=300000, class=java.lang.String@50000181)
	value		50003260
OBJ 50001b06 (sz=24, trace=300000, class=java.lang.String@50000181)
	value		50003258
OBJ 50001b07 (sz=24, trace=300000, class=java.lang.String@50000181)
	value		500033ac
OBJ 50001b08 (sz=24, trace=300000, class=java.lang.String@50000181)
	value		500032fa
OBJ 50001b09 (sz=24, trace=300000, class=java.lang.String@50000181)
	value		500032f6
OBJ 50001b0a (sz=24, trace=300000, class=java.lang.String@50000181)
	value		5000329e
OBJ 50001b0b (sz=24, trace=300000, class=java.lang.String@50000181)
	value		50003368
OBJ 50001b0c (sz=24, trace=300000, class=java.lang.String@50000181)
	value		5000328a
OBJ 50001b0d (sz=24, trace=300000, class=java.lang.String@50000181)
	value		5000338e
OBJ 50001b0e (sz=24, trace=300000, class=java.lang.String@50000181)
	value		500032d4
OBJ 50001b0f (sz=24, trace=300000, class=java.lang.String@50000181)
	value		50003280
OBJ 50001b10 (sz=24, trace=300000, class=java.lang.String@50000181)
	value		500032fc
OBJ 50001b11 (sz=24, trace=300000, class=java.lang.String@50000181)
	value		500033f2
OBJ 50001b12 (sz=24, trace=300000, class=java.lang.String@50000181)
	value		500033da
OBJ 50001b13 (sz=24, trace=300000, class=java.lang.String@50000181)
	value		50003332
OBJ 50001b14 (sz=24, trace=300000, class=java.lang.String@50000181)
	value		5000328c
OBJ 50001b15 (sz=24, trace=300000, class=java.lang.String@50000181)
	value		5000336a
OBJ 50001b16 (sz=24, trace=300000, class=java.lang.String@50000181)
	value		5000330a
OBJ 50001b17 (sz=24, trace=300000, class=java.lang.String@50000181)
	value		5000333a
OBJ 50001b18 (sz=24, trace=300000, class=java.lang.String@50000181)
	value		50003282
OBJ 50001b19 (sz=24, trace=300000, class=java.lang.String@50000181)
	value		500032c8
OBJ 50001b1a (sz=24, trace=300000, class=java.lang.String@50000181)
	value		50003284
OBJ 50001b1b (sz=24, trace=300000, class=java.lang.String@50000181)
	value		50003296
OBJ 50001b1c (sz=24, trace=300000, class=java.lang.String@50000181)
	value		50003378
OBJ 50001b1d (sz=24, trace=300000, class=java.lang.String@50000181)
	value		50003312
OBJ 50001b1e (sz=24, trace=300000, class=java.lang.String@50000181)
	value		50003320
OBJ 50001b1f (sz=24, trace=300000, class=java.lang.String@50000181)
	value		500032d0
OBJ 50001b20 (sz=24, trace=300000, class=java.lang.String@50000181)
	value		5000327c
OBJ 50001b21 (sz=24, trace=300000, class=java.lang.String@50000181)
	value		500033c2
OBJ 50001b22 (sz=24, trace=300000, class=java.lang.String@50000181)
	value		50003396
OBJ 50001b23 (sz=24, trace=300000, class=java.lang.String@50000181)
	value		500032ec
OBJ 50001b24 (sz=24, trace=300000, class=java.lang.String@50000181)
	value		5000326a
OBJ 50001b25 (sz=24, trace=300000, class=java.lang.String@50000181)
	value		5000328e
OBJ 50001b26 (sz=24, trace=300000, class=java.lang.String@50000181)
	value		50003346
OBJ 50001b27 (sz=24, trace=300000, class=java.lang.String@50000181)
	value		500032b0
OBJ 50001b28 (sz=24, trace=300000, class=java.lang.String@50000181)
	value		500033b6
OBJ 50001b29 (sz=24, trace=300000, class=java.lang.String@50000181)
	value		500033fa
OBJ 50001b2a (sz=24, trace=300000, class=java.lang.String@50000181)
	value		50003318
OBJ 50001b2b (sz=24, trace=300000, class=java.lang.String@50000181)
	value		50003272
OBJ 50001b2c (sz=24, trace=300000, class=java.lang.String@50000181)
	value		500033b0
OBJ 50001b2d (sz=24, trace=300000, class=java.lang.String@50000181)
	value		50003288
OBJ 50001b2e (sz=24, trace=300000, class=java.lang.String@50000181)
	value		5000331a
OBJ 50001b2f (sz=24, trace=300000, class=java.lang.String@50000181)
	value		500032c4
OBJ 50001b30 (sz=24, trace=300000, class=java.lang.String@50000181)
	value		500032e0
OBJ 50001b31 (sz=24, trace=300000, class=java.lang.String@50000181)
	value		500032dc
OBJ 50001b32 (sz=24, trace=300000, class=java.lang.String@50000181)
	value		50003322
OBJ 50001b33 (sz=24, trace=300000, class=java.lang.String@50000181)
	value		50003330
OBJ 50001b34 (sz=24, trace=300000, class=java.lang.String@50000181)
	value		50003388
OBJ 50001b35 (sz=24, trace=300000, class=java.lang.String@50000181)
	value		500032a8
OBJ 50001b36 (sz=24, trace=300000, class=java.lang.String@50000181)
	value		500033a8
OBJ 50001b37 (sz=24, trace=300000, class=java.lang.String@50000181)
	value		50003350
OBJ 50001b38 (sz=24, trace=300000, class=java.lang.String@50000181)
	value		5000331e
OBJ 50001b39 (sz=24, trace=300000, class=java.lang.String@50000181)
	value		50003262
OBJ 50001b3a (sz=24, trace=300000, class=java.lang.String@50000181)
	value		5000338c
OBJ 50001b3b (sz=24, trace=300000, class=java.lang.String@50000181)
	value		50003268
OBJ 50001b3c (sz=24, trace=300000, class=java.lang.String@50000181)
	value		500033fe
OBJ 50001b3d (sz=24, trace=300000, class=java.lang.String@50000181)
	value		500033c4
OBJ 50001b3e (sz=24, trace=300000, class=java.lang.String@50000181)
	value		500032a4
OBJ 50001b3f (sz=24, trace=300000, class=java.lang.String@50000181)
	value		500033f8
OBJ 50001b40 (sz=24, trace=300000, class=java.lang.String@50000181)
	value		500033fc
OBJ 50001b41 (sz=24, trace=300000, class=java.lang.String@50000181)
	value		50003290
OBJ 50001b42 (sz=24, trace=300000, class=java.lang.String@50000181)
	value		500032e6
OBJ 50001b43 (sz=24, trace=300000, class=java.lang.String@50000181)
	value		50003307
OBJ 50001b44 (sz=24, trace=300000, class=java.lang.String@50000181)
	value		50003277
OBJ 50001b45 (sz=24, trace=300000, class=java.lang.String@50000181)
	value		500033ef
OBJ 50001b46 (sz=24, trace=300000, class=java.lang.String@50000181)
	value		500033a5
OBJ 50001b47 (sz=24, trace=300000, class=java.lang.String@50000181)
	value		50003341
OBJ 50001b48 (sz=24, trace=300000, class=java.lang.String@50000181)
	value		5000331b
OBJ 50001b49 (sz=24, trace=300000, class=java.lang.String@50000181)
	value		500033ed
OBJ 50001b4a (sz=24, trace=300000, class=java.lang.String@50000181)
	value		500033b9
OBJ 50001b4b (sz=24, trace=300000, class=java.lang.String@50000181)
	value		50003385
OBJ 50001b4c (sz=24, trace=300000, class=java.lang.String@50000181)
	value		50003301
OBJ 50001b4d (sz=24, trace=300000, class=java.lang.String@50000181)
	value		500032dd
OBJ 50001b4e (sz=24, trace=300000, class=java.lang.String@50000181)
	value		500032cb
OBJ 50001b4f (sz=24, trace=300000, class=java.lang.String@50000181)
	value		50003273
OBJ 50001b50 (sz=24, trace=300000, class=java.lang.String@50000181)
	value		5000325b
OBJ 50001b51 (sz=24, trace=300000, class=java.lang.String@50000181)
	value		50003329
OBJ 50001b52 (sz=24, trace=300000, class=java.lang.String@50000181)
	value		500032c9
OBJ 50001b53 (sz=24, trace=300000, class=java.lang.String@50000181)
	value		500033a9
OBJ 50001b54 (sz=24, trace=300000, class=java.lang.String@50000181)
	value		5000327d
OBJ 50001b55 (sz=24, trace=300000, class=java.lang.String@50000181)
	value		50003279
OBJ 50001b56 (sz=24, trace=300000, class=java.lang.String@50000181)
	value		500033c5
OBJ 50001b57 (sz=24, trace=300000, class=java.lang.String@50000181)
	value		50003391
OBJ 50001b58 (sz=24, trace=300000, class=java.lang.String@50000181)
	value		50003389
OBJ 50001b59 (sz=24, trace=300000, class=java.lang.String@50000181)
	value		50003351
OBJ 50001b5a (sz=24, trace=300000, class=java.lang.String@50000181)
	value		5000326b
OBJ 50001b5b (sz=24, trace=300000, class=java.lang.String@50000181)
	value		50003259
OBJ 50001b5c (sz=24, trace=300000, class=java.lang.String@50000181)
	value		500033e3
OBJ 50001b5d (sz=24, trace=300000, class=java.lang.String@50000181)
	value		500033d1
OBJ 50001b5e (sz=24, trace=300000, class=java.lang.String@50000181)
	value		500033b7
OBJ 50001b5f (sz=24, trace=300000, class=java.lang.String@50000181)
	value		50003383
OBJ 50001b60 (sz=24, trace=300000, class=java.lang.String@50000181)
	value		5000335b
OBJ 50001b61 (sz=24, trace=300000, class=java.lang.String@50000181)
	value		5000332d
OBJ 50001b62 (sz=24, trace=300000, class=java.lang.String@50000181)
	value		50003305
OBJ 50001b63 (sz=24, trace=300000, class=java.lang.String@50000181)
	value		500032f1
OBJ 50001b64 (sz=24, trace=300000, class=java.lang.String@50000181)
	value		500032b1
OBJ 50001b65 (sz=24, trace=300000, class=java.lang.String@50000181)
	value		5000326f
OBJ 50001b66 (sz=24, trace=300000, class=java.lang.String@50000181)
	value		50003265
OBJ 50001b67 (sz=24, trace=300000, class=java.lang.String@50000181)
	value		500033e7
OBJ 50001b68 (sz=24, trace=300000, class=java.lang.String@50000181)
	value		500033ad
OBJ 50001b69 (sz=24, trace=300000, class=java.lang.String@50000181)
	value		50003343
OBJ 50001b6a (sz=24, trace=300000, class=java.lang.String@50000181)
	value		50003327
OBJ 50001b6b (sz=24, trace=300000, class=java.lang.String@50000181)
	value		5000339b
OBJ 50001b6c (sz=24, trace=300000, class=java.lang.String@50000181)
	value		50003353
OBJ 50001b6d (sz=24, trace=300000, class=java.lang.String@50000181)
	value		50003303
OBJ 50001b6e (sz=24, trace=300000, class=java.lang.String@50000181)
	value		500032fd
OBJ 50001b6f (sz=24, trace=300000, class=java.lang.String@50000181)
	value		500032f3
OBJ 50001b70 (sz=24, trace=300000, class=java.lang.String@50000181)
	value		500032e1
OBJ 50001b71 (sz=24, trace=300000, class=java.lang.String@50000181)
	value		500032d5
OBJ 50001b72 (sz=24, trace=300000, class=java.lang.String@50000181)
	value		500032a1
OBJ 50001b73 (sz=24, trace=300000, class=java.lang.String@50000181)
	value		50003291
OBJ 50001b74 (sz=24, trace=300000, class=java.lang.String@50000181)
	value		5000326d
OBJ 50001b75 (sz=24, trace=300000, class=java.lang.String@50000181)
	value		500033c7
OBJ 50001b76 (sz=24, trace=300000, class=java.lang.String@50000181)
	value		50003371
OBJ 50001b77 (sz=24, trace=300000, class=java.lang.String@50000181)
	value		500032d9
OBJ 50001b78 (sz=24, trace=300000, class=java.lang.String@50000181)
	value		500033db
OBJ 50001b79 (sz=24, trace=300000, class=java.lang.String@50000181)
	value		500032bf
OBJ 50001b7a (sz=24, trace=300000, class=java.lang.String@50000181)
	value		500032bd
OBJ 50001b7b (sz=24, trace=300000, class=java.lang.String@50000181)
	value		500032b7
OBJ 50001b7c (sz=24, trace=300000, class=java.lang.String@50000181)
	value		500033bd
OBJ 50001b7d (sz=24, trace=300000, class=java.lang.String@50000181)
	value		5000339d
OBJ 50001b7e (sz=24, trace=300000, class=java.lang.String@50000181)
	value		500032bb
OBJ 50001b7f (sz=24, trace=300000, class=java.lang.String@50000181)
	value		500032b3
OBJ 50001b80 (sz=24, trace=300000, class=java.lang.String@50000181)
	value		5000336b
OBJ 50001b81 (sz=24, trace=300000, class=java.lang.String@50000181)
	value		500032b5
OBJ 50001b82 (sz=24, trace=300000, class=java.lang.String@50000181)
	value		500032ff
OBJ 50001b83 (sz=24, trace=300000, class=java.lang.String@50000181)
	value		5000337f
OBJ 50001b84 (sz=24, trace=300000, class=java.lang.String@50000181)
	value		5000337d
OBJ 50001b85 (sz=24, trace=300000, class=java.lang.String@50000181)
	value		5000336d
OBJ 50001b86 (sz=24, trace=300000, class=java.lang.String@50000181)
	value		50003365
OBJ 50001b87 (sz=24, trace=300000, class=java.lang.String@50000181)
	value		5000335d
OBJ 50001b88 (sz=24, trace=300000, class=java.lang.String@50000181)
	value		5000335f
OBJ 50001b89 (sz=24, trace=300000, class=java.lang.String@50000181)
	value		50003357
OBJ 50001b8a (sz=24, trace=300000, class=java.lang.String@50000181)
	value		50003335
OBJ 50001b8b (sz=24, trace=300000, class=java.lang.String@50000181)
	value		5000330d
OBJ 50001b8c (sz=24, trace=300000, class=java.lang.String@50000181)
	value		500032ef
OBJ 50001b8d (sz=24, trace=300000, class=java.lang.String@50000181)
	value		500032e9
OBJ 50001b8e (sz=24, trace=300000, class=java.lang.String@50000181)
	value		500033bf
OBJ 50001b8f (sz=24, trace=300000, class=java.lang.String@50000181)
	value		500033a1
OBJ 50001b90 (sz=24, trace=300000, class=java.lang.String@50000181)
	value		5000339f
OBJ 50001b91 (sz=24, trace=300000, class=java.lang.String@50000181)
	value		50003393
OBJ 50001b92 (sz=24, trace=300000, class=java.lang.String@50000181)
	value		50003315
OBJ 50001b93 (sz=24, trace=300000, class=java.lang.String@50000181)
	value		500032cd
OBJ 50001b94 (sz=24, trace=300000, class=java.lang.String@50000181)
	value		50003323
OBJ 50001b95 (sz=24, trace=300000, class=java.lang.String@50000181)
	value		5000333d
OBJ 50001b96 (sz=24, trace=300000, class=java.lang.String@50000181)
	value		500033d7
OBJ 50001b97 (sz=24, trace=300000, class=java.lang.String@50000181)
	value		500032ad
OBJ 50001b98 (sz=24, trace=300000, class=java.lang.String@50000181)
	value		5000334b
OBJ 50001b99 (sz=24, trace=300000, class=java.lang.String@50000181)
	value		5000333f
OBJ 50001b9a (sz=24, trace=300000, class=java.lang.String@50000181)
	value		50003336
OBJ 50001b9b (sz=24, trace=300000, class=java.lang.String@50000181)
	value		50003380
OBJ 50001b9c (sz=24, trace=300000, class=java.lang.String@50000181)
	value		50003316
OBJ 50001b9d (sz=24, trace=300000, class=java.lang.String@50000181)
	value		500032da
OBJ 50001b9e (sz=24, trace=300000, class=java.lang.String@50000181)
	value		5000339e
OBJ 50001b9f (sz=24, trace=300000, class=java.lang.String@50000181)
	value		500033dc
OBJ 50001ba0 (sz=24, trace=300000, class=java.lang.String@50000181)
	value		500033be
OBJ 50001ba1 (sz=24, trace=300000, class=java.lang.String@50000181)
	value		50003324
OBJ 50001ba2 (sz=24, trace=300000, class=java.lang.String@50000181)
	value		50003392
OBJ 50001ba3 (sz=24, trace=300000, class=java.lang.String@50000181)
	value		5000338a
OBJ 50001ba4 (sz=24, trace=300000, class=java.lang.String@50000181)
	value		5000333e
OBJ 50001ba5 (sz=24, trace=300000, class=java.lang.String@50000181)
	value		500033d8
OBJ 50001ba6 (sz=24, trace=300000, class=java.lang.String@50000181)
	value		500033aa
OBJ 50001ba7 (sz=24, trace=300000, class=java.lang.String@50000181)
	value		50003352
OBJ 50001ba8 (sz=24, trace=300000, class=java.lang.String@50000181)
	value		50003344
OBJ 50001ba9 (sz=24, trace=300000, class=java.lang.String@50000181)
	value		500032fe
OBJ 50001baa (sz=24, trace=300000, class=java.lang.String@50000181)
	value		50003304
OBJ 50001bab (sz=24, trace=300000, class=java.lang.String@50000181)
	value		500032a2
OBJ 50001bac (sz=24, trace=300000, class=java.lang.String@50000181)
	value		500033e8
OBJ 50001bad (sz=24, trace=300000, class=java.lang.String@50000181)
	value		5000335c
OBJ 50001bae (sz=24, trace=300000, class=java.lang.String@50000181)
	value		50003372
OBJ 50001baf (sz=24, trace=300000, class=java.lang.String@50000181)
	value		50003354
OBJ 50001bb0 (sz=24, trace=300000, class=java.lang.String@50000181)
	value		500033c6
OBJ 50001bb1 (sz=24, trace=300000, class=java.lang.String@50000181)
	value		500032f2
OBJ 50001bb2 (sz=24, trace=300000, class=java.lang.String@50000181)
	value		500033e4
OBJ 50001bb3 (sz=24, trace=300000, class=java.lang.String@50000181)
	value		500033a0
OBJ 50001bb4 (sz=24, trace=300000, class=java.lang.String@50000181)
	value		500032bc
OBJ 50001bb5 (sz=24, trace=300000, class=java.lang.String@50000181)
	value		500032b4
OBJ 50001bb6 (sz=24, trace=300000, class=java.lang.String@50000181)
	value		500033f0
OBJ 50001bb7 (sz=24, trace=300000, class=java.lang.String@50000181)
	value		50003278
OBJ 50001bb8 (sz=24, trace=300000, class=java.lang.String@50000181)
	value		5000331c
OBJ 50001bb9 (sz=24, trace=300000, class=java.lang.String@50000181)
	value		50003274
OBJ 50001bba (sz=24, trace=300000, class=java.lang.String@50000181)
	value		500032de
OBJ 50001bbb (sz=24, trace=300000, class=java.lang.String@50000181)
	value		500032ca
OBJ 50001bbc (sz=24, trace=300000, class=java.lang.String@50000181)
	value		50003386
OBJ 50001bbd (sz=24, trace=300000, class=java.lang.String@50000181)
	value		500032d6
OBJ 50001bbe (sz=24, trace=300000, class=java.lang.String@50000181)
	value		5000325a
OBJ 50001bbf (sz=24, trace=300000, class=java.lang.String@50000181)
	value		50003342
OBJ 50001bc0 (sz=24, trace=300000, class=java.lang.String@50000181)
	value		50003328
OBJ 50001bc1 (sz=24, trace=300000, class=java.lang.String@50000181)
	value		50003306
OBJ 50001bc2 (sz=24, trace=300000, class=java.lang.String@50000181)
	value		5000332e
OBJ 50001bc3 (sz=24, trace=300000, class=java.lang.String@50000181)
	value		50003384
OBJ 50001bc4 (sz=24, trace=300000, class=java.lang.String@50000181)
	value		500033c8
OBJ 50001bc5 (sz=24, trace=300000, class=java.lang.String@50000181)
	value		50003292
OBJ 50001bc6 (sz=24, trace=300000, class=java.lang.String@50000181)
	value		500033ee
OBJ 50001bc7 (sz=24, trace=300000, class=java.lang.String@50000181)
	value		5000327e
OBJ 50001bc8 (sz=24, trace=300000, class=java.lang.String@50000181)
	value		50003366
OBJ 50001bc9 (sz=24, trace=300000, class=java.lang.String@50000181)
	value		50003360
OBJ 50001bca (sz=24, trace=300000, class=java.lang.String@50000181)
	value		50003358
OBJ 50001bcb (sz=24, trace=300000, class=java.lang.String@50000181)
	value		5000335e
OBJ 50001bcc (sz=24, trace=300000, class=java.lang.String@50000181)
	value		500032e2
OBJ 50001bcd (sz=24, trace=300000, class=java.lang.String@50000181)
	value		5000326c
OBJ 50001bce (sz=24, trace=300000, class=java.lang.String@50000181)
	value		500032ea
OBJ 50001bcf (sz=24, trace=300000, class=java.lang.String@50000181)
	value		500032f0
OBJ 50001bd0 (sz=24, trace=300000, class=java.lang.String@50000181)
	value		5000325c
OBJ 50001bd1 (sz=24, trace=300000, class=java.lang.String@50000181)
	value		5000339c
OBJ 50001bd2 (sz=24, trace=300000, class=java.lang.String@50000181)
	value		5000334c
OBJ 50001bd3 (sz=24, trace=300000, class=java.lang.String@50000181)
	value		50003340
OBJ 50001bd4 (sz=24, trace=300000, class=java.lang.String@50000181)
	value		5000330e
OBJ 50001bd5 (sz=24, trace=300000, class=java.lang.String@50000181)
	value		5000326e
OBJ 50001bd6 (sz=24, trace=300000, class=java.lang.String@50000181)
	value		500033b8
OBJ 50001bd7 (sz=24, trace=300000, class=java.lang.String@50000181)
	value		500032b6
OBJ 50001bd8 (sz=24, trace=300000, class=java.lang.String@50000181)
	value		50003302
OBJ 50001bd9 (sz=24, trace=300000, class=java.lang.String@50000181)
	value		500032f4
OBJ 50001bda (sz=24, trace=300000, class=java.lang.String@50000181)
	value		500032b2
OBJ 50001bdb (sz=24, trace=300000, class=java.lang.String@50000181)
	value		50003308
OBJ 50001bdc (sz=24, trace=300000, class=java.lang.String@50000181)
	value		5000327a
OBJ 50001bdd (sz=24, trace=300000, class=java.lang.String@50000181)
	value		500032c0
OBJ 50001bde (sz=24, trace=300000, class=java.lang.String@50000181)
	value		500032b8
OBJ 50001bdf (sz=24, trace=300000, class=java.lang.String@50000181)
	value		500032be
OBJ 50001be0 (sz=24, trace=300000, class=java.lang.String@50000181)
	value		500033d2
OBJ 50001be1 (sz=24, trace=300000, class=java.lang.String@50000181)
	value		50003270
OBJ 50001be2 (sz=24, trace=300000, class=java.lang.String@50000181)
	value		50003266
OBJ 50001be3 (sz=24, trace=300000, class=java.lang.String@50000181)
	value		500033a6
OBJ 50001be4 (sz=24, trace=300000, class=java.lang.String@50000181)
	value		500032cc
OBJ 50001be5 (sz=24, trace=300000, class=java.lang.String@50000181)
	value		500033ae
OBJ 50001be6 (sz=24, trace=300000, class=java.lang.String@50000181)
	value		5000332a
OBJ 50001be7 (sz=24, trace=300000, class=java.lang.String@50000181)
	value		50003300
OBJ 50001be8 (sz=24, trace=300000, class=java.lang.String@50000181)
	value		500032ce
OBJ 50001be9 (sz=24, trace=300000, class=java.lang.String@50000181)
	value		500032ae
OBJ 50001bea (sz=24, trace=300000, class=java.lang.String@50000181)
	value		5000336c
OBJ 50001beb (sz=24, trace=300000, class=java.lang.String@50000181)
	value		500033a2
OBJ 50001bec (sz=24, trace=300000, class=java.lang.String@50000181)
	value		50003394
OBJ 50001bed (sz=24, trace=300000, class=java.lang.String@50000181)
	value		5000337e
OBJ 50001bee (sz=24, trace=300000, class=java.lang.String@50000181)
	value		500033ba
OBJ 50001bef (sz=24, trace=300000, class=java.lang.String@50000181)
	value		500033c0
OBJ 50001bf0 (sz=24, trace=300000, class=java.lang.String@50000181)
	value		5000336e
OBJ 50001bf1 (sz=56, trace=300000, class=java.util.ResourceBundle$CacheKey@50000755)
	name		5000190f
	locale		5000076d
	loaderRef	50000812
	format		50001bf2
OBJ 50001bf2 (sz=24, trace=300000, class=java.lang.String@50000181)
	value		50003010
OBJ 50001bf3 (sz=24, trace=300000, class=java.lang.String@50000181)
	value		50001bf8
OBJ 50001bf4 (sz=24, trace=300000, class=java.lang.String@50000181)
	value		50001bf7
OBJ 50001bf5 (sz=24, trace=300000, class=java.lang.String@50000181)
	value		50001bf6
ARR 50001bf6 (sz=4, trace=300000, nelems=2, elem type=char[])
ARR 50001bf7 (sz=8, trace=300000, nelems=4, elem type=char[])
ARR 50001bf8 (sz=4, trace=300000, nelems=2, elem type=char[])
ARR 50001bf9 (sz=0, trace=300000, nelems=0, elem type=char[])
OBJ 50001bfa (sz=24, trace=300000, class=java.lang.String@50000181)
	value		5000300f
OBJ 50001bfb (sz=24, trace=300000, class=java.lang.String@50000181)
	value		5000300e
OBJ 50001bfc (sz=24, trace=300000, class=java.lang.String@50000181)
	value		5000300d
OBJ 50001bfd (sz=24, trace=300000, class=sun.util.locale.BaseLocale$Cache@5000001b)
	map		50001c01
	queue		50001c00
OBJ 50001bfe (sz=24, trace=300000, class=java.lang.String@50000181)
	value		50001bff
ARR 50001bff (sz=2, trace=300000, nelems=1, elem type=char[])
OBJ 50001c00 (sz=32, trace=300000, class=java.lang.ref.ReferenceQueue@5000015f)
	lock		50002f99
OBJ 50001c01 (sz=64, trace=300000, class=java.util.concurrent.ConcurrentHashMap@5000002b)
	table		50001c02
ARR 50001c02 (sz=144, trace=300000, nelems=27, elem type=java.util.concurrent.ConcurrentHashMap$Node[]@50000023)
	[0]		50001c03
	[1]		50001c04
	[4]		50001c05
	[7]		50001c06
	[8]		50001c07
	[9]		50001c08
	[11]		50001c09
	[12]		50001c0a
	[13]		5000076b
	[14]		50001c0b
	[21]		5000077e
	[23]		50001c0c
	[25]		50001c0d
	[26]		50001c0e
OBJ 50001c03 (sz=32, trace=300000, class=java.util.concurrent.ConcurrentHashMap$Node@50000024)
	key		50003002
	val		50003001
	next		50003000
OBJ 50001c04 (sz=32, trace=300000, class=java.util.concurrent.ConcurrentHashMap$Node@50000024)
	key		50002ffb
	val		50002ffa
OBJ 50001c05 (sz=32, trace=300000, class=java.util.concurrent.ConcurrentHashMap$Node@50000024)
	key		50002ff5
	val		50002ff4
OBJ 50001c06 (sz=32, trace=300000, class=java.util.concurrent.ConcurrentHashMap$Node@50000024)
	key		50002fef
	val		50002fee
OBJ 50001c07 (sz=32, trace=300000, class=java.util.concurrent.ConcurrentHashMap$Node@50000024)
	key		50002fd5
	val		50002fd4
	next		50002fd3
OBJ 50001c08 (sz=32, trace=300000, class=java.util.concurrent.ConcurrentHashMap$Node@50000024)
	key		50002fce
	val		50002fcd
OBJ 50001c09 (sz=32, trace=300000, class=java.util.concurrent.ConcurrentHashMap$Node@50000024)
	key		50002fc2
	val		50002fc1
	next		50002fc0
OBJ 50001c0a (sz=32, trace=300000, class=java.util.concurrent.ConcurrentHashMap$Node@50000024)
	key		50002fae
	val		50002fad
	next		50002fac
OBJ 50001c0b (sz=32, trace=300000, class=java.util.concurrent.ConcurrentHashMap$Node@50000024)
	key		50002fa7
	val		50002fa6
OBJ 50001c0c (sz=32, trace=300000, class=java.util.concurrent.ConcurrentHashMap$Node@50000024)
	key		50002fa1
	val		50002fa0
OBJ 50001c0d (sz=32, trace=300000, class=java.util.concurrent.ConcurrentHashMap$Node@50000024)
	key		50002f9b
	val		50002f9a
OBJ 50001c0e (sz=32, trace=300000, class=java.util.concurrent.ConcurrentHashMap$Node@50000024)
	key		50001c10
	val		50001c0f
OBJ 50001c0f (sz=48, trace=300000, class=sun.util.locale.LocaleObjectCache$CacheEntry@50000019)
	referent	50001d6c
	queue		50001c00
	key		50001c10
OBJ 50001c10 (sz=40, trace=300000, class=sun.util.locale.BaseLocale$Key@5000001a)
	lang		50001c14
	scrt		50001c13
	regn		50001c12
	vart		50001c11
OBJ 50001c11 (sz=40, trace=300000, class=java.lang.ref.SoftReference@50000165)
	referent	5000177a
	queue		50001c15
OBJ 50001c12 (sz=40, trace=300000, class=java.lang.ref.SoftReference@50000165)
	referent	50001d05
	queue		50001c15
OBJ 50001c13 (sz=40, trace=300000, class=java.lang.ref.SoftReference@50000165)
	referent	5000177a
	queue		50001c15
OBJ 50001c14 (sz=40, trace=300000, class=java.lang.ref.SoftReference@50000165)
	referent	50001c16
	queue		50001c15
OBJ 50001c15 (sz=32, trace=300000, class=java.lang.ref.ReferenceQueue$Null@500000e5)
	lock		50001c18
OBJ 50001c16 (sz=24, trace=300000, class=java.lang.String@50000181)
	value		50001c17
ARR 50001c17 (sz=4, trace=300000, nelems=2, elem type=char[])
OBJ 50001c18 (sz=16, trace=300000, class=java.lang.ref.ReferenceQueue$Lock@500000e4)
OBJ 50001c19 (sz=32, trace=300000, class=java.lang.ref.ReferenceQueue$Null@500000e5)
	lock		50001c1a
OBJ 50001c1a (sz=16, trace=300000, class=java.lang.ref.ReferenceQueue$Lock@500000e4)
OBJ 50001c1b (sz=24, trace=300000, class=java.lang.String@50000181)
	value		50002f98
OBJ 50001c1c (sz=16, trace=300000, class=java.security.ProtectionDomain$JavaSecurityAccessImpl@5000000b)
OBJ 50001c1d (sz=16, trace=300000, class=java.security.ProtectionDomain$2@50000009)
OBJ 50001c1e (sz=16, trace=300000, class=java.io.FileDescriptor$1@50000088)
OBJ 50001c1f (sz=16, trace=300000, class=java.nio.Bits$1@5000006d)
OBJ 50001c20 (sz=16, trace=300000, class=java.net.URLClassLoader$7@5000003a)
OBJ 50001c21 (sz=16, trace=300000, class=java.lang.ref.Reference$1@500000e0)
OBJ 50001c22 (sz=24, trace=300000, class=java.lang.String@50000181)
	value		50001e40
OBJ 50001c23 (sz=24, trace=300000, class=java.lang.String@50000181)
	value		50001ea7
OBJ 50001c24 (sz=24, trace=300000, class=java.lang.String@50000181)
	value		50002f8b
OBJ 50001c25 (sz=24, trace=300000, class=java.lang.String@50000181)
	value		50002f8a
OBJ 50001c26 (sz=24, trace=300000, class=java.lang.String@50000181)
	value		50002f88
OBJ 50001c27 (sz=24, trace=300000, class=java.lang.String@50000181)
	value		50002f87
OBJ 50001c28 (sz=24, trace=300000, class=java.lang.String@50000181)
	value		50002f86
OBJ 50001c29 (sz=24, trace=300000, class=java.lang.String@50000181)
	value		50001c2c
OBJ 50001c2a (sz=24, trace=300000, class=java.lang.String@50000181)
	value		50001c2b
ARR 50001c2b (sz=30, trace=300000, nelems=15, elem type=char[])
ARR 50001c2c (sz=18, trace=300000, nelems=9, elem type=char[])
OBJ 50001c2d (sz=24, trace=300000, class=java.lang.String@50000181)
	value		50001e63
OBJ 50001c2e (sz=24, trace=300000, class=java.lang.String@50000181)
	value		50001e61
OBJ 50001c2f (sz=24, trace=300000, class=java.lang.String@50000181)
	value		50001e59
OBJ 50001c30 (sz=24, trace=300000, class=java.lang.String@50000181)
	value		50001c42
OBJ 50001c31 (sz=24, trace=300000, class=java.lang.String@50000181)
	value		50001e57
OBJ 50001c32 (sz=24, trace=300000, class=java.lang.String@50000181)
	value		50001e5b
OBJ 50001c33 (sz=24, trace=300000, class=java.lang.String@50000181)
	value		50001c3e
OBJ 50001c34 (sz=24, trace=300000, class=java.lang.String@50000181)
	value		50001e5a
OBJ 50001c35 (sz=24, trace=300000, class=java.lang.String@50000181)
	value		50001e5c
OBJ 50001c36 (sz=24, trace=300000, class=java.lang.String@50000181)
	value		50001e58
OBJ 50001c37 (sz=24, trace=300000, class=java.lang.String@50000181)
	value		50001c3d
OBJ 50001c38 (sz=24, trace=300000, class=java.lang.String@50000181)
	value		50001e60
OBJ 50001c39 (sz=24, trace=300000, class=java.lang.String@50000181)
	value		50001e5f
ARR 50001c3a (sz=48, trace=300000, nelems=7, elem type=java.io.ObjectStreamField[]@5000010d)
	[0]		50001e50
	[1]		50001e51
	[2]		50001e52
	[3]		50001e53
	[4]		50001e54
	[5]		50001e55
	[6]		50001e56
OBJ 50001c3b (sz=16, trace=300000, class=java.lang.Object@50000185)
OBJ 50001c3c (sz=48, trace=300000, class=java.util.Hashtable@50000158)
	table		50001c3f
ARR 50001c3d (sz=40, trace=300000, nelems=20, elem type=char[])
ARR 50001c3e (sz=52, trace=300000, nelems=26, elem type=char[])
ARR 50001c3f (sz=64, trace=300000, nelems=7, elem type=java.util.Hashtable$Entry[]@500000d2)
	[6]		50001c40
OBJ 50001c40 (sz=32, trace=300000, class=java.util.Hashtable$Entry@500000d3)
	key		50001c30
	value		50001c41
OBJ 50001c41 (sz=16, trace=300000, class=sun.net.www.protocol.file.Handler@5000000e)
ARR 50001c42 (sz=8, trace=300000, nelems=4, elem type=char[])
OBJ 50001c43 (sz=24, trace=300000, class=java.lang.String@50000181)
	value		50001e4f
OBJ 50001c44 (sz=24, trace=300000, class=java.lang.String@50000181)
	value		50001c49
OBJ 50001c45 (sz=24, trace=300000, class=java.lang.String@50000181)
	value		50001c4a
OBJ 50001c46 (sz=24, trace=300000, class=java.lang.String@50000181)
	value		50001c4c
OBJ 50001c47 (sz=24, trace=300000, class=java.lang.String@50000181)
	value		50001e4b
OBJ 50001c48 (sz=24, trace=300000, class=java.lang.String@50000181)
	value		50001c4b
ARR 50001c49 (sz=28, trace=300000, nelems=14, elem type=char[])
ARR 50001c4a (sz=24, trace=300000, nelems=12, elem type=char[])
ARR 50001c4b (sz=20, trace=300000, nelems=10, elem type=char[])
ARR 50001c4c (sz=26, trace=300000, nelems=13, elem type=char[])
OBJ 50001c4d (sz=24, trace=300000, class=java.lang.String@50000181)
	value		50001c50
OBJ 50001c4e (sz=24, trace=300000, class=java.lang.String@50000181)
	value		50001c4f
ARR 50001c4f (sz=38, trace=300000, nelems=19, elem type=char[])
ARR 50001c50 (sz=50, trace=300000, nelems=25, elem type=char[])
OBJ 50001c51 (sz=24, trace=300000, class=java.lang.String@50000181)
	value		50001e43
OBJ 50001c52 (sz=24, trace=300000, class=java.lang.String@50000181)
	value		50001dc4
OBJ 50001c53 (sz=24, trace=300000, class=java.lang.String@50000181)
	value		50001e42
OBJ 50001c54 (sz=24, trace=300000, class=java.lang.String@50000181)
	value		50001e41
OBJ 50001c55 (sz=24, trace=300000, class=java.lang.String@50000181)
	value		50001e3f
OBJ 50001c56 (sz=24, trace=300000, class=java.lang.String@50000181)
	value		50001e3e
OBJ 50001c57 (sz=24, trace=300000, class=java.lang.String@50000181)
	value		50001e3d
OBJ 50001c58 (sz=24, trace=300000, class=java.lang.String@50000181)
	value		50001e3c
OBJ 50001c59 (sz=24, trace=300000, class=java.lang.String@50000181)
	value		50001e3b
OBJ 50001c5a (sz=24, trace=300000, class=java.lang.String@50000181)
	value		50001e3a
OBJ 50001c5b (sz=24, trace=300000, class=java.lang.String@50000181)
	value		50001e39
OBJ 50001c5c (sz=24, trace=300000, class=java.lang.String@50000181)
	value		50001e38
ARR 50001c5d (sz=32, trace=300000, nelems=16, elem type=char[])
OBJ 50001c5e (sz=24, trace=300000, class=java.util.BitSet@50000011)
	words		50001c5f
ARR 50001c5f (sz=32, trace=300000, nelems=4, elem type=long[])
OBJ 50001c60 (sz=24, trace=300000, class=java.lang.String@50000181)
	value		50001c64
ARR 50001c61 (sz=24, trace=300000, nelems=1, elem type=java.io.ObjectStreamField[]@5000010d)
	[0]		50001c62
OBJ 50001c62 (sz=40, trace=300000, class=java.io.ObjectStreamField@5000010f)
	name		50001c60
	signature	50001c63
	type		50000186
OBJ 50001c63 (sz=24, trace=300000, class=java.lang.String@50000181)
	value		50001c65
ARR 50001c64 (sz=8, trace=300000, nelems=4, elem type=char[])
ARR 50001c65 (sz=4, trace=300000, nelems=2, elem type=char[])
OBJ 50001c66 (sz=24, trace=300000, class=java.lang.String@50000181)
	value		50001e37
OBJ 50001c67 (sz=24, trace=300000, class=java.lang.String@50000181)
	value		50001e36
OBJ 50001c68 (sz=24, trace=300000, class=java.lang.String@50000181)
	value		50001e2e
OBJ 50001c69 (sz=24, trace=300000, class=java.lang.String@50000181)
	value		50001e2d
OBJ 50001c6a (sz=32, trace=300000, class=java.io.WinNTFileSystem@50000061)
	cache		50001c6c
	prefixCache	50001c6b
OBJ 50001c6b (sz=40, trace=300000, class=java.io.ExpiringCache@50000060)
	map		50001cdc
OBJ 50001c6c (sz=40, trace=300000, class=java.io.ExpiringCache@50000060)
	map		50001c6d
OBJ 50001c6d (sz=64, trace=300000, class=java.io.ExpiringCache$1@5000005e)
	table		500004b1
	head		50001c6e
	tail		500004b0
	this$0		50001c6c
OBJ 50001c6e (sz=40, trace=300000, class=java.util.LinkedHashMap$Entry@50000054)
	key		50001ccc
	value		50001ccb
	after		50001c74
OBJ 50001c6f (sz=40, trace=300000, class=java.util.LinkedHashMap$Entry@50000054)
	key		50001cb8
	value		50001cb7
	before		50001cb6
	after		50001c77
OBJ 50001c70 (sz=40, trace=300000, class=java.util.LinkedHashMap$Entry@50000054)
	key		50001c9e
	value		50001c9d
	before		50001c9c
	after		50001c73
OBJ 50001c71 (sz=40, trace=300000, class=java.util.LinkedHashMap$Entry@50000054)
	key		50001ca8
	value		50001ca7
	next		50001c8c
	before		50001c76
	after		50001c9c
OBJ 50001c72 (sz=40, trace=300000, class=java.util.LinkedHashMap$Entry@50000054)
	key		50001cc2
	value		50001cc1
	next		50001cb6
	before		50001c74
	after		50001cb6
OBJ 50001c73 (sz=40, trace=300000, class=java.util.LinkedHashMap$Entry@50000054)
	key		50001c98
	value		50001c97
	before		50001c70
	after		50001c8c
OBJ 50001c74 (sz=40, trace=300000, class=java.util.LinkedHashMap$Entry@50000054)
	key		50001cc7
	value		50001cc6
	next		50001c9c
	before		50001c6e
	after		50001c72
OBJ 50001c75 (sz=40, trace=300000, class=java.util.LinkedHashMap$Entry@50000054)
	key		50001c88
	value		50001c87
	next		50000201
	before		50001c78
	after		50001c79
OBJ 50001c76 (sz=40, trace=300000, class=java.util.LinkedHashMap$Entry@50000054)
	key		50001cad
	value		50001cac
	before		50001c77
	after		50001c71
OBJ 50001c77 (sz=40, trace=300000, class=java.util.LinkedHashMap$Entry@50000054)
	key		50001cb2
	value		50001cb1
	before		50001c6f
	after		50001c76
OBJ 50001c78 (sz=40, trace=300000, class=java.util.LinkedHashMap$Entry@50000054)
	key		50001c8e
	value		50001c8d
	before		50001c8c
	after		50001c75
OBJ 50001c79 (sz=40, trace=300000, class=java.util.LinkedHashMap$Entry@50000054)
	key		50001c83
	value		50001c82
	before		50001c75
	after		50000201
OBJ 50001c7a (sz=24, trace=300000, class=java.lang.String@50000181)
	value		50001c7b
ARR 50001c7b (sz=106, trace=300000, nelems=53, elem type=char[])
OBJ 50001c7c (sz=24, trace=300000, class=java.lang.String@50000181)
	value		50001c7d
ARR 50001c7d (sz=120, trace=300000, nelems=60, elem type=char[])
OBJ 50001c7e (sz=24, trace=300000, class=java.lang.String@50000181)
	value		50001c7f
ARR 50001c7f (sz=92, trace=300000, nelems=46, elem type=char[])
OBJ 50001c80 (sz=24, trace=300000, class=java.lang.String@50000181)
	value		50001c81
ARR 50001c81 (sz=84, trace=300000, nelems=42, elem type=char[])
OBJ 50001c82 (sz=24, trace=300000, class=java.io.ExpiringCache$Entry@50000055)
	val		50001c85
OBJ 50001c83 (sz=24, trace=300000, class=java.lang.String@50000181)
	value		50001c84
ARR 50001c84 (sz=66, trace=300000, nelems=33, elem type=char[])
OBJ 50001c85 (sz=24, trace=300000, class=java.lang.String@50000181)
	value		50001c86
ARR 50001c86 (sz=62, trace=300000, nelems=31, elem type=char[])
OBJ 50001c87 (sz=24, trace=300000, class=java.io.ExpiringCache$Entry@50000055)
	val		50001c8a
OBJ 50001c88 (sz=24, trace=300000, class=java.lang.String@50000181)
	value		50001c89
ARR 50001c89 (sz=120, trace=300000, nelems=60, elem type=char[])
OBJ 50001c8a (sz=24, trace=300000, class=java.lang.String@50000181)
	value		50001c8b
ARR 50001c8b (sz=120, trace=300000, nelems=60, elem type=char[])
OBJ 50001c8c (sz=40, trace=300000, class=java.util.LinkedHashMap$Entry@50000054)
	key		50001c93
	value		50001c92
	before		50001c73
	after		50001c78
OBJ 50001c8d (sz=24, trace=300000, class=java.io.ExpiringCache$Entry@50000055)
	val		50001c90
OBJ 50001c8e (sz=24, trace=300000, class=java.lang.String@50000181)
	value		50001c8f
ARR 50001c8f (sz=128, trace=300000, nelems=64, elem type=char[])
OBJ 50001c90 (sz=24, trace=300000, class=java.lang.String@50000181)
	value		50001c91
ARR 50001c91 (sz=128, trace=300000, nelems=64, elem type=char[])
OBJ 50001c92 (sz=24, trace=300000, class=java.io.ExpiringCache$Entry@50000055)
	val		50001c95
OBJ 50001c93 (sz=24, trace=300000, class=java.lang.String@50000181)
	value		50001c94
ARR 50001c94 (sz=128, trace=300000, nelems=64, elem type=char[])
OBJ 50001c95 (sz=24, trace=300000, class=java.lang.String@50000181)
	value		50001c96
ARR 50001c96 (sz=128, trace=300000, nelems=64, elem type=char[])
OBJ 50001c97 (sz=24, trace=300000, class=java.io.ExpiringCache$Entry@50000055)
	val		50001c9a
OBJ 50001c98 (sz=24, trace=300000, class=java.lang.String@50000181)
	value		50001c99
ARR 50001c99 (sz=140, trace=300000, nelems=70, elem type=char[])
OBJ 50001c9a (sz=24, trace=300000, class=java.lang.String@50000181)
	value		50001c9b
ARR 50001c9b (sz=140, trace=300000, nelems=70, elem type=char[])
OBJ 50001c9c (sz=40, trace=300000, class=java.util.LinkedHashMap$Entry@50000054)
	key		50001ca3
	value		50001ca2
	next		500002a2
	before		50001c71
	after		50001c70
OBJ 50001c9d (sz=24, trace=300000, class=java.io.ExpiringCache$Entry@50000055)
	val		50001ca0
OBJ 50001c9e (sz=24, trace=300000, class=java.lang.String@50000181)
	value		50001c9f
ARR 50001c9f (sz=120, trace=300000, nelems=60, elem type=char[])
OBJ 50001ca0 (sz=24, trace=300000, class=java.lang.String@50000181)
	value		50001ca1
ARR 50001ca1 (sz=120, trace=300000, nelems=60, elem type=char[])
OBJ 50001ca2 (sz=24, trace=300000, class=java.io.ExpiringCache$Entry@50000055)
	val		50001ca5
OBJ 50001ca3 (sz=24, trace=300000, class=java.lang.String@50000181)
	value		50001ca4
ARR 50001ca4 (sz=124, trace=300000, nelems=62, elem type=char[])
OBJ 50001ca5 (sz=24, trace=300000, class=java.lang.String@50000181)
	value		50001ca6
ARR 50001ca6 (sz=124, trace=300000, nelems=62, elem type=char[])
OBJ 50001ca7 (sz=24, trace=300000, class=java.io.ExpiringCache$Entry@50000055)
	val		50001caa
OBJ 50001ca8 (sz=24, trace=300000, class=java.lang.String@50000181)
	value		50001ca9
ARR 50001ca9 (sz=130, trace=300000, nelems=65, elem type=char[])
OBJ 50001caa (sz=24, trace=300000, class=java.lang.String@50000181)
	value		50001cab
ARR 50001cab (sz=130, trace=300000, nelems=65, elem type=char[])
OBJ 50001cac (sz=24, trace=300000, class=java.io.ExpiringCache$Entry@50000055)
	val		50001caf
OBJ 50001cad (sz=24, trace=300000, class=java.lang.String@50000181)
	value		50001cae
ARR 50001cae (sz=120, trace=300000, nelems=60, elem type=char[])
OBJ 50001caf (sz=24, trace=300000, class=java.lang.String@50000181)
	value		50001cb0
ARR 50001cb0 (sz=120, trace=300000, nelems=60, elem type=char[])
OBJ 50001cb1 (sz=24, trace=300000, class=java.io.ExpiringCache$Entry@50000055)
	val		50001cb4
OBJ 50001cb2 (sz=24, trace=300000, class=java.lang.String@50000181)
	value		50001cb3
ARR 50001cb3 (sz=124, trace=300000, nelems=62, elem type=char[])
OBJ 50001cb4 (sz=24, trace=300000, class=java.lang.String@50000181)
	value		50001cb5
ARR 50001cb5 (sz=124, trace=300000, nelems=62, elem type=char[])
OBJ 50001cb6 (sz=40, trace=300000, class=java.util.LinkedHashMap$Entry@50000054)
	key		50001cbd
	value		50001cbc
	before		50001c72
	after		50001c6f
OBJ 50001cb7 (sz=24, trace=300000, class=java.io.ExpiringCache$Entry@50000055)
	val		50001cba
OBJ 50001cb8 (sz=24, trace=300000, class=java.lang.String@50000181)
	value		50001cb9
ARR 50001cb9 (sz=120, trace=300000, nelems=60, elem type=char[])
OBJ 50001cba (sz=24, trace=300000, class=java.lang.String@50000181)
	value		50001cbb
ARR 50001cbb (sz=120, trace=300000, nelems=60, elem type=char[])
OBJ 50001cbc (sz=24, trace=300000, class=java.io.ExpiringCache$Entry@50000055)
	val		50001cbf
OBJ 50001cbd (sz=24, trace=300000, class=java.lang.String@50000181)
	value		50001cbe
ARR 50001cbe (sz=126, trace=300000, nelems=63, elem type=char[])
OBJ 50001cbf (sz=24, trace=300000, class=java.lang.String@50000181)
	value		50001cc0
ARR 50001cc0 (sz=126, trace=300000, nelems=63, elem type=char[])
OBJ 50001cc1 (sz=24, trace=300000, class=java.io.ExpiringCache$Entry@50000055)
	val		50001cc4
OBJ 50001cc2 (sz=24, trace=300000, class=java.lang.String@50000181)
	value		50001cc3
ARR 50001cc3 (sz=142, trace=300000, nelems=71, elem type=char[])
OBJ 50001cc4 (sz=24, trace=300000, class=java.lang.String@50000181)
	value		50001cc5
ARR 50001cc5 (sz=142, trace=300000, nelems=71, elem type=char[])
OBJ 50001cc6 (sz=24, trace=300000, class=java.io.ExpiringCache$Entry@50000055)
	val		50001cc9
OBJ 50001cc7 (sz=24, trace=300000, class=java.lang.String@50000181)
	value		50001cc8
ARR 50001cc8 (sz=100, trace=300000, nelems=50, elem type=char[])
OBJ 50001cc9 (sz=24, trace=300000, class=java.lang.String@50000181)
	value		50001cca
ARR 50001cca (sz=100, trace=300000, nelems=50, elem type=char[])
OBJ 50001ccb (sz=24, trace=300000, class=java.io.ExpiringCache$Entry@50000055)
	val		50001cce
OBJ 50001ccc (sz=24, trace=300000, class=java.lang.String@50000181)
	value		50001ccd
ARR 50001ccd (sz=108, trace=300000, nelems=54, elem type=char[])
OBJ 50001cce (sz=24, trace=300000, class=java.lang.String@50000181)
	value		50001ccf
ARR 50001ccf (sz=108, trace=300000, nelems=54, elem type=char[])
OBJ 50001cd0 (sz=24, trace=300000, class=java.lang.String@50000181)
	value		50001cd1
ARR 50001cd1 (sz=122, trace=300000, nelems=61, elem type=char[])
OBJ 50001cd2 (sz=24, trace=300000, class=java.lang.String@50000181)
	value		50001cd3
ARR 50001cd3 (sz=110, trace=300000, nelems=55, elem type=char[])
OBJ 50001cd4 (sz=24, trace=300000, class=java.lang.String@50000181)
	value		50001cd5
ARR 50001cd5 (sz=108, trace=300000, nelems=54, elem type=char[])
OBJ 50001cd6 (sz=24, trace=300000, class=java.lang.String@50000181)
	value		50001cd7
ARR 50001cd7 (sz=118, trace=300000, nelems=59, elem type=char[])
OBJ 50001cd8 (sz=24, trace=300000, class=java.lang.String@50000181)
	value		50001cd9
ARR 50001cd9 (sz=108, trace=300000, nelems=54, elem type=char[])
OBJ 50001cda (sz=24, trace=300000, class=java.lang.String@50000181)
	value		50001cdb
ARR 50001cdb (sz=100, trace=300000, nelems=50, elem type=char[])
OBJ 50001cdc (sz=64, trace=300000, class=java.io.ExpiringCache$1@5000005e)
	table		50001cde
	head		50001cdd
	tail		500003ec
	this$0		50001c6b
OBJ 50001cdd (sz=40, trace=300000, class=java.util.LinkedHashMap$Entry@50000054)
	key		50001ce6
	value		50001ce5
	after		50001cdf
ARR 50001cde (sz=80, trace=300000, nelems=7, elem type=java.util.HashMap$Node[]@500000d5)
	[4]		50001cdd
	[6]		50001cdf
OBJ 50001cdf (sz=40, trace=300000, class=java.util.LinkedHashMap$Entry@50000054)
	key		50001ce1
	value		50001ce0
	next		500003ec
	before		50001cdd
	after		500003ec
OBJ 50001ce0 (sz=24, trace=300000, class=java.io.ExpiringCache$Entry@50000055)
	val		50001ce3
OBJ 50001ce1 (sz=24, trace=300000, class=java.lang.String@50000181)
	value		50001ce2
ARR 50001ce2 (sz=100, trace=300000, nelems=50, elem type=char[])
OBJ 50001ce3 (sz=24, trace=300000, class=java.lang.String@50000181)
	value		50001ce4
ARR 50001ce4 (sz=100, trace=300000, nelems=50, elem type=char[])
OBJ 50001ce5 (sz=24, trace=300000, class=java.io.ExpiringCache$Entry@50000055)
	val		50001ce8
OBJ 50001ce6 (sz=24, trace=300000, class=java.lang.String@50000181)
	value		50001ce7
ARR 50001ce7 (sz=92, trace=300000, nelems=46, elem type=char[])
OBJ 50001ce8 (sz=24, trace=300000, class=java.lang.String@50000181)
	value		50001ce9
ARR 50001ce9 (sz=92, trace=300000, nelems=46, elem type=char[])
OBJ 50001cea (sz=24, trace=300000, class=java.lang.String@50000181)
	value		50001e2c
OBJ 50001ceb (sz=24, trace=300000, class=java.lang.String@50000181)
	value		50001e2b
OBJ 50001cec (sz=24, trace=300000, class=java.lang.String@50000181)
	value		50001e2a
ARR 50001ced (sz=120, trace=300000, nelems=0, elem type=java.lang.String[]@500000db)
OBJ 50001cee (sz=24, trace=300000, class=java.lang.String@50000181)
	value		50001d56
OBJ 50001cef (sz=24, trace=300000, class=java.lang.String@50000181)
	value		50001d43
OBJ 50001cf0 (sz=24, trace=300000, class=java.lang.String@50000181)
	value		50001d48
OBJ 50001cf1 (sz=24, trace=300000, class=java.lang.String@50000181)
	value		50001d74
OBJ 50001cf2 (sz=24, trace=300000, class=java.lang.String@50000181)
	value		50001d66
OBJ 50001cf3 (sz=24, trace=300000, class=java.lang.String@50000181)
	value		50001e19
OBJ 50001cf4 (sz=24, trace=300000, class=java.lang.String@50000181)
	value		50001d88
OBJ 50001cf5 (sz=24, trace=300000, class=java.lang.String@50000181)
	value		50001d52
OBJ 50001cf6 (sz=24, trace=300000, class=java.lang.String@50000181)
	value		50001d34
OBJ 50001cf7 (sz=24, trace=300000, class=java.lang.String@50000181)
	value		50001d83
OBJ 50001cf8 (sz=24, trace=300000, class=java.lang.String@50000181)
	value		50001d86
OBJ 50001cf9 (sz=24, trace=300000, class=java.lang.String@50000181)
	value		50001d47
OBJ 50001cfa (sz=24, trace=300000, class=java.lang.String@50000181)
	value		50001d62
OBJ 50001cfb (sz=24, trace=300000, class=java.lang.String@50000181)
	value		50001d5a
OBJ 50001cfc (sz=24, trace=300000, class=java.lang.String@50000181)
	value		50001d89
OBJ 50001cfd (sz=24, trace=300000, class=java.lang.String@50000181)
	value		50001d85
OBJ 50001cfe (sz=24, trace=300000, class=java.lang.String@50000181)
	value		50001e18
OBJ 50001cff (sz=24, trace=300000, class=java.lang.String@50000181)
	value		50001e17
OBJ 50001d00 (sz=24, trace=300000, class=java.lang.String@50000181)
	value		50001e16
OBJ 50001d01 (sz=24, trace=300000, class=java.lang.String@50000181)
	value		50001e15
OBJ 50001d02 (sz=24, trace=300000, class=java.lang.String@50000181)
	value		50001e14
OBJ 50001d03 (sz=24, trace=300000, class=java.lang.String@50000181)
	value		50001e13
OBJ 50001d04 (sz=24, trace=300000, class=java.lang.String@50000181)
	value		50001d87
OBJ 50001d05 (sz=24, trace=300000, class=java.lang.String@50000181)
	value		50001d3f
OBJ 50001d06 (sz=24, trace=300000, class=java.lang.String@50000181)
	value		50001d35
OBJ 50001d07 (sz=24, trace=300000, class=java.lang.String@50000181)
	value		50001d70
OBJ 50001d08 (sz=24, trace=300000, class=java.lang.String@50000181)
	value		50001d3b
ARR 50001d09 (sz=40, trace=300000, nelems=6, elem type=java.io.ObjectStreamField[]@5000010d)
	[0]		50001d7c
	[1]		50001d7d
	[2]		50001d7e
	[3]		50001d7f
	[4]		50001d80
	[5]		50001d81
OBJ 50001d0a (sz=32, trace=300000, class=java.util.Locale@5000002f)
	baseLocale	50001d78
	languageTag	50000ae1
OBJ 50001d0b (sz=32, trace=300000, class=java.util.Locale@5000002f)
	baseLocale	50001d7b
OBJ 50001d0c (sz=32, trace=300000, class=java.util.Locale@5000002f)
	baseLocale	50001d6c
OBJ 50001d0d (sz=32, trace=300000, class=java.util.Locale@5000002f)
	baseLocale	50001d3e
OBJ 50001d0e (sz=32, trace=300000, class=java.util.Locale@5000002f)
	baseLocale	50001d3a
OBJ 50001d0f (sz=32, trace=300000, class=java.util.Locale@5000002f)
	baseLocale	50001d33
OBJ 50001d10 (sz=32, trace=300000, class=java.util.Locale@5000002f)
	baseLocale	50001d65
OBJ 50001d11 (sz=32, trace=300000, class=java.util.Locale@5000002f)
	baseLocale	50001d6f
OBJ 50001d12 (sz=32, trace=300000, class=java.util.Locale@5000002f)
	baseLocale	50001d73
OBJ 50001d13 (sz=32, trace=300000, class=java.util.Locale@5000002f)
	baseLocale	50001d46
OBJ 50001d14 (sz=32, trace=300000, class=java.util.Locale@5000002f)
	baseLocale	50001d55
OBJ 50001d15 (sz=32, trace=300000, class=java.util.Locale@5000002f)
	baseLocale	50001d42
OBJ 50001d16 (sz=32, trace=300000, class=java.util.Locale@5000002f)
	baseLocale	50001d4e
	languageTag	50000b19
OBJ 50001d17 (sz=32, trace=300000, class=java.util.Locale@5000002f)
	baseLocale	50001d59
OBJ 50001d18 (sz=32, trace=300000, class=java.util.Locale@5000002f)
	baseLocale	50001d61
OBJ 50001d19 (sz=32, trace=300000, class=java.util.Locale@5000002f)
	baseLocale	50001d5d
OBJ 50001d1a (sz=32, trace=300000, class=java.util.Locale@5000002f)
	baseLocale	50001d51
OBJ 50001d1b (sz=32, trace=300000, class=java.util.Locale@5000002f)
	baseLocale	50001d69
OBJ 50001d1c (sz=32, trace=300000, class=java.util.Locale@5000002f)
	baseLocale	50001d4b
OBJ 50001d1d (sz=24, trace=300000, class=java.util.Locale$Cache@5000002d)
	map		50001d1f
	queue		50001d1e
OBJ 50001d1e (sz=32, trace=300000, class=java.lang.ref.ReferenceQueue@5000015f)
	lock		50001d36
OBJ 50001d1f (sz=64, trace=300000, class=java.util.concurrent.ConcurrentHashMap@5000002b)
	table		50001d20
ARR 50001d20 (sz=144, trace=300000, nelems=31, elem type=java.util.concurrent.ConcurrentHashMap$Node[]@50000023)
	[0]		50001d21
	[1]		50001d22
	[2]		50001d23
	[4]		50001d24
	[5]		50001d25
	[8]		50001d26
	[9]		50001d27
	[10]		50001d28
	[14]		50001d29
	[16]		50001d2a
	[20]		50001d2b
	[22]		50001d2c
	[23]		50001d2d
	[26]		50001d2e
	[27]		50001d2f
	[29]		50000782
	[30]		50001d30
OBJ 50001d21 (sz=32, trace=300000, class=java.util.concurrent.ConcurrentHashMap$Node@50000024)
	key		50001d77
	val		50001d76
	next		50001d75
OBJ 50001d22 (sz=32, trace=300000, class=java.util.concurrent.ConcurrentHashMap$Node@50000024)
	key		50001d72
	val		50001d71
OBJ 50001d23 (sz=32, trace=300000, class=java.util.concurrent.ConcurrentHashMap$Node@50000024)
	key		50001d6e
	val		50001d6d
OBJ 50001d24 (sz=32, trace=300000, class=java.util.concurrent.ConcurrentHashMap$Node@50000024)
	key		50001d6b
	val		50001d6a
OBJ 50001d25 (sz=32, trace=300000, class=java.util.concurrent.ConcurrentHashMap$Node@50000024)
	key		50001d68
	val		50001d67
OBJ 50001d26 (sz=32, trace=300000, class=java.util.concurrent.ConcurrentHashMap$Node@50000024)
	key		50001d60
	val		50001d5f
	next		50001d5e
OBJ 50001d27 (sz=32, trace=300000, class=java.util.concurrent.ConcurrentHashMap$Node@50000024)
	key		50001d5c
	val		50001d5b
OBJ 50001d28 (sz=32, trace=300000, class=java.util.concurrent.ConcurrentHashMap$Node@50000024)
	key		50001d58
	val		50001d57
	next		5000076f
OBJ 50001d29 (sz=32, trace=300000, class=java.util.concurrent.ConcurrentHashMap$Node@50000024)
	key		50001d54
	val		50001d53
OBJ 50001d2a (sz=32, trace=300000, class=java.util.concurrent.ConcurrentHashMap$Node@50000024)
	key		50001d50
	val		50001d4f
OBJ 50001d2b (sz=32, trace=300000, class=java.util.concurrent.ConcurrentHashMap$Node@50000024)
	key		50001d4d
	val		50001d4c
OBJ 50001d2c (sz=32, trace=300000, class=java.util.concurrent.ConcurrentHashMap$Node@50000024)
	key		50001d4a
	val		50001d49
OBJ 50001d2d (sz=32, trace=300000, class=java.util.concurrent.ConcurrentHashMap$Node@50000024)
	key		50001d45
	val		50001d44
OBJ 50001d2e (sz=32, trace=300000, class=java.util.concurrent.ConcurrentHashMap$Node@50000024)
	key		50001d41
	val		50001d40
OBJ 50001d2f (sz=32, trace=300000, class=java.util.concurrent.ConcurrentHashMap$Node@50000024)
	key		50001d39
	val		50001d38
	next		50001d37
OBJ 50001d30 (sz=32, trace=300000, class=java.util.concurrent.ConcurrentHashMap$Node@50000024)
	key		50001d32
	val		50001d31
OBJ 50001d31 (sz=48, trace=300000, class=sun.util.locale.LocaleObjectCache$CacheEntry@50000019)
	referent	50001d0f
	queue		50001d1e
	key		50001d32
OBJ 50001d32 (sz=24, trace=300000, class=java.util.Locale$LocaleKey@50000018)
	base		50001d33
OBJ 50001d33 (sz=32, trace=300000, class=sun.util.locale.BaseLocale@5000001c)
	language	50001cf6
	script		5000177a
	region		50001d06
	variant		5000177a
ARR 50001d34 (sz=4, trace=300000, nelems=2, elem type=char[])
ARR 50001d35 (sz=4, trace=300000, nelems=2, elem type=char[])
OBJ 50001d36 (sz=16, trace=300000, class=java.lang.ref.ReferenceQueue$Lock@500000e4)
OBJ 50001d37 (sz=32, trace=300000, class=java.util.concurrent.ConcurrentHashMap$Node@50000024)
	key		50001d3d
	val		50001d3c
OBJ 50001d38 (sz=48, trace=300000, class=sun.util.locale.LocaleObjectCache$CacheEntry@50000019)
	referent	50001d0e
	queue		50001d1e
	key		50001d39
OBJ 50001d39 (sz=24, trace=300000, class=java.util.Locale$LocaleKey@50000018)
	base		50001d3a
OBJ 50001d3a (sz=32, trace=300000, class=sun.util.locale.BaseLocale@5000001c)
	language	50001cf6
	script		5000177a
	region		50001d08
	variant		5000177a
ARR 50001d3b (sz=4, trace=300000, nelems=2, elem type=char[])
OBJ 50001d3c (sz=48, trace=300000, class=sun.util.locale.LocaleObjectCache$CacheEntry@50000019)
	referent	50001d0d
	queue		50001d1e
	key		50001d3d
OBJ 50001d3d (sz=24, trace=300000, class=java.util.Locale$LocaleKey@50000018)
	base		50001d3e
OBJ 50001d3e (sz=32, trace=300000, class=sun.util.locale.BaseLocale@5000001c)
	language	50001cf6
	script		5000177a
	region		50001d05
	variant		5000177a
ARR 50001d3f (sz=4, trace=300000, nelems=2, elem type=char[])
OBJ 50001d40 (sz=48, trace=300000, class=sun.util.locale.LocaleObjectCache$CacheEntry@50000019)
	referent	50001d15
	queue		50001d1e
	key		50001d41
OBJ 50001d41 (sz=24, trace=300000, class=java.util.Locale$LocaleKey@50000018)
	base		50001d42
OBJ 50001d42 (sz=32, trace=300000, class=sun.util.locale.BaseLocale@5000001c)
	language	50001c16
	script		5000177a
	region		50001cef
	variant		5000177a
ARR 50001d43 (sz=4, trace=300000, nelems=2, elem type=char[])
OBJ 50001d44 (sz=48, trace=300000, class=sun.util.locale.LocaleObjectCache$CacheEntry@50000019)
	referent	50001d13
	queue		50001d1e
	key		50001d45
OBJ 50001d45 (sz=24, trace=300000, class=java.util.Locale$LocaleKey@50000018)
	base		50001d46
OBJ 50001d46 (sz=32, trace=300000, class=sun.util.locale.BaseLocale@5000001c)
	language	50001cf9
	script		5000177a
	region		50001cf0
	variant		5000177a
ARR 50001d47 (sz=4, trace=300000, nelems=2, elem type=char[])
ARR 50001d48 (sz=4, trace=300000, nelems=2, elem type=char[])
OBJ 50001d49 (sz=48, trace=300000, class=sun.util.locale.LocaleObjectCache$CacheEntry@50000019)
	referent	50001d1c
	queue		50001d1e
	key		50001d4a
OBJ 50001d4a (sz=24, trace=300000, class=java.util.Locale$LocaleKey@50000018)
	base		50001d4b
OBJ 50001d4b (sz=32, trace=300000, class=sun.util.locale.BaseLocale@5000001c)
	language	50001cf6
	script		5000177a
	region		5000177a
	variant		5000177a
OBJ 50001d4c (sz=48, trace=300000, class=sun.util.locale.LocaleObjectCache$CacheEntry@50000019)
	referent	50001d16
	queue		50001d1e
	key		50001d4d
OBJ 50001d4d (sz=24, trace=300000, class=java.util.Locale$LocaleKey@50000018)
	base		50001d4e
OBJ 50001d4e (sz=32, trace=300000, class=sun.util.locale.BaseLocale@5000001c)
	language	50001bf5
	script		5000177a
	region		5000177a
	variant		5000177a
OBJ 50001d4f (sz=48, trace=300000, class=sun.util.locale.LocaleObjectCache$CacheEntry@50000019)
	referent	50001d1a
	queue		50001d1e
	key		50001d50
OBJ 50001d50 (sz=24, trace=300000, class=java.util.Locale$LocaleKey@50000018)
	base		50001d51
OBJ 50001d51 (sz=32, trace=300000, class=sun.util.locale.BaseLocale@5000001c)
	language	50001cf5
	script		5000177a
	region		5000177a
	variant		5000177a
ARR 50001d52 (sz=4, trace=300000, nelems=2, elem type=char[])
OBJ 50001d53 (sz=48, trace=300000, class=sun.util.locale.LocaleObjectCache$CacheEntry@50000019)
	referent	50001d14
	queue		50001d1e
	key		50001d54
OBJ 50001d54 (sz=24, trace=300000, class=java.util.Locale$LocaleKey@50000018)
	base		50001d55
OBJ 50001d55 (sz=32, trace=300000, class=sun.util.locale.BaseLocale@5000001c)
	language	50001cf5
	script		5000177a
	region		50001cee
	variant		5000177a
ARR 50001d56 (sz=4, trace=300000, nelems=2, elem type=char[])
OBJ 50001d57 (sz=48, trace=300000, class=sun.util.locale.LocaleObjectCache$CacheEntry@50000019)
	referent	50001d17
	queue		50001d1e
	key		50001d58
OBJ 50001d58 (sz=24, trace=300000, class=java.util.Locale$LocaleKey@50000018)
	base		50001d59
OBJ 50001d59 (sz=32, trace=300000, class=sun.util.locale.BaseLocale@5000001c)
	language	50001cfb
	script		5000177a
	region		5000177a
	variant		5000177a
ARR 50001d5a (sz=4, trace=300000, nelems=2, elem type=char[])
OBJ 50001d5b (sz=48, trace=300000, class=sun.util.locale.LocaleObjectCache$CacheEntry@50000019)
	referent	50001d19
	queue		50001d1e
	key		50001d5c
OBJ 50001d5c (sz=24, trace=300000, class=java.util.Locale$LocaleKey@50000018)
	base		50001d5d
OBJ 50001d5d (sz=32, trace=300000, class=sun.util.locale.BaseLocale@5000001c)
	language	50001cf9
	script		5000177a
	region		5000177a
	variant		5000177a
OBJ 50001d5e (sz=32, trace=300000, class=java.util.concurrent.ConcurrentHashMap$Node@50000024)
	key		50001d64
	val		50001d63
OBJ 50001d5f (sz=48, trace=300000, class=sun.util.locale.LocaleObjectCache$CacheEntry@50000019)
	referent	50001d18
	queue		50001d1e
	key		50001d60
OBJ 50001d60 (sz=24, trace=300000, class=java.util.Locale$LocaleKey@50000018)
	base		50001d61
OBJ 50001d61 (sz=32, trace=300000, class=sun.util.locale.BaseLocale@5000001c)
	language	50001cfa
	script		5000177a
	region		5000177a
	variant		5000177a
ARR 50001d62 (sz=4, trace=300000, nelems=2, elem type=char[])
OBJ 50001d63 (sz=48, trace=300000, class=sun.util.locale.LocaleObjectCache$CacheEntry@50000019)
	referent	50001d10
	queue		50001d1e
	key		50001d64
OBJ 50001d64 (sz=24, trace=300000, class=java.util.Locale$LocaleKey@50000018)
	base		50001d65
OBJ 50001d65 (sz=32, trace=300000, class=sun.util.locale.BaseLocale@5000001c)
	language	50001bf5
	script		5000177a
	region		50001cf2
	variant		5000177a
ARR 50001d66 (sz=4, trace=300000, nelems=2, elem type=char[])
OBJ 50001d67 (sz=48, trace=300000, class=sun.util.locale.LocaleObjectCache$CacheEntry@50000019)
	referent	50001d1b
	queue		50001d1e
	key		50001d68
OBJ 50001d68 (sz=24, trace=300000, class=java.util.Locale$LocaleKey@50000018)
	base		50001d69
OBJ 50001d69 (sz=32, trace=300000, class=sun.util.locale.BaseLocale@5000001c)
	language	50001c16
	script		5000177a
	region		5000177a
	variant		5000177a
OBJ 50001d6a (sz=48, trace=300000, class=sun.util.locale.LocaleObjectCache$CacheEntry@50000019)
	referent	50001d0c
	queue		50001d1e
	key		50001d6b
OBJ 50001d6b (sz=24, trace=300000, class=java.util.Locale$LocaleKey@50000018)
	base		50001d6c
OBJ 50001d6c (sz=32, trace=300000, class=sun.util.locale.BaseLocale@5000001c)
	language	50001c16
	script		5000177a
	region		50001d05
	variant		5000177a
OBJ 50001d6d (sz=48, trace=300000, class=sun.util.locale.LocaleObjectCache$CacheEntry@50000019)
	referent	50001d11
	queue		50001d1e
	key		50001d6e
OBJ 50001d6e (sz=24, trace=300000, class=java.util.Locale$LocaleKey@50000018)
	base		50001d6f
OBJ 50001d6f (sz=32, trace=300000, class=sun.util.locale.BaseLocale@5000001c)
	language	50001cfb
	script		5000177a
	region		50001d07
	variant		5000177a
ARR 50001d70 (sz=4, trace=300000, nelems=2, elem type=char[])
OBJ 50001d71 (sz=48, trace=300000, class=sun.util.locale.LocaleObjectCache$CacheEntry@50000019)
	referent	50001d12
	queue		50001d1e
	key		50001d72
OBJ 50001d72 (sz=24, trace=300000, class=java.util.Locale$LocaleKey@50000018)
	base		50001d73
OBJ 50001d73 (sz=32, trace=300000, class=sun.util.locale.BaseLocale@5000001c)
	language	50001cfa
	script		5000177a
	region		50001cf1
	variant		5000177a
ARR 50001d74 (sz=4, trace=300000, nelems=2, elem type=char[])
OBJ 50001d75 (sz=32, trace=300000, class=java.util.concurrent.ConcurrentHashMap$Node@50000024)
	key		50001d7a
	val		50001d79
OBJ 50001d76 (sz=48, trace=300000, class=sun.util.locale.LocaleObjectCache$CacheEntry@50000019)
	referent	50001d0a
	queue		50001d1e
	key		50001d77
OBJ 50001d77 (sz=24, trace=300000, class=java.util.Locale$LocaleKey@50000018)
	base		50001d78
OBJ 50001d78 (sz=32, trace=300000, class=sun.util.locale.BaseLocale@5000001c)
	language	50001bf5
	script		5000177a
	region		50001bf3
	variant		5000177a
OBJ 50001d79 (sz=48, trace=300000, class=sun.util.locale.LocaleObjectCache$CacheEntry@50000019)
	referent	50001d0b
	queue		50001d1e
	key		50001d7a
OBJ 50001d7a (sz=24, trace=300000, class=java.util.Locale$LocaleKey@50000018)
	base		50001d7b
OBJ 50001d7b (sz=32, trace=300000, class=sun.util.locale.BaseLocale@5000001c)
	language	5000177a
	script		5000177a
	region		5000177a
	variant		5000177a
OBJ 50001d7c (sz=40, trace=300000, class=java.io.ObjectStreamField@5000010f)
	name		50001cfc
	signature	50001d82
	type		50000181
OBJ 50001d7d (sz=40, trace=300000, class=java.io.ObjectStreamField@5000010f)
	name		50001cf4
	signature	50001d82
	type		50000181
OBJ 50001d7e (sz=40, trace=300000, class=java.io.ObjectStreamField@5000010f)
	name		50001d04
	signature	50001d82
	type		50000181
OBJ 50001d7f (sz=40, trace=300000, class=java.io.ObjectStreamField@5000010f)
	name		50001cf8
	signature	5000191f
	type		50001759
OBJ 50001d80 (sz=40, trace=300000, class=java.io.ObjectStreamField@5000010f)
	name		50001cfd
	signature	50001d82
	type		50000181
OBJ 50001d81 (sz=40, trace=300000, class=java.io.ObjectStreamField@5000010f)
	name		50001cf7
	signature	50001d82
	type		50000181
OBJ 50001d82 (sz=24, trace=300000, class=java.lang.String@50000181)
	value		50001d84
ARR 50001d83 (sz=20, trace=300000, nelems=10, elem type=char[])
ARR 50001d84 (sz=36, trace=300000, nelems=18, elem type=char[])
ARR 50001d85 (sz=12, trace=300000, nelems=6, elem type=char[])
ARR 50001d86 (sz=16, trace=300000, nelems=8, elem type=char[])
ARR 50001d87 (sz=14, trace=300000, nelems=7, elem type=char[])
ARR 50001d88 (sz=14, trace=300000, nelems=7, elem type=char[])
ARR 50001d89 (sz=16, trace=300000, nelems=8, elem type=char[])
OBJ 50001d8a (sz=24, trace=300000, class=java.lang.String@50000181)
	value		50001df5
OBJ 50001d8b (sz=24, trace=300000, class=java.lang.String@50000181)
	value		50001dda
OBJ 50001d8c (sz=24, trace=300000, class=java.lang.String@50000181)
	value		50001de3
OBJ 50001d8d (sz=24, trace=300000, class=java.lang.String@50000181)
	value		50001df6
OBJ 50001d8e (sz=24, trace=300000, class=java.lang.String@50000181)
	value		50001dcd
OBJ 50001d8f (sz=24, trace=300000, class=java.lang.String@50000181)
	value		50001dd3
OBJ 50001d90 (sz=24, trace=300000, class=java.lang.String@50000181)
	value		50001dd2
OBJ 50001d91 (sz=24, trace=300000, class=java.lang.String@50000181)
	value		50001de1
OBJ 50001d92 (sz=24, trace=300000, class=java.lang.String@50000181)
	value		50001ddd
OBJ 50001d93 (sz=24, trace=300000, class=java.lang.String@50000181)
	value		50001df3
OBJ 50001d94 (sz=24, trace=300000, class=java.lang.String@50000181)
	value		50001df4
OBJ 50001d95 (sz=24, trace=300000, class=java.lang.String@50000181)
	value		50001de2
OBJ 50001d96 (sz=24, trace=300000, class=java.lang.String@50000181)
	value		50001de0
OBJ 50001d97 (sz=24, trace=300000, class=java.lang.String@50000181)
	value		50001dd4
OBJ 50001d98 (sz=24, trace=300000, class=java.lang.String@50000181)
	value		50001ddc
OBJ 50001d99 (sz=24, trace=300000, class=java.lang.String@50000181)
	value		50001dce
OBJ 50001d9a (sz=24, trace=300000, class=java.lang.String@50000181)
	value		50001dd8
OBJ 50001d9b (sz=24, trace=300000, class=java.lang.String@50000181)
	value		50001dc8
OBJ 50001d9c (sz=24, trace=300000, class=java.lang.String@50000181)
	value		50001dea
OBJ 50001d9d (sz=24, trace=300000, class=java.lang.String@50000181)
	value		50001dca
OBJ 50001d9e (sz=24, trace=300000, class=java.lang.String@50000181)
	value		50001de4
OBJ 50001d9f (sz=24, trace=300000, class=java.lang.String@50000181)
	value		50001de6
OBJ 50001da0 (sz=24, trace=300000, class=java.lang.String@50000181)
	value		50001dde
OBJ 50001da1 (sz=24, trace=300000, class=java.lang.String@50000181)
	value		50001dfe
OBJ 50001da2 (sz=24, trace=300000, class=java.lang.String@50000181)
	value		50001dfd
OBJ 50001da3 (sz=24, trace=300000, class=java.lang.String@50000181)
	value		50001ddb
OBJ 50001da4 (sz=24, trace=300000, class=java.lang.String@50000181)
	value		50001dfc
OBJ 50001da5 (sz=24, trace=300000, class=java.lang.String@50000181)
	value		50001dd9
OBJ 50001da6 (sz=24, trace=300000, class=java.lang.String@50000181)
	value		50001dd1
OBJ 50001da7 (sz=24, trace=300000, class=java.lang.String@50000181)
	value		50001def
OBJ 50001da8 (sz=24, trace=300000, class=java.lang.String@50000181)
	value		50001de9
OBJ 50001da9 (sz=24, trace=300000, class=java.lang.String@50000181)
	value		50001ded
OBJ 50001daa (sz=24, trace=300000, class=java.lang.String@50000181)
	value		50001dfb
OBJ 50001dab (sz=24, trace=300000, class=java.lang.String@50000181)
	value		50001de8
OBJ 50001dac (sz=24, trace=300000, class=java.lang.String@50000181)
	value		50001dec
OBJ 50001dad (sz=24, trace=300000, class=java.lang.String@50000181)
	value		50001deb
OBJ 50001dae (sz=24, trace=300000, class=java.lang.String@50000181)
	value		50001dcb
OBJ 50001daf (sz=24, trace=300000, class=java.lang.String@50000181)
	value		50001dc9
OBJ 50001db0 (sz=24, trace=300000, class=java.lang.String@50000181)
	value		50001df8
OBJ 50001db1 (sz=24, trace=300000, class=java.lang.String@50000181)
	value		50001df0
OBJ 50001db2 (sz=24, trace=300000, class=java.lang.String@50000181)
	value		50001df9
OBJ 50001db3 (sz=24, trace=300000, class=java.lang.String@50000181)
	value		50001dd7
OBJ 50001db4 (sz=24, trace=300000, class=java.lang.String@50000181)
	value		50001df1
OBJ 50001db5 (sz=24, trace=300000, class=java.lang.String@50000181)
	value		50001de5
OBJ 50001db6 (sz=24, trace=300000, class=java.lang.String@50000181)
	value		50001de7
OBJ 50001db7 (sz=24, trace=300000, class=java.lang.String@50000181)
	value		50001dcf
OBJ 50001db8 (sz=24, trace=300000, class=java.lang.String@50000181)
	value		50001ddf
OBJ 50001db9 (sz=24, trace=300000, class=java.lang.String@50000181)
	value		50001dd5
OBJ 50001dba (sz=24, trace=300000, class=java.lang.String@50000181)
	value		50001dd6
OBJ 50001dbb (sz=24, trace=300000, class=java.lang.String@50000181)
	value		50001df7
OBJ 50001dbc (sz=24, trace=300000, class=java.lang.String@50000181)
	value		50001dcc
OBJ 50001dbd (sz=24, trace=300000, class=java.lang.String@50000181)
	value		50001dfa
OBJ 50001dbe (sz=24, trace=300000, class=java.lang.String@50000181)
	value		50001dee
OBJ 50001dbf (sz=24, trace=300000, class=java.lang.String@50000181)
	value		50001dd0
OBJ 50001dc0 (sz=24, trace=300000, class=java.lang.String@50000181)
	value		50001df2
OBJ 50001dc1 (sz=24, trace=300000, class=java.lang.String@50000181)
	value		50001dc7
OBJ 50001dc2 (sz=24, trace=300000, class=java.lang.String@50000181)
	value		50001dc6
OBJ 50001dc3 (sz=24, trace=300000, class=java.lang.String@50000181)
	value		50001dc5
ARR 50001dc4 (sz=2, trace=300000, nelems=1, elem type=char[])
ARR 50001dc5 (sz=2, trace=300000, nelems=1, elem type=char[])
ARR 50001dc6 (sz=6, trace=300000, nelems=3, elem type=char[])
ARR 50001dc7 (sz=16, trace=300000, nelems=8, elem type=char[])
ARR 50001dc8 (sz=14, trace=300000, nelems=7, elem type=char[])
ARR 50001dc9 (sz=26, trace=300000, nelems=13, elem type=char[])
ARR 50001dca (sz=10, trace=300000, nelems=5, elem type=char[])
ARR 50001dcb (sz=6, trace=300000, nelems=3, elem type=char[])
ARR 50001dcc (sz=16, trace=300000, nelems=8, elem type=char[])
ARR 50001dcd (sz=6, trace=300000, nelems=3, elem type=char[])
ARR 50001dce (sz=18, trace=300000, nelems=9, elem type=char[])
ARR 50001dcf (sz=6, trace=300000, nelems=3, elem type=char[])
ARR 50001dd0 (sz=20, trace=300000, nelems=10, elem type=char[])
ARR 50001dd1 (sz=6, trace=300000, nelems=3, elem type=char[])
ARR 50001dd2 (sz=22, trace=300000, nelems=11, elem type=char[])
ARR 50001dd3 (sz=18, trace=300000, nelems=9, elem type=char[])
ARR 50001dd4 (sz=20, trace=300000, nelems=10, elem type=char[])
ARR 50001dd5 (sz=32, trace=300000, nelems=16, elem type=char[])
ARR 50001dd6 (sz=6, trace=300000, nelems=3, elem type=char[])
ARR 50001dd7 (sz=18, trace=300000, nelems=9, elem type=char[])
ARR 50001dd8 (sz=10, trace=300000, nelems=5, elem type=char[])
ARR 50001dd9 (sz=4, trace=300000, nelems=2, elem type=char[])
ARR 50001dda (sz=20, trace=300000, nelems=10, elem type=char[])
ARR 50001ddb (sz=6, trace=300000, nelems=3, elem type=char[])
ARR 50001ddc (sz=10, trace=300000, nelems=5, elem type=char[])
ARR 50001ddd (sz=6, trace=300000, nelems=3, elem type=char[])
ARR 50001dde (sz=10, trace=300000, nelems=5, elem type=char[])
ARR 50001ddf (sz=6, trace=300000, nelems=3, elem type=char[])
ARR 50001de0 (sz=18, trace=300000, nelems=9, elem type=char[])
ARR 50001de1 (sz=28, trace=300000, nelems=14, elem type=char[])
ARR 50001de2 (sz=10, trace=300000, nelems=5, elem type=char[])
ARR 50001de3 (sz=6, trace=300000, nelems=3, elem type=char[])
ARR 50001de4 (sz=10, trace=300000, nelems=5, elem type=char[])
ARR 50001de5 (sz=6, trace=300000, nelems=3, elem type=char[])
ARR 50001de6 (sz=10, trace=300000, nelems=5, elem type=char[])
ARR 50001de7 (sz=6, trace=300000, nelems=3, elem type=char[])
ARR 50001de8 (sz=12, trace=300000, nelems=6, elem type=char[])
ARR 50001de9 (sz=4, trace=300000, nelems=2, elem type=char[])
ARR 50001dea (sz=16, trace=300000, nelems=8, elem type=char[])
ARR 50001deb (sz=4, trace=300000, nelems=2, elem type=char[])
ARR 50001dec (sz=12, trace=300000, nelems=6, elem type=char[])
ARR 50001ded (sz=4, trace=300000, nelems=2, elem type=char[])
ARR 50001dee (sz=12, trace=300000, nelems=6, elem type=char[])
ARR 50001def (sz=24, trace=300000, nelems=12, elem type=char[])
ARR 50001df0 (sz=6, trace=300000, nelems=3, elem type=char[])
ARR 50001df1 (sz=18, trace=300000, nelems=9, elem type=char[])
ARR 50001df2 (sz=16, trace=300000, nelems=8, elem type=char[])
ARR 50001df3 (sz=6, trace=300000, nelems=3, elem type=char[])
ARR 50001df4 (sz=10, trace=300000, nelems=5, elem type=char[])
ARR 50001df5 (sz=6, trace=300000, nelems=3, elem type=char[])
ARR 50001df6 (sz=22, trace=300000, nelems=11, elem type=char[])
ARR 50001df7 (sz=34, trace=300000, nelems=17, elem type=char[])
ARR 50001df8 (sz=6, trace=300000, nelems=3, elem type=char[])
ARR 50001df9 (sz=18, trace=300000, nelems=9, elem type=char[])
ARR 50001dfa (sz=16, trace=300000, nelems=8, elem type=char[])
ARR 50001dfb (sz=4, trace=300000, nelems=2, elem type=char[])
ARR 50001dfc (sz=4, trace=300000, nelems=2, elem type=char[])
ARR 50001dfd (sz=4, trace=300000, nelems=2, elem type=char[])
ARR 50001dfe (sz=4, trace=300000, nelems=2, elem type=char[])
OBJ 50001dff (sz=24, trace=300000, class=java.lang.String@50000181)
	value		50001e09
OBJ 50001e00 (sz=24, trace=300000, class=java.lang.String@50000181)
	value		50001e0e
OBJ 50001e01 (sz=24, trace=300000, class=java.lang.String@50000181)
	value		50001e0c
OBJ 50001e02 (sz=24, trace=300000, class=java.lang.String@50000181)
	value		50001e11
OBJ 50001e03 (sz=24, trace=300000, class=java.lang.String@50000181)
	value		50001e0a
OBJ 50001e04 (sz=24, trace=300000, class=java.lang.String@50000181)
	value		50001e0f
OBJ 50001e05 (sz=24, trace=300000, class=java.lang.String@50000181)
	value		50001e0b
OBJ 50001e06 (sz=24, trace=300000, class=java.lang.String@50000181)
	value		50001e10
OBJ 50001e07 (sz=24, trace=300000, class=java.lang.String@50000181)
	value		50001e0d
OBJ 50001e08 (sz=24, trace=300000, class=java.lang.String@50000181)
	value		50001e12
ARR 50001e09 (sz=14, trace=300000, nelems=7, elem type=char[])
ARR 50001e0a (sz=42, trace=300000, nelems=21, elem type=char[])
ARR 50001e0b (sz=38, trace=300000, nelems=19, elem type=char[])
ARR 50001e0c (sz=40, trace=300000, nelems=20, elem type=char[])
ARR 50001e0d (sz=40, trace=300000, nelems=20, elem type=char[])
ARR 50001e0e (sz=12, trace=300000, nelems=6, elem type=char[])
ARR 50001e0f (sz=40, trace=300000, nelems=20, elem type=char[])
ARR 50001e10 (sz=36, trace=300000, nelems=18, elem type=char[])
ARR 50001e11 (sz=38, trace=300000, nelems=19, elem type=char[])
ARR 50001e12 (sz=38, trace=300000, nelems=19, elem type=char[])
ARR 50001e13 (sz=24, trace=300000, nelems=12, elem type=char[])
ARR 50001e14 (sz=22, trace=300000, nelems=11, elem type=char[])
ARR 50001e15 (sz=22, trace=300000, nelems=11, elem type=char[])
ARR 50001e16 (sz=26, trace=300000, nelems=13, elem type=char[])
ARR 50001e17 (sz=24, trace=300000, nelems=12, elem type=char[])
ARR 50001e18 (sz=4, trace=300000, nelems=2, elem type=char[])
ARR 50001e19 (sz=4, trace=300000, nelems=2, elem type=char[])
OBJ 50001e1a (sz=24, trace=300000, class=java.lang.String@50000181)
	value		50001e23
OBJ 50001e1b (sz=24, trace=300000, class=java.lang.String@50000181)
	value		50001e21
ARR 50001e1c (sz=32, trace=300000, nelems=3, elem type=java.io.ObjectStreamField[]@5000010d)
	[0]		50001e1d
	[1]		50001e1e
	[2]		50001e1f
OBJ 50001e1d (sz=40, trace=300000, class=java.io.ObjectStreamField@5000010f)
	name		5000191a
	signature	50001e24
	type		5000018c
OBJ 50001e1e (sz=40, trace=300000, class=java.io.ObjectStreamField@5000010f)
	name		50001e1a
	signature	5000191f
	type		50001759
OBJ 50001e1f (sz=40, trace=300000, class=java.io.ObjectStreamField@5000010f)
	name		50001e1b
	signature	50001e20
	type		5000175f
OBJ 50001e20 (sz=24, trace=300000, class=java.lang.String@50000181)
	value		50001e22
ARR 50001e21 (sz=12, trace=300000, nelems=6, elem type=char[])
ARR 50001e22 (sz=2, trace=300000, nelems=1, elem type=char[])
ARR 50001e23 (sz=10, trace=300000, nelems=5, elem type=char[])
OBJ 50001e24 (sz=24, trace=300000, class=java.lang.String@50000181)
	value		50001e25
ARR 50001e25 (sz=4, trace=300000, nelems=2, elem type=char[])
OBJ 50001e26 (sz=24, trace=300000, class=java.lang.String@50000181)
	value		50001e29
OBJ 50001e27 (sz=24, trace=300000, class=java.lang.String@50000181)
	value		50001e28
ARR 50001e28 (sz=52, trace=300000, nelems=26, elem type=char[])
ARR 50001e29 (sz=42, trace=300000, nelems=21, elem type=char[])
ARR 50001e2a (sz=16, trace=300000, nelems=8, elem type=char[])
ARR 50001e2b (sz=28, trace=300000, nelems=14, elem type=char[])
ARR 50001e2c (sz=28, trace=300000, nelems=14, elem type=char[])
ARR 50001e2d (sz=2, trace=300000, nelems=1, elem type=char[])
ARR 50001e2e (sz=2, trace=300000, nelems=1, elem type=char[])
OBJ 50001e2f (sz=24, trace=300000, class=java.lang.String@50000181)
	value		50001e35
OBJ 50001e30 (sz=24, trace=300000, class=java.lang.String@50000181)
	value		50001e34
ARR 50001e31 (sz=24, trace=300000, nelems=2, elem type=java.io.File$PathStatus[]@50000056)
	[0]		50001e33
	[1]		50001e32
OBJ 50001e32 (sz=24, trace=300000, class=java.io.File$PathStatus@5000005c)
	name		50001e2f
OBJ 50001e33 (sz=24, trace=300000, class=java.io.File$PathStatus@5000005c)
	name		50001e30
ARR 50001e34 (sz=14, trace=300000, nelems=7, elem type=char[])
ARR 50001e35 (sz=14, trace=300000, nelems=7, elem type=char[])
ARR 50001e36 (sz=24, trace=300000, nelems=12, elem type=char[])
ARR 50001e37 (sz=8, trace=300000, nelems=4, elem type=char[])
ARR 50001e38 (sz=14, trace=300000, nelems=7, elem type=char[])
ARR 50001e39 (sz=24, trace=300000, nelems=12, elem type=char[])
ARR 50001e3a (sz=4, trace=300000, nelems=2, elem type=char[])
ARR 50001e3b (sz=14, trace=300000, nelems=7, elem type=char[])
ARR 50001e3c (sz=6, trace=300000, nelems=3, elem type=char[])
ARR 50001e3d (sz=8, trace=300000, nelems=4, elem type=char[])
ARR 50001e3e (sz=6, trace=300000, nelems=3, elem type=char[])
ARR 50001e3f (sz=4, trace=300000, nelems=2, elem type=char[])
ARR 50001e40 (sz=2, trace=300000, nelems=1, elem type=char[])
ARR 50001e41 (sz=10, trace=300000, nelems=5, elem type=char[])
ARR 50001e42 (sz=18, trace=300000, nelems=9, elem type=char[])
ARR 50001e43 (sz=16, trace=300000, nelems=8, elem type=char[])
OBJ 50001e44 (sz=24, trace=300000, class=java.lang.String@50000181)
	value		50001e4c
OBJ 50001e45 (sz=24, trace=300000, class=java.lang.String@50000181)
	value		50001e46
ARR 50001e46 (sz=22, trace=300000, nelems=11, elem type=char[])
ARR 50001e47 (sz=16, trace=300000, nelems=0, elem type=java.lang.Object[]@5000011b)
ARR 50001e48 (sz=16, trace=300000, nelems=0, elem type=java.lang.Object[]@5000011b)
OBJ 50001e49 (sz=24, trace=300000, class=java.lang.String@50000181)
	value		50001e4a
ARR 50001e4a (sz=2, trace=300000, nelems=1, elem type=char[])
ARR 50001e4b (sz=8, trace=300000, nelems=4, elem type=char[])
ARR 50001e4c (sz=26, trace=300000, nelems=13, elem type=char[])
OBJ 50001e4d (sz=24, trace=300000, class=java.lang.String@50000181)
	value		50001e4e
ARR 50001e4e (sz=2, trace=300000, nelems=1, elem type=char[])
ARR 50001e4f (sz=18, trace=300000, nelems=9, elem type=char[])
OBJ 50001e50 (sz=40, trace=300000, class=java.io.ObjectStreamField@5000010f)
	name		50001c35
	signature	50001d82
	type		50000181
OBJ 50001e51 (sz=40, trace=300000, class=java.io.ObjectStreamField@5000010f)
	name		50001c32
	signature	50001d82
	type		50000181
OBJ 50001e52 (sz=40, trace=300000, class=java.io.ObjectStreamField@5000010f)
	name		50001c34
	signature	5000191f
	type		50001759
OBJ 50001e53 (sz=40, trace=300000, class=java.io.ObjectStreamField@5000010f)
	name		50001c2f
	signature	50001d82
	type		50000181
OBJ 50001e54 (sz=40, trace=300000, class=java.io.ObjectStreamField@5000010f)
	name		50001c30
	signature	50001d82
	type		50000181
OBJ 50001e55 (sz=40, trace=300000, class=java.io.ObjectStreamField@5000010f)
	name		50001c36
	signature	50001d82
	type		50000181
OBJ 50001e56 (sz=40, trace=300000, class=java.io.ObjectStreamField@5000010f)
	name		50001c31
	signature	5000191f
	type		50001759
ARR 50001e57 (sz=16, trace=300000, nelems=8, elem type=char[])
ARR 50001e58 (sz=6, trace=300000, nelems=3, elem type=char[])
ARR 50001e59 (sz=18, trace=300000, nelems=9, elem type=char[])
ARR 50001e5a (sz=8, trace=300000, nelems=4, elem type=char[])
ARR 50001e5b (sz=8, trace=300000, nelems=4, elem type=char[])
ARR 50001e5c (sz=16, trace=300000, nelems=8, elem type=char[])
OBJ 50001e5d (sz=24, trace=300000, class=java.lang.String@50000181)
	value		50001e5e
ARR 50001e5e (sz=10, trace=300000, nelems=5, elem type=char[])
ARR 50001e5f (sz=2, trace=300000, nelems=1, elem type=char[])
ARR 50001e60 (sz=8, trace=300000, nelems=4, elem type=char[])
ARR 50001e61 (sz=16, trace=300000, nelems=8, elem type=char[])
ARR 50001e62 (sz=2, trace=300000, nelems=1, elem type=char[])
ARR 50001e63 (sz=6, trace=300000, nelems=3, elem type=char[])
OBJ 50001e64 (sz=24, trace=300000, class=java.lang.String@50000181)
	value		50002f85
OBJ 50001e65 (sz=24, trace=300000, class=java.lang.String@50000181)
	value		50001e66
ARR 50001e66 (sz=40, trace=300000, nelems=20, elem type=char[])
OBJ 50001e67 (sz=24, trace=300000, class=java.lang.String@50000181)
	value		50001eac
OBJ 50001e68 (sz=24, trace=300000, class=java.lang.String@50000181)
	value		50001eab
OBJ 50001e69 (sz=24, trace=300000, class=java.lang.String@50000181)
	value		50001eaa
OBJ 50001e6a (sz=24, trace=300000, class=java.lang.String@50000181)
	value		50001ea9
OBJ 50001e6b (sz=24, trace=300000, class=java.lang.String@50000181)
	value		50001ea8
OBJ 50001e6c (sz=24, trace=300000, class=java.lang.String@50000181)
	value		50001e88
OBJ 50001e6d (sz=24, trace=300000, class=java.lang.String@50000181)
	value		50001e72
OBJ 50001e6e (sz=24, trace=300000, class=java.lang.String@50000181)
	value		50001e71
OBJ 50001e6f (sz=24, trace=300000, class=java.lang.String@50000181)
	value		50001e70
ARR 50001e70 (sz=16, trace=300000, nelems=8, elem type=char[])
ARR 50001e71 (sz=26, trace=300000, nelems=13, elem type=char[])
ARR 50001e72 (sz=4, trace=300000, nelems=2, elem type=char[])
OBJ 50001e73 (sz=24, trace=300000, class=java.lang.String@50000181)
	value		50001e80
OBJ 50001e74 (sz=24, trace=300000, class=java.lang.String@50000181)
	value		50001e7a
OBJ 50001e75 (sz=24, trace=300000, class=java.lang.String@50000181)
	value		50001e7f
OBJ 50001e76 (sz=24, trace=300000, class=java.lang.String@50000181)
	value		50001e7e
OBJ 50001e77 (sz=24, trace=300000, class=java.lang.String@50000181)
	value		50001e7d
OBJ 50001e78 (sz=24, trace=300000, class=java.lang.String@50000181)
	value		50001e7c
OBJ 50001e79 (sz=24, trace=300000, class=java.lang.String@50000181)
	value		50001e7b
ARR 50001e7a (sz=4, trace=300000, nelems=2, elem type=char[])
ARR 50001e7b (sz=4, trace=300000, nelems=2, elem type=char[])
ARR 50001e7c (sz=4, trace=300000, nelems=2, elem type=char[])
ARR 50001e7d (sz=4, trace=300000, nelems=2, elem type=char[])
ARR 50001e7e (sz=4, trace=300000, nelems=2, elem type=char[])
ARR 50001e7f (sz=4, trace=300000, nelems=2, elem type=char[])
ARR 50001e80 (sz=2, trace=300000, nelems=1, elem type=char[])
OBJ 50001e81 (sz=24, trace=300000, class=java.lang.String@50000181)
	value		50001ea6
OBJ 50001e82 (sz=24, trace=300000, class=java.lang.String@50000181)
	value		50001ea5
OBJ 50001e83 (sz=24, trace=300000, class=java.lang.String@50000181)
	value		50001ea4
OBJ 50001e84 (sz=24, trace=300000, class=java.lang.String@50000181)
	value		50001e87
OBJ 50001e85 (sz=24, trace=300000, class=java.lang.String@50000181)
	value		50001e86
ARR 50001e86 (sz=62, trace=300000, nelems=31, elem type=char[])
ARR 50001e87 (sz=52, trace=300000, nelems=26, elem type=char[])
ARR 50001e88 (sz=52, trace=300000, nelems=26, elem type=char[])
OBJ 50001e89 (sz=24, trace=300000, class=java.lang.String@50000181)
	value		50001e8f
OBJ 50001e8a (sz=24, trace=300000, class=java.lang.String@50000181)
	value		50001e8e
OBJ 50001e8b (sz=24, trace=300000, class=java.lang.String@50000181)
	value		50001e8d
ARR 50001e8c (sz=32, trace=300000, nelems=16, elem type=char[])
ARR 50001e8d (sz=38, trace=300000, nelems=19, elem type=char[])
ARR 50001e8e (sz=48, trace=300000, nelems=24, elem type=char[])
ARR 50001e8f (sz=32, trace=300000, nelems=16, elem type=char[])
OBJ 50001e90 (sz=24, trace=300000, class=java.lang.String@50000181)
	value		50001ea3
OBJ 50001e91 (sz=24, trace=300000, class=java.lang.String@50000181)
	value		50001ea2
OBJ 50001e92 (sz=24, trace=300000, class=java.lang.String@50000181)
	value		50001ea1
OBJ 50001e93 (sz=24, trace=300000, class=java.lang.String@50000181)
	value		50001ea0
OBJ 50001e94 (sz=24, trace=300000, class=java.lang.String@50000181)
	value		50001e9f
OBJ 50001e95 (sz=24, trace=300000, class=java.lang.String@50000181)
	value		50001e9e
OBJ 50001e96 (sz=24, trace=300000, class=java.lang.String@50000181)
	value		50001e9d
OBJ 50001e97 (sz=24, trace=300000, class=java.lang.String@50000181)
	value		50001e9b
OBJ 50001e98 (sz=32, trace=300000, class=java.util.concurrent.atomic.AtomicReferenceFieldUpdater$AtomicReferenceFieldUpdaterImpl@50000081)
	cclass		50000083
	tclass		50000083
	vclass		50000189
OBJ 50001e99 (sz=24, trace=300000, class=java.lang.String@50000181)
	value		50001e9a
ARR 50001e9a (sz=26, trace=300000, nelems=13, elem type=char[])
ARR 50001e9b (sz=6, trace=300000, nelems=3, elem type=char[])
ARR 50001e9c (sz=26, trace=300000, nelems=13, elem type=char[])
ARR 50001e9d (sz=62, trace=300000, nelems=31, elem type=char[])
ARR 50001e9e (sz=20, trace=300000, nelems=10, elem type=char[])
ARR 50001e9f (sz=6, trace=300000, nelems=3, elem type=char[])
ARR 50001ea0 (sz=48, trace=300000, nelems=24, elem type=char[])
ARR 50001ea1 (sz=26, trace=300000, nelems=13, elem type=char[])
ARR 50001ea2 (sz=18, trace=300000, nelems=9, elem type=char[])
ARR 50001ea3 (sz=2, trace=300000, nelems=1, elem type=char[])
ARR 50001ea4 (sz=16, trace=300000, nelems=8, elem type=char[])
ARR 50001ea5 (sz=14, trace=300000, nelems=7, elem type=char[])
ARR 50001ea6 (sz=2, trace=300000, nelems=1, elem type=char[])
ARR 50001ea7 (sz=6, trace=300000, nelems=3, elem type=char[])
ARR 50001ea8 (sz=6, trace=300000, nelems=3, elem type=char[])
ARR 50001ea9 (sz=8, trace=300000, nelems=4, elem type=char[])
ARR 50001eaa (sz=6, trace=300000, nelems=3, elem type=char[])
ARR 50001eab (sz=8, trace=300000, nelems=4, elem type=char[])
ARR 50001eac (sz=64, trace=300000, nelems=32, elem type=char[])
OBJ 50001ead (sz=24, trace=300000, class=java.lang.String@50000181)
	value		50002e91
OBJ 50001eae (sz=24, trace=300000, class=java.lang.String@50000181)
	value		50001ec7
OBJ 50001eaf (sz=24, trace=300000, class=java.lang.String@50000181)
	value		50001ec6
OBJ 50001eb0 (sz=24, trace=300000, class=java.lang.String@50000181)
	value		50001eb4
OBJ 50001eb1 (sz=24, trace=300000, class=java.lang.String@50000181)
	value		50001ec8
OBJ 50001eb2 (sz=24, trace=300000, class=java.lang.String@50000181)
	value		50001eca
OBJ 50001eb3 (sz=24, trace=300000, class=java.lang.String@50000181)
	value		50001ec9
ARR 50001eb4 (sz=72, trace=300000, nelems=36, elem type=char[])
OBJ 50001eb5 (sz=24, trace=300000, class=java.lang.String@50000181)
	value		50001eb9
OBJ 50001eb6 (sz=24, trace=300000, class=java.lang.String@50000181)
	value		50001eba
OBJ 50001eb7 (sz=16, trace=300000, class=java.nio.ByteOrder@50000070)
	name		50001eb6
OBJ 50001eb8 (sz=16, trace=300000, class=java.nio.ByteOrder@50000070)
	name		50001eb5
ARR 50001eb9 (sz=20, trace=300000, nelems=10, elem type=char[])
ARR 50001eba (sz=26, trace=300000, nelems=13, elem type=char[])
OBJ 50001ebb (sz=24, trace=300000, class=java.lang.String@50000181)
	value		50001ec5
OBJ 50001ebc (sz=24, trace=300000, class=java.lang.String@50000181)
	value		50001ec4
OBJ 50001ebd (sz=24, trace=300000, class=java.lang.String@50000181)
	value		50001ec3
OBJ 50001ebe (sz=24, trace=300000, class=java.lang.String@50000181)
	value		50001ec2
OBJ 50001ebf (sz=24, trace=300000, class=java.util.concurrent.atomic.AtomicLong@5000006f)
OBJ 50001ec0 (sz=24, trace=300000, class=java.util.concurrent.atomic.AtomicLong@5000006f)
OBJ 50001ec1 (sz=24, trace=300000, class=java.util.concurrent.atomic.AtomicLong@5000006f)
ARR 50001ec2 (sz=6, trace=300000, nelems=3, elem type=char[])
ARR 50001ec3 (sz=14, trace=300000, nelems=7, elem type=char[])
ARR 50001ec4 (sz=8, trace=300000, nelems=4, elem type=char[])
ARR 50001ec5 (sz=10, trace=300000, nelems=5, elem type=char[])
ARR 50001ec6 (sz=54, trace=300000, nelems=27, elem type=char[])
ARR 50001ec7 (sz=58, trace=300000, nelems=29, elem type=char[])
ARR 50001ec8 (sz=74, trace=300000, nelems=37, elem type=char[])
ARR 50001ec9 (sz=32, trace=300000, nelems=16, elem type=char[])
ARR 50001eca (sz=48, trace=300000, nelems=24, elem type=char[])
OBJ 50001ecb (sz=24, trace=300000, class=java.lang.String@50000181)
	value		50001ecc
ARR 50001ecc (sz=10, trace=300000, nelems=5, elem type=char[])
OBJ 50001ecd (sz=24, trace=300000, class=java.lang.String@50000181)
	value		500022fd
OBJ 50001ece (sz=24, trace=300000, class=java.lang.String@50000181)
	value		50001ed4
OBJ 50001ecf (sz=24, trace=300000, class=java.lang.String@50000181)
	value		50002300
OBJ 50001ed0 (sz=24, trace=300000, class=java.lang.String@50000181)
	value		500022fe
OBJ 50001ed1 (sz=24, trace=300000, class=java.lang.String@50000181)
	value		50002306
OBJ 50001ed2 (sz=24, trace=300000, class=java.lang.String@50000181)
	value		500022d8
ARR 50001ed3 (sz=72, trace=300000, nelems=14, elem type=java.lang.String[]@500000db)
	[0]		50001ed5
	[1]		50001ed6
	[2]		50001ed7
	[3]		50001ed8
	[4]		50001ed9
	[5]		50001eda
	[6]		50001edb
	[7]		50001edc
	[8]		50001edd
	[9]		50001ede
	[10]		50001edf
	[11]		50001ee0
	[12]		50001ee1
	[13]		50001ee2
ARR 50001ed4 (sz=16, trace=300000, nelems=8, elem type=char[])
OBJ 50001ed5 (sz=24, trace=300000, class=java.lang.String@50000181)
	value		50001ef0
OBJ 50001ed6 (sz=24, trace=300000, class=java.lang.String@50000181)
	value		50001eef
OBJ 50001ed7 (sz=24, trace=300000, class=java.lang.String@50000181)
	value		50001eee
OBJ 50001ed8 (sz=24, trace=300000, class=java.lang.String@50000181)
	value		50001eed
OBJ 50001ed9 (sz=24, trace=300000, class=java.lang.String@50000181)
	value		50001eec
OBJ 50001eda (sz=24, trace=300000, class=java.lang.String@50000181)
	value		50001eeb
OBJ 50001edb (sz=24, trace=300000, class=java.lang.String@50000181)
	value		50001eea
OBJ 50001edc (sz=24, trace=300000, class=java.lang.String@50000181)
	value		50001ee9
OBJ 50001edd (sz=24, trace=300000, class=java.lang.String@50000181)
	value		50001ee8
OBJ 50001ede (sz=24, trace=300000, class=java.lang.String@50000181)
	value		50001ee7
OBJ 50001edf (sz=24, trace=300000, class=java.lang.String@50000181)
	value		50001ee6
OBJ 50001ee0 (sz=24, trace=300000, class=java.lang.String@50000181)
	value		50001ee5
OBJ 50001ee1 (sz=24, trace=300000, class=java.lang.String@50000181)
	value		50001ee4
OBJ 50001ee2 (sz=24, trace=300000, class=java.lang.String@50000181)
	value		50001ee3
ARR 50001ee3 (sz=12, trace=300000, nelems=6, elem type=char[])
ARR 50001ee4 (sz=28, trace=300000, nelems=14, elem type=char[])
ARR 50001ee5 (sz=32, trace=300000, nelems=16, elem type=char[])
ARR 50001ee6 (sz=6, trace=300000, nelems=3, elem type=char[])
ARR 50001ee7 (sz=14, trace=300000, nelems=7, elem type=char[])
ARR 50001ee8 (sz=14, trace=300000, nelems=7, elem type=char[])
ARR 50001ee9 (sz=10, trace=300000, nelems=5, elem type=char[])
ARR 50001eea (sz=12, trace=300000, nelems=6, elem type=char[])
ARR 50001eeb (sz=4, trace=300000, nelems=2, elem type=char[])
ARR 50001eec (sz=18, trace=300000, nelems=9, elem type=char[])
ARR 50001eed (sz=10, trace=300000, nelems=5, elem type=char[])
ARR 50001eee (sz=32, trace=300000, nelems=16, elem type=char[])
ARR 50001eef (sz=28, trace=300000, nelems=14, elem type=char[])
ARR 50001ef0 (sz=16, trace=300000, nelems=8, elem type=char[])
OBJ 50001ef1 (sz=24, trace=300000, class=java.lang.String@50000181)
	value		5000206e
OBJ 50001ef2 (sz=24, trace=300000, class=java.lang.String@50000181)
	value		50002072
OBJ 50001ef3 (sz=24, trace=300000, class=java.lang.String@50000181)
	value		50002076
OBJ 50001ef4 (sz=24, trace=300000, class=java.lang.String@50000181)
	value		5000202d
OBJ 50001ef5 (sz=24, trace=300000, class=java.lang.String@50000181)
	value		50001ffd
OBJ 50001ef6 (sz=24, trace=300000, class=java.lang.String@50000181)
	value		5000207b
OBJ 50001ef7 (sz=24, trace=300000, class=java.lang.String@50000181)
	value		50002080
OBJ 50001ef8 (sz=24, trace=300000, class=java.lang.String@50000181)
	value		50002085
OBJ 50001ef9 (sz=24, trace=300000, class=java.lang.String@50000181)
	value		5000208a
OBJ 50001efa (sz=24, trace=300000, class=java.lang.String@50000181)
	value		5000208f
OBJ 50001efb (sz=24, trace=300000, class=java.lang.String@50000181)
	value		50002095
OBJ 50001efc (sz=24, trace=300000, class=java.lang.String@50000181)
	value		5000209a
OBJ 50001efd (sz=24, trace=300000, class=java.lang.String@50000181)
	value		50001ff8
OBJ 50001efe (sz=24, trace=300000, class=java.lang.String@50000181)
	value		5000204a
OBJ 50001eff (sz=24, trace=300000, class=java.lang.String@50000181)
	value		50002059
OBJ 50001f00 (sz=24, trace=300000, class=java.lang.String@50000181)
	value		50002010
OBJ 50001f01 (sz=24, trace=300000, class=java.lang.String@50000181)
	value		5000201c
OBJ 50001f02 (sz=24, trace=300000, class=java.lang.String@50000181)
	value		50002029
OBJ 50001f03 (sz=24, trace=300000, class=java.lang.String@50000181)
	value		50002039
OBJ 50001f04 (sz=24, trace=300000, class=java.lang.String@50000181)
	value		50002046
OBJ 50001f05 (sz=24, trace=300000, class=java.lang.String@50000181)
	value		50002006
OBJ 50001f06 (sz=24, trace=300000, class=java.lang.String@50000181)
	value		50002013
OBJ 50001f07 (sz=24, trace=300000, class=java.lang.String@50000181)
	value		50002020
OBJ 50001f08 (sz=24, trace=300000, class=java.lang.String@50000181)
	value		5000203d
OBJ 50001f09 (sz=24, trace=300000, class=java.lang.String@50000181)
	value		50002052
OBJ 50001f0a (sz=24, trace=300000, class=java.lang.String@50000181)
	value		50001fe0
OBJ 50001f0b (sz=24, trace=300000, class=java.lang.String@50000181)
	value		50002034
OBJ 50001f0c (sz=24, trace=300000, class=java.lang.String@50000181)
	value		50002035
OBJ 50001f0d (sz=24, trace=300000, class=java.lang.String@50000181)
	value		50001ffc
OBJ 50001f0e (sz=24, trace=300000, class=java.lang.String@50000181)
	value		50002054
OBJ 50001f0f (sz=24, trace=300000, class=java.lang.String@50000181)
	value		50002000
OBJ 50001f10 (sz=24, trace=300000, class=java.lang.String@50000181)
	value		50002055
OBJ 50001f11 (sz=24, trace=300000, class=java.lang.String@50000181)
	value		50001fe7
OBJ 50001f12 (sz=24, trace=300000, class=java.lang.String@50000181)
	value		50002058
OBJ 50001f13 (sz=24, trace=300000, class=java.lang.String@50000181)
	value		50001ff7
OBJ 50001f14 (sz=24, trace=300000, class=java.lang.String@50000181)
	value		50002048
OBJ 50001f15 (sz=24, trace=300000, class=java.lang.String@50000181)
	value		50002056
OBJ 50001f16 (sz=24, trace=300000, class=java.lang.String@50000181)
	value		5000200c
OBJ 50001f17 (sz=24, trace=300000, class=java.lang.String@50000181)
	value		50002025
OBJ 50001f18 (sz=24, trace=300000, class=java.lang.String@50000181)
	value		50002042
OBJ 50001f19 (sz=24, trace=300000, class=java.lang.String@50000181)
	value		50001ffb
OBJ 50001f1a (sz=24, trace=300000, class=java.lang.String@50000181)
	value		50002057
OBJ 50001f1b (sz=24, trace=300000, class=java.lang.String@50000181)
	value		5000204c
OBJ 50001f1c (sz=24, trace=300000, class=java.lang.String@50000181)
	value		50002003
OBJ 50001f1d (sz=24, trace=300000, class=java.lang.String@50000181)
	value		5000205a
OBJ 50001f1e (sz=24, trace=300000, class=java.lang.String@50000181)
	value		50001ffa
OBJ 50001f1f (sz=24, trace=300000, class=java.lang.String@50000181)
	value		5000200e
OBJ 50001f20 (sz=24, trace=300000, class=java.lang.String@50000181)
	value		5000200d
OBJ 50001f21 (sz=24, trace=300000, class=java.lang.String@50000181)
	value		5000201a
OBJ 50001f22 (sz=24, trace=300000, class=java.lang.String@50000181)
	value		50002019
OBJ 50001f23 (sz=24, trace=300000, class=java.lang.String@50000181)
	value		50002027
OBJ 50001f24 (sz=24, trace=300000, class=java.lang.String@50000181)
	value		50002026
OBJ 50001f25 (sz=24, trace=300000, class=java.lang.String@50000181)
	value		50002037
OBJ 50001f26 (sz=24, trace=300000, class=java.lang.String@50000181)
	value		50002036
OBJ 50001f27 (sz=24, trace=300000, class=java.lang.String@50000181)
	value		50002044
OBJ 50001f28 (sz=24, trace=300000, class=java.lang.String@50000181)
	value		50002043
OBJ 50001f29 (sz=24, trace=300000, class=java.lang.String@50000181)
	value		50001ff9
OBJ 50001f2a (sz=24, trace=300000, class=java.lang.String@50000181)
	value		5000204f
OBJ 50001f2b (sz=24, trace=300000, class=java.lang.String@50000181)
	value		50002051
OBJ 50001f2c (sz=24, trace=300000, class=java.lang.String@50000181)
	value		50002050
OBJ 50001f2d (sz=24, trace=300000, class=java.lang.String@50000181)
	value		5000208e
OBJ 50001f2e (sz=24, trace=300000, class=java.lang.String@50000181)
	value		50001ff5
OBJ 50001f2f (sz=24, trace=300000, class=java.lang.String@50000181)
	value		50001ff3
OBJ 50001f30 (sz=24, trace=300000, class=java.lang.String@50000181)
	value		50001fed
OBJ 50001f31 (sz=24, trace=300000, class=java.lang.String@50000181)
	value		50001fde
OBJ 50001f32 (sz=24, trace=300000, class=java.lang.String@50000181)
	value		50001fe4
OBJ 50001f33 (sz=24, trace=300000, class=java.lang.String@50000181)
	value		50001fe8
OBJ 50001f34 (sz=24, trace=300000, class=java.lang.String@50000181)
	value		50001feb
OBJ 50001f35 (sz=24, trace=300000, class=java.lang.String@50000181)
	value		50001fee
OBJ 50001f36 (sz=24, trace=300000, class=java.lang.String@50000181)
	value		50001ff2
OBJ 50001f37 (sz=24, trace=300000, class=java.lang.String@50000181)
	value		50001ff6
OBJ 50001f38 (sz=24, trace=300000, class=java.lang.String@50000181)
	value		50001ff0
OBJ 50001f39 (sz=24, trace=300000, class=java.lang.String@50000181)
	value		50001ff4
OBJ 50001f3a (sz=24, trace=300000, class=java.lang.String@50000181)
	value		50001fe1
OBJ 50001f3b (sz=24, trace=300000, class=java.lang.String@50000181)
	value		50001fe5
OBJ 50001f3c (sz=24, trace=300000, class=java.lang.String@50000181)
	value		50001fec
OBJ 50001f3d (sz=24, trace=300000, class=java.lang.String@50000181)
	value		50001fe9
OBJ 50001f3e (sz=24, trace=300000, class=java.lang.String@50000181)
	value		50001fe6
OBJ 50001f3f (sz=24, trace=300000, class=java.lang.String@50000181)
	value		50001fea
OBJ 50001f40 (sz=24, trace=300000, class=java.lang.String@50000181)
	value		50001ff1
OBJ 50001f41 (sz=24, trace=300000, class=java.lang.String@50000181)
	value		50001fef
OBJ 50001f42 (sz=24, trace=300000, class=java.lang.String@50000181)
	value		50002061
OBJ 50001f43 (sz=24, trace=300000, class=java.lang.String@50000181)
	value		50002091
OBJ 50001f44 (sz=24, trace=300000, class=java.lang.String@50000181)
	value		50002090
OBJ 50001f45 (sz=24, trace=300000, class=java.lang.String@50000181)
	value		50002060
OBJ 50001f46 (sz=24, trace=300000, class=java.lang.String@50000181)
	value		50002063
OBJ 50001f47 (sz=24, trace=300000, class=java.lang.String@50000181)
	value		50002065
OBJ 50001f48 (sz=24, trace=300000, class=java.lang.String@50000181)
	value		50002067
OBJ 50001f49 (sz=24, trace=300000, class=java.lang.String@50000181)
	value		50002069
OBJ 50001f4a (sz=24, trace=300000, class=java.lang.String@50000181)
	value		5000206b
OBJ 50001f4b (sz=24, trace=300000, class=java.lang.String@50000181)
	value		50002071
OBJ 50001f4c (sz=24, trace=300000, class=java.lang.String@50000181)
	value		5000205f
OBJ 50001f4d (sz=24, trace=300000, class=java.lang.String@50000181)
	value		50002062
OBJ 50001f4e (sz=24, trace=300000, class=java.lang.String@50000181)
	value		50002064
OBJ 50001f4f (sz=24, trace=300000, class=java.lang.String@50000181)
	value		50002066
OBJ 50001f50 (sz=24, trace=300000, class=java.lang.String@50000181)
	value		50002068
OBJ 50001f51 (sz=24, trace=300000, class=java.lang.String@50000181)
	value		5000206a
OBJ 50001f52 (sz=24, trace=300000, class=java.lang.String@50000181)
	value		50002075
OBJ 50001f53 (sz=24, trace=300000, class=java.lang.String@50000181)
	value		50002079
OBJ 50001f54 (sz=24, trace=300000, class=java.lang.String@50000181)
	value		5000202c
OBJ 50001f55 (sz=24, trace=300000, class=java.lang.String@50000181)
	value		50001fff
OBJ 50001f56 (sz=24, trace=300000, class=java.lang.String@50000181)
	value		5000207e
OBJ 50001f57 (sz=24, trace=300000, class=java.lang.String@50000181)
	value		50002083
OBJ 50001f58 (sz=24, trace=300000, class=java.lang.String@50000181)
	value		50002088
OBJ 50001f59 (sz=24, trace=300000, class=java.lang.String@50000181)
	value		5000208d
OBJ 50001f5a (sz=24, trace=300000, class=java.lang.String@50000181)
	value		50002092
OBJ 50001f5b (sz=24, trace=300000, class=java.lang.String@50000181)
	value		50002098
OBJ 50001f5c (sz=24, trace=300000, class=java.lang.String@50000181)
	value		5000209d
OBJ 50001f5d (sz=24, trace=300000, class=java.lang.String@50000181)
	value		500020a1
OBJ 50001f5e (sz=24, trace=300000, class=java.lang.String@50000181)
	value		50002007
OBJ 50001f5f (sz=24, trace=300000, class=java.lang.String@50000181)
	value		50002014
OBJ 50001f60 (sz=24, trace=300000, class=java.lang.String@50000181)
	value		50002021
OBJ 50001f61 (sz=24, trace=300000, class=java.lang.String@50000181)
	value		5000203c
OBJ 50001f62 (sz=24, trace=300000, class=java.lang.String@50000181)
	value		50002053
OBJ 50001f63 (sz=24, trace=300000, class=java.lang.String@50000181)
	value		50001fdf
OBJ 50001f64 (sz=24, trace=300000, class=java.lang.String@50000181)
	value		50002089
OBJ 50001f65 (sz=24, trace=300000, class=java.lang.String@50000181)
	value		50002094
OBJ 50001f66 (sz=24, trace=300000, class=java.lang.String@50000181)
	value		50002099
OBJ 50001f67 (sz=24, trace=300000, class=java.lang.String@50000181)
	value		50001ffe
OBJ 50001f68 (sz=24, trace=300000, class=java.lang.String@50000181)
	value		50002005
OBJ 50001f69 (sz=24, trace=300000, class=java.lang.String@50000181)
	value		50002012
OBJ 50001f6a (sz=24, trace=300000, class=java.lang.String@50000181)
	value		5000203b
OBJ 50001f6b (sz=24, trace=300000, class=java.lang.String@50000181)
	value		5000201f
OBJ 50001f6c (sz=24, trace=300000, class=java.lang.String@50000181)
	value		50002031
OBJ 50001f6d (sz=24, trace=300000, class=java.lang.String@50000181)
	value		5000204e
OBJ 50001f6e (sz=24, trace=300000, class=java.lang.String@50000181)
	value		5000204d
OBJ 50001f6f (sz=24, trace=300000, class=java.lang.String@50000181)
	value		5000207f
OBJ 50001f70 (sz=24, trace=300000, class=java.lang.String@50000181)
	value		5000205b
OBJ 50001f71 (sz=24, trace=300000, class=java.lang.String@50000181)
	value		5000207a
OBJ 50001f72 (sz=24, trace=300000, class=java.lang.String@50000181)
	value		50002093
OBJ 50001f73 (sz=24, trace=300000, class=java.lang.String@50000181)
	value		5000206d
OBJ 50001f74 (sz=24, trace=300000, class=java.lang.String@50000181)
	value		50002084
OBJ 50001f75 (sz=24, trace=300000, class=java.lang.String@50000181)
	value		50002024
OBJ 50001f76 (sz=24, trace=300000, class=java.lang.String@50000181)
	value		50002033
OBJ 50001f77 (sz=24, trace=300000, class=java.lang.String@50000181)
	value		50002032
OBJ 50001f78 (sz=24, trace=300000, class=java.lang.String@50000181)
	value		5000206f
OBJ 50001f79 (sz=24, trace=300000, class=java.lang.String@50000181)
	value		50002073
OBJ 50001f7a (sz=24, trace=300000, class=java.lang.String@50000181)
	value		50002077
OBJ 50001f7b (sz=24, trace=300000, class=java.lang.String@50000181)
	value		5000202e
OBJ 50001f7c (sz=24, trace=300000, class=java.lang.String@50000181)
	value		5000207d
OBJ 50001f7d (sz=24, trace=300000, class=java.lang.String@50000181)
	value		50002081
OBJ 50001f7e (sz=24, trace=300000, class=java.lang.String@50000181)
	value		50002087
OBJ 50001f7f (sz=24, trace=300000, class=java.lang.String@50000181)
	value		5000208b
OBJ 50001f80 (sz=24, trace=300000, class=java.lang.String@50000181)
	value		50002096
OBJ 50001f81 (sz=24, trace=300000, class=java.lang.String@50000181)
	value		5000209b
OBJ 50001f82 (sz=24, trace=300000, class=java.lang.String@50000181)
	value		50002008
OBJ 50001f83 (sz=24, trace=300000, class=java.lang.String@50000181)
	value		50002015
OBJ 50001f84 (sz=24, trace=300000, class=java.lang.String@50000181)
	value		50002022
OBJ 50001f85 (sz=24, trace=300000, class=java.lang.String@50000181)
	value		5000203e
OBJ 50001f86 (sz=24, trace=300000, class=java.lang.String@50000181)
	value		50002070
OBJ 50001f87 (sz=24, trace=300000, class=java.lang.String@50000181)
	value		50002074
OBJ 50001f88 (sz=24, trace=300000, class=java.lang.String@50000181)
	value		50002078
OBJ 50001f89 (sz=24, trace=300000, class=java.lang.String@50000181)
	value		5000202f
OBJ 50001f8a (sz=24, trace=300000, class=java.lang.String@50000181)
	value		5000207c
OBJ 50001f8b (sz=24, trace=300000, class=java.lang.String@50000181)
	value		50002082
OBJ 50001f8c (sz=24, trace=300000, class=java.lang.String@50000181)
	value		50002086
OBJ 50001f8d (sz=24, trace=300000, class=java.lang.String@50000181)
	value		5000208c
OBJ 50001f8e (sz=24, trace=300000, class=java.lang.String@50000181)
	value		50002097
OBJ 50001f8f (sz=24, trace=300000, class=java.lang.String@50000181)
	value		5000209c
OBJ 50001f90 (sz=24, trace=300000, class=java.lang.String@50000181)
	value		50002009
OBJ 50001f91 (sz=24, trace=300000, class=java.lang.String@50000181)
	value		50002016
OBJ 50001f92 (sz=24, trace=300000, class=java.lang.String@50000181)
	value		50002023
OBJ 50001f93 (sz=24, trace=300000, class=java.lang.String@50000181)
	value		5000203f
OBJ 50001f94 (sz=24, trace=300000, class=java.lang.String@50000181)
	value		50002004
OBJ 50001f95 (sz=24, trace=300000, class=java.lang.String@50000181)
	value		5000200f
OBJ 50001f96 (sz=24, trace=300000, class=java.lang.String@50000181)
	value		5000201b
OBJ 50001f97 (sz=24, trace=300000, class=java.lang.String@50000181)
	value		50002038
OBJ 50001f98 (sz=24, trace=300000, class=java.lang.String@50000181)
	value		50002028
OBJ 50001f99 (sz=24, trace=300000, class=java.lang.String@50000181)
	value		50002045
OBJ 50001f9a (sz=24, trace=300000, class=java.lang.String@50000181)
	value		5000201d
OBJ 50001f9b (sz=24, trace=300000, class=java.lang.String@50000181)
	value		5000202b
OBJ 50001f9c (sz=24, trace=300000, class=java.lang.String@50000181)
	value		5000204b
OBJ 50001f9d (sz=24, trace=300000, class=java.lang.String@50000181)
	value		50002011
OBJ 50001f9e (sz=24, trace=300000, class=java.lang.String@50000181)
	value		5000201e
OBJ 50001f9f (sz=24, trace=300000, class=java.lang.String@50000181)
	value		5000202a
OBJ 50001fa0 (sz=24, trace=300000, class=java.lang.String@50000181)
	value		5000203a
OBJ 50001fa1 (sz=24, trace=300000, class=java.lang.String@50000181)
	value		50002047
OBJ 50001fa2 (sz=24, trace=300000, class=java.lang.String@50000181)
	value		50002049
OBJ 50001fa3 (sz=24, trace=300000, class=java.lang.String@50000181)
	value		5000205c
OBJ 50001fa4 (sz=24, trace=300000, class=java.lang.String@50000181)
	value		5000205d
OBJ 50001fa5 (sz=24, trace=300000, class=java.lang.String@50000181)
	value		5000205e
OBJ 50001fa6 (sz=24, trace=300000, class=java.lang.String@50000181)
	value		50002001
OBJ 50001fa7 (sz=24, trace=300000, class=java.lang.String@50000181)
	value		5000200a
OBJ 50001fa8 (sz=24, trace=300000, class=java.lang.String@50000181)
	value		50002017
OBJ 50001fa9 (sz=24, trace=300000, class=java.lang.String@50000181)
	value		50002040
OBJ 50001faa (sz=24, trace=300000, class=java.lang.String@50000181)
	value		50002002
OBJ 50001fab (sz=24, trace=300000, class=java.lang.String@50000181)
	value		5000200b
OBJ 50001fac (sz=24, trace=300000, class=java.lang.String@50000181)
	value		50002018
OBJ 50001fad (sz=24, trace=300000, class=java.lang.String@50000181)
	value		50002041
OBJ 50001fae (sz=24, trace=300000, class=java.lang.String@50000181)
	value		50002307
OBJ 50001faf (sz=24, trace=300000, class=java.lang.String@50000181)
	value		50002030
OBJ 50001fb0 (sz=24, trace=300000, class=java.lang.String@50000181)
	value		50001fe2
OBJ 50001fb1 (sz=24, trace=300000, class=java.lang.String@50000181)
	value		50001fdd
OBJ 50001fb2 (sz=24, trace=300000, class=java.lang.String@50000181)
	value		50001fe3
OBJ 50001fb3 (sz=24, trace=300000, class=java.lang.String@50000181)
	value		5000206c
OBJ 50001fb4 (sz=24, trace=300000, class=java.lang.String@50000181)
	value		5000209e
OBJ 50001fb5 (sz=24, trace=300000, class=java.lang.String@50000181)
	value		5000209f
OBJ 50001fb6 (sz=24, trace=300000, class=java.lang.String@50000181)
	value		500020a0
ARR 50001fb7 (sz=32, trace=300000, nelems=4, elem type=java.lang.String[]@500000db)
	[0]		50001f5d
	[1]		50001fb6
	[2]		50001fb5
	[3]		50001fb4
ARR 50001fb8 (sz=40, trace=300000, nelems=5, elem type=java.lang.String[]@500000db)
	[0]		50001f5c
	[1]		50001f8f
	[2]		50001f81
	[3]		50001efc
	[4]		50001f66
ARR 50001fb9 (sz=40, trace=300000, nelems=6, elem type=java.lang.String[]@500000db)
	[0]		50001f5b
	[1]		50001f8e
	[2]		50001f80
	[3]		50001efb
	[4]		50001f65
	[5]		50001f72
ARR 50001fba (sz=40, trace=300000, nelems=5, elem type=java.lang.String[]@500000db)
	[0]		50001f5a
	[1]		50001f43
	[2]		50001f44
	[3]		50001efa
	[4]		50001f2d
ARR 50001fbb (sz=40, trace=300000, nelems=5, elem type=java.lang.String[]@500000db)
	[0]		50001f59
	[1]		50001f8d
	[2]		50001f7f
	[3]		50001ef9
	[4]		50001f64
ARR 50001fbc (sz=40, trace=300000, nelems=5, elem type=java.lang.String[]@500000db)
	[0]		50001f58
	[1]		50001f7e
	[2]		50001f8c
	[3]		50001ef8
	[4]		50001f74
ARR 50001fbd (sz=40, trace=300000, nelems=5, elem type=java.lang.String[]@500000db)
	[0]		50001f57
	[1]		50001f8b
	[2]		50001f7d
	[3]		50001ef7
	[4]		50001f6f
ARR 50001fbe (sz=40, trace=300000, nelems=5, elem type=java.lang.String[]@500000db)
	[0]		50001f56
	[1]		50001f7c
	[2]		50001f8a
	[3]		50001ef6
	[4]		50001f71
ARR 50001fbf (sz=32, trace=300000, nelems=4, elem type=java.lang.String[]@500000db)
	[0]		50001f53
	[1]		50001f88
	[2]		50001f7a
	[3]		50001ef3
ARR 50001fc0 (sz=32, trace=300000, nelems=4, elem type=java.lang.String[]@500000db)
	[0]		50001f52
	[1]		50001f87
	[2]		50001f79
	[3]		50001ef2
ARR 50001fc1 (sz=40, trace=300000, nelems=6, elem type=java.lang.String[]@500000db)
	[0]		50001f4b
	[1]		50001f86
	[2]		50001f78
	[3]		50001ef1
	[4]		50001f73
	[5]		50001fb3
ARR 50001fc2 (sz=24, trace=300000, nelems=2, elem type=java.lang.String[]@500000db)
	[0]		50001f4a
	[1]		50001f51
ARR 50001fc3 (sz=24, trace=300000, nelems=2, elem type=java.lang.String[]@500000db)
	[0]		50001f49
	[1]		50001f50
ARR 50001fc4 (sz=24, trace=300000, nelems=2, elem type=java.lang.String[]@500000db)
	[0]		50001f48
	[1]		50001f4f
ARR 50001fc5 (sz=24, trace=300000, nelems=2, elem type=java.lang.String[]@500000db)
	[0]		50001f47
	[1]		50001f4e
ARR 50001fc6 (sz=32, trace=300000, nelems=3, elem type=java.lang.String[]@500000db)
	[0]		50001f46
	[1]		50001f4d
	[2]		50001f42
ARR 50001fc7 (sz=24, trace=300000, nelems=2, elem type=java.lang.String[]@500000db)
	[0]		50001f45
	[1]		50001f4c
ARR 50001fc8 (sz=24, trace=300000, nelems=1, elem type=java.lang.String[]@500000db)
	[0]		50001fa5
ARR 50001fc9 (sz=32, trace=300000, nelems=3, elem type=java.lang.String[]@500000db)
	[0]		50001fa4
	[1]		50001fa3
	[2]		50001f70
ARR 50001fca (sz=80, trace=300000, nelems=15, elem type=java.lang.String[]@500000db)
	[0]		50001f1d
	[1]		50001eff
	[2]		50001f12
	[3]		50001f1a
	[4]		50001f15
	[5]		50001f10
	[6]		50001f0e
	[7]		50001f62
	[8]		50001f09
	[9]		50001f2b
	[10]		50001f2c
	[11]		50001f2a
	[12]		50001f6d
	[13]		50001f6e
	[14]		50001f1b
ARR 50001fcb (sz=32, trace=300000, nelems=4, elem type=java.lang.String[]@500000db)
	[0]		50001f9c
	[1]		50001efe
	[2]		50001fa2
	[3]		50001f14
ARR 50001fcc (sz=72, trace=300000, nelems=13, elem type=java.lang.String[]@500000db)
	[0]		50001fa1
	[1]		50001f04
	[2]		50001f99
	[3]		50001f27
	[4]		50001f28
	[5]		50001f18
	[6]		50001fad
	[7]		50001fa9
	[8]		50001f93
	[9]		50001f85
	[10]		50001f08
	[11]		50001f61
	[12]		50001f6a
ARR 50001fcd (sz=80, trace=300000, nelems=16, elem type=java.lang.String[]@500000db)
	[0]		50001fa0
	[1]		50001f03
	[2]		50001f97
	[3]		50001f25
	[4]		50001f26
	[5]		50001f0c
	[6]		50001f0b
	[7]		50001f76
	[8]		50001f77
	[9]		50001f6c
	[10]		50001faf
	[11]		50001f89
	[12]		50001f7b
	[13]		50001ef4
	[14]		50001f54
	[15]		50001f9b
ARR 50001fce (sz=64, trace=300000, nelems=12, elem type=java.lang.String[]@500000db)
	[0]		50001f9f
	[1]		50001f02
	[2]		50001f98
	[3]		50001f23
	[4]		50001f24
	[5]		50001f17
	[6]		50001f75
	[7]		50001f92
	[8]		50001f84
	[9]		50001f60
	[10]		50001f07
	[11]		50001f6b
ARR 50001fcf (sz=72, trace=300000, nelems=13, elem type=java.lang.String[]@500000db)
	[0]		50001f9e
	[1]		50001f9a
	[2]		50001f01
	[3]		50001f96
	[4]		50001f21
	[5]		50001f22
	[6]		50001fac
	[7]		50001fa8
	[8]		50001f91
	[9]		50001f83
	[10]		50001f5f
	[11]		50001f06
	[12]		50001f69
ARR 50001fd0 (sz=72, trace=300000, nelems=13, elem type=java.lang.String[]@500000db)
	[0]		50001f9d
	[1]		50001f00
	[2]		50001f95
	[3]		50001f1f
	[4]		50001f20
	[5]		50001f16
	[6]		50001fab
	[7]		50001fa7
	[8]		50001f90
	[9]		50001f82
	[10]		50001f5e
	[11]		50001f05
	[12]		50001f68
ARR 50001fd1 (sz=72, trace=300000, nelems=14, elem type=java.lang.String[]@500000db)
	[0]		50001f94
	[1]		50001f1c
	[2]		50001faa
	[3]		50001fa6
	[4]		50001f0f
	[5]		50001f55
	[6]		50001f67
	[7]		50001ef5
	[8]		50001f0d
	[9]		50001f19
	[10]		50001f1e
	[11]		50001f29
	[12]		50001efd
	[13]		50001f13
ARR 50001fd2 (sz=24, trace=300000, nelems=2, elem type=java.lang.String[]@500000db)
	[0]		50001f37
	[1]		50001f2e
ARR 50001fd3 (sz=24, trace=300000, nelems=2, elem type=java.lang.String[]@500000db)
	[0]		50001f39
	[1]		50001f2f
ARR 50001fd4 (sz=24, trace=300000, nelems=2, elem type=java.lang.String[]@500000db)
	[0]		50001f36
	[1]		50001f40
ARR 50001fd5 (sz=24, trace=300000, nelems=2, elem type=java.lang.String[]@500000db)
	[0]		50001f38
	[1]		50001f41
ARR 50001fd6 (sz=24, trace=300000, nelems=2, elem type=java.lang.String[]@500000db)
	[0]		50001f35
	[1]		50001f30
ARR 50001fd7 (sz=24, trace=300000, nelems=1, elem type=java.lang.String[]@500000db)
	[0]		50001f3c
ARR 50001fd8 (sz=32, trace=300000, nelems=3, elem type=java.lang.String[]@500000db)
	[0]		50001f34
	[1]		50001f3f
	[2]		50001f3d
ARR 50001fd9 (sz=32, trace=300000, nelems=4, elem type=java.lang.String[]@500000db)
	[0]		50001f33
	[1]		50001f11
	[2]		50001f3e
	[3]		50001f3b
ARR 50001fda (sz=32, trace=300000, nelems=4, elem type=java.lang.String[]@500000db)
	[0]		50001f32
	[1]		50001fb2
	[2]		50001fb0
	[3]		50001f3a
ARR 50001fdb (sz=24, trace=300000, nelems=2, elem type=java.lang.String[]@500000db)
	[0]		50001f0a
	[1]		50001f63
ARR 50001fdc (sz=24, trace=300000, nelems=2, elem type=java.lang.String[]@500000db)
	[0]		50001f31
	[1]		50001fb1
ARR 50001fdd (sz=34, trace=300000, nelems=17, elem type=char[])
ARR 50001fde (sz=8, trace=300000, nelems=4, elem type=char[])
ARR 50001fdf (sz=16, trace=300000, nelems=8, elem type=char[])
ARR 50001fe0 (sz=10, trace=300000, nelems=5, elem type=char[])
ARR 50001fe1 (sz=20, trace=300000, nelems=10, elem type=char[])
ARR 50001fe2 (sz=14, trace=300000, nelems=7, elem type=char[])
ARR 50001fe3 (sz=10, trace=300000, nelems=5, elem type=char[])
ARR 50001fe4 (sz=12, trace=300000, nelems=6, elem type=char[])
ARR 50001fe5 (sz=36, trace=300000, nelems=18, elem type=char[])
ARR 50001fe6 (sz=20, trace=300000, nelems=10, elem type=char[])
ARR 50001fe7 (sz=30, trace=300000, nelems=15, elem type=char[])
ARR 50001fe8 (sz=16, trace=300000, nelems=8, elem type=char[])
ARR 50001fe9 (sz=42, trace=300000, nelems=21, elem type=char[])
ARR 50001fea (sz=20, trace=300000, nelems=10, elem type=char[])
ARR 50001feb (sz=16, trace=300000, nelems=8, elem type=char[])
ARR 50001fec (sz=26, trace=300000, nelems=13, elem type=char[])
ARR 50001fed (sz=10, trace=300000, nelems=5, elem type=char[])
ARR 50001fee (sz=12, trace=300000, nelems=6, elem type=char[])
ARR 50001fef (sz=20, trace=300000, nelems=10, elem type=char[])
ARR 50001ff0 (sz=16, trace=300000, nelems=8, elem type=char[])
ARR 50001ff1 (sz=20, trace=300000, nelems=10, elem type=char[])
ARR 50001ff2 (sz=16, trace=300000, nelems=8, elem type=char[])
ARR 50001ff3 (sz=24, trace=300000, nelems=12, elem type=char[])
ARR 50001ff4 (sz=24, trace=300000, nelems=12, elem type=char[])
ARR 50001ff5 (sz=24, trace=300000, nelems=12, elem type=char[])
ARR 50001ff6 (sz=24, trace=300000, nelems=12, elem type=char[])
ARR 50001ff7 (sz=18, trace=300000, nelems=9, elem type=char[])
ARR 50001ff8 (sz=12, trace=300000, nelems=6, elem type=char[])
ARR 50001ff9 (sz=20, trace=300000, nelems=10, elem type=char[])
ARR 50001ffa (sz=30, trace=300000, nelems=15, elem type=char[])
ARR 50001ffb (sz=18, trace=300000, nelems=9, elem type=char[])
ARR 50001ffc (sz=14, trace=300000, nelems=7, elem type=char[])
ARR 50001ffd (sz=6, trace=300000, nelems=3, elem type=char[])
ARR 50001ffe (sz=22, trace=300000, nelems=11, elem type=char[])
ARR 50001fff (sz=10, trace=300000, nelems=5, elem type=char[])
ARR 50002000 (sz=12, trace=300000, nelems=6, elem type=char[])
ARR 50002001 (sz=4, trace=300000, nelems=2, elem type=char[])
ARR 50002002 (sz=12, trace=300000, nelems=6, elem type=char[])
ARR 50002003 (sz=20, trace=300000, nelems=10, elem type=char[])
ARR 50002004 (sz=20, trace=300000, nelems=10, elem type=char[])
ARR 50002005 (sz=22, trace=300000, nelems=11, elem type=char[])
ARR 50002006 (sz=6, trace=300000, nelems=3, elem type=char[])
ARR 50002007 (sz=10, trace=300000, nelems=5, elem type=char[])
ARR 50002008 (sz=14, trace=300000, nelems=7, elem type=char[])
ARR 50002009 (sz=12, trace=300000, nelems=6, elem type=char[])
ARR 5000200a (sz=4, trace=300000, nelems=2, elem type=char[])
ARR 5000200b (sz=12, trace=300000, nelems=6, elem type=char[])
ARR 5000200c (sz=18, trace=300000, nelems=9, elem type=char[])
ARR 5000200d (sz=30, trace=300000, nelems=15, elem type=char[])
ARR 5000200e (sz=20, trace=300000, nelems=10, elem type=char[])
ARR 5000200f (sz=20, trace=300000, nelems=10, elem type=char[])
ARR 50002010 (sz=12, trace=300000, nelems=6, elem type=char[])
ARR 50002011 (sz=18, trace=300000, nelems=9, elem type=char[])
ARR 50002012 (sz=22, trace=300000, nelems=11, elem type=char[])
ARR 50002013 (sz=6, trace=300000, nelems=3, elem type=char[])
ARR 50002014 (sz=10, trace=300000, nelems=5, elem type=char[])
ARR 50002015 (sz=14, trace=300000, nelems=7, elem type=char[])
ARR 50002016 (sz=12, trace=300000, nelems=6, elem type=char[])
ARR 50002017 (sz=4, trace=300000, nelems=2, elem type=char[])
ARR 50002018 (sz=12, trace=300000, nelems=6, elem type=char[])
ARR 50002019 (sz=30, trace=300000, nelems=15, elem type=char[])
ARR 5000201a (sz=20, trace=300000, nelems=10, elem type=char[])
ARR 5000201b (sz=20, trace=300000, nelems=10, elem type=char[])
ARR 5000201c (sz=12, trace=300000, nelems=6, elem type=char[])
ARR 5000201d (sz=18, trace=300000, nelems=9, elem type=char[])
ARR 5000201e (sz=18, trace=300000, nelems=9, elem type=char[])
ARR 5000201f (sz=36, trace=300000, nelems=18, elem type=char[])
ARR 50002020 (sz=6, trace=300000, nelems=3, elem type=char[])
ARR 50002021 (sz=10, trace=300000, nelems=5, elem type=char[])
ARR 50002022 (sz=14, trace=300000, nelems=7, elem type=char[])
ARR 50002023 (sz=12, trace=300000, nelems=6, elem type=char[])
ARR 50002024 (sz=16, trace=300000, nelems=8, elem type=char[])
ARR 50002025 (sz=18, trace=300000, nelems=9, elem type=char[])
ARR 50002026 (sz=30, trace=300000, nelems=15, elem type=char[])
ARR 50002027 (sz=20, trace=300000, nelems=10, elem type=char[])
ARR 50002028 (sz=20, trace=300000, nelems=10, elem type=char[])
ARR 50002029 (sz=12, trace=300000, nelems=6, elem type=char[])
ARR 5000202a (sz=18, trace=300000, nelems=9, elem type=char[])
ARR 5000202b (sz=18, trace=300000, nelems=9, elem type=char[])
ARR 5000202c (sz=10, trace=300000, nelems=5, elem type=char[])
ARR 5000202d (sz=6, trace=300000, nelems=3, elem type=char[])
ARR 5000202e (sz=14, trace=300000, nelems=7, elem type=char[])
ARR 5000202f (sz=12, trace=300000, nelems=6, elem type=char[])
ARR 50002030 (sz=24, trace=300000, nelems=12, elem type=char[])
ARR 50002031 (sz=30, trace=300000, nelems=15, elem type=char[])
ARR 50002032 (sz=12, trace=300000, nelems=6, elem type=char[])
ARR 50002033 (sz=10, trace=300000, nelems=5, elem type=char[])
ARR 50002034 (sz=16, trace=300000, nelems=8, elem type=char[])
ARR 50002035 (sz=16, trace=300000, nelems=8, elem type=char[])
ARR 50002036 (sz=30, trace=300000, nelems=15, elem type=char[])
ARR 50002037 (sz=20, trace=300000, nelems=10, elem type=char[])
ARR 50002038 (sz=20, trace=300000, nelems=10, elem type=char[])
ARR 50002039 (sz=12, trace=300000, nelems=6, elem type=char[])
ARR 5000203a (sz=18, trace=300000, nelems=9, elem type=char[])
ARR 5000203b (sz=22, trace=300000, nelems=11, elem type=char[])
ARR 5000203c (sz=10, trace=300000, nelems=5, elem type=char[])
ARR 5000203d (sz=6, trace=300000, nelems=3, elem type=char[])
ARR 5000203e (sz=14, trace=300000, nelems=7, elem type=char[])
ARR 5000203f (sz=12, trace=300000, nelems=6, elem type=char[])
ARR 50002040 (sz=4, trace=300000, nelems=2, elem type=char[])
ARR 50002041 (sz=12, trace=300000, nelems=6, elem type=char[])
ARR 50002042 (sz=18, trace=300000, nelems=9, elem type=char[])
ARR 50002043 (sz=30, trace=300000, nelems=15, elem type=char[])
ARR 50002044 (sz=20, trace=300000, nelems=10, elem type=char[])
ARR 50002045 (sz=20, trace=300000, nelems=10, elem type=char[])
ARR 50002046 (sz=12, trace=300000, nelems=6, elem type=char[])
ARR 50002047 (sz=18, trace=300000, nelems=9, elem type=char[])
ARR 50002048 (sz=20, trace=300000, nelems=10, elem type=char[])
ARR 50002049 (sz=22, trace=300000, nelems=11, elem type=char[])
ARR 5000204a (sz=14, trace=300000, nelems=7, elem type=char[])
ARR 5000204b (sz=20, trace=300000, nelems=10, elem type=char[])
ARR 5000204c (sz=30, trace=300000, nelems=15, elem type=char[])
ARR 5000204d (sz=22, trace=300000, nelems=11, elem type=char[])
ARR 5000204e (sz=22, trace=300000, nelems=11, elem type=char[])
ARR 5000204f (sz=4, trace=300000, nelems=2, elem type=char[])
ARR 50002050 (sz=12, trace=300000, nelems=6, elem type=char[])
ARR 50002051 (sz=12, trace=300000, nelems=6, elem type=char[])
ARR 50002052 (sz=6, trace=300000, nelems=3, elem type=char[])
ARR 50002053 (sz=10, trace=300000, nelems=5, elem type=char[])
ARR 50002054 (sz=14, trace=300000, nelems=7, elem type=char[])
ARR 50002055 (sz=12, trace=300000, nelems=6, elem type=char[])
ARR 50002056 (sz=20, trace=300000, nelems=10, elem type=char[])
ARR 50002057 (sz=20, trace=300000, nelems=10, elem type=char[])
ARR 50002058 (sz=22, trace=300000, nelems=11, elem type=char[])
ARR 50002059 (sz=14, trace=300000, nelems=7, elem type=char[])
ARR 5000205a (sz=22, trace=300000, nelems=11, elem type=char[])
ARR 5000205b (sz=14, trace=300000, nelems=7, elem type=char[])
ARR 5000205c (sz=8, trace=300000, nelems=4, elem type=char[])
ARR 5000205d (sz=12, trace=300000, nelems=6, elem type=char[])
ARR 5000205e (sz=12, trace=300000, nelems=6, elem type=char[])
ARR 5000205f (sz=12, trace=300000, nelems=6, elem type=char[])
ARR 50002060 (sz=12, trace=300000, nelems=6, elem type=char[])
ARR 50002061 (sz=18, trace=300000, nelems=9, elem type=char[])
ARR 50002062 (sz=12, trace=300000, nelems=6, elem type=char[])
ARR 50002063 (sz=12, trace=300000, nelems=6, elem type=char[])
ARR 50002064 (sz=12, trace=300000, nelems=6, elem type=char[])
ARR 50002065 (sz=12, trace=300000, nelems=6, elem type=char[])
ARR 50002066 (sz=12, trace=300000, nelems=6, elem type=char[])
ARR 50002067 (sz=12, trace=300000, nelems=6, elem type=char[])
ARR 50002068 (sz=12, trace=300000, nelems=6, elem type=char[])
ARR 50002069 (sz=12, trace=300000, nelems=6, elem type=char[])
ARR 5000206a (sz=12, trace=300000, nelems=6, elem type=char[])
ARR 5000206b (sz=12, trace=300000, nelems=6, elem type=char[])
ARR 5000206c (sz=22, trace=300000, nelems=11, elem type=char[])
ARR 5000206d (sz=32, trace=300000, nelems=16, elem type=char[])
ARR 5000206e (sz=6, trace=300000, nelems=3, elem type=char[])
ARR 5000206f (sz=14, trace=300000, nelems=7, elem type=char[])
ARR 50002070 (sz=12, trace=300000, nelems=6, elem type=char[])
ARR 50002071 (sz=10, trace=300000, nelems=5, elem type=char[])
ARR 50002072 (sz=6, trace=300000, nelems=3, elem type=char[])
ARR 50002073 (sz=14, trace=300000, nelems=7, elem type=char[])
ARR 50002074 (sz=12, trace=300000, nelems=6, elem type=char[])
ARR 50002075 (sz=10, trace=300000, nelems=5, elem type=char[])
ARR 50002076 (sz=6, trace=300000, nelems=3, elem type=char[])
ARR 50002077 (sz=14, trace=300000, nelems=7, elem type=char[])
ARR 50002078 (sz=12, trace=300000, nelems=6, elem type=char[])
ARR 50002079 (sz=10, trace=300000, nelems=5, elem type=char[])
ARR 5000207a (sz=38, trace=300000, nelems=19, elem type=char[])
ARR 5000207b (sz=6, trace=300000, nelems=3, elem type=char[])
ARR 5000207c (sz=12, trace=300000, nelems=6, elem type=char[])
ARR 5000207d (sz=14, trace=300000, nelems=7, elem type=char[])
ARR 5000207e (sz=10, trace=300000, nelems=5, elem type=char[])
ARR 5000207f (sz=16, trace=300000, nelems=8, elem type=char[])
ARR 50002080 (sz=6, trace=300000, nelems=3, elem type=char[])
ARR 50002081 (sz=14, trace=300000, nelems=7, elem type=char[])
ARR 50002082 (sz=12, trace=300000, nelems=6, elem type=char[])
ARR 50002083 (sz=10, trace=300000, nelems=5, elem type=char[])
ARR 50002084 (sz=16, trace=300000, nelems=8, elem type=char[])
ARR 50002085 (sz=6, trace=300000, nelems=3, elem type=char[])
ARR 50002086 (sz=12, trace=300000, nelems=6, elem type=char[])
ARR 50002087 (sz=14, trace=300000, nelems=7, elem type=char[])
ARR 50002088 (sz=10, trace=300000, nelems=5, elem type=char[])
ARR 50002089 (sz=16, trace=300000, nelems=8, elem type=char[])
ARR 5000208a (sz=6, trace=300000, nelems=3, elem type=char[])
ARR 5000208b (sz=14, trace=300000, nelems=7, elem type=char[])
ARR 5000208c (sz=12, trace=300000, nelems=6, elem type=char[])
ARR 5000208d (sz=10, trace=300000, nelems=5, elem type=char[])
ARR 5000208e (sz=48, trace=300000, nelems=24, elem type=char[])
ARR 5000208f (sz=6, trace=300000, nelems=3, elem type=char[])
ARR 50002090 (sz=14, trace=300000, nelems=7, elem type=char[])
ARR 50002091 (sz=20, trace=300000, nelems=10, elem type=char[])
ARR 50002092 (sz=10, trace=300000, nelems=5, elem type=char[])
ARR 50002093 (sz=36, trace=300000, nelems=18, elem type=char[])
ARR 50002094 (sz=16, trace=300000, nelems=8, elem type=char[])
ARR 50002095 (sz=6, trace=300000, nelems=3, elem type=char[])
ARR 50002096 (sz=14, trace=300000, nelems=7, elem type=char[])
ARR 50002097 (sz=12, trace=300000, nelems=6, elem type=char[])
ARR 50002098 (sz=10, trace=300000, nelems=5, elem type=char[])
ARR 50002099 (sz=16, trace=300000, nelems=8, elem type=char[])
ARR 5000209a (sz=6, trace=300000, nelems=3, elem type=char[])
ARR 5000209b (sz=14, trace=300000, nelems=7, elem type=char[])
ARR 5000209c (sz=12, trace=300000, nelems=6, elem type=char[])
ARR 5000209d (sz=10, trace=300000, nelems=5, elem type=char[])
ARR 5000209e (sz=6, trace=300000, nelems=3, elem type=char[])
ARR 5000209f (sz=14, trace=300000, nelems=7, elem type=char[])
ARR 500020a0 (sz=12, trace=300000, nelems=6, elem type=char[])
ARR 500020a1 (sz=10, trace=300000, nelems=5, elem type=char[])
OBJ 500020a2 (sz=24, trace=300000, class=java.lang.String@50000181)
	value		5000211b
OBJ 500020a3 (sz=24, trace=300000, class=java.lang.String@50000181)
	value		5000211a
OBJ 500020a4 (sz=24, trace=300000, class=java.lang.String@50000181)
	value		50002119
OBJ 500020a5 (sz=24, trace=300000, class=java.lang.String@50000181)
	value		50002118
OBJ 500020a6 (sz=24, trace=300000, class=java.lang.String@50000181)
	value		50002117
OBJ 500020a7 (sz=24, trace=300000, class=java.lang.String@50000181)
	value		50002116
OBJ 500020a8 (sz=24, trace=300000, class=java.lang.String@50000181)
	value		50002115
OBJ 500020a9 (sz=24, trace=300000, class=java.lang.String@50000181)
	value		50002114
OBJ 500020aa (sz=24, trace=300000, class=java.lang.String@50000181)
	value		50002113
OBJ 500020ab (sz=24, trace=300000, class=java.lang.String@50000181)
	value		50002112
OBJ 500020ac (sz=24, trace=300000, class=java.lang.String@50000181)
	value		50002111
OBJ 500020ad (sz=24, trace=300000, class=java.lang.String@50000181)
	value		50002110
OBJ 500020ae (sz=24, trace=300000, class=java.lang.String@50000181)
	value		5000210f
OBJ 500020af (sz=24, trace=300000, class=java.lang.String@50000181)
	value		5000210e
OBJ 500020b0 (sz=24, trace=300000, class=java.lang.String@50000181)
	value		5000210d
OBJ 500020b1 (sz=24, trace=300000, class=java.lang.String@50000181)
	value		5000210c
OBJ 500020b2 (sz=24, trace=300000, class=java.lang.String@50000181)
	value		5000210b
OBJ 500020b3 (sz=24, trace=300000, class=java.lang.String@50000181)
	value		5000210a
OBJ 500020b4 (sz=24, trace=300000, class=java.lang.String@50000181)
	value		50002109
OBJ 500020b5 (sz=24, trace=300000, class=java.lang.String@50000181)
	value		50002108
OBJ 500020b6 (sz=24, trace=300000, class=java.lang.String@50000181)
	value		50002107
OBJ 500020b7 (sz=24, trace=300000, class=java.lang.String@50000181)
	value		50002106
OBJ 500020b8 (sz=24, trace=300000, class=java.lang.String@50000181)
	value		50002105
OBJ 500020b9 (sz=24, trace=300000, class=java.lang.String@50000181)
	value		50002104
OBJ 500020ba (sz=24, trace=300000, class=java.lang.String@50000181)
	value		50002103
OBJ 500020bb (sz=24, trace=300000, class=java.lang.String@50000181)
	value		50002102
OBJ 500020bc (sz=24, trace=300000, class=java.lang.String@50000181)
	value		50002101
OBJ 500020bd (sz=24, trace=300000, class=java.lang.String@50000181)
	value		50002100
OBJ 500020be (sz=24, trace=300000, class=java.lang.String@50000181)
	value		500020ff
OBJ 500020bf (sz=24, trace=300000, class=java.lang.String@50000181)
	value		500020fe
OBJ 500020c0 (sz=24, trace=300000, class=java.lang.String@50000181)
	value		500020fd
OBJ 500020c1 (sz=24, trace=300000, class=java.lang.String@50000181)
	value		500020fc
OBJ 500020c2 (sz=24, trace=300000, class=java.lang.String@50000181)
	value		500020fb
OBJ 500020c3 (sz=24, trace=300000, class=java.lang.String@50000181)
	value		500020fa
OBJ 500020c4 (sz=24, trace=300000, class=java.lang.String@50000181)
	value		500020f9
OBJ 500020c5 (sz=24, trace=300000, class=java.lang.String@50000181)
	value		500020f8
OBJ 500020c6 (sz=24, trace=300000, class=java.lang.String@50000181)
	value		500020f7
OBJ 500020c7 (sz=24, trace=300000, class=java.lang.String@50000181)
	value		500020f6
OBJ 500020c8 (sz=24, trace=300000, class=java.lang.String@50000181)
	value		500020f5
OBJ 500020c9 (sz=24, trace=300000, class=java.lang.String@50000181)
	value		500020f4
OBJ 500020ca (sz=24, trace=300000, class=java.lang.String@50000181)
	value		500020f3
OBJ 500020cb (sz=24, trace=300000, class=java.lang.String@50000181)
	value		500020f2
OBJ 500020cc (sz=24, trace=300000, class=java.lang.String@50000181)
	value		500020f1
OBJ 500020cd (sz=24, trace=300000, class=java.lang.String@50000181)
	value		500020f0
OBJ 500020ce (sz=24, trace=300000, class=java.lang.String@50000181)
	value		500020ef
OBJ 500020cf (sz=24, trace=300000, class=java.lang.String@50000181)
	value		500020ee
OBJ 500020d0 (sz=24, trace=300000, class=java.lang.String@50000181)
	value		500020ed
OBJ 500020d1 (sz=24, trace=300000, class=java.lang.String@50000181)
	value		500020ec
OBJ 500020d2 (sz=24, trace=300000, class=java.lang.String@50000181)
	value		500020eb
OBJ 500020d3 (sz=24, trace=300000, class=java.lang.String@50000181)
	value		500020ea
OBJ 500020d4 (sz=24, trace=300000, class=java.lang.String@50000181)
	value		500020e9
OBJ 500020d5 (sz=24, trace=300000, class=java.lang.String@50000181)
	value		500020e8
OBJ 500020d6 (sz=24, trace=300000, class=java.lang.String@50000181)
	value		500020e7
OBJ 500020d7 (sz=24, trace=300000, class=java.lang.String@50000181)
	value		500020e6
OBJ 500020d8 (sz=24, trace=300000, class=java.lang.String@50000181)
	value		500020e5
OBJ 500020d9 (sz=24, trace=300000, class=java.lang.String@50000181)
	value		500020e4
OBJ 500020da (sz=24, trace=300000, class=java.lang.String@50000181)
	value		500020e3
OBJ 500020db (sz=24, trace=300000, class=java.lang.String@50000181)
	value		500020e2
OBJ 500020dc (sz=24, trace=300000, class=java.lang.String@50000181)
	value		500020e1
OBJ 500020dd (sz=24, trace=300000, class=java.lang.String@50000181)
	value		500020e0
OBJ 500020de (sz=24, trace=300000, class=java.lang.String@50000181)
	value		500020df
ARR 500020df (sz=28, trace=300000, nelems=14, elem type=char[])
ARR 500020e0 (sz=28, trace=300000, nelems=14, elem type=char[])
ARR 500020e1 (sz=28, trace=300000, nelems=14, elem type=char[])
ARR 500020e2 (sz=16, trace=300000, nelems=8, elem type=char[])
ARR 500020e3 (sz=16, trace=300000, nelems=8, elem type=char[])
ARR 500020e4 (sz=24, trace=300000, nelems=12, elem type=char[])
ARR 500020e5 (sz=24, trace=300000, nelems=12, elem type=char[])
ARR 500020e6 (sz=24, trace=300000, nelems=12, elem type=char[])
ARR 500020e7 (sz=24, trace=300000, nelems=12, elem type=char[])
ARR 500020e8 (sz=24, trace=300000, nelems=12, elem type=char[])
ARR 500020e9 (sz=24, trace=300000, nelems=12, elem type=char[])
ARR 500020ea (sz=10, trace=300000, nelems=5, elem type=char[])
ARR 500020eb (sz=16, trace=300000, nelems=8, elem type=char[])
ARR 500020ec (sz=16, trace=300000, nelems=8, elem type=char[])
ARR 500020ed (sz=12, trace=300000, nelems=6, elem type=char[])
ARR 500020ee (sz=16, trace=300000, nelems=8, elem type=char[])
ARR 500020ef (sz=16, trace=300000, nelems=8, elem type=char[])
ARR 500020f0 (sz=12, trace=300000, nelems=6, elem type=char[])
ARR 500020f1 (sz=16, trace=300000, nelems=8, elem type=char[])
ARR 500020f2 (sz=12, trace=300000, nelems=6, elem type=char[])
ARR 500020f3 (sz=12, trace=300000, nelems=6, elem type=char[])
ARR 500020f4 (sz=20, trace=300000, nelems=10, elem type=char[])
ARR 500020f5 (sz=20, trace=300000, nelems=10, elem type=char[])
ARR 500020f6 (sz=20, trace=300000, nelems=10, elem type=char[])
ARR 500020f7 (sz=20, trace=300000, nelems=10, elem type=char[])
ARR 500020f8 (sz=20, trace=300000, nelems=10, elem type=char[])
ARR 500020f9 (sz=22, trace=300000, nelems=11, elem type=char[])
ARR 500020fa (sz=22, trace=300000, nelems=11, elem type=char[])
ARR 500020fb (sz=20, trace=300000, nelems=10, elem type=char[])
ARR 500020fc (sz=16, trace=300000, nelems=8, elem type=char[])
ARR 500020fd (sz=12, trace=300000, nelems=6, elem type=char[])
ARR 500020fe (sz=10, trace=300000, nelems=5, elem type=char[])
ARR 500020ff (sz=24, trace=300000, nelems=12, elem type=char[])
ARR 50002100 (sz=16, trace=300000, nelems=8, elem type=char[])
ARR 50002101 (sz=12, trace=300000, nelems=6, elem type=char[])
ARR 50002102 (sz=12, trace=300000, nelems=6, elem type=char[])
ARR 50002103 (sz=12, trace=300000, nelems=6, elem type=char[])
ARR 50002104 (sz=12, trace=300000, nelems=6, elem type=char[])
ARR 50002105 (sz=12, trace=300000, nelems=6, elem type=char[])
ARR 50002106 (sz=12, trace=300000, nelems=6, elem type=char[])
ARR 50002107 (sz=12, trace=300000, nelems=6, elem type=char[])
ARR 50002108 (sz=12, trace=300000, nelems=6, elem type=char[])
ARR 50002109 (sz=20, trace=300000, nelems=10, elem type=char[])
ARR 5000210a (sz=20, trace=300000, nelems=10, elem type=char[])
ARR 5000210b (sz=20, trace=300000, nelems=10, elem type=char[])
ARR 5000210c (sz=20, trace=300000, nelems=10, elem type=char[])
ARR 5000210d (sz=20, trace=300000, nelems=10, elem type=char[])
ARR 5000210e (sz=22, trace=300000, nelems=11, elem type=char[])
ARR 5000210f (sz=22, trace=300000, nelems=11, elem type=char[])
ARR 50002110 (sz=12, trace=300000, nelems=6, elem type=char[])
ARR 50002111 (sz=12, trace=300000, nelems=6, elem type=char[])
ARR 50002112 (sz=12, trace=300000, nelems=6, elem type=char[])
ARR 50002113 (sz=12, trace=300000, nelems=6, elem type=char[])
ARR 50002114 (sz=12, trace=300000, nelems=6, elem type=char[])
ARR 50002115 (sz=12, trace=300000, nelems=6, elem type=char[])
ARR 50002116 (sz=12, trace=300000, nelems=6, elem type=char[])
ARR 50002117 (sz=12, trace=300000, nelems=6, elem type=char[])
ARR 50002118 (sz=12, trace=300000, nelems=6, elem type=char[])
ARR 50002119 (sz=12, trace=300000, nelems=6, elem type=char[])
ARR 5000211a (sz=12, trace=300000, nelems=6, elem type=char[])
ARR 5000211b (sz=12, trace=300000, nelems=6, elem type=char[])
OBJ 5000211c (sz=24, trace=300000, class=java.lang.String@50000181)
	value		500021b1
OBJ 5000211d (sz=24, trace=300000, class=java.lang.String@50000181)
	value		500021b0
OBJ 5000211e (sz=24, trace=300000, class=java.lang.String@50000181)
	value		500021af
OBJ 5000211f (sz=24, trace=300000, class=java.lang.String@50000181)
	value		500021ae
OBJ 50002120 (sz=24, trace=300000, class=java.lang.String@50000181)
	value		500021ad
OBJ 50002121 (sz=24, trace=300000, class=java.lang.String@50000181)
	value		500021ac
OBJ 50002122 (sz=24, trace=300000, class=java.lang.String@50000181)
	value		500021ab
OBJ 50002123 (sz=24, trace=300000, class=java.lang.String@50000181)
	value		500021aa
OBJ 50002124 (sz=24, trace=300000, class=java.lang.String@50000181)
	value		500021a9
OBJ 50002125 (sz=24, trace=300000, class=java.lang.String@50000181)
	value		500021a8
OBJ 50002126 (sz=24, trace=300000, class=java.lang.String@50000181)
	value		500021a7
OBJ 50002127 (sz=24, trace=300000, class=java.lang.String@50000181)
	value		500021a6
OBJ 50002128 (sz=24, trace=300000, class=java.lang.String@50000181)
	value		500021a5
OBJ 50002129 (sz=24, trace=300000, class=java.lang.String@50000181)
	value		500021a4
OBJ 5000212a (sz=24, trace=300000, class=java.lang.String@50000181)
	value		500021a3
OBJ 5000212b (sz=24, trace=300000, class=java.lang.String@50000181)
	value		500021a2
OBJ 5000212c (sz=24, trace=300000, class=java.lang.String@50000181)
	value		500021a1
OBJ 5000212d (sz=24, trace=300000, class=java.lang.String@50000181)
	value		500021a0
OBJ 5000212e (sz=24, trace=300000, class=java.lang.String@50000181)
	value		5000219f
OBJ 5000212f (sz=24, trace=300000, class=java.lang.String@50000181)
	value		5000219e
OBJ 50002130 (sz=24, trace=300000, class=java.lang.String@50000181)
	value		5000219d
OBJ 50002131 (sz=24, trace=300000, class=java.lang.String@50000181)
	value		5000219c
OBJ 50002132 (sz=24, trace=300000, class=java.lang.String@50000181)
	value		5000219b
OBJ 50002133 (sz=24, trace=300000, class=java.lang.String@50000181)
	value		5000219a
OBJ 50002134 (sz=24, trace=300000, class=java.lang.String@50000181)
	value		50002199
OBJ 50002135 (sz=24, trace=300000, class=java.lang.String@50000181)
	value		50002198
OBJ 50002136 (sz=24, trace=300000, class=java.lang.String@50000181)
	value		50002197
OBJ 50002137 (sz=24, trace=300000, class=java.lang.String@50000181)
	value		50002196
OBJ 50002138 (sz=24, trace=300000, class=java.lang.String@50000181)
	value		50002195
OBJ 50002139 (sz=24, trace=300000, class=java.lang.String@50000181)
	value		50002194
OBJ 5000213a (sz=24, trace=300000, class=java.lang.String@50000181)
	value		50002193
OBJ 5000213b (sz=24, trace=300000, class=java.lang.String@50000181)
	value		50002192
OBJ 5000213c (sz=24, trace=300000, class=java.lang.String@50000181)
	value		50002191
OBJ 5000213d (sz=24, trace=300000, class=java.lang.String@50000181)
	value		50002190
OBJ 5000213e (sz=24, trace=300000, class=java.lang.String@50000181)
	value		5000218f
OBJ 5000213f (sz=24, trace=300000, class=java.lang.String@50000181)
	value		5000218e
OBJ 50002140 (sz=24, trace=300000, class=java.lang.String@50000181)
	value		5000218d
OBJ 50002141 (sz=24, trace=300000, class=java.lang.String@50000181)
	value		5000218c
OBJ 50002142 (sz=24, trace=300000, class=java.lang.String@50000181)
	value		5000218b
OBJ 50002143 (sz=24, trace=300000, class=java.lang.String@50000181)
	value		5000218a
OBJ 50002144 (sz=24, trace=300000, class=java.lang.String@50000181)
	value		50002189
OBJ 50002145 (sz=24, trace=300000, class=java.lang.String@50000181)
	value		50002188
OBJ 50002146 (sz=24, trace=300000, class=java.lang.String@50000181)
	value		50002187
OBJ 50002147 (sz=24, trace=300000, class=java.lang.String@50000181)
	value		50002186
OBJ 50002148 (sz=24, trace=300000, class=java.lang.String@50000181)
	value		50002185
OBJ 50002149 (sz=24, trace=300000, class=java.lang.String@50000181)
	value		50002184
OBJ 5000214a (sz=24, trace=300000, class=java.lang.String@50000181)
	value		50002183
OBJ 5000214b (sz=24, trace=300000, class=java.lang.String@50000181)
	value		50002182
OBJ 5000214c (sz=24, trace=300000, class=java.lang.String@50000181)
	value		50002181
OBJ 5000214d (sz=24, trace=300000, class=java.lang.String@50000181)
	value		50002180
OBJ 5000214e (sz=24, trace=300000, class=java.lang.String@50000181)
	value		5000217f
OBJ 5000214f (sz=24, trace=300000, class=java.lang.String@50000181)
	value		5000217e
OBJ 50002150 (sz=24, trace=300000, class=java.lang.String@50000181)
	value		5000217d
OBJ 50002151 (sz=24, trace=300000, class=java.lang.String@50000181)
	value		5000217c
OBJ 50002152 (sz=24, trace=300000, class=java.lang.String@50000181)
	value		5000217b
OBJ 50002153 (sz=24, trace=300000, class=java.lang.String@50000181)
	value		5000217a
OBJ 50002154 (sz=24, trace=300000, class=java.lang.String@50000181)
	value		50002179
OBJ 50002155 (sz=24, trace=300000, class=java.lang.String@50000181)
	value		50002178
OBJ 50002156 (sz=24, trace=300000, class=java.lang.String@50000181)
	value		50002177
OBJ 50002157 (sz=24, trace=300000, class=java.lang.String@50000181)
	value		50002176
OBJ 50002158 (sz=24, trace=300000, class=java.lang.String@50000181)
	value		50002175
OBJ 50002159 (sz=24, trace=300000, class=java.lang.String@50000181)
	value		50002174
OBJ 5000215a (sz=24, trace=300000, class=java.lang.String@50000181)
	value		50002173
OBJ 5000215b (sz=24, trace=300000, class=java.lang.String@50000181)
	value		50002172
OBJ 5000215c (sz=24, trace=300000, class=java.lang.String@50000181)
	value		50002171
OBJ 5000215d (sz=24, trace=300000, class=java.lang.String@50000181)
	value		50002170
OBJ 5000215e (sz=24, trace=300000, class=java.lang.String@50000181)
	value		5000216f
OBJ 5000215f (sz=24, trace=300000, class=java.lang.String@50000181)
	value		5000216e
OBJ 50002160 (sz=24, trace=300000, class=java.lang.String@50000181)
	value		5000216d
OBJ 50002161 (sz=24, trace=300000, class=java.lang.String@50000181)
	value		5000216c
OBJ 50002162 (sz=24, trace=300000, class=java.lang.String@50000181)
	value		5000216b
OBJ 50002163 (sz=24, trace=300000, class=java.lang.String@50000181)
	value		5000216a
OBJ 50002164 (sz=24, trace=300000, class=java.lang.String@50000181)
	value		50002169
OBJ 50002165 (sz=24, trace=300000, class=java.lang.String@50000181)
	value		50002168
OBJ 50002166 (sz=24, trace=300000, class=java.lang.String@50000181)
	value		50002167
ARR 50002167 (sz=20, trace=300000, nelems=10, elem type=char[])
ARR 50002168 (sz=20, trace=300000, nelems=10, elem type=char[])
ARR 50002169 (sz=20, trace=300000, nelems=10, elem type=char[])
ARR 5000216a (sz=20, trace=300000, nelems=10, elem type=char[])
ARR 5000216b (sz=24, trace=300000, nelems=12, elem type=char[])
ARR 5000216c (sz=16, trace=300000, nelems=8, elem type=char[])
ARR 5000216d (sz=24, trace=300000, nelems=12, elem type=char[])
ARR 5000216e (sz=16, trace=300000, nelems=8, elem type=char[])
ARR 5000216f (sz=12, trace=300000, nelems=6, elem type=char[])
ARR 50002170 (sz=16, trace=300000, nelems=8, elem type=char[])
ARR 50002171 (sz=16, trace=300000, nelems=8, elem type=char[])
ARR 50002172 (sz=12, trace=300000, nelems=6, elem type=char[])
ARR 50002173 (sz=8, trace=300000, nelems=4, elem type=char[])
ARR 50002174 (sz=10, trace=300000, nelems=5, elem type=char[])
ARR 50002175 (sz=24, trace=300000, nelems=12, elem type=char[])
ARR 50002176 (sz=24, trace=300000, nelems=12, elem type=char[])
ARR 50002177 (sz=42, trace=300000, nelems=21, elem type=char[])
ARR 50002178 (sz=26, trace=300000, nelems=13, elem type=char[])
ARR 50002179 (sz=36, trace=300000, nelems=18, elem type=char[])
ARR 5000217a (sz=20, trace=300000, nelems=10, elem type=char[])
ARR 5000217b (sz=48, trace=300000, nelems=24, elem type=char[])
ARR 5000217c (sz=12, trace=300000, nelems=6, elem type=char[])
ARR 5000217d (sz=12, trace=300000, nelems=6, elem type=char[])
ARR 5000217e (sz=4, trace=300000, nelems=2, elem type=char[])
ARR 5000217f (sz=20, trace=300000, nelems=10, elem type=char[])
ARR 50002180 (sz=30, trace=300000, nelems=15, elem type=char[])
ARR 50002181 (sz=20, trace=300000, nelems=10, elem type=char[])
ARR 50002182 (sz=30, trace=300000, nelems=15, elem type=char[])
ARR 50002183 (sz=20, trace=300000, nelems=10, elem type=char[])
ARR 50002184 (sz=30, trace=300000, nelems=15, elem type=char[])
ARR 50002185 (sz=20, trace=300000, nelems=10, elem type=char[])
ARR 50002186 (sz=30, trace=300000, nelems=15, elem type=char[])
ARR 50002187 (sz=20, trace=300000, nelems=10, elem type=char[])
ARR 50002188 (sz=30, trace=300000, nelems=15, elem type=char[])
ARR 50002189 (sz=20, trace=300000, nelems=10, elem type=char[])
ARR 5000218a (sz=30, trace=300000, nelems=15, elem type=char[])
ARR 5000218b (sz=22, trace=300000, nelems=11, elem type=char[])
ARR 5000218c (sz=20, trace=300000, nelems=10, elem type=char[])
ARR 5000218d (sz=32, trace=300000, nelems=16, elem type=char[])
ARR 5000218e (sz=30, trace=300000, nelems=15, elem type=char[])
ARR 5000218f (sz=20, trace=300000, nelems=10, elem type=char[])
ARR 50002190 (sz=18, trace=300000, nelems=9, elem type=char[])
ARR 50002191 (sz=18, trace=300000, nelems=9, elem type=char[])
ARR 50002192 (sz=18, trace=300000, nelems=9, elem type=char[])
ARR 50002193 (sz=18, trace=300000, nelems=9, elem type=char[])
ARR 50002194 (sz=20, trace=300000, nelems=10, elem type=char[])
ARR 50002195 (sz=20, trace=300000, nelems=10, elem type=char[])
ARR 50002196 (sz=18, trace=300000, nelems=9, elem type=char[])
ARR 50002197 (sz=18, trace=300000, nelems=9, elem type=char[])
ARR 50002198 (sz=30, trace=300000, nelems=15, elem type=char[])
ARR 50002199 (sz=12, trace=300000, nelems=6, elem type=char[])
ARR 5000219a (sz=12, trace=300000, nelems=6, elem type=char[])
ARR 5000219b (sz=12, trace=300000, nelems=6, elem type=char[])
ARR 5000219c (sz=14, trace=300000, nelems=7, elem type=char[])
ARR 5000219d (sz=14, trace=300000, nelems=7, elem type=char[])
ARR 5000219e (sz=16, trace=300000, nelems=8, elem type=char[])
ARR 5000219f (sz=16, trace=300000, nelems=8, elem type=char[])
ARR 500021a0 (sz=16, trace=300000, nelems=8, elem type=char[])
ARR 500021a1 (sz=30, trace=300000, nelems=15, elem type=char[])
ARR 500021a2 (sz=36, trace=300000, nelems=18, elem type=char[])
ARR 500021a3 (sz=22, trace=300000, nelems=11, elem type=char[])
ARR 500021a4 (sz=22, trace=300000, nelems=11, elem type=char[])
ARR 500021a5 (sz=22, trace=300000, nelems=11, elem type=char[])
ARR 500021a6 (sz=22, trace=300000, nelems=11, elem type=char[])
ARR 500021a7 (sz=22, trace=300000, nelems=11, elem type=char[])
ARR 500021a8 (sz=22, trace=300000, nelems=11, elem type=char[])
ARR 500021a9 (sz=16, trace=300000, nelems=8, elem type=char[])
ARR 500021aa (sz=16, trace=300000, nelems=8, elem type=char[])
ARR 500021ab (sz=16, trace=300000, nelems=8, elem type=char[])
ARR 500021ac (sz=16, trace=300000, nelems=8, elem type=char[])
ARR 500021ad (sz=14, trace=300000, nelems=7, elem type=char[])
ARR 500021ae (sz=10, trace=300000, nelems=5, elem type=char[])
ARR 500021af (sz=10, trace=300000, nelems=5, elem type=char[])
ARR 500021b0 (sz=28, trace=300000, nelems=14, elem type=char[])
ARR 500021b1 (sz=28, trace=300000, nelems=14, elem type=char[])
OBJ 500021b2 (sz=24, trace=300000, class=java.lang.String@50000181)
	value		500022fb
OBJ 500021b3 (sz=24, trace=300000, class=java.lang.String@50000181)
	value		50002e8e
OBJ 500021b4 (sz=24, trace=300000, class=java.lang.String@50000181)
	value		50002e8d
OBJ 500021b5 (sz=24, trace=300000, class=sun.nio.cs.ext.GBK@500000a4)
	name		50002309
	aliases		50002308
OBJ 500021b6 (sz=16, trace=300000, class=java.lang.ThreadLocal@500000c7)
OBJ 500021b7 (sz=32, trace=300000, class=sun.nio.cs.StandardCharsets@500000cc)
	classMap	500021ba
	aliasMap	500021b9
	cache		500021b8
	packagePrefix	50001fae
OBJ 500021b8 (sz=40, trace=300000, class=sun.nio.cs.StandardCharsets$Cache@500000c8)
	ht		500022b7
OBJ 500021b9 (sz=40, trace=300000, class=sun.nio.cs.StandardCharsets$Aliases@500000ca)
	ht		500021e3
OBJ 500021ba (sz=40, trace=300000, class=sun.nio.cs.StandardCharsets$Classes@500000c9)
	ht		500021bb
ARR 500021bb (sz=144, trace=300000, nelems=32, elem type=java.lang.Object[]@5000011b)
	[0]		500021bc
	[2]		500021bd
	[3]		500021be
	[4]		500021bf
	[5]		500021c0
	[6]		500021c1
	[7]		500021c2
	[8]		500021c3
	[9]		500021c4
	[10]		500021c5
	[11]		500021c6
	[12]		500021c7
	[14]		500021c8
	[15]		500021c9
	[16]		500021ca
	[17]		500021cb
	[18]		500021cc
	[19]		500021cd
	[22]		500021ce
	[23]		500021cf
	[24]		500021d0
	[28]		500021d1
	[29]		500021d2
	[31]		500021d3
ARR 500021bc (sz=24, trace=300000, nelems=2, elem type=java.lang.Object[]@5000011b)
	[0]		50001f8e
	[1]		500020ab
ARR 500021bd (sz=32, trace=300000, nelems=3, elem type=java.lang.Object[]@5000011b)
	[0]		50001f8f
	[1]		500020ac
	[2]		500021e1
ARR 500021be (sz=32, trace=300000, nelems=3, elem type=java.lang.Object[]@5000011b)
	[0]		500020d5
	[1]		500020b8
	[2]		500021e0
ARR 500021bf (sz=32, trace=300000, nelems=3, elem type=java.lang.Object[]@5000011b)
	[0]		500020d7
	[1]		500020ba
	[2]		500021de
ARR 500021c0 (sz=32, trace=300000, nelems=3, elem type=java.lang.Object[]@5000011b)
	[0]		500020d8
	[1]		500020bb
	[2]		500021dd
ARR 500021c1 (sz=24, trace=300000, nelems=2, elem type=java.lang.Object[]@5000011b)
	[0]		500020d9
	[1]		500020bc
ARR 500021c2 (sz=24, trace=300000, nelems=2, elem type=java.lang.Object[]@5000011b)
	[0]		500020ce
	[1]		50001f33
ARR 500021c3 (sz=32, trace=300000, nelems=3, elem type=java.lang.Object[]@5000011b)
	[0]		500020c5
	[1]		500020b0
	[2]		500021dc
ARR 500021c4 (sz=32, trace=300000, nelems=3, elem type=java.lang.Object[]@5000011b)
	[0]		500020c6
	[1]		500020b1
	[2]		500021db
ARR 500021c5 (sz=24, trace=300000, nelems=2, elem type=java.lang.Object[]@5000011b)
	[0]		500020c7
	[1]		500020b2
ARR 500021c6 (sz=32, trace=300000, nelems=3, elem type=java.lang.Object[]@5000011b)
	[0]		500020db
	[1]		500020ad
	[2]		500021da
ARR 500021c7 (sz=24, trace=300000, nelems=2, elem type=java.lang.Object[]@5000011b)
	[0]		500020c9
	[1]		500020b4
ARR 500021c8 (sz=24, trace=300000, nelems=2, elem type=java.lang.Object[]@5000011b)
	[0]		500020da
	[1]		500020a4
ARR 500021c9 (sz=24, trace=300000, nelems=2, elem type=java.lang.Object[]@5000011b)
	[0]		50001f8a
	[1]		500020a6
ARR 500021ca (sz=32, trace=300000, nelems=3, elem type=java.lang.Object[]@5000011b)
	[0]		50001f8b
	[1]		500020a7
	[2]		500021d9
ARR 500021cb (sz=32, trace=300000, nelems=3, elem type=java.lang.Object[]@5000011b)
	[0]		500020c3
	[1]		500020ae
	[2]		500021d8
ARR 500021cc (sz=32, trace=300000, nelems=3, elem type=java.lang.Object[]@5000011b)
	[0]		50001f8c
	[1]		500020a8
	[2]		500021d6
ARR 500021cd (sz=32, trace=300000, nelems=3, elem type=java.lang.Object[]@5000011b)
	[0]		500020c1
	[1]		500020aa
	[2]		500021d4
ARR 500021ce (sz=24, trace=300000, nelems=2, elem type=java.lang.Object[]@5000011b)
	[0]		500020dc
	[1]		500020be
ARR 500021cf (sz=24, trace=300000, nelems=2, elem type=java.lang.Object[]@5000011b)
	[0]		500020c0
	[1]		500020a2
ARR 500021d0 (sz=24, trace=300000, nelems=2, elem type=java.lang.Object[]@5000011b)
	[0]		500020dd
	[1]		50001f37
ARR 500021d1 (sz=24, trace=300000, nelems=2, elem type=java.lang.Object[]@5000011b)
	[0]		500020ca
	[1]		500020b5
ARR 500021d2 (sz=24, trace=300000, nelems=2, elem type=java.lang.Object[]@5000011b)
	[0]		500020cb
	[1]		500020b6
ARR 500021d3 (sz=24, trace=300000, nelems=2, elem type=java.lang.Object[]@5000011b)
	[0]		500020d2
	[1]		50001f38
ARR 500021d4 (sz=32, trace=300000, nelems=3, elem type=java.lang.Object[]@5000011b)
	[0]		50001f8d
	[1]		500020a9
	[2]		500021d5
ARR 500021d5 (sz=24, trace=300000, nelems=2, elem type=java.lang.Object[]@5000011b)
	[0]		500020de
	[1]		50001f39
ARR 500021d6 (sz=32, trace=300000, nelems=3, elem type=java.lang.Object[]@5000011b)
	[0]		50001f86
	[1]		500020a3
	[2]		500021d7
ARR 500021d7 (sz=24, trace=300000, nelems=2, elem type=java.lang.Object[]@5000011b)
	[0]		500020c4
	[1]		500020af
ARR 500021d8 (sz=24, trace=300000, nelems=2, elem type=java.lang.Object[]@5000011b)
	[0]		500020cc
	[1]		500020bd
ARR 500021d9 (sz=24, trace=300000, nelems=2, elem type=java.lang.Object[]@5000011b)
	[0]		50001f88
	[1]		500020a5
ARR 500021da (sz=24, trace=300000, nelems=2, elem type=java.lang.Object[]@5000011b)
	[0]		500020c8
	[1]		500020b3
ARR 500021db (sz=24, trace=300000, nelems=2, elem type=java.lang.Object[]@5000011b)
	[0]		500020d3
	[1]		500020bf
ARR 500021dc (sz=24, trace=300000, nelems=2, elem type=java.lang.Object[]@5000011b)
	[0]		500020c2
	[1]		50001f29
ARR 500021dd (sz=24, trace=300000, nelems=2, elem type=java.lang.Object[]@5000011b)
	[0]		500020cd
	[1]		50001f32
ARR 500021de (sz=32, trace=300000, nelems=3, elem type=java.lang.Object[]@5000011b)
	[0]		500020d6
	[1]		500020b9
	[2]		500021df
ARR 500021df (sz=24, trace=300000, nelems=2, elem type=java.lang.Object[]@5000011b)
	[0]		500020d1
	[1]		50001f36
ARR 500021e0 (sz=24, trace=300000, nelems=2, elem type=java.lang.Object[]@5000011b)
	[0]		500020d4
	[1]		500020b7
ARR 500021e1 (sz=32, trace=300000, nelems=3, elem type=java.lang.Object[]@5000011b)
	[0]		500020d0
	[1]		50001f35
	[2]		500021e2
ARR 500021e2 (sz=24, trace=300000, nelems=2, elem type=java.lang.Object[]@5000011b)
	[0]		500020cf
	[1]		50001f34
ARR 500021e3 (sz=4112, trace=300000, nelems=1016, elem type=java.lang.Object[]@5000011b)
	[1]		500021e4
	[2]		500021e5
	[3]		500021e6
	[5]		500021e7
	[6]		500021e8
	[10]		500021e9
	[19]		500021ea
	[24]		500021eb
	[25]		500021ec
	[26]		500021ed
	[28]		500021ee
	[29]		500021ef
	[55]		500021f0
	[58]		500021f1
	[86]		500021f2
	[87]		500021f3
	[89]		500021f4
	[90]		500021f5
	[92]		500021f6
	[94]		500021f7
	[95]		500021f8
	[96]		500021f9
	[106]		500021fa
	[121]		500021fb
	[125]		500021fc
	[134]		500021fd
	[137]		500021fe
	[141]		500021ff
	[143]		50002200
	[144]		50002201
	[170]		50002202
	[173]		50002203
	[177]		50002204
	[192]		50002205
	[199]		50002206
	[205]		50002207
	[211]		50002208
	[213]		50002209
	[216]		5000220a
	[218]		5000220b
	[219]		5000220c
	[225]		5000220d
	[244]		5000220e
	[248]		5000220f
	[253]		50002210
	[254]		50002211
	[259]		50002212
	[269]		50002213
	[277]		50002214
	[280]		50002215
	[283]		50002216
	[284]		50002217
	[286]		50002218
	[287]		50002219
	[289]		5000221a
	[291]		5000221b
	[294]		5000221c
	[296]		5000221d
	[297]		5000221e
	[305]		5000221f
	[307]		50002220
	[312]		50002221
	[321]		50002222
	[323]		50002223
	[324]		50002224
	[325]		50002225
	[326]		50002226
	[327]		50002227
	[328]		50002228
	[329]		50002229
	[331]		5000222a
	[333]		5000222b
	[334]		5000222c
	[336]		5000222d
	[339]		5000222e
	[341]		5000222f
	[345]		50002230
	[350]		50002231
	[353]		50002232
	[358]		50002233
	[359]		50002234
	[363]		50002235
	[364]		50002236
	[378]		50002237
	[385]		50002238
	[391]		50002239
	[392]		5000223a
	[405]		5000223b
	[406]		5000223c
	[408]		5000223d
	[421]		5000223e
	[428]		5000223f
	[429]		50002240
	[430]		50002241
	[432]		50002242
	[433]		50002243
	[436]		50002244
	[437]		50002245
	[438]		50002246
	[443]		50002247
	[456]		50002248
	[473]		50002249
	[479]		5000224a
	[481]		5000224b
	[484]		5000224c
	[486]		5000224d
	[487]		5000224e
	[502]		5000224f
	[506]		50002250
	[508]		50002251
	[511]		50002252
	[512]		50002253
	[513]		50002254
	[514]		50002255
	[516]		50002256
	[520]		50002257
	[523]		50002258
	[524]		50002259
	[533]		5000225a
	[537]		5000225b
	[539]		5000225c
	[543]		5000225d
	[545]		5000225e
	[563]		5000225f
	[572]		50002260
	[573]		50002261
	[577]		50002262
	[582]		50002263
	[583]		50002264
	[588]		50002265
	[593]		50002266
	[598]		50002267
	[609]		50002268
	[617]		50002269
	[618]		5000226a
	[619]		5000226b
	[620]		5000226c
	[621]		5000226d
	[624]		5000226e
	[628]		5000226f
	[632]		50002270
	[634]		50002271
	[635]		50002272
	[636]		50002273
	[654]		50002274
	[669]		50002275
	[670]		50002276
	[671]		50002277
	[676]		50002278
	[679]		50002279
	[686]		5000227a
	[703]		5000227b
	[710]		5000227c
	[712]		5000227d
	[732]		5000227e
	[733]		5000227f
	[768]		50002280
	[774]		50002281
	[781]		50002282
	[782]		50002283
	[783]		50002284
	[784]		50002285
	[785]		50002286
	[787]		50002287
	[789]		50002288
	[813]		50002289
	[818]		5000228a
	[832]		5000228b
	[834]		5000228c
	[835]		5000228d
	[836]		5000228e
	[837]		5000228f
	[838]		50002290
	[840]		50002291
	[842]		50002292
	[843]		50002293
	[846]		50002294
	[849]		50002295
	[863]		50002296
	[881]		50002297
	[896]		50002298
	[909]		50002299
	[910]		5000229a
	[911]		5000229b
	[912]		5000229c
	[925]		5000229d
	[934]		5000229e
	[937]		5000229f
	[944]		500022a0
	[957]		500022a1
	[993]		500022a2
	[1009]		500022a3
	[1015]		500022a4
ARR 500021e4 (sz=24, trace=300000, nelems=2, elem type=java.lang.Object[]@5000011b)
	[0]		50002125
	[1]		500020c4
ARR 500021e5 (sz=24, trace=300000, nelems=2, elem type=java.lang.Object[]@5000011b)
	[0]		50002126
	[1]		500020c2
ARR 500021e6 (sz=24, trace=300000, nelems=2, elem type=java.lang.Object[]@5000011b)
	[0]		50002127
	[1]		500020c5
ARR 500021e7 (sz=24, trace=300000, nelems=2, elem type=java.lang.Object[]@5000011b)
	[0]		50002128
	[1]		500020c6
ARR 500021e8 (sz=24, trace=300000, nelems=2, elem type=java.lang.Object[]@5000011b)
	[0]		50002129
	[1]		500020c9
ARR 500021e9 (sz=24, trace=300000, nelems=2, elem type=java.lang.Object[]@5000011b)
	[0]		5000212a
	[1]		500020c4
ARR 500021ea (sz=24, trace=300000, nelems=2, elem type=java.lang.Object[]@5000011b)
	[0]		50002155
	[1]		500020dc
ARR 500021eb (sz=24, trace=300000, nelems=2, elem type=java.lang.Object[]@5000011b)
	[0]		50002136
	[1]		500020cc
ARR 500021ec (sz=24, trace=300000, nelems=2, elem type=java.lang.Object[]@5000011b)
	[0]		5000214b
	[1]		500020c8
ARR 500021ed (sz=24, trace=300000, nelems=2, elem type=java.lang.Object[]@5000011b)
	[0]		50001f05
	[1]		500020c5
ARR 500021ee (sz=24, trace=300000, nelems=2, elem type=java.lang.Object[]@5000011b)
	[0]		50001f06
	[1]		500020c6
ARR 500021ef (sz=24, trace=300000, nelems=2, elem type=java.lang.Object[]@5000011b)
	[0]		50001f07
	[1]		500020c7
ARR 500021f0 (sz=24, trace=300000, nelems=2, elem type=java.lang.Object[]@5000011b)
	[0]		50001f08
	[1]		500020c9
ARR 500021f1 (sz=24, trace=300000, nelems=2, elem type=java.lang.Object[]@5000011b)
	[0]		50001f09
	[1]		500020c4
ARR 500021f2 (sz=32, trace=300000, nelems=3, elem type=java.lang.Object[]@5000011b)
	[0]		5000212b
	[1]		500020c7
	[2]		500022b6
ARR 500021f3 (sz=24, trace=300000, nelems=2, elem type=java.lang.Object[]@5000011b)
	[0]		50001f00
	[1]		500020c5
ARR 500021f4 (sz=24, trace=300000, nelems=2, elem type=java.lang.Object[]@5000011b)
	[0]		50001f01
	[1]		500020c6
ARR 500021f5 (sz=32, trace=300000, nelems=3, elem type=java.lang.Object[]@5000011b)
	[0]		50001ef4
	[1]		500020c8
	[2]		500022b5
ARR 500021f6 (sz=24, trace=300000, nelems=2, elem type=java.lang.Object[]@5000011b)
	[0]		50001f03
	[1]		500020c8
ARR 500021f7 (sz=24, trace=300000, nelems=2, elem type=java.lang.Object[]@5000011b)
	[0]		50001f04
	[1]		500020c9
ARR 500021f8 (sz=24, trace=300000, nelems=2, elem type=java.lang.Object[]@5000011b)
	[0]		50002143
	[1]		500020c2
ARR 500021f9 (sz=24, trace=300000, nelems=2, elem type=java.lang.Object[]@5000011b)
	[0]		50001ef5
	[1]		500020c2
ARR 500021fa (sz=24, trace=300000, nelems=2, elem type=java.lang.Object[]@5000011b)
	[0]		50001fb1
	[1]		500020d3
ARR 500021fb (sz=24, trace=300000, nelems=2, elem type=java.lang.Object[]@5000011b)
	[0]		50002164
	[1]		500020cf
ARR 500021fc (sz=24, trace=300000, nelems=2, elem type=java.lang.Object[]@5000011b)
	[0]		5000212e
	[1]		500020c8
ARR 500021fd (sz=24, trace=300000, nelems=2, elem type=java.lang.Object[]@5000011b)
	[0]		50001fa4
	[1]		500020ca
ARR 500021fe (sz=24, trace=300000, nelems=2, elem type=java.lang.Object[]@5000011b)
	[0]		50001fa5
	[1]		500020cb
ARR 500021ff (sz=24, trace=300000, nelems=2, elem type=java.lang.Object[]@5000011b)
	[0]		50001f5e
	[1]		500020c5
ARR 50002200 (sz=24, trace=300000, nelems=2, elem type=java.lang.Object[]@5000011b)
	[0]		50001f5f
	[1]		500020c6
ARR 50002201 (sz=24, trace=300000, nelems=2, elem type=java.lang.Object[]@5000011b)
	[0]		50001f60
	[1]		500020c7
ARR 50002202 (sz=24, trace=300000, nelems=2, elem type=java.lang.Object[]@5000011b)
	[0]		50001f61
	[1]		500020c9
ARR 50002203 (sz=24, trace=300000, nelems=2, elem type=java.lang.Object[]@5000011b)
	[0]		50001f62
	[1]		500020c4
ARR 50002204 (sz=24, trace=300000, nelems=2, elem type=java.lang.Object[]@5000011b)
	[0]		50002162
	[1]		500020de
ARR 50002205 (sz=24, trace=300000, nelems=2, elem type=java.lang.Object[]@5000011b)
	[0]		5000215c
	[1]		500020ce
ARR 50002206 (sz=32, trace=300000, nelems=3, elem type=java.lang.Object[]@5000011b)
	[0]		50001f73
	[1]		50001f86
	[2]		500022b4
ARR 50002207 (sz=24, trace=300000, nelems=2, elem type=java.lang.Object[]@5000011b)
	[0]		50001f54
	[1]		500020c8
ARR 50002208 (sz=32, trace=300000, nelems=3, elem type=java.lang.Object[]@5000011b)
	[0]		50001ef6
	[1]		50001f8a
	[2]		500022b3
ARR 50002209 (sz=24, trace=300000, nelems=2, elem type=java.lang.Object[]@5000011b)
	[0]		50001ef7
	[1]		50001f8b
ARR 5000220a (sz=24, trace=300000, nelems=2, elem type=java.lang.Object[]@5000011b)
	[0]		50001ef8
	[1]		50001f8c
ARR 5000220b (sz=32, trace=300000, nelems=3, elem type=java.lang.Object[]@5000011b)
	[0]		50001ef9
	[1]		50001f8d
	[2]		500022b2
ARR 5000220c (sz=32, trace=300000, nelems=3, elem type=java.lang.Object[]@5000011b)
	[0]		50001efa
	[1]		500020c1
	[2]		500022b1
ARR 5000220d (sz=24, trace=300000, nelems=2, elem type=java.lang.Object[]@5000011b)
	[0]		50002120
	[1]		500020cc
ARR 5000220e (sz=24, trace=300000, nelems=2, elem type=java.lang.Object[]@5000011b)
	[0]		50001efb
	[1]		50001f8e
ARR 5000220f (sz=24, trace=300000, nelems=2, elem type=java.lang.Object[]@5000011b)
	[0]		50001efc
	[1]		50001f8f
ARR 50002210 (sz=24, trace=300000, nelems=2, elem type=java.lang.Object[]@5000011b)
	[0]		50002165
	[1]		500020d1
ARR 50002211 (sz=24, trace=300000, nelems=2, elem type=java.lang.Object[]@5000011b)
	[0]		50002145
	[1]		500020c5
ARR 50002212 (sz=24, trace=300000, nelems=2, elem type=java.lang.Object[]@5000011b)
	[0]		50002153
	[1]		500020cd
ARR 50002213 (sz=24, trace=300000, nelems=2, elem type=java.lang.Object[]@5000011b)
	[0]		5000213f
	[1]		500020c4
ARR 50002214 (sz=24, trace=300000, nelems=2, elem type=java.lang.Object[]@5000011b)
	[0]		50001fb4
	[1]		500020db
ARR 50002215 (sz=24, trace=300000, nelems=2, elem type=java.lang.Object[]@5000011b)
	[0]		50002156
	[1]		500020cf
ARR 50002216 (sz=24, trace=300000, nelems=2, elem type=java.lang.Object[]@5000011b)
	[0]		5000213d
	[1]		500020c2
ARR 50002217 (sz=24, trace=300000, nelems=2, elem type=java.lang.Object[]@5000011b)
	[0]		50001f9d
	[1]		500020c5
ARR 50002218 (sz=24, trace=300000, nelems=2, elem type=java.lang.Object[]@5000011b)
	[0]		50001f9e
	[1]		500020c6
ARR 50002219 (sz=24, trace=300000, nelems=2, elem type=java.lang.Object[]@5000011b)
	[0]		50001f9f
	[1]		500020c7
ARR 5000221a (sz=24, trace=300000, nelems=2, elem type=java.lang.Object[]@5000011b)
	[0]		50001fa0
	[1]		500020c8
ARR 5000221b (sz=24, trace=300000, nelems=2, elem type=java.lang.Object[]@5000011b)
	[0]		50001fa1
	[1]		500020c9
ARR 5000221c (sz=24, trace=300000, nelems=2, elem type=java.lang.Object[]@5000011b)
	[0]		50001f90
	[1]		500020c5
ARR 5000221d (sz=24, trace=300000, nelems=2, elem type=java.lang.Object[]@5000011b)
	[0]		50001f91
	[1]		500020c6
ARR 5000221e (sz=24, trace=300000, nelems=2, elem type=java.lang.Object[]@5000011b)
	[0]		50001f92
	[1]		500020c7
ARR 5000221f (sz=24, trace=300000, nelems=2, elem type=java.lang.Object[]@5000011b)
	[0]		50001fa2
	[1]		500020c3
ARR 50002220 (sz=24, trace=300000, nelems=2, elem type=java.lang.Object[]@5000011b)
	[0]		50002142
	[1]		500020c4
ARR 50002221 (sz=32, trace=300000, nelems=3, elem type=java.lang.Object[]@5000011b)
	[0]		50001f77
	[1]		500020c8
	[2]		500022b0
ARR 50002222 (sz=24, trace=300000, nelems=2, elem type=java.lang.Object[]@5000011b)
	[0]		50001f82
	[1]		500020c5
ARR 50002223 (sz=32, trace=300000, nelems=3, elem type=java.lang.Object[]@5000011b)
	[0]		50001f93
	[1]		500020c9
	[2]		500022af
ARR 50002224 (sz=24, trace=300000, nelems=2, elem type=java.lang.Object[]@5000011b)
	[0]		50001f84
	[1]		500020c7
ARR 50002225 (sz=24, trace=300000, nelems=2, elem type=java.lang.Object[]@5000011b)
	[0]		50001fa6
	[1]		500020c2
ARR 50002226 (sz=32, trace=300000, nelems=3, elem type=java.lang.Object[]@5000011b)
	[0]		50001f56
	[1]		50001f8a
	[2]		500022ad
ARR 50002227 (sz=24, trace=300000, nelems=2, elem type=java.lang.Object[]@5000011b)
	[0]		50001f75
	[1]		500020c7
ARR 50002228 (sz=32, trace=300000, nelems=3, elem type=java.lang.Object[]@5000011b)
	[0]		50001f57
	[1]		50001f8b
	[2]		500022ac
ARR 50002229 (sz=24, trace=300000, nelems=2, elem type=java.lang.Object[]@5000011b)
	[0]		50001fa9
	[1]		500020c9
ARR 5000222a (sz=24, trace=300000, nelems=2, elem type=java.lang.Object[]@5000011b)
	[0]		50001f58
	[1]		50001f8c
ARR 5000222b (sz=32, trace=300000, nelems=3, elem type=java.lang.Object[]@5000011b)
	[0]		50001f59
	[1]		50001f8d
	[2]		500022ab
ARR 5000222c (sz=32, trace=300000, nelems=3, elem type=java.lang.Object[]@5000011b)
	[0]		50001f5a
	[1]		500020c1
	[2]		500022aa
ARR 5000222d (sz=24, trace=300000, nelems=2, elem type=java.lang.Object[]@5000011b)
	[0]		5000214e
	[1]		500020c2
ARR 5000222e (sz=24, trace=300000, nelems=2, elem type=java.lang.Object[]@5000011b)
	[0]		50001fa3
	[1]		500020ca
ARR 5000222f (sz=24, trace=300000, nelems=2, elem type=java.lang.Object[]@5000011b)
	[0]		50001ef3
	[1]		50001f88
ARR 50002230 (sz=24, trace=300000, nelems=2, elem type=java.lang.Object[]@5000011b)
	[0]		5000214d
	[1]		500020c9
ARR 50002231 (sz=24, trace=300000, nelems=2, elem type=java.lang.Object[]@5000011b)
	[0]		50001f85
	[1]		500020c9
ARR 50002232 (sz=24, trace=300000, nelems=2, elem type=java.lang.Object[]@5000011b)
	[0]		50002131
	[1]		500020c4
ARR 50002233 (sz=24, trace=300000, nelems=2, elem type=java.lang.Object[]@5000011b)
	[0]		50001f89
	[1]		500020c8
ARR 50002234 (sz=24, trace=300000, nelems=2, elem type=java.lang.Object[]@5000011b)
	[0]		50001f5b
	[1]		50001f8e
ARR 50002235 (sz=24, trace=300000, nelems=2, elem type=java.lang.Object[]@5000011b)
	[0]		50001f5c
	[1]		50001f8f
ARR 50002236 (sz=24, trace=300000, nelems=2, elem type=java.lang.Object[]@5000011b)
	[0]		50002133
	[1]		500020c2
ARR 50002237 (sz=24, trace=300000, nelems=2, elem type=java.lang.Object[]@5000011b)
	[0]		5000211c
	[1]		500020cc
ARR 50002238 (sz=24, trace=300000, nelems=2, elem type=java.lang.Object[]@5000011b)
	[0]		50001f7b
	[1]		500020c8
ARR 50002239 (sz=24, trace=300000, nelems=2, elem type=java.lang.Object[]@5000011b)
	[0]		50002130
	[1]		500020c2
ARR 5000223a (sz=24, trace=300000, nelems=2, elem type=java.lang.Object[]@5000011b)
	[0]		50001f5d
	[1]		500020db
ARR 5000223b (sz=24, trace=300000, nelems=2, elem type=java.lang.Object[]@5000011b)
	[0]		50001f94
	[1]		500020c2
ARR 5000223c (sz=24, trace=300000, nelems=2, elem type=java.lang.Object[]@5000011b)
	[0]		50001f95
	[1]		500020c5
ARR 5000223d (sz=24, trace=300000, nelems=2, elem type=java.lang.Object[]@5000011b)
	[0]		50001ef1
	[1]		50001f86
ARR 5000223e (sz=24, trace=300000, nelems=2, elem type=java.lang.Object[]@5000011b)
	[0]		500020c4
	[1]		500020c4
ARR 5000223f (sz=24, trace=300000, nelems=2, elem type=java.lang.Object[]@5000011b)
	[0]		50002150
	[1]		500020c4
ARR 50002240 (sz=24, trace=300000, nelems=2, elem type=java.lang.Object[]@5000011b)
	[0]		50001faa
	[1]		500020c2
ARR 50002241 (sz=24, trace=300000, nelems=2, elem type=java.lang.Object[]@5000011b)
	[0]		50001fab
	[1]		500020c5
ARR 50002242 (sz=24, trace=300000, nelems=2, elem type=java.lang.Object[]@5000011b)
	[0]		50001fac
	[1]		500020c6
ARR 50002243 (sz=24, trace=300000, nelems=2, elem type=java.lang.Object[]@5000011b)
	[0]		50001fad
	[1]		500020c9
ARR 50002244 (sz=24, trace=300000, nelems=2, elem type=java.lang.Object[]@5000011b)
	[0]		50001f96
	[1]		500020c6
ARR 50002245 (sz=24, trace=300000, nelems=2, elem type=java.lang.Object[]@5000011b)
	[0]		50002151
	[1]		500020c4
ARR 50002246 (sz=24, trace=300000, nelems=2, elem type=java.lang.Object[]@5000011b)
	[0]		5000211d
	[1]		500020cc
ARR 50002247 (sz=24, trace=300000, nelems=2, elem type=java.lang.Object[]@5000011b)
	[0]		50002157
	[1]		500020dd
ARR 50002248 (sz=24, trace=300000, nelems=2, elem type=java.lang.Object[]@5000011b)
	[0]		50001f53
	[1]		50001f88
ARR 50002249 (sz=24, trace=300000, nelems=2, elem type=java.lang.Object[]@5000011b)
	[0]		50001f97
	[1]		500020c8
ARR 5000224a (sz=24, trace=300000, nelems=2, elem type=java.lang.Object[]@5000011b)
	[0]		50001f8a
	[1]		50001f8a
ARR 5000224b (sz=24, trace=300000, nelems=2, elem type=java.lang.Object[]@5000011b)
	[0]		50001f8b
	[1]		50001f8b
ARR 5000224c (sz=24, trace=300000, nelems=2, elem type=java.lang.Object[]@5000011b)
	[0]		50001f8c
	[1]		50001f8c
ARR 5000224d (sz=24, trace=300000, nelems=2, elem type=java.lang.Object[]@5000011b)
	[0]		50001f8d
	[1]		50001f8d
ARR 5000224e (sz=24, trace=300000, nelems=2, elem type=java.lang.Object[]@5000011b)
	[0]		50001f87
	[1]		500020da
ARR 5000224f (sz=24, trace=300000, nelems=2, elem type=java.lang.Object[]@5000011b)
	[0]		5000215d
	[1]		500020cf
ARR 50002250 (sz=24, trace=300000, nelems=2, elem type=java.lang.Object[]@5000011b)
	[0]		50001f7c
	[1]		50001f8a
ARR 50002251 (sz=24, trace=300000, nelems=2, elem type=java.lang.Object[]@5000011b)
	[0]		50001f7d
	[1]		50001f8b
ARR 50002252 (sz=24, trace=300000, nelems=2, elem type=java.lang.Object[]@5000011b)
	[0]		50001f7e
	[1]		50001f8c
ARR 50002253 (sz=24, trace=300000, nelems=2, elem type=java.lang.Object[]@5000011b)
	[0]		50001f8e
	[1]		50001f8e
ARR 50002254 (sz=24, trace=300000, nelems=2, elem type=java.lang.Object[]@5000011b)
	[0]		50001f7f
	[1]		50001f8d
ARR 50002255 (sz=24, trace=300000, nelems=2, elem type=java.lang.Object[]@5000011b)
	[0]		50001f79
	[1]		500020da
ARR 50002256 (sz=24, trace=300000, nelems=2, elem type=java.lang.Object[]@5000011b)
	[0]		50001f8f
	[1]		50001f8f
ARR 50002257 (sz=24, trace=300000, nelems=2, elem type=java.lang.Object[]@5000011b)
	[0]		50002154
	[1]		500020ce
ARR 50002258 (sz=24, trace=300000, nelems=2, elem type=java.lang.Object[]@5000011b)
	[0]		50001f4b
	[1]		50001f86
ARR 50002259 (sz=24, trace=300000, nelems=2, elem type=java.lang.Object[]@5000011b)
	[0]		50001fb2
	[1]		500020cd
ARR 5000225a (sz=24, trace=300000, nelems=2, elem type=java.lang.Object[]@5000011b)
	[0]		50001f98
	[1]		500020c7
ARR 5000225b (sz=24, trace=300000, nelems=2, elem type=java.lang.Object[]@5000011b)
	[0]		50001f99
	[1]		500020c9
ARR 5000225c (sz=24, trace=300000, nelems=2, elem type=java.lang.Object[]@5000011b)
	[0]		50001f80
	[1]		50001f8e
ARR 5000225d (sz=24, trace=300000, nelems=2, elem type=java.lang.Object[]@5000011b)
	[0]		50001f81
	[1]		50001f8f
ARR 5000225e (sz=24, trace=300000, nelems=2, elem type=java.lang.Object[]@5000011b)
	[0]		50001fb6
	[1]		500020db
ARR 5000225f (sz=24, trace=300000, nelems=2, elem type=java.lang.Object[]@5000011b)
	[0]		50002166
	[1]		500020d2
ARR 50002260 (sz=24, trace=300000, nelems=2, elem type=java.lang.Object[]@5000011b)
	[0]		50001fb5
	[1]		500020db
ARR 50002261 (sz=24, trace=300000, nelems=2, elem type=java.lang.Object[]@5000011b)
	[0]		50002147
	[1]		500020c6
ARR 50002262 (sz=24, trace=300000, nelems=2, elem type=java.lang.Object[]@5000011b)
	[0]		50001ede
	[1]		500020cc
ARR 50002263 (sz=24, trace=300000, nelems=2, elem type=java.lang.Object[]@5000011b)
	[0]		50002159
	[1]		500020d0
ARR 50002264 (sz=24, trace=300000, nelems=2, elem type=java.lang.Object[]@5000011b)
	[0]		50002152
	[1]		500020c1
ARR 50002265 (sz=24, trace=300000, nelems=2, elem type=java.lang.Object[]@5000011b)
	[0]		5000212f
	[1]		500020c8
ARR 50002266 (sz=24, trace=300000, nelems=2, elem type=java.lang.Object[]@5000011b)
	[0]		5000212c
	[1]		500020c8
ARR 50002267 (sz=24, trace=300000, nelems=2, elem type=java.lang.Object[]@5000011b)
	[0]		50002122
	[1]		50001f8d
ARR 50002268 (sz=24, trace=300000, nelems=2, elem type=java.lang.Object[]@5000011b)
	[0]		50001f88
	[1]		50001f88
ARR 50002269 (sz=24, trace=300000, nelems=2, elem type=java.lang.Object[]@5000011b)
	[0]		50001f45
	[1]		500020d4
ARR 5000226a (sz=24, trace=300000, nelems=2, elem type=java.lang.Object[]@5000011b)
	[0]		50001f46
	[1]		500020d5
ARR 5000226b (sz=24, trace=300000, nelems=2, elem type=java.lang.Object[]@5000011b)
	[0]		50001f47
	[1]		500020d6
ARR 5000226c (sz=24, trace=300000, nelems=2, elem type=java.lang.Object[]@5000011b)
	[0]		50001f48
	[1]		500020d7
ARR 5000226d (sz=24, trace=300000, nelems=2, elem type=java.lang.Object[]@5000011b)
	[0]		50001f49
	[1]		500020d8
ARR 5000226e (sz=32, trace=300000, nelems=3, elem type=java.lang.Object[]@5000011b)
	[0]		50002123
	[1]		50001f8e
	[2]		500022a9
ARR 5000226f (sz=32, trace=300000, nelems=3, elem type=java.lang.Object[]@5000011b)
	[0]		50002124
	[1]		50001f8f
	[2]		500022a8
ARR 50002270 (sz=24, trace=300000, nelems=2, elem type=java.lang.Object[]@5000011b)
	[0]		50001f9c
	[1]		500020c3
ARR 50002271 (sz=32, trace=300000, nelems=3, elem type=java.lang.Object[]@5000011b)
	[0]		5000213e
	[1]		500020c4
	[2]		500022a7
ARR 50002272 (sz=24, trace=300000, nelems=2, elem type=java.lang.Object[]@5000011b)
	[0]		50002160
	[1]		500020dd
ARR 50002273 (sz=24, trace=300000, nelems=2, elem type=java.lang.Object[]@5000011b)
	[0]		50001f7a
	[1]		50001f88
ARR 50002274 (sz=24, trace=300000, nelems=2, elem type=java.lang.Object[]@5000011b)
	[0]		50001f44
	[1]		500020c1
ARR 50002275 (sz=24, trace=300000, nelems=2, elem type=java.lang.Object[]@5000011b)
	[0]		50001efe
	[1]		500020c3
ARR 50002276 (sz=24, trace=300000, nelems=2, elem type=java.lang.Object[]@5000011b)
	[0]		50001eda
	[1]		500020cc
ARR 50002277 (sz=24, trace=300000, nelems=2, elem type=java.lang.Object[]@5000011b)
	[0]		50001eff
	[1]		500020c4
ARR 50002278 (sz=24, trace=300000, nelems=2, elem type=java.lang.Object[]@5000011b)
	[0]		50001f86
	[1]		50001f86
ARR 50002279 (sz=24, trace=300000, nelems=2, elem type=java.lang.Object[]@5000011b)
	[0]		50001edc
	[1]		500020cc
ARR 5000227a (sz=24, trace=300000, nelems=2, elem type=java.lang.Object[]@5000011b)
	[0]		50002135
	[1]		500020ce
ARR 5000227b (sz=24, trace=300000, nelems=2, elem type=java.lang.Object[]@5000011b)
	[0]		50001f78
	[1]		50001f86
ARR 5000227c (sz=24, trace=300000, nelems=2, elem type=java.lang.Object[]@5000011b)
	[0]		50002138
	[1]		500020c3
ARR 5000227d (sz=24, trace=300000, nelems=2, elem type=java.lang.Object[]@5000011b)
	[0]		50002139
	[1]		500020c4
ARR 5000227e (sz=24, trace=300000, nelems=2, elem type=java.lang.Object[]@5000011b)
	[0]		50002149
	[1]		500020c7
ARR 5000227f (sz=24, trace=300000, nelems=2, elem type=java.lang.Object[]@5000011b)
	[0]		50001fb0
	[1]		500020cd
ARR 50002280 (sz=24, trace=300000, nelems=2, elem type=java.lang.Object[]@5000011b)
	[0]		50001f76
	[1]		500020c8
ARR 50002281 (sz=24, trace=300000, nelems=2, elem type=java.lang.Object[]@5000011b)
	[0]		50001ee2
	[1]		500020cc
ARR 50002282 (sz=24, trace=300000, nelems=2, elem type=java.lang.Object[]@5000011b)
	[0]		50002137
	[1]		500020c2
ARR 50002283 (sz=24, trace=300000, nelems=2, elem type=java.lang.Object[]@5000011b)
	[0]		5000213a
	[1]		500020c5
ARR 50002284 (sz=24, trace=300000, nelems=2, elem type=java.lang.Object[]@5000011b)
	[0]		50001f70
	[1]		500020ca
ARR 50002285 (sz=24, trace=300000, nelems=2, elem type=java.lang.Object[]@5000011b)
	[0]		50001f9a
	[1]		500020c6
ARR 50002286 (sz=24, trace=300000, nelems=2, elem type=java.lang.Object[]@5000011b)
	[0]		5000213b
	[1]		500020c7
ARR 50002287 (sz=24, trace=300000, nelems=2, elem type=java.lang.Object[]@5000011b)
	[0]		50001f9b
	[1]		500020c8
ARR 50002288 (sz=24, trace=300000, nelems=2, elem type=java.lang.Object[]@5000011b)
	[0]		5000213c
	[1]		500020c9
ARR 50002289 (sz=24, trace=300000, nelems=2, elem type=java.lang.Object[]@5000011b)
	[0]		50001f43
	[1]		500020c1
ARR 5000228a (sz=24, trace=300000, nelems=2, elem type=java.lang.Object[]@5000011b)
	[0]		50001f72
	[1]		50001f8e
ARR 5000228b (sz=24, trace=300000, nelems=2, elem type=java.lang.Object[]@5000011b)
	[0]		50002132
	[1]		500020cc
ARR 5000228c (sz=24, trace=300000, nelems=2, elem type=java.lang.Object[]@5000011b)
	[0]		50002141
	[1]		500020c2
ARR 5000228d (sz=32, trace=300000, nelems=3, elem type=java.lang.Object[]@5000011b)
	[0]		50002144
	[1]		500020c5
	[2]		500022a6
ARR 5000228e (sz=24, trace=300000, nelems=2, elem type=java.lang.Object[]@5000011b)
	[0]		50001faf
	[1]		500020c8
ARR 5000228f (sz=24, trace=300000, nelems=2, elem type=java.lang.Object[]@5000011b)
	[0]		50002146
	[1]		500020c6
ARR 50002290 (sz=24, trace=300000, nelems=2, elem type=java.lang.Object[]@5000011b)
	[0]		50002148
	[1]		500020c7
ARR 50002291 (sz=32, trace=300000, nelems=3, elem type=java.lang.Object[]@5000011b)
	[0]		5000212d
	[1]		50001f8b
	[2]		500022a5
ARR 50002292 (sz=24, trace=300000, nelems=2, elem type=java.lang.Object[]@5000011b)
	[0]		5000214c
	[1]		500020c9
ARR 50002293 (sz=24, trace=300000, nelems=2, elem type=java.lang.Object[]@5000011b)
	[0]		50001f74
	[1]		50001f8c
ARR 50002294 (sz=24, trace=300000, nelems=2, elem type=java.lang.Object[]@5000011b)
	[0]		50001fb3
	[1]		50001f86
ARR 50002295 (sz=24, trace=300000, nelems=2, elem type=java.lang.Object[]@5000011b)
	[0]		5000211e
	[1]		500020cc
ARR 50002296 (sz=24, trace=300000, nelems=2, elem type=java.lang.Object[]@5000011b)
	[0]		50002121
	[1]		500020c0
ARR 50002297 (sz=24, trace=300000, nelems=2, elem type=java.lang.Object[]@5000011b)
	[0]		5000215a
	[1]		500020d3
ARR 50002298 (sz=24, trace=300000, nelems=2, elem type=java.lang.Object[]@5000011b)
	[0]		50001ee0
	[1]		500020cc
ARR 50002299 (sz=24, trace=300000, nelems=2, elem type=java.lang.Object[]@5000011b)
	[0]		50001f4c
	[1]		500020d4
ARR 5000229a (sz=24, trace=300000, nelems=2, elem type=java.lang.Object[]@5000011b)
	[0]		50001f4d
	[1]		500020d5
ARR 5000229b (sz=24, trace=300000, nelems=2, elem type=java.lang.Object[]@5000011b)
	[0]		50001f4e
	[1]		500020d6
ARR 5000229c (sz=24, trace=300000, nelems=2, elem type=java.lang.Object[]@5000011b)
	[0]		50001f4f
	[1]		500020d7
ARR 5000229d (sz=24, trace=300000, nelems=2, elem type=java.lang.Object[]@5000011b)
	[0]		50002140
	[1]		500020cc
ARR 5000229e (sz=24, trace=300000, nelems=2, elem type=java.lang.Object[]@5000011b)
	[0]		50001f50
	[1]		500020d8
ARR 5000229f (sz=24, trace=300000, nelems=2, elem type=java.lang.Object[]@5000011b)
	[0]		50001f51
	[1]		500020d9
ARR 500022a0 (sz=24, trace=300000, nelems=2, elem type=java.lang.Object[]@5000011b)
	[0]		50002161
	[1]		500020d2
ARR 500022a1 (sz=24, trace=300000, nelems=2, elem type=java.lang.Object[]@5000011b)
	[0]		5000215b
	[1]		500020cd
ARR 500022a2 (sz=24, trace=300000, nelems=2, elem type=java.lang.Object[]@5000011b)
	[0]		50001f71
	[1]		50001f8a
ARR 500022a3 (sz=24, trace=300000, nelems=2, elem type=java.lang.Object[]@5000011b)
	[0]		50002158
	[1]		500020de
ARR 500022a4 (sz=24, trace=300000, nelems=2, elem type=java.lang.Object[]@5000011b)
	[0]		5000215e
	[1]		500020d0
ARR 500022a5 (sz=24, trace=300000, nelems=2, elem type=java.lang.Object[]@5000011b)
	[0]		5000214a
	[1]		500020c8
ARR 500022a6 (sz=24, trace=300000, nelems=2, elem type=java.lang.Object[]@5000011b)
	[0]		50002163
	[1]		500020ce
ARR 500022a7 (sz=24, trace=300000, nelems=2, elem type=java.lang.Object[]@5000011b)
	[0]		5000215f
	[1]		500020d1
ARR 500022a8 (sz=24, trace=300000, nelems=2, elem type=java.lang.Object[]@5000011b)
	[0]		5000211f
	[1]		500020c0
ARR 500022a9 (sz=24, trace=300000, nelems=2, elem type=java.lang.Object[]@5000011b)
	[0]		50001f4a
	[1]		500020d9
ARR 500022aa (sz=24, trace=300000, nelems=2, elem type=java.lang.Object[]@5000011b)
	[0]		50001f52
	[1]		500020da
ARR 500022ab (sz=24, trace=300000, nelems=2, elem type=java.lang.Object[]@5000011b)
	[0]		5000214f
	[1]		500020c4
ARR 500022ac (sz=24, trace=300000, nelems=2, elem type=java.lang.Object[]@5000011b)
	[0]		50001fa8
	[1]		500020c6
ARR 500022ad (sz=32, trace=300000, nelems=3, elem type=java.lang.Object[]@5000011b)
	[0]		50002134
	[1]		500020c4
	[2]		500022ae
ARR 500022ae (sz=24, trace=300000, nelems=2, elem type=java.lang.Object[]@5000011b)
	[0]		50001fa7
	[1]		500020c5
ARR 500022af (sz=24, trace=300000, nelems=2, elem type=java.lang.Object[]@5000011b)
	[0]		50001f83
	[1]		500020c6
ARR 500022b0 (sz=24, trace=300000, nelems=2, elem type=java.lang.Object[]@5000011b)
	[0]		50001edf
	[1]		500020cc
ARR 500022b1 (sz=24, trace=300000, nelems=2, elem type=java.lang.Object[]@5000011b)
	[0]		50001ef2
	[1]		500020da
ARR 500022b2 (sz=24, trace=300000, nelems=2, elem type=java.lang.Object[]@5000011b)
	[0]		50001ed5
	[1]		500020cc
ARR 500022b3 (sz=24, trace=300000, nelems=2, elem type=java.lang.Object[]@5000011b)
	[0]		50001f55
	[1]		500020c2
ARR 500022b4 (sz=24, trace=300000, nelems=2, elem type=java.lang.Object[]@5000011b)
	[0]		50001f42
	[1]		500020d5
ARR 500022b5 (sz=24, trace=300000, nelems=2, elem type=java.lang.Object[]@5000011b)
	[0]		50001f02
	[1]		500020c7
ARR 500022b6 (sz=24, trace=300000, nelems=2, elem type=java.lang.Object[]@5000011b)
	[0]		50001efd
	[1]		500020c2
ARR 500022b7 (sz=144, trace=300000, nelems=32, elem type=java.lang.Object[]@5000011b)
	[0]		500022b8
	[2]		500022b9
	[3]		500022ba
	[4]		500022bb
	[5]		500022bc
	[6]		500022bd
	[7]		500022be
	[8]		500022bf
	[9]		500022c0
	[10]		500022c1
	[11]		500022c2
	[12]		500022c3
	[14]		500022c4
	[15]		500022c5
	[16]		500022c6
	[17]		500022c7
	[18]		500022c8
	[19]		500022c9
	[22]		500022ca
	[23]		500022cb
	[24]		500022cc
	[28]		500022cd
	[29]		500022ce
	[31]		500022cf
ARR 500022b8 (sz=24, trace=300000, nelems=1, elem type=java.lang.Object[]@5000011b)
	[0]		50001f8e
ARR 500022b9 (sz=32, trace=300000, nelems=3, elem type=java.lang.Object[]@5000011b)
	[0]		50001f8f
	[2]		50002304
ARR 500022ba (sz=32, trace=300000, nelems=3, elem type=java.lang.Object[]@5000011b)
	[0]		500020d5
	[2]		50002303
ARR 500022bb (sz=32, trace=300000, nelems=3, elem type=java.lang.Object[]@5000011b)
	[0]		500020d7
	[2]		50002301
ARR 500022bc (sz=32, trace=300000, nelems=3, elem type=java.lang.Object[]@5000011b)
	[0]		500020d8
	[2]		500022ff
ARR 500022bd (sz=24, trace=300000, nelems=1, elem type=java.lang.Object[]@5000011b)
	[0]		500020d9
ARR 500022be (sz=24, trace=300000, nelems=2, elem type=java.lang.Object[]@5000011b)
	[0]		500020ce
	[1]		50000b89
ARR 500022bf (sz=32, trace=300000, nelems=3, elem type=java.lang.Object[]@5000011b)
	[0]		500020c5
	[2]		500022fc
ARR 500022c0 (sz=32, trace=300000, nelems=3, elem type=java.lang.Object[]@5000011b)
	[0]		500020c6
	[2]		500022d7
ARR 500022c1 (sz=24, trace=300000, nelems=1, elem type=java.lang.Object[]@5000011b)
	[0]		500020c7
ARR 500022c2 (sz=32, trace=300000, nelems=3, elem type=java.lang.Object[]@5000011b)
	[0]		500020db
	[2]		500022d6
ARR 500022c3 (sz=24, trace=300000, nelems=1, elem type=java.lang.Object[]@5000011b)
	[0]		500020c9
ARR 500022c4 (sz=24, trace=300000, nelems=1, elem type=java.lang.Object[]@5000011b)
	[0]		500020da
ARR 500022c5 (sz=24, trace=300000, nelems=1, elem type=java.lang.Object[]@5000011b)
	[0]		50001f8a
ARR 500022c6 (sz=32, trace=300000, nelems=3, elem type=java.lang.Object[]@5000011b)
	[0]		50001f8b
	[2]		500022d5
ARR 500022c7 (sz=32, trace=300000, nelems=3, elem type=java.lang.Object[]@5000011b)
	[0]		500020c3
	[2]		500022d4
ARR 500022c8 (sz=32, trace=300000, nelems=3, elem type=java.lang.Object[]@5000011b)
	[0]		50001f8c
	[2]		500022d2
ARR 500022c9 (sz=32, trace=300000, nelems=3, elem type=java.lang.Object[]@5000011b)
	[0]		500020c1
	[2]		500022d0
ARR 500022ca (sz=24, trace=300000, nelems=1, elem type=java.lang.Object[]@5000011b)
	[0]		500020dc
ARR 500022cb (sz=24, trace=300000, nelems=1, elem type=java.lang.Object[]@5000011b)
	[0]		500020c0
ARR 500022cc (sz=24, trace=300000, nelems=1, elem type=java.lang.Object[]@5000011b)
	[0]		500020dd
ARR 500022cd (sz=24, trace=300000, nelems=1, elem type=java.lang.Object[]@5000011b)
	[0]		500020ca
ARR 500022ce (sz=24, trace=300000, nelems=1, elem type=java.lang.Object[]@5000011b)
	[0]		500020cb
ARR 500022cf (sz=24, trace=300000, nelems=1, elem type=java.lang.Object[]@5000011b)
	[0]		500020d2
ARR 500022d0 (sz=32, trace=300000, nelems=3, elem type=java.lang.Object[]@5000011b)
	[0]		50001f8d
	[2]		500022d1
ARR 500022d1 (sz=24, trace=300000, nelems=1, elem type=java.lang.Object[]@5000011b)
	[0]		500020de
ARR 500022d2 (sz=32, trace=300000, nelems=3, elem type=java.lang.Object[]@5000011b)
	[0]		50001f86
	[2]		500022d3
ARR 500022d3 (sz=24, trace=300000, nelems=1, elem type=java.lang.Object[]@5000011b)
	[0]		500020c4
ARR 500022d4 (sz=24, trace=300000, nelems=2, elem type=java.lang.Object[]@5000011b)
	[0]		500020cc
	[1]		50000b61
ARR 500022d5 (sz=24, trace=300000, nelems=1, elem type=java.lang.Object[]@5000011b)
	[0]		50001f88
ARR 500022d6 (sz=24, trace=300000, nelems=1, elem type=java.lang.Object[]@5000011b)
	[0]		500020c8
ARR 500022d7 (sz=24, trace=300000, nelems=2, elem type=java.lang.Object[]@5000011b)
	[0]		500020d3
	[1]		50000239
ARR 500022d8 (sz=10, trace=300000, nelems=5, elem type=char[])
OBJ 500022d9 (sz=24, trace=300000, class=java.lang.String@50000181)
	value		500022e0
OBJ 500022da (sz=24, trace=300000, class=java.lang.String@50000181)
	value		500022df
OBJ 500022db (sz=24, trace=300000, class=java.lang.String@50000181)
	value		500022de
OBJ 500022dc (sz=24, trace=300000, class=java.lang.String@50000181)
	value		500022e1
ARR 500022dd (sz=32, trace=300000, nelems=4, elem type=java.lang.String[]@500000db)
	[0]		500022dc
	[1]		500022d9
	[2]		500022da
	[3]		500022db
ARR 500022de (sz=14, trace=300000, nelems=7, elem type=char[])
ARR 500022df (sz=20, trace=300000, nelems=10, elem type=char[])
ARR 500022e0 (sz=12, trace=300000, nelems=6, elem type=char[])
ARR 500022e1 (sz=10, trace=300000, nelems=5, elem type=char[])
OBJ 500022e2 (sz=24, trace=300000, class=java.lang.String@50000181)
	value		500022e8
OBJ 500022e3 (sz=24, trace=300000, class=java.lang.String@50000181)
	value		500022e9
OBJ 500022e4 (sz=24, trace=300000, class=java.lang.String@50000181)
	value		500022ea
OBJ 500022e5 (sz=16, trace=300000, class=java.nio.charset.CodingErrorAction@50000095)
	name		500022e4
OBJ 500022e6 (sz=16, trace=300000, class=java.nio.charset.CodingErrorAction@50000095)
	name		500022e3
OBJ 500022e7 (sz=16, trace=300000, class=java.nio.charset.CodingErrorAction@50000095)
	name		500022e2
ARR 500022e8 (sz=12, trace=300000, nelems=6, elem type=char[])
ARR 500022e9 (sz=14, trace=300000, nelems=7, elem type=char[])
ARR 500022ea (sz=12, trace=300000, nelems=6, elem type=char[])
OBJ 500022eb (sz=24, trace=300000, class=java.lang.String@50000181)
	value		500022f5
OBJ 500022ec (sz=24, trace=300000, class=java.lang.String@50000181)
	value		500022f6
OBJ 500022ed (sz=24, trace=300000, class=java.lang.String@50000181)
	value		500022f7
OBJ 500022ee (sz=24, trace=300000, class=java.lang.String@50000181)
	value		500022f4
OBJ 500022ef (sz=16, trace=300000, class=java.nio.charset.CoderResult$2@50000066)
OBJ 500022f0 (sz=16, trace=300000, class=java.nio.charset.CoderResult$1@50000067)
OBJ 500022f1 (sz=24, trace=300000, class=java.nio.charset.CoderResult@50000069)
OBJ 500022f2 (sz=24, trace=300000, class=java.nio.charset.CoderResult@50000069)
ARR 500022f3 (sz=32, trace=300000, nelems=4, elem type=java.lang.String[]@500000db)
	[0]		500022ed
	[1]		500022ec
	[2]		500022eb
	[3]		500022ee
ARR 500022f4 (sz=20, trace=300000, nelems=10, elem type=char[])
ARR 500022f5 (sz=18, trace=300000, nelems=9, elem type=char[])
ARR 500022f6 (sz=16, trace=300000, nelems=8, elem type=char[])
ARR 500022f7 (sz=18, trace=300000, nelems=9, elem type=char[])
OBJ 500022f8 (sz=24, trace=300000, class=java.lang.String@50000181)
	value		500022fa
ARR 500022f9 (sz=32, trace=300000, nelems=4, elem type=java.lang.String[]@500000db)
	[0]		500022dc
	[1]		500022d9
	[2]		500022da
	[3]		500022db
ARR 500022fa (sz=2, trace=300000, nelems=1, elem type=char[])
ARR 500022fb (sz=6, trace=300000, nelems=3, elem type=char[])
ARR 500022fc (sz=24, trace=300000, nelems=2, elem type=java.lang.Object[]@5000011b)
	[0]		500020c2
	[1]		50000b73
ARR 500022fd (sz=20, trace=300000, nelems=10, elem type=char[])
ARR 500022fe (sz=16, trace=300000, nelems=8, elem type=char[])
ARR 500022ff (sz=24, trace=300000, nelems=2, elem type=java.lang.Object[]@5000011b)
	[0]		500020cd
	[1]		50000bad
ARR 50002300 (sz=12, trace=300000, nelems=6, elem type=char[])
ARR 50002301 (sz=32, trace=300000, nelems=3, elem type=java.lang.Object[]@5000011b)
	[0]		500020d6
	[2]		50002302
ARR 50002302 (sz=24, trace=300000, nelems=1, elem type=java.lang.Object[]@5000011b)
	[0]		500020d1
ARR 50002303 (sz=24, trace=300000, nelems=1, elem type=java.lang.Object[]@5000011b)
	[0]		500020d4
ARR 50002304 (sz=32, trace=300000, nelems=3, elem type=java.lang.Object[]@5000011b)
	[0]		500020d0
	[2]		50002305
ARR 50002305 (sz=24, trace=300000, nelems=2, elem type=java.lang.Object[]@5000011b)
	[0]		500020cf
	[1]		50000b9b
ARR 50002306 (sz=16, trace=300000, nelems=8, elem type=char[])
ARR 50002307 (sz=20, trace=300000, nelems=10, elem type=char[])
ARR 50002308 (sz=24, trace=300000, nelems=2, elem type=java.lang.String[]@500000db)
	[0]		5000230b
	[1]		5000230c
OBJ 50002309 (sz=24, trace=300000, class=java.lang.String@50000181)
	value		5000230a
ARR 5000230a (sz=6, trace=300000, nelems=3, elem type=char[])
OBJ 5000230b (sz=24, trace=300000, class=java.lang.String@50000181)
	value		5000230e
OBJ 5000230c (sz=24, trace=300000, class=java.lang.String@50000181)
	value		5000230d
ARR 5000230d (sz=10, trace=300000, nelems=5, elem type=char[])
ARR 5000230e (sz=22, trace=300000, nelems=11, elem type=char[])
OBJ 5000230f (sz=24, trace=300000, class=java.lang.String@50000181)
	value		50002393
OBJ 50002310 (sz=24, trace=300000, class=java.lang.String@50000181)
	value		500023ea
OBJ 50002311 (sz=24, trace=300000, class=java.lang.String@50000181)
	value		500023e9
OBJ 50002312 (sz=24, trace=300000, class=java.lang.String@50000181)
	value		50002411
OBJ 50002313 (sz=24, trace=300000, class=java.lang.String@50000181)
	value		50002410
OBJ 50002314 (sz=24, trace=300000, class=java.lang.String@50000181)
	value		5000240f
OBJ 50002315 (sz=24, trace=300000, class=java.lang.String@50000181)
	value		5000240e
OBJ 50002316 (sz=24, trace=300000, class=java.lang.String@50000181)
	value		5000240d
OBJ 50002317 (sz=24, trace=300000, class=java.lang.String@50000181)
	value		5000240c
OBJ 50002318 (sz=24, trace=300000, class=java.lang.String@50000181)
	value		5000240b
OBJ 50002319 (sz=24, trace=300000, class=java.lang.String@50000181)
	value		5000240a
OBJ 5000231a (sz=24, trace=300000, class=java.lang.String@50000181)
	value		50002409
OBJ 5000231b (sz=24, trace=300000, class=java.lang.String@50000181)
	value		50002408
OBJ 5000231c (sz=24, trace=300000, class=java.lang.String@50000181)
	value		50002407
OBJ 5000231d (sz=24, trace=300000, class=java.lang.String@50000181)
	value		50002406
OBJ 5000231e (sz=24, trace=300000, class=java.lang.String@50000181)
	value		50002405
OBJ 5000231f (sz=24, trace=300000, class=java.lang.String@50000181)
	value		50002404
OBJ 50002320 (sz=24, trace=300000, class=java.lang.String@50000181)
	value		50002403
OBJ 50002321 (sz=24, trace=300000, class=java.lang.String@50000181)
	value		50002402
OBJ 50002322 (sz=24, trace=300000, class=java.lang.String@50000181)
	value		50002401
OBJ 50002323 (sz=24, trace=300000, class=java.lang.String@50000181)
	value		50002400
OBJ 50002324 (sz=24, trace=300000, class=java.lang.String@50000181)
	value		500023ff
OBJ 50002325 (sz=24, trace=300000, class=java.lang.String@50000181)
	value		500023fe
OBJ 50002326 (sz=24, trace=300000, class=java.lang.String@50000181)
	value		500023fd
OBJ 50002327 (sz=24, trace=300000, class=java.lang.String@50000181)
	value		500023fc
OBJ 50002328 (sz=24, trace=300000, class=java.lang.String@50000181)
	value		500023fb
OBJ 50002329 (sz=24, trace=300000, class=java.lang.String@50000181)
	value		500023fa
OBJ 5000232a (sz=24, trace=300000, class=java.lang.String@50000181)
	value		500023f9
OBJ 5000232b (sz=24, trace=300000, class=java.lang.String@50000181)
	value		500023f8
OBJ 5000232c (sz=24, trace=300000, class=java.lang.String@50000181)
	value		500023f7
OBJ 5000232d (sz=24, trace=300000, class=java.lang.String@50000181)
	value		500023f6
OBJ 5000232e (sz=24, trace=300000, class=java.lang.String@50000181)
	value		500023f5
OBJ 5000232f (sz=24, trace=300000, class=java.lang.String@50000181)
	value		500023f4
OBJ 50002330 (sz=24, trace=300000, class=java.lang.String@50000181)
	value		500023f3
OBJ 50002331 (sz=24, trace=300000, class=java.lang.String@50000181)
	value		500023f2
OBJ 50002332 (sz=24, trace=300000, class=java.lang.String@50000181)
	value		500023e8
OBJ 50002333 (sz=24, trace=300000, class=java.lang.String@50000181)
	value		500023e7
OBJ 50002334 (sz=24, trace=300000, class=java.lang.String@50000181)
	value		500023e6
OBJ 50002335 (sz=24, trace=300000, class=java.lang.String@50000181)
	value		500023e5
OBJ 50002336 (sz=24, trace=300000, class=java.lang.String@50000181)
	value		500023e4
OBJ 50002337 (sz=24, trace=300000, class=java.lang.String@50000181)
	value		500023e3
OBJ 50002338 (sz=24, trace=300000, class=java.lang.String@50000181)
	value		500023e2
OBJ 50002339 (sz=24, trace=300000, class=java.lang.String@50000181)
	value		500023e1
OBJ 5000233a (sz=24, trace=300000, class=java.lang.String@50000181)
	value		500023e0
OBJ 5000233b (sz=24, trace=300000, class=java.lang.String@50000181)
	value		500023df
OBJ 5000233c (sz=24, trace=300000, class=java.lang.String@50000181)
	value		500023de
OBJ 5000233d (sz=24, trace=300000, class=java.lang.String@50000181)
	value		500023dd
OBJ 5000233e (sz=24, trace=300000, class=java.lang.String@50000181)
	value		500023dc
OBJ 5000233f (sz=24, trace=300000, class=java.lang.String@50000181)
	value		500023db
OBJ 50002340 (sz=24, trace=300000, class=java.lang.String@50000181)
	value		500023da
OBJ 50002341 (sz=24, trace=300000, class=java.lang.String@50000181)
	value		500023d9
OBJ 50002342 (sz=24, trace=300000, class=java.lang.String@50000181)
	value		500023d8
OBJ 50002343 (sz=24, trace=300000, class=java.lang.String@50000181)
	value		500023d7
OBJ 50002344 (sz=24, trace=300000, class=java.lang.String@50000181)
	value		500023d6
OBJ 50002345 (sz=24, trace=300000, class=java.lang.String@50000181)
	value		500023d5
OBJ 50002346 (sz=24, trace=300000, class=java.lang.String@50000181)
	value		500023d4
OBJ 50002347 (sz=24, trace=300000, class=java.lang.String@50000181)
	value		500023d3
OBJ 50002348 (sz=24, trace=300000, class=java.lang.String@50000181)
	value		500023d2
OBJ 50002349 (sz=24, trace=300000, class=java.lang.String@50000181)
	value		500023d1
OBJ 5000234a (sz=24, trace=300000, class=java.lang.String@50000181)
	value		500023d0
OBJ 5000234b (sz=24, trace=300000, class=java.lang.String@50000181)
	value		500023cf
OBJ 5000234c (sz=24, trace=300000, class=java.lang.String@50000181)
	value		500023ce
OBJ 5000234d (sz=24, trace=300000, class=java.lang.String@50000181)
	value		500023cd
OBJ 5000234e (sz=24, trace=300000, class=java.lang.String@50000181)
	value		500023cc
OBJ 5000234f (sz=24, trace=300000, class=java.lang.String@50000181)
	value		500023cb
OBJ 50002350 (sz=24, trace=300000, class=java.lang.String@50000181)
	value		500023ca
OBJ 50002351 (sz=24, trace=300000, class=java.lang.String@50000181)
	value		500023c9
OBJ 50002352 (sz=24, trace=300000, class=java.lang.String@50000181)
	value		500023c8
OBJ 50002353 (sz=24, trace=300000, class=java.lang.String@50000181)
	value		500023c7
OBJ 50002354 (sz=24, trace=300000, class=java.lang.String@50000181)
	value		500023c6
OBJ 50002355 (sz=24, trace=300000, class=java.lang.String@50000181)
	value		500023c5
OBJ 50002356 (sz=24, trace=300000, class=java.lang.String@50000181)
	value		500023c4
OBJ 50002357 (sz=24, trace=300000, class=java.lang.String@50000181)
	value		500023c3
OBJ 50002358 (sz=24, trace=300000, class=java.lang.String@50000181)
	value		500023c2
OBJ 50002359 (sz=24, trace=300000, class=java.lang.String@50000181)
	value		500023c1
OBJ 5000235a (sz=24, trace=300000, class=java.lang.String@50000181)
	value		500023c0
OBJ 5000235b (sz=24, trace=300000, class=java.lang.String@50000181)
	value		500023bf
OBJ 5000235c (sz=24, trace=300000, class=java.lang.String@50000181)
	value		500023be
OBJ 5000235d (sz=24, trace=300000, class=java.lang.String@50000181)
	value		500023bd
OBJ 5000235e (sz=24, trace=300000, class=java.lang.String@50000181)
	value		500023bc
OBJ 5000235f (sz=24, trace=300000, class=java.lang.String@50000181)
	value		500023bb
OBJ 50002360 (sz=24, trace=300000, class=java.lang.String@50000181)
	value		500023ba
OBJ 50002361 (sz=24, trace=300000, class=java.lang.String@50000181)
	value		500023b9
OBJ 50002362 (sz=24, trace=300000, class=java.lang.String@50000181)
	value		500023b8
OBJ 50002363 (sz=24, trace=300000, class=java.lang.String@50000181)
	value		500023b7
OBJ 50002364 (sz=24, trace=300000, class=java.lang.String@50000181)
	value		500023b6
OBJ 50002365 (sz=24, trace=300000, class=java.lang.String@50000181)
	value		500023b5
OBJ 50002366 (sz=24, trace=300000, class=java.lang.String@50000181)
	value		500023b4
OBJ 50002367 (sz=24, trace=300000, class=java.lang.String@50000181)
	value		500023b3
OBJ 50002368 (sz=24, trace=300000, class=java.lang.String@50000181)
	value		500023b2
OBJ 50002369 (sz=24, trace=300000, class=java.lang.String@50000181)
	value		500023b1
OBJ 5000236a (sz=24, trace=300000, class=java.lang.String@50000181)
	value		500023b0
OBJ 5000236b (sz=24, trace=300000, class=java.lang.String@50000181)
	value		500023af
OBJ 5000236c (sz=24, trace=300000, class=java.lang.String@50000181)
	value		500023ae
OBJ 5000236d (sz=24, trace=300000, class=java.lang.String@50000181)
	value		500023ad
OBJ 5000236e (sz=24, trace=300000, class=java.lang.String@50000181)
	value		500023ac
OBJ 5000236f (sz=24, trace=300000, class=java.lang.String@50000181)
	value		500023ab
OBJ 50002370 (sz=24, trace=300000, class=java.lang.String@50000181)
	value		500023aa
OBJ 50002371 (sz=24, trace=300000, class=java.lang.String@50000181)
	value		500023a9
OBJ 50002372 (sz=24, trace=300000, class=java.lang.String@50000181)
	value		500023a8
OBJ 50002373 (sz=24, trace=300000, class=java.lang.String@50000181)
	value		500023a7
OBJ 50002374 (sz=24, trace=300000, class=java.lang.String@50000181)
	value		500023a6
OBJ 50002375 (sz=24, trace=300000, class=java.lang.String@50000181)
	value		500023a5
OBJ 50002376 (sz=24, trace=300000, class=java.lang.String@50000181)
	value		500023a4
OBJ 50002377 (sz=24, trace=300000, class=java.lang.String@50000181)
	value		500023a3
OBJ 50002378 (sz=24, trace=300000, class=java.lang.String@50000181)
	value		500023a2
OBJ 50002379 (sz=24, trace=300000, class=java.lang.String@50000181)
	value		500023a1
OBJ 5000237a (sz=24, trace=300000, class=java.lang.String@50000181)
	value		500023a0
OBJ 5000237b (sz=24, trace=300000, class=java.lang.String@50000181)
	value		5000239f
OBJ 5000237c (sz=24, trace=300000, class=java.lang.String@50000181)
	value		5000239e
OBJ 5000237d (sz=24, trace=300000, class=java.lang.String@50000181)
	value		5000239d
OBJ 5000237e (sz=24, trace=300000, class=java.lang.String@50000181)
	value		5000239c
OBJ 5000237f (sz=24, trace=300000, class=java.lang.String@50000181)
	value		5000239b
OBJ 50002380 (sz=24, trace=300000, class=java.lang.String@50000181)
	value		5000239a
OBJ 50002381 (sz=24, trace=300000, class=java.lang.String@50000181)
	value		50002399
OBJ 50002382 (sz=24, trace=300000, class=java.lang.String@50000181)
	value		50002398
OBJ 50002383 (sz=24, trace=300000, class=java.lang.String@50000181)
	value		50002397
OBJ 50002384 (sz=24, trace=300000, class=java.lang.String@50000181)
	value		50002396
OBJ 50002385 (sz=24, trace=300000, class=java.lang.String@50000181)
	value		50002395
OBJ 50002386 (sz=24, trace=300000, class=java.lang.String@50000181)
	value		500023f1
OBJ 50002387 (sz=24, trace=300000, class=java.lang.String@50000181)
	value		500023f0
OBJ 50002388 (sz=24, trace=300000, class=java.lang.String@50000181)
	value		500023ef
OBJ 50002389 (sz=24, trace=300000, class=java.lang.String@50000181)
	value		500023ee
OBJ 5000238a (sz=24, trace=300000, class=java.lang.String@50000181)
	value		500023ed
OBJ 5000238b (sz=24, trace=300000, class=java.lang.String@50000181)
	value		500023ec
OBJ 5000238c (sz=24, trace=300000, class=java.lang.String@50000181)
	value		500023eb
OBJ 5000238d (sz=24, trace=300000, class=java.lang.String@50000181)
	value		50002394
ARR 5000238e (sz=512, trace=300000, nelems=256, elem type=char[])
ARR 5000238f (sz=57344, trace=300000, nelems=28672, elem type=char[])
ARR 50002390 (sz=512, trace=300000, nelems=256, elem type=char[])
ARR 50002391 (sz=1040, trace=300000, nelems=256, elem type=char[][]@500000a2)
	[0]		50002412
	[1]		50002412
	[2]		50002412
	[3]		50002412
	[4]		50002412
	[5]		50002412
	[6]		50002412
	[7]		50002412
	[8]		50002412
	[9]		50002412
	[10]		50002412
	[11]		50002412
	[12]		50002412
	[13]		50002412
	[14]		50002412
	[15]		50002412
	[16]		50002412
	[17]		50002412
	[18]		50002412
	[19]		50002412
	[20]		50002412
	[21]		50002412
	[22]		50002412
	[23]		50002412
	[24]		50002412
	[25]		50002412
	[26]		50002412
	[27]		50002412
	[28]		50002412
	[29]		50002412
	[30]		50002412
	[31]		50002412
	[32]		50002412
	[33]		50002412
	[34]		50002412
	[35]		50002412
	[36]		50002412
	[37]		50002412
	[38]		50002412
	[39]		50002412
	[40]		50002412
	[41]		50002412
	[42]		50002412
	[43]		50002412
	[44]		50002412
	[45]		50002412
	[46]		50002412
	[47]		50002412
	[48]		50002412
	[49]		50002412
	[50]		50002412
	[51]		50002412
	[52]		50002412
	[53]		50002412
	[54]		50002412
	[55]		50002412
	[56]		50002412
	[57]		50002412
	[58]		50002412
	[59]		50002412
	[60]		50002412
	[61]		50002412
	[62]		50002412
	[63]		50002412
	[64]		50002412
	[65]		50002412
	[66]		50002412
	[67]		50002412
	[68]		50002412
	[69]		50002412
	[70]		50002412
	[71]		50002412
	[72]		50002412
	[73]		50002412
	[74]		50002412
	[75]		50002412
	[76]		50002412
	[77]		50002412
	[78]		50002412
	[79]		50002412
	[80]		50002412
	[81]		50002412
	[82]		50002412
	[83]		50002412
	[84]		50002412
	[85]		50002412
	[86]		50002412
	[87]		50002412
	[88]		50002412
	[89]		50002412
	[90]		50002412
	[91]		50002412
	[92]		50002412
	[93]		50002412
	[94]		50002412
	[95]		50002412
	[96]		50002412
	[97]		50002412
	[98]		50002412
	[99]		50002412
	[100]		50002412
	[101]		50002412
	[102]		50002412
	[103]		50002412
	[104]		50002412
	[105]		50002412
	[106]		50002412
	[107]		50002412
	[108]		50002412
	[109]		50002412
	[110]		50002412
	[111]		50002412
	[112]		50002412
	[113]		50002412
	[114]		50002412
	[115]		50002412
	[116]		50002412
	[117]		50002412
	[118]		50002412
	[119]		50002412
	[120]		50002412
	[121]		50002412
	[122]		50002412
	[123]		50002412
	[124]		50002412
	[125]		50002412
	[126]		50002412
	[127]		50002412
	[128]		50002412
	[129]		50002413
	[130]		50002414
	[131]		50002415
	[132]		50002416
	[133]		50002417
	[134]		50002418
	[135]		50002419
	[136]		5000241a
	[137]		5000241b
	[138]		5000241c
	[139]		5000241d
	[140]		5000241e
	[141]		5000241f
	[142]		50002420
	[143]		50002421
	[144]		50002422
	[145]		50002423
	[146]		50002424
	[147]		50002425
	[148]		50002426
	[149]		50002427
	[150]		50002428
	[151]		50002429
	[152]		5000242a
	[153]		5000242b
	[154]		5000242c
	[155]		5000242d
	[156]		5000242e
	[157]		5000242f
	[158]		50002430
	[159]		50002431
	[160]		50002432
	[161]		50002433
	[162]		50002434
	[163]		50002435
	[164]		50002436
	[165]		50002437
	[166]		50002438
	[167]		50002439
	[168]		5000243a
	[169]		5000243b
	[170]		5000243c
	[171]		5000243d
	[172]		5000243e
	[173]		5000243f
	[174]		50002440
	[175]		50002441
	[176]		50002442
	[177]		50002443
	[178]		50002444
	[179]		50002445
	[180]		50002446
	[181]		50002447
	[182]		50002448
	[183]		50002449
	[184]		5000244a
	[185]		5000244b
	[186]		5000244c
	[187]		5000244d
	[188]		5000244e
	[189]		5000244f
	[190]		50002450
	[191]		50002451
	[192]		50002452
	[193]		50002453
	[194]		50002454
	[195]		50002455
	[196]		50002456
	[197]		50002457
	[198]		50002458
	[199]		50002459
	[200]		5000245a
	[201]		5000245b
	[202]		5000245c
	[203]		5000245d
	[204]		5000245e
	[205]		5000245f
	[206]		50002460
	[207]		50002461
	[208]		50002462
	[209]		50002463
	[210]		50002464
	[211]		50002465
	[212]		50002466
	[213]		50002467
	[214]		50002468
	[215]		50002469
	[216]		5000246a
	[217]		5000246b
	[218]		5000246c
	[219]		5000246d
	[220]		5000246e
	[221]		5000246f
	[222]		50002470
	[223]		50002471
	[224]		50002472
	[225]		50002473
	[226]		50002474
	[227]		50002475
	[228]		50002476
	[229]		50002477
	[230]		50002478
	[231]		50002479
	[232]		5000247a
	[233]		5000247b
	[234]		5000247c
	[235]		5000247d
	[236]		5000247e
	[237]		5000247f
	[238]		50002480
	[239]		50002481
	[240]		50002482
	[241]		50002483
	[242]		50002484
	[243]		50002485
	[244]		50002486
	[245]		50002487
	[246]		50002488
	[247]		50002489
	[248]		5000248a
	[249]		5000248b
	[250]		5000248c
	[251]		5000248d
	[252]		5000248e
	[253]		5000248f
	[254]		50002490
	[255]		50002412
ARR 50002392 (sz=1040, trace=300000, nelems=255, elem type=java.lang.String[]@500000db)
	[129]		50002312
	[130]		50002313
	[131]		50002314
	[132]		50002315
	[133]		50002316
	[134]		50002317
	[135]		50002318
	[136]		50002319
	[137]		5000231a
	[138]		5000231b
	[139]		5000231c
	[140]		5000231d
	[141]		5000231e
	[142]		5000231f
	[143]		50002320
	[144]		50002321
	[145]		50002322
	[146]		50002323
	[147]		50002324
	[148]		50002325
	[149]		50002326
	[150]		50002327
	[151]		50002328
	[152]		50002329
	[153]		5000232a
	[154]		5000232b
	[155]		5000232c
	[156]		5000232d
	[157]		5000232e
	[158]		5000232f
	[159]		50002330
	[160]		50002331
	[161]		50002386
	[162]		50002387
	[163]		50002388
	[164]		50002389
	[165]		5000238a
	[166]		5000238b
	[167]		5000238c
	[168]		50002310
	[169]		50002311
	[170]		50002332
	[171]		50002333
	[172]		50002334
	[173]		50002335
	[174]		50002336
	[175]		50002337
	[176]		50002338
	[177]		50002339
	[178]		5000233a
	[179]		5000233b
	[180]		5000233c
	[181]		5000233d
	[182]		5000233e
	[183]		5000233f
	[184]		50002340
	[185]		50002341
	[186]		50002342
	[187]		50002343
	[188]		50002344
	[189]		50002345
	[190]		50002346
	[191]		50002347
	[192]		50002348
	[193]		50002349
	[194]		5000234a
	[195]		5000234b
	[196]		5000234c
	[197]		5000234d
	[198]		5000234e
	[199]		5000234f
	[200]		50002350
	[201]		50002351
	[202]		50002352
	[203]		50002353
	[204]		50002354
	[205]		50002355
	[206]		50002356
	[207]		50002357
	[208]		50002358
	[209]		50002359
	[210]		5000235a
	[211]		5000235b
	[212]		5000235c
	[213]		5000235d
	[214]		5000235e
	[215]		5000235f
	[216]		50002360
	[217]		50002361
	[218]		50002362
	[219]		50002363
	[220]		50002364
	[221]		50002365
	[222]		50002366
	[223]		50002367
	[224]		50002368
	[225]		50002369
	[226]		5000236a
	[227]		5000236b
	[228]		5000236c
	[229]		5000236d
	[230]		5000236e
	[231]		5000236f
	[232]		50002370
	[233]		50002371
	[234]		50002372
	[235]		50002373
	[236]		50002374
	[237]		50002375
	[238]		50002376
	[239]		50002377
	[240]		50002378
	[241]		50002379
	[242]		5000237a
	[243]		5000237b
	[244]		5000237c
	[245]		5000237d
	[246]		5000237e
	[247]		5000237f
	[248]		50002380
	[249]		50002381
	[250]		50002382
	[251]		50002383
	[252]		50002384
	[253]		50002385
	[254]		5000238d
ARR 50002393 (sz=512, trace=300000, nelems=256, elem type=char[])
ARR 50002394 (sz=382, trace=300000, nelems=191, elem type=char[])
ARR 50002395 (sz=382, trace=300000, nelems=191, elem type=char[])
ARR 50002396 (sz=382, trace=300000, nelems=191, elem type=char[])
ARR 50002397 (sz=382, trace=300000, nelems=191, elem type=char[])
ARR 50002398 (sz=382, trace=300000, nelems=191, elem type=char[])
ARR 50002399 (sz=382, trace=300000, nelems=191, elem type=char[])
ARR 5000239a (sz=382, trace=300000, nelems=191, elem type=char[])
ARR 5000239b (sz=382, trace=300000, nelems=191, elem type=char[])
ARR 5000239c (sz=382, trace=300000, nelems=191, elem type=char[])
ARR 5000239d (sz=382, trace=300000, nelems=191, elem type=char[])
ARR 5000239e (sz=382, trace=300000, nelems=191, elem type=char[])
ARR 5000239f (sz=382, trace=300000, nelems=191, elem type=char[])
ARR 500023a0 (sz=382, trace=300000, nelems=191, elem type=char[])
ARR 500023a1 (sz=382, trace=300000, nelems=191, elem type=char[])
ARR 500023a2 (sz=382, trace=300000, nelems=191, elem type=char[])
ARR 500023a3 (sz=382, trace=300000, nelems=191, elem type=char[])
ARR 500023a4 (sz=382, trace=300000, nelems=191, elem type=char[])
ARR 500023a5 (sz=382, trace=300000, nelems=191, elem type=char[])
ARR 500023a6 (sz=382, trace=300000, nelems=191, elem type=char[])
ARR 500023a7 (sz=382, trace=300000, nelems=191, elem type=char[])
ARR 500023a8 (sz=382, trace=300000, nelems=191, elem type=char[])
ARR 500023a9 (sz=382, trace=300000, nelems=191, elem type=char[])
ARR 500023aa (sz=382, trace=300000, nelems=191, elem type=char[])
ARR 500023ab (sz=382, trace=300000, nelems=191, elem type=char[])
ARR 500023ac (sz=382, trace=300000, nelems=191, elem type=char[])
ARR 500023ad (sz=382, trace=300000, nelems=191, elem type=char[])
ARR 500023ae (sz=382, trace=300000, nelems=191, elem type=char[])
ARR 500023af (sz=382, trace=300000, nelems=191, elem type=char[])
ARR 500023b0 (sz=382, trace=300000, nelems=191, elem type=char[])
ARR 500023b1 (sz=382, trace=300000, nelems=191, elem type=char[])
ARR 500023b2 (sz=382, trace=300000, nelems=191, elem type=char[])
ARR 500023b3 (sz=382, trace=300000, nelems=191, elem type=char[])
ARR 500023b4 (sz=382, trace=300000, nelems=191, elem type=char[])
ARR 500023b5 (sz=382, trace=300000, nelems=191, elem type=char[])
ARR 500023b6 (sz=382, trace=300000, nelems=191, elem type=char[])
ARR 500023b7 (sz=382, trace=300000, nelems=191, elem type=char[])
ARR 500023b8 (sz=382, trace=300000, nelems=191, elem type=char[])
ARR 500023b9 (sz=382, trace=300000, nelems=191, elem type=char[])
ARR 500023ba (sz=382, trace=300000, nelems=191, elem type=char[])
ARR 500023bb (sz=382, trace=300000, nelems=191, elem type=char[])
ARR 500023bc (sz=382, trace=300000, nelems=191, elem type=char[])
ARR 500023bd (sz=382, trace=300000, nelems=191, elem type=char[])
ARR 500023be (sz=382, trace=300000, nelems=191, elem type=char[])
ARR 500023bf (sz=382, trace=300000, nelems=191, elem type=char[])
ARR 500023c0 (sz=382, trace=300000, nelems=191, elem type=char[])
ARR 500023c1 (sz=382, trace=300000, nelems=191, elem type=char[])
ARR 500023c2 (sz=382, trace=300000, nelems=191, elem type=char[])
ARR 500023c3 (sz=382, trace=300000, nelems=191, elem type=char[])
ARR 500023c4 (sz=382, trace=300000, nelems=191, elem type=char[])
ARR 500023c5 (sz=382, trace=300000, nelems=191, elem type=char[])
ARR 500023c6 (sz=382, trace=300000, nelems=191, elem type=char[])
ARR 500023c7 (sz=382, trace=300000, nelems=191, elem type=char[])
ARR 500023c8 (sz=382, trace=300000, nelems=191, elem type=char[])
ARR 500023c9 (sz=382, trace=300000, nelems=191, elem type=char[])
ARR 500023ca (sz=382, trace=300000, nelems=191, elem type=char[])
ARR 500023cb (sz=382, trace=300000, nelems=191, elem type=char[])
ARR 500023cc (sz=382, trace=300000, nelems=191, elem type=char[])
ARR 500023cd (sz=382, trace=300000, nelems=191, elem type=char[])
ARR 500023ce (sz=382, trace=300000, nelems=191, elem type=char[])
ARR 500023cf (sz=382, trace=300000, nelems=191, elem type=char[])
ARR 500023d0 (sz=382, trace=300000, nelems=191, elem type=char[])
ARR 500023d1 (sz=382, trace=300000, nelems=191, elem type=char[])
ARR 500023d2 (sz=382, trace=300000, nelems=191, elem type=char[])
ARR 500023d3 (sz=382, trace=300000, nelems=191, elem type=char[])
ARR 500023d4 (sz=382, trace=300000, nelems=191, elem type=char[])
ARR 500023d5 (sz=382, trace=300000, nelems=191, elem type=char[])
ARR 500023d6 (sz=382, trace=300000, nelems=191, elem type=char[])
ARR 500023d7 (sz=382, trace=300000, nelems=191, elem type=char[])
ARR 500023d8 (sz=382, trace=300000, nelems=191, elem type=char[])
ARR 500023d9 (sz=382, trace=300000, nelems=191, elem type=char[])
ARR 500023da (sz=382, trace=300000, nelems=191, elem type=char[])
ARR 500023db (sz=382, trace=300000, nelems=191, elem type=char[])
ARR 500023dc (sz=382, trace=300000, nelems=191, elem type=char[])
ARR 500023dd (sz=382, trace=300000, nelems=191, elem type=char[])
ARR 500023de (sz=382, trace=300000, nelems=191, elem type=char[])
ARR 500023df (sz=382, trace=300000, nelems=191, elem type=char[])
ARR 500023e0 (sz=382, trace=300000, nelems=191, elem type=char[])
ARR 500023e1 (sz=382, trace=300000, nelems=191, elem type=char[])
ARR 500023e2 (sz=382, trace=300000, nelems=191, elem type=char[])
ARR 500023e3 (sz=382, trace=300000, nelems=191, elem type=char[])
ARR 500023e4 (sz=382, trace=300000, nelems=191, elem type=char[])
ARR 500023e5 (sz=382, trace=300000, nelems=191, elem type=char[])
ARR 500023e6 (sz=382, trace=300000, nelems=191, elem type=char[])
ARR 500023e7 (sz=382, trace=300000, nelems=191, elem type=char[])
ARR 500023e8 (sz=382, trace=300000, nelems=191, elem type=char[])
ARR 500023e9 (sz=382, trace=300000, nelems=191, elem type=char[])
ARR 500023ea (sz=382, trace=300000, nelems=191, elem type=char[])
ARR 500023eb (sz=382, trace=300000, nelems=191, elem type=char[])
ARR 500023ec (sz=382, trace=300000, nelems=191, elem type=char[])
ARR 500023ed (sz=382, trace=300000, nelems=191, elem type=char[])
ARR 500023ee (sz=382, trace=300000, nelems=191, elem type=char[])
ARR 500023ef (sz=382, trace=300000, nelems=191, elem type=char[])
ARR 500023f0 (sz=382, trace=300000, nelems=191, elem type=char[])
ARR 500023f1 (sz=382, trace=300000, nelems=191, elem type=char[])
ARR 500023f2 (sz=382, trace=300000, nelems=191, elem type=char[])
ARR 500023f3 (sz=382, trace=300000, nelems=191, elem type=char[])
ARR 500023f4 (sz=382, trace=300000, nelems=191, elem type=char[])
ARR 500023f5 (sz=382, trace=300000, nelems=191, elem type=char[])
ARR 500023f6 (sz=382, trace=300000, nelems=191, elem type=char[])
ARR 500023f7 (sz=382, trace=300000, nelems=191, elem type=char[])
ARR 500023f8 (sz=382, trace=300000, nelems=191, elem type=char[])
ARR 500023f9 (sz=382, trace=300000, nelems=191, elem type=char[])
ARR 500023fa (sz=382, trace=300000, nelems=191, elem type=char[])
ARR 500023fb (sz=382, trace=300000, nelems=191, elem type=char[])
ARR 500023fc (sz=382, trace=300000, nelems=191, elem type=char[])
ARR 500023fd (sz=382, trace=300000, nelems=191, elem type=char[])
ARR 500023fe (sz=382, trace=300000, nelems=191, elem type=char[])
ARR 500023ff (sz=382, trace=300000, nelems=191, elem type=char[])
ARR 50002400 (sz=382, trace=300000, nelems=191, elem type=char[])
ARR 50002401 (sz=382, trace=300000, nelems=191, elem type=char[])
ARR 50002402 (sz=382, trace=300000, nelems=191, elem type=char[])
ARR 50002403 (sz=382, trace=300000, nelems=191, elem type=char[])
ARR 50002404 (sz=382, trace=300000, nelems=191, elem type=char[])
ARR 50002405 (sz=382, trace=300000, nelems=191, elem type=char[])
ARR 50002406 (sz=382, trace=300000, nelems=191, elem type=char[])
ARR 50002407 (sz=382, trace=300000, nelems=191, elem type=char[])
ARR 50002408 (sz=382, trace=300000, nelems=191, elem type=char[])
ARR 50002409 (sz=382, trace=300000, nelems=191, elem type=char[])
ARR 5000240a (sz=382, trace=300000, nelems=191, elem type=char[])
ARR 5000240b (sz=382, trace=300000, nelems=191, elem type=char[])
ARR 5000240c (sz=382, trace=300000, nelems=191, elem type=char[])
ARR 5000240d (sz=382, trace=300000, nelems=191, elem type=char[])
ARR 5000240e (sz=382, trace=300000, nelems=191, elem type=char[])
ARR 5000240f (sz=382, trace=300000, nelems=191, elem type=char[])
ARR 50002410 (sz=382, trace=300000, nelems=191, elem type=char[])
ARR 50002411 (sz=382, trace=300000, nelems=191, elem type=char[])
ARR 50002412 (sz=512, trace=300000, nelems=256, elem type=char[])
ARR 50002413 (sz=382, trace=300000, nelems=191, elem type=char[])
ARR 50002414 (sz=382, trace=300000, nelems=191, elem type=char[])
ARR 50002415 (sz=382, trace=300000, nelems=191, elem type=char[])
ARR 50002416 (sz=382, trace=300000, nelems=191, elem type=char[])
ARR 50002417 (sz=382, trace=300000, nelems=191, elem type=char[])
ARR 50002418 (sz=382, trace=300000, nelems=191, elem type=char[])
ARR 50002419 (sz=382, trace=300000, nelems=191, elem type=char[])
ARR 5000241a (sz=382, trace=300000, nelems=191, elem type=char[])
ARR 5000241b (sz=382, trace=300000, nelems=191, elem type=char[])
ARR 5000241c (sz=382, trace=300000, nelems=191, elem type=char[])
ARR 5000241d (sz=382, trace=300000, nelems=191, elem type=char[])
ARR 5000241e (sz=382, trace=300000, nelems=191, elem type=char[])
ARR 5000241f (sz=382, trace=300000, nelems=191, elem type=char[])
ARR 50002420 (sz=382, trace=300000, nelems=191, elem type=char[])
ARR 50002421 (sz=382, trace=300000, nelems=191, elem type=char[])
ARR 50002422 (sz=382, trace=300000, nelems=191, elem type=char[])
ARR 50002423 (sz=382, trace=300000, nelems=191, elem type=char[])
ARR 50002424 (sz=382, trace=300000, nelems=191, elem type=char[])
ARR 50002425 (sz=382, trace=300000, nelems=191, elem type=char[])
ARR 50002426 (sz=382, trace=300000, nelems=191, elem type=char[])
ARR 50002427 (sz=382, trace=300000, nelems=191, elem type=char[])
ARR 50002428 (sz=382, trace=300000, nelems=191, elem type=char[])
ARR 50002429 (sz=382, trace=300000, nelems=191, elem type=char[])
ARR 5000242a (sz=382, trace=300000, nelems=191, elem type=char[])
ARR 5000242b (sz=382, trace=300000, nelems=191, elem type=char[])
ARR 5000242c (sz=382, trace=300000, nelems=191, elem type=char[])
ARR 5000242d (sz=382, trace=300000, nelems=191, elem type=char[])
ARR 5000242e (sz=382, trace=300000, nelems=191, elem type=char[])
ARR 5000242f (sz=382, trace=300000, nelems=191, elem type=char[])
ARR 50002430 (sz=382, trace=300000, nelems=191, elem type=char[])
ARR 50002431 (sz=382, trace=300000, nelems=191, elem type=char[])
ARR 50002432 (sz=382, trace=300000, nelems=191, elem type=char[])
ARR 50002433 (sz=382, trace=300000, nelems=191, elem type=char[])
ARR 50002434 (sz=382, trace=300000, nelems=191, elem type=char[])
ARR 50002435 (sz=382, trace=300000, nelems=191, elem type=char[])
ARR 50002436 (sz=382, trace=300000, nelems=191, elem type=char[])
ARR 50002437 (sz=382, trace=300000, nelems=191, elem type=char[])
ARR 50002438 (sz=382, trace=300000, nelems=191, elem type=char[])
ARR 50002439 (sz=382, trace=300000, nelems=191, elem type=char[])
ARR 5000243a (sz=382, trace=300000, nelems=191, elem type=char[])
ARR 5000243b (sz=382, trace=300000, nelems=191, elem type=char[])
ARR 5000243c (sz=382, trace=300000, nelems=191, elem type=char[])
ARR 5000243d (sz=382, trace=300000, nelems=191, elem type=char[])
ARR 5000243e (sz=382, trace=300000, nelems=191, elem type=char[])
ARR 5000243f (sz=382, trace=300000, nelems=191, elem type=char[])
ARR 50002440 (sz=382, trace=300000, nelems=191, elem type=char[])
ARR 50002441 (sz=382, trace=300000, nelems=191, elem type=char[])
ARR 50002442 (sz=382, trace=300000, nelems=191, elem type=char[])
ARR 50002443 (sz=382, trace=300000, nelems=191, elem type=char[])
ARR 50002444 (sz=382, trace=300000, nelems=191, elem type=char[])
ARR 50002445 (sz=382, trace=300000, nelems=191, elem type=char[])
ARR 50002446 (sz=382, trace=300000, nelems=191, elem type=char[])
ARR 50002447 (sz=382, trace=300000, nelems=191, elem type=char[])
ARR 50002448 (sz=382, trace=300000, nelems=191, elem type=char[])
ARR 50002449 (sz=382, trace=300000, nelems=191, elem type=char[])
ARR 5000244a (sz=382, trace=300000, nelems=191, elem type=char[])
ARR 5000244b (sz=382, trace=300000, nelems=191, elem type=char[])
ARR 5000244c (sz=382, trace=300000, nelems=191, elem type=char[])
ARR 5000244d (sz=382, trace=300000, nelems=191, elem type=char[])
ARR 5000244e (sz=382, trace=300000, nelems=191, elem type=char[])
ARR 5000244f (sz=382, trace=300000, nelems=191, elem type=char[])
ARR 50002450 (sz=382, trace=300000, nelems=191, elem type=char[])
ARR 50002451 (sz=382, trace=300000, nelems=191, elem type=char[])
ARR 50002452 (sz=382, trace=300000, nelems=191, elem type=char[])
ARR 50002453 (sz=382, trace=300000, nelems=191, elem type=char[])
ARR 50002454 (sz=382, trace=300000, nelems=191, elem type=char[])
ARR 50002455 (sz=382, trace=300000, nelems=191, elem type=char[])
ARR 50002456 (sz=382, trace=300000, nelems=191, elem type=char[])
ARR 50002457 (sz=382, trace=300000, nelems=191, elem type=char[])
ARR 50002458 (sz=382, trace=300000, nelems=191, elem type=char[])
ARR 50002459 (sz=382, trace=300000, nelems=191, elem type=char[])
ARR 5000245a (sz=382, trace=300000, nelems=191, elem type=char[])
ARR 5000245b (sz=382, trace=300000, nelems=191, elem type=char[])
ARR 5000245c (sz=382, trace=300000, nelems=191, elem type=char[])
ARR 5000245d (sz=382, trace=300000, nelems=191, elem type=char[])
ARR 5000245e (sz=382, trace=300000, nelems=191, elem type=char[])
ARR 5000245f (sz=382, trace=300000, nelems=191, elem type=char[])
ARR 50002460 (sz=382, trace=300000, nelems=191, elem type=char[])
ARR 50002461 (sz=382, trace=300000, nelems=191, elem type=char[])
ARR 50002462 (sz=382, trace=300000, nelems=191, elem type=char[])
ARR 50002463 (sz=382, trace=300000, nelems=191, elem type=char[])
ARR 50002464 (sz=382, trace=300000, nelems=191, elem type=char[])
ARR 50002465 (sz=382, trace=300000, nelems=191, elem type=char[])
ARR 50002466 (sz=382, trace=300000, nelems=191, elem type=char[])
ARR 50002467 (sz=382, trace=300000, nelems=191, elem type=char[])
ARR 50002468 (sz=382, trace=300000, nelems=191, elem type=char[])
ARR 50002469 (sz=382, trace=300000, nelems=191, elem type=char[])
ARR 5000246a (sz=382, trace=300000, nelems=191, elem type=char[])
ARR 5000246b (sz=382, trace=300000, nelems=191, elem type=char[])
ARR 5000246c (sz=382, trace=300000, nelems=191, elem type=char[])
ARR 5000246d (sz=382, trace=300000, nelems=191, elem type=char[])
ARR 5000246e (sz=382, trace=300000, nelems=191, elem type=char[])
ARR 5000246f (sz=382, trace=300000, nelems=191, elem type=char[])
ARR 50002470 (sz=382, trace=300000, nelems=191, elem type=char[])
ARR 50002471 (sz=382, trace=300000, nelems=191, elem type=char[])
ARR 50002472 (sz=382, trace=300000, nelems=191, elem type=char[])
ARR 50002473 (sz=382, trace=300000, nelems=191, elem type=char[])
ARR 50002474 (sz=382, trace=300000, nelems=191, elem type=char[])
ARR 50002475 (sz=382, trace=300000, nelems=191, elem type=char[])
ARR 50002476 (sz=382, trace=300000, nelems=191, elem type=char[])
ARR 50002477 (sz=382, trace=300000, nelems=191, elem type=char[])
ARR 50002478 (sz=382, trace=300000, nelems=191, elem type=char[])
ARR 50002479 (sz=382, trace=300000, nelems=191, elem type=char[])
ARR 5000247a (sz=382, trace=300000, nelems=191, elem type=char[])
ARR 5000247b (sz=382, trace=300000, nelems=191, elem type=char[])
ARR 5000247c (sz=382, trace=300000, nelems=191, elem type=char[])
ARR 5000247d (sz=382, trace=300000, nelems=191, elem type=char[])
ARR 5000247e (sz=382, trace=300000, nelems=191, elem type=char[])
ARR 5000247f (sz=382, trace=300000, nelems=191, elem type=char[])
ARR 50002480 (sz=382, trace=300000, nelems=191, elem type=char[])
ARR 50002481 (sz=382, trace=300000, nelems=191, elem type=char[])
ARR 50002482 (sz=382, trace=300000, nelems=191, elem type=char[])
ARR 50002483 (sz=382, trace=300000, nelems=191, elem type=char[])
ARR 50002484 (sz=382, trace=300000, nelems=191, elem type=char[])
ARR 50002485 (sz=382, trace=300000, nelems=191, elem type=char[])
ARR 50002486 (sz=382, trace=300000, nelems=191, elem type=char[])
ARR 50002487 (sz=382, trace=300000, nelems=191, elem type=char[])
ARR 50002488 (sz=382, trace=300000, nelems=191, elem type=char[])
ARR 50002489 (sz=382, trace=300000, nelems=191, elem type=char[])
ARR 5000248a (sz=382, trace=300000, nelems=191, elem type=char[])
ARR 5000248b (sz=382, trace=300000, nelems=191, elem type=char[])
ARR 5000248c (sz=382, trace=300000, nelems=191, elem type=char[])
ARR 5000248d (sz=382, trace=300000, nelems=191, elem type=char[])
ARR 5000248e (sz=382, trace=300000, nelems=191, elem type=char[])
ARR 5000248f (sz=382, trace=300000, nelems=191, elem type=char[])
ARR 50002490 (sz=382, trace=300000, nelems=191, elem type=char[])
OBJ 50002491 (sz=24, trace=300000, class=java.lang.String@50000181)
	value		50002907
OBJ 50002492 (sz=24, trace=300000, class=java.lang.String@50000181)
	value		50002946
OBJ 50002493 (sz=24, trace=300000, class=java.lang.String@50000181)
	value		5000295f
OBJ 50002494 (sz=24, trace=300000, class=java.lang.String@50000181)
	value		5000296a
OBJ 50002495 (sz=24, trace=300000, class=java.lang.String@50000181)
	value		5000296b
OBJ 50002496 (sz=24, trace=300000, class=java.lang.String@50000181)
	value		50002954
OBJ 50002497 (sz=24, trace=300000, class=java.lang.String@50000181)
	value		50002972
OBJ 50002498 (sz=24, trace=300000, class=java.lang.String@50000181)
	value		50002990
OBJ 50002499 (sz=24, trace=300000, class=java.lang.String@50000181)
	value		50002793
OBJ 5000249a (sz=24, trace=300000, class=java.lang.String@50000181)
	value		50002791
OBJ 5000249b (sz=24, trace=300000, class=java.lang.String@50000181)
	value		50002792
OBJ 5000249c (sz=24, trace=300000, class=java.lang.String@50000181)
	value		50002812
OBJ 5000249d (sz=24, trace=300000, class=java.lang.String@50000181)
	value		50002781
OBJ 5000249e (sz=24, trace=300000, class=java.lang.String@50000181)
	value		50002b04
OBJ 5000249f (sz=24, trace=300000, class=java.lang.String@50000181)
	value		50002798
OBJ 500024a0 (sz=24, trace=300000, class=java.lang.String@50000181)
	value		5000279a
OBJ 500024a1 (sz=24, trace=300000, class=java.lang.String@50000181)
	value		50002ac5
OBJ 500024a2 (sz=24, trace=300000, class=java.lang.String@50000181)
	value		5000279d
OBJ 500024a3 (sz=24, trace=300000, class=java.lang.String@50000181)
	value		50002799
OBJ 500024a4 (sz=24, trace=300000, class=java.lang.String@50000181)
	value		50002828
OBJ 500024a5 (sz=24, trace=300000, class=java.lang.String@50000181)
	value		5000282a
OBJ 500024a6 (sz=24, trace=300000, class=java.lang.String@50000181)
	value		50002b0f
OBJ 500024a7 (sz=24, trace=300000, class=java.lang.String@50000181)
	value		5000279b
OBJ 500024a8 (sz=24, trace=300000, class=java.lang.String@50000181)
	value		50002826
OBJ 500024a9 (sz=24, trace=300000, class=java.lang.String@50000181)
	value		50002b1e
OBJ 500024aa (sz=24, trace=300000, class=java.lang.String@50000181)
	value		50002796
OBJ 500024ab (sz=24, trace=300000, class=java.lang.String@50000181)
	value		5000279c
OBJ 500024ac (sz=24, trace=300000, class=java.lang.String@50000181)
	value		50002859
OBJ 500024ad (sz=24, trace=300000, class=java.lang.String@50000181)
	value		5000288d
OBJ 500024ae (sz=24, trace=300000, class=java.lang.String@50000181)
	value		500027e6
OBJ 500024af (sz=24, trace=300000, class=java.lang.String@50000181)
	value		50002c3a
OBJ 500024b0 (sz=24, trace=300000, class=java.lang.String@50000181)
	value		50002c39
OBJ 500024b1 (sz=24, trace=300000, class=java.lang.String@50000181)
	value		500027eb
OBJ 500024b2 (sz=24, trace=300000, class=java.lang.String@50000181)
	value		50002784
OBJ 500024b3 (sz=24, trace=300000, class=java.lang.String@50000181)
	value		500027f5
OBJ 500024b4 (sz=24, trace=300000, class=java.lang.String@50000181)
	value		500027f3
OBJ 500024b5 (sz=24, trace=300000, class=java.lang.String@50000181)
	value		500027fb
OBJ 500024b6 (sz=24, trace=300000, class=java.lang.String@50000181)
	value		500027f9
OBJ 500024b7 (sz=24, trace=300000, class=java.lang.String@50000181)
	value		50002c46
OBJ 500024b8 (sz=24, trace=300000, class=java.lang.String@50000181)
	value		50002c45
OBJ 500024b9 (sz=24, trace=300000, class=java.lang.String@50000181)
	value		50002c49
OBJ 500024ba (sz=24, trace=300000, class=java.lang.String@50000181)
	value		50002c5c
OBJ 500024bb (sz=24, trace=300000, class=java.lang.String@50000181)
	value		500027e7
OBJ 500024bc (sz=24, trace=300000, class=java.lang.String@50000181)
	value		50002816
OBJ 500024bd (sz=24, trace=300000, class=java.lang.String@50000181)
	value		5000289c
OBJ 500024be (sz=24, trace=300000, class=java.lang.String@50000181)
	value		500027ec
OBJ 500024bf (sz=24, trace=300000, class=java.lang.String@50000181)
	value		50002785
OBJ 500024c0 (sz=24, trace=300000, class=java.lang.String@50000181)
	value		500027f6
OBJ 500024c1 (sz=24, trace=300000, class=java.lang.String@50000181)
	value		50002c5b
OBJ 500024c2 (sz=24, trace=300000, class=java.lang.String@50000181)
	value		50002c60
OBJ 500024c3 (sz=24, trace=300000, class=java.lang.String@50000181)
	value		50002c5f
OBJ 500024c4 (sz=24, trace=300000, class=java.lang.String@50000181)
	value		50002c55
OBJ 500024c5 (sz=24, trace=300000, class=java.lang.String@50000181)
	value		50002c6b
OBJ 500024c6 (sz=24, trace=300000, class=java.lang.String@50000181)
	value		50002c6a
OBJ 500024c7 (sz=24, trace=300000, class=java.lang.String@50000181)
	value		50002c6f
OBJ 500024c8 (sz=24, trace=300000, class=java.lang.String@50000181)
	value		50002c6e
OBJ 500024c9 (sz=24, trace=300000, class=java.lang.String@50000181)
	value		50002c70
OBJ 500024ca (sz=24, trace=300000, class=java.lang.String@50000181)
	value		5000289e
OBJ 500024cb (sz=24, trace=300000, class=java.lang.String@50000181)
	value		500027f4
OBJ 500024cc (sz=24, trace=300000, class=java.lang.String@50000181)
	value		500027fc
OBJ 500024cd (sz=24, trace=300000, class=java.lang.String@50000181)
	value		500027fa
OBJ 500024ce (sz=24, trace=300000, class=java.lang.String@50000181)
	value		50002c71
OBJ 500024cf (sz=24, trace=300000, class=java.lang.String@50000181)
	value		50002c52
OBJ 500024d0 (sz=24, trace=300000, class=java.lang.String@50000181)
	value		50002c77
OBJ 500024d1 (sz=24, trace=300000, class=java.lang.String@50000181)
	value		500028a0
OBJ 500024d2 (sz=24, trace=300000, class=java.lang.String@50000181)
	value		50002c76
OBJ 500024d3 (sz=24, trace=300000, class=java.lang.String@50000181)
	value		500027fd
OBJ 500024d4 (sz=24, trace=300000, class=java.lang.String@50000181)
	value		50002c79
OBJ 500024d5 (sz=24, trace=300000, class=java.lang.String@50000181)
	value		500027ef
OBJ 500024d6 (sz=24, trace=300000, class=java.lang.String@50000181)
	value		500027fe
OBJ 500024d7 (sz=24, trace=300000, class=java.lang.String@50000181)
	value		50002899
OBJ 500024d8 (sz=24, trace=300000, class=java.lang.String@50000181)
	value		500027f0
OBJ 500024d9 (sz=24, trace=300000, class=java.lang.String@50000181)
	value		50002895
OBJ 500024da (sz=24, trace=300000, class=java.lang.String@50000181)
	value		5000280e
OBJ 500024db (sz=24, trace=300000, class=java.lang.String@50000181)
	value		5000280c
OBJ 500024dc (sz=24, trace=300000, class=java.lang.String@50000181)
	value		50002810
OBJ 500024dd (sz=24, trace=300000, class=java.lang.String@50000181)
	value		500028e1
OBJ 500024de (sz=24, trace=300000, class=java.lang.String@50000181)
	value		500028df
OBJ 500024df (sz=24, trace=300000, class=java.lang.String@50000181)
	value		500028dc
OBJ 500024e0 (sz=24, trace=300000, class=java.lang.String@50000181)
	value		50002802
OBJ 500024e1 (sz=24, trace=300000, class=java.lang.String@50000181)
	value		50002caf
OBJ 500024e2 (sz=24, trace=300000, class=java.lang.String@50000181)
	value		50002cb1
OBJ 500024e3 (sz=24, trace=300000, class=java.lang.String@50000181)
	value		500028cc
OBJ 500024e4 (sz=24, trace=300000, class=java.lang.String@50000181)
	value		500028d4
OBJ 500024e5 (sz=24, trace=300000, class=java.lang.String@50000181)
	value		500028e7
OBJ 500024e6 (sz=24, trace=300000, class=java.lang.String@50000181)
	value		500028e5
OBJ 500024e7 (sz=24, trace=300000, class=java.lang.String@50000181)
	value		500028b2
OBJ 500024e8 (sz=24, trace=300000, class=java.lang.String@50000181)
	value		500028d6
OBJ 500024e9 (sz=24, trace=300000, class=java.lang.String@50000181)
	value		500028e9
OBJ 500024ea (sz=24, trace=300000, class=java.lang.String@50000181)
	value		500028d8
OBJ 500024eb (sz=24, trace=300000, class=java.lang.String@50000181)
	value		50002808
OBJ 500024ec (sz=24, trace=300000, class=java.lang.String@50000181)
	value		500028d0
OBJ 500024ed (sz=24, trace=300000, class=java.lang.String@50000181)
	value		50002ccf
OBJ 500024ee (sz=24, trace=300000, class=java.lang.String@50000181)
	value		50002807
OBJ 500024ef (sz=24, trace=300000, class=java.lang.String@50000181)
	value		50002805
OBJ 500024f0 (sz=24, trace=300000, class=java.lang.String@50000181)
	value		50002806
OBJ 500024f1 (sz=24, trace=300000, class=java.lang.String@50000181)
	value		50002cee
OBJ 500024f2 (sz=24, trace=300000, class=java.lang.String@50000181)
	value		50002995
OBJ 500024f3 (sz=24, trace=300000, class=java.lang.String@50000181)
	value		50002996
OBJ 500024f4 (sz=24, trace=300000, class=java.lang.String@50000181)
	value		50002983
OBJ 500024f5 (sz=24, trace=300000, class=java.lang.String@50000181)
	value		50002999
OBJ 500024f6 (sz=24, trace=300000, class=java.lang.String@50000181)
	value		500028f4
OBJ 500024f7 (sz=24, trace=300000, class=java.lang.String@50000181)
	value		500029a7
OBJ 500024f8 (sz=24, trace=300000, class=java.lang.String@50000181)
	value		500029a6
OBJ 500024f9 (sz=24, trace=300000, class=java.lang.String@50000181)
	value		500029a8
OBJ 500024fa (sz=24, trace=300000, class=java.lang.String@50000181)
	value		500029a0
OBJ 500024fb (sz=24, trace=300000, class=java.lang.String@50000181)
	value		500029e6
OBJ 500024fc (sz=24, trace=300000, class=java.lang.String@50000181)
	value		50002a02
OBJ 500024fd (sz=24, trace=300000, class=java.lang.String@50000181)
	value		50002a06
OBJ 500024fe (sz=24, trace=300000, class=java.lang.String@50000181)
	value		500029dd
OBJ 500024ff (sz=24, trace=300000, class=java.lang.String@50000181)
	value		50002a26
OBJ 50002500 (sz=24, trace=300000, class=java.lang.String@50000181)
	value		500028f1
OBJ 50002501 (sz=24, trace=300000, class=java.lang.String@50000181)
	value		50002a4c
OBJ 50002502 (sz=24, trace=300000, class=java.lang.String@50000181)
	value		50002a30
OBJ 50002503 (sz=24, trace=300000, class=java.lang.String@50000181)
	value		50002a2a
OBJ 50002504 (sz=24, trace=300000, class=java.lang.String@50000181)
	value		50002a90
OBJ 50002505 (sz=24, trace=300000, class=java.lang.String@50000181)
	value		50002a8f
OBJ 50002506 (sz=24, trace=300000, class=java.lang.String@50000181)
	value		50002a8d
OBJ 50002507 (sz=24, trace=300000, class=java.lang.String@50000181)
	value		50002aae
OBJ 50002508 (sz=24, trace=300000, class=java.lang.String@50000181)
	value		50002a84
OBJ 50002509 (sz=24, trace=300000, class=java.lang.String@50000181)
	value		50002ab6
OBJ 5000250a (sz=24, trace=300000, class=java.lang.String@50000181)
	value		50002ab5
OBJ 5000250b (sz=24, trace=300000, class=java.lang.String@50000181)
	value		50002ab8
OBJ 5000250c (sz=24, trace=300000, class=java.lang.String@50000181)
	value		50002ab9
OBJ 5000250d (sz=24, trace=300000, class=java.lang.String@50000181)
	value		50002ab2
OBJ 5000250e (sz=24, trace=300000, class=java.lang.String@50000181)
	value		50002ac0
OBJ 5000250f (sz=24, trace=300000, class=java.lang.String@50000181)
	value		50002abf
OBJ 50002510 (sz=24, trace=300000, class=java.lang.String@50000181)
	value		50002ac1
OBJ 50002511 (sz=24, trace=300000, class=java.lang.String@50000181)
	value		50002ac2
OBJ 50002512 (sz=24, trace=300000, class=java.lang.String@50000181)
	value		50002a81
OBJ 50002513 (sz=24, trace=300000, class=java.lang.String@50000181)
	value		50002abc
OBJ 50002514 (sz=24, trace=300000, class=java.lang.String@50000181)
	value		50002b02
OBJ 50002515 (sz=24, trace=300000, class=java.lang.String@50000181)
	value		50002b06
OBJ 50002516 (sz=24, trace=300000, class=java.lang.String@50000181)
	value		50002b1b
OBJ 50002517 (sz=24, trace=300000, class=java.lang.String@50000181)
	value		50002b0c
OBJ 50002518 (sz=24, trace=300000, class=java.lang.String@50000181)
	value		50002b10
OBJ 50002519 (sz=24, trace=300000, class=java.lang.String@50000181)
	value		50002b11
OBJ 5000251a (sz=24, trace=300000, class=java.lang.String@50000181)
	value		50002b09
OBJ 5000251b (sz=24, trace=300000, class=java.lang.String@50000181)
	value		50002b15
OBJ 5000251c (sz=24, trace=300000, class=java.lang.String@50000181)
	value		50002b14
OBJ 5000251d (sz=24, trace=300000, class=java.lang.String@50000181)
	value		50002b1c
OBJ 5000251e (sz=24, trace=300000, class=java.lang.String@50000181)
	value		50002b1d
OBJ 5000251f (sz=24, trace=300000, class=java.lang.String@50000181)
	value		50002b18
OBJ 50002520 (sz=24, trace=300000, class=java.lang.String@50000181)
	value		500028ee
OBJ 50002521 (sz=24, trace=300000, class=java.lang.String@50000181)
	value		50002b38
OBJ 50002522 (sz=24, trace=300000, class=java.lang.String@50000181)
	value		50002b39
OBJ 50002523 (sz=24, trace=300000, class=java.lang.String@50000181)
	value		50002b36
OBJ 50002524 (sz=24, trace=300000, class=java.lang.String@50000181)
	value		50002b3b
OBJ 50002525 (sz=24, trace=300000, class=java.lang.String@50000181)
	value		50002b30
OBJ 50002526 (sz=24, trace=300000, class=java.lang.String@50000181)
	value		50002b82
OBJ 50002527 (sz=24, trace=300000, class=java.lang.String@50000181)
	value		50002b96
OBJ 50002528 (sz=24, trace=300000, class=java.lang.String@50000181)
	value		50002baa
OBJ 50002529 (sz=24, trace=300000, class=java.lang.String@50000181)
	value		50002b24
OBJ 5000252a (sz=24, trace=300000, class=java.lang.String@50000181)
	value		50002c18
OBJ 5000252b (sz=24, trace=300000, class=java.lang.String@50000181)
	value		50002c30
OBJ 5000252c (sz=24, trace=300000, class=java.lang.String@50000181)
	value		50002c3d
OBJ 5000252d (sz=24, trace=300000, class=java.lang.String@50000181)
	value		50002c3c
OBJ 5000252e (sz=24, trace=300000, class=java.lang.String@50000181)
	value		50002c36
OBJ 5000252f (sz=24, trace=300000, class=java.lang.String@50000181)
	value		50002c41
OBJ 50002530 (sz=24, trace=300000, class=java.lang.String@50000181)
	value		50002c40
OBJ 50002531 (sz=24, trace=300000, class=java.lang.String@50000181)
	value		50002c42
OBJ 50002532 (sz=24, trace=300000, class=java.lang.String@50000181)
	value		50002c33
OBJ 50002533 (sz=24, trace=300000, class=java.lang.String@50000181)
	value		50002c48
OBJ 50002534 (sz=24, trace=300000, class=java.lang.String@50000181)
	value		50002b21
OBJ 50002535 (sz=24, trace=300000, class=java.lang.String@50000181)
	value		50002c61
OBJ 50002536 (sz=24, trace=300000, class=java.lang.String@50000181)
	value		50002c58
OBJ 50002537 (sz=24, trace=300000, class=java.lang.String@50000181)
	value		50002c63
OBJ 50002538 (sz=24, trace=300000, class=java.lang.String@50000181)
	value		50002c64
OBJ 50002539 (sz=24, trace=300000, class=java.lang.String@50000181)
	value		50002c67
OBJ 5000253a (sz=24, trace=300000, class=java.lang.String@50000181)
	value		50002c78
OBJ 5000253b (sz=24, trace=300000, class=java.lang.String@50000181)
	value		50002c4f
OBJ 5000253c (sz=24, trace=300000, class=java.lang.String@50000181)
	value		50002c85
OBJ 5000253d (sz=24, trace=300000, class=java.lang.String@50000181)
	value		50002c86
OBJ 5000253e (sz=24, trace=300000, class=java.lang.String@50000181)
	value		50002c82
OBJ 5000253f (sz=24, trace=300000, class=java.lang.String@50000181)
	value		50002c88
OBJ 50002540 (sz=24, trace=300000, class=java.lang.String@50000181)
	value		50002c89
OBJ 50002541 (sz=24, trace=300000, class=java.lang.String@50000181)
	value		50002c7f
OBJ 50002542 (sz=24, trace=300000, class=java.lang.String@50000181)
	value		50002c8d
OBJ 50002543 (sz=24, trace=300000, class=java.lang.String@50000181)
	value		50002c8c
OBJ 50002544 (sz=24, trace=300000, class=java.lang.String@50000181)
	value		50002c8e
OBJ 50002545 (sz=24, trace=300000, class=java.lang.String@50000181)
	value		50002c7c
OBJ 50002546 (sz=24, trace=300000, class=java.lang.String@50000181)
	value		50002c91
OBJ 50002547 (sz=24, trace=300000, class=java.lang.String@50000181)
	value		50002ca2
OBJ 50002548 (sz=24, trace=300000, class=java.lang.String@50000181)
	value		50002ca1
OBJ 50002549 (sz=24, trace=300000, class=java.lang.String@50000181)
	value		50002ca3
OBJ 5000254a (sz=24, trace=300000, class=java.lang.String@50000181)
	value		50002c4c
OBJ 5000254b (sz=24, trace=300000, class=java.lang.String@50000181)
	value		50002cac
OBJ 5000254c (sz=24, trace=300000, class=java.lang.String@50000181)
	value		50002cb6
OBJ 5000254d (sz=24, trace=300000, class=java.lang.String@50000181)
	value		50002cb5
OBJ 5000254e (sz=24, trace=300000, class=java.lang.String@50000181)
	value		50002ca9
OBJ 5000254f (sz=24, trace=300000, class=java.lang.String@50000181)
	value		50002cbf
OBJ 50002550 (sz=24, trace=300000, class=java.lang.String@50000181)
	value		50002cbe
OBJ 50002551 (sz=24, trace=300000, class=java.lang.String@50000181)
	value		50002cbc
OBJ 50002552 (sz=24, trace=300000, class=java.lang.String@50000181)
	value		50002cc0
OBJ 50002553 (sz=24, trace=300000, class=java.lang.String@50000181)
	value		50002cb9
OBJ 50002554 (sz=24, trace=300000, class=java.lang.String@50000181)
	value		50002cca
OBJ 50002555 (sz=24, trace=300000, class=java.lang.String@50000181)
	value		50002cc9
OBJ 50002556 (sz=24, trace=300000, class=java.lang.String@50000181)
	value		50002ccb
OBJ 50002557 (sz=24, trace=300000, class=java.lang.String@50000181)
	value		50002cc6
OBJ 50002558 (sz=24, trace=300000, class=java.lang.String@50000181)
	value		50002ccc
OBJ 50002559 (sz=24, trace=300000, class=java.lang.String@50000181)
	value		50002cc3
OBJ 5000255a (sz=24, trace=300000, class=java.lang.String@50000181)
	value		50002cd0
OBJ 5000255b (sz=24, trace=300000, class=java.lang.String@50000181)
	value		50002e83
OBJ 5000255c (sz=24, trace=300000, class=java.lang.String@50000181)
	value		50002cd2
OBJ 5000255d (sz=24, trace=300000, class=java.lang.String@50000181)
	value		50002cd3
OBJ 5000255e (sz=24, trace=300000, class=java.lang.String@50000181)
	value		5000280d
OBJ 5000255f (sz=24, trace=300000, class=java.lang.String@50000181)
	value		5000280b
OBJ 50002560 (sz=24, trace=300000, class=java.lang.String@50000181)
	value		5000280f
OBJ 50002561 (sz=24, trace=300000, class=java.lang.String@50000181)
	value		50002801
OBJ 50002562 (sz=24, trace=300000, class=java.lang.String@50000181)
	value		50002ca6
OBJ 50002563 (sz=24, trace=300000, class=java.lang.String@50000181)
	value		50002cda
OBJ 50002564 (sz=24, trace=300000, class=java.lang.String@50000181)
	value		50002cd9
OBJ 50002565 (sz=24, trace=300000, class=java.lang.String@50000181)
	value		50002cdd
OBJ 50002566 (sz=24, trace=300000, class=java.lang.String@50000181)
	value		50002cde
OBJ 50002567 (sz=24, trace=300000, class=java.lang.String@50000181)
	value		50002cd6
OBJ 50002568 (sz=24, trace=300000, class=java.lang.String@50000181)
	value		50002ce8
OBJ 50002569 (sz=24, trace=300000, class=java.lang.String@50000181)
	value		50002ce7
OBJ 5000256a (sz=24, trace=300000, class=java.lang.String@50000181)
	value		50002811
OBJ 5000256b (sz=24, trace=300000, class=java.lang.String@50000181)
	value		50002780
OBJ 5000256c (sz=24, trace=300000, class=java.lang.String@50000181)
	value		50002ce9
OBJ 5000256d (sz=24, trace=300000, class=java.lang.String@50000181)
	value		50002825
OBJ 5000256e (sz=24, trace=300000, class=java.lang.String@50000181)
	value		50002858
OBJ 5000256f (sz=24, trace=300000, class=java.lang.String@50000181)
	value		5000288c
OBJ 50002570 (sz=24, trace=300000, class=java.lang.String@50000181)
	value		50002815
OBJ 50002571 (sz=24, trace=300000, class=java.lang.String@50000181)
	value		5000289b
OBJ 50002572 (sz=24, trace=300000, class=java.lang.String@50000181)
	value		5000289d
OBJ 50002573 (sz=24, trace=300000, class=java.lang.String@50000181)
	value		50002898
OBJ 50002574 (sz=24, trace=300000, class=java.lang.String@50000181)
	value		5000289f
OBJ 50002575 (sz=24, trace=300000, class=java.lang.String@50000181)
	value		50002894
OBJ 50002576 (sz=24, trace=300000, class=java.lang.String@50000181)
	value		500028cb
OBJ 50002577 (sz=24, trace=300000, class=java.lang.String@50000181)
	value		500028b1
OBJ 50002578 (sz=24, trace=300000, class=java.lang.String@50000181)
	value		500028d5
OBJ 50002579 (sz=24, trace=300000, class=java.lang.String@50000181)
	value		500028d7
OBJ 5000257a (sz=24, trace=300000, class=java.lang.String@50000181)
	value		500028cf
OBJ 5000257b (sz=24, trace=300000, class=java.lang.String@50000181)
	value		50002ce4
OBJ 5000257c (sz=24, trace=300000, class=java.lang.String@50000181)
	value		50002827
OBJ 5000257d (sz=24, trace=300000, class=java.lang.String@50000181)
	value		50002cea
OBJ 5000257e (sz=24, trace=300000, class=java.lang.String@50000181)
	value		50002829
OBJ 5000257f (sz=24, trace=300000, class=java.lang.String@50000181)
	value		500028d3
OBJ 50002580 (sz=24, trace=300000, class=java.lang.String@50000181)
	value		50002ce1
OBJ 50002581 (sz=24, trace=300000, class=java.lang.String@50000181)
	value		500028e0
OBJ 50002582 (sz=24, trace=300000, class=java.lang.String@50000181)
	value		500028de
OBJ 50002583 (sz=24, trace=300000, class=java.lang.String@50000181)
	value		500028db
OBJ 50002584 (sz=24, trace=300000, class=java.lang.String@50000181)
	value		500028e6
OBJ 50002585 (sz=24, trace=300000, class=java.lang.String@50000181)
	value		500028e4
OBJ 50002586 (sz=24, trace=300000, class=java.lang.String@50000181)
	value		500028e8
OBJ 50002587 (sz=24, trace=300000, class=java.lang.String@50000181)
	value		50002ced
OBJ 50002588 (sz=24, trace=300000, class=java.lang.String@50000181)
	value		50002cef
OBJ 50002589 (sz=24, trace=300000, class=java.lang.String@50000181)
	value		50002901
OBJ 5000258a (sz=24, trace=300000, class=java.lang.String@50000181)
	value		50002900
OBJ 5000258b (sz=24, trace=300000, class=java.lang.String@50000181)
	value		50002903
OBJ 5000258c (sz=24, trace=300000, class=java.lang.String@50000181)
	value		50002904
OBJ 5000258d (sz=24, trace=300000, class=java.lang.String@50000181)
	value		500028fd
OBJ 5000258e (sz=24, trace=300000, class=java.lang.String@50000181)
	value		50002908
OBJ 5000258f (sz=24, trace=300000, class=java.lang.String@50000181)
	value		5000290b
OBJ 50002590 (sz=24, trace=300000, class=java.lang.String@50000181)
	value		5000290a
OBJ 50002591 (sz=24, trace=300000, class=java.lang.String@50000181)
	value		500028fa
OBJ 50002592 (sz=24, trace=300000, class=java.lang.String@50000181)
	value		50002915
OBJ 50002593 (sz=24, trace=300000, class=java.lang.String@50000181)
	value		50002914
OBJ 50002594 (sz=24, trace=300000, class=java.lang.String@50000181)
	value		50002916
OBJ 50002595 (sz=24, trace=300000, class=java.lang.String@50000181)
	value		50002911
OBJ 50002596 (sz=24, trace=300000, class=java.lang.String@50000181)
	value		5000291d
OBJ 50002597 (sz=24, trace=300000, class=java.lang.String@50000181)
	value		5000291c
OBJ 50002598 (sz=24, trace=300000, class=java.lang.String@50000181)
	value		5000291e
OBJ 50002599 (sz=24, trace=300000, class=java.lang.String@50000181)
	value		50002919
OBJ 5000259a (sz=24, trace=300000, class=java.lang.String@50000181)
	value		50002922
OBJ 5000259b (sz=24, trace=300000, class=java.lang.String@50000181)
	value		50002921
OBJ 5000259c (sz=24, trace=300000, class=java.lang.String@50000181)
	value		50002926
OBJ 5000259d (sz=24, trace=300000, class=java.lang.String@50000181)
	value		50002925
OBJ 5000259e (sz=24, trace=300000, class=java.lang.String@50000181)
	value		50002928
OBJ 5000259f (sz=24, trace=300000, class=java.lang.String@50000181)
	value		50002929
OBJ 500025a0 (sz=24, trace=300000, class=java.lang.String@50000181)
	value		5000290e
OBJ 500025a1 (sz=24, trace=300000, class=java.lang.String@50000181)
	value		50002933
OBJ 500025a2 (sz=24, trace=300000, class=java.lang.String@50000181)
	value		50002932
OBJ 500025a3 (sz=24, trace=300000, class=java.lang.String@50000181)
	value		50002934
OBJ 500025a4 (sz=24, trace=300000, class=java.lang.String@50000181)
	value		5000292f
OBJ 500025a5 (sz=24, trace=300000, class=java.lang.String@50000181)
	value		50002935
OBJ 500025a6 (sz=24, trace=300000, class=java.lang.String@50000181)
	value		5000292c
OBJ 500025a7 (sz=24, trace=300000, class=java.lang.String@50000181)
	value		5000293c
OBJ 500025a8 (sz=24, trace=300000, class=java.lang.String@50000181)
	value		5000293b
OBJ 500025a9 (sz=24, trace=300000, class=java.lang.String@50000181)
	value		50002940
OBJ 500025aa (sz=24, trace=300000, class=java.lang.String@50000181)
	value		5000293f
OBJ 500025ab (sz=24, trace=300000, class=java.lang.String@50000181)
	value		50002943
OBJ 500025ac (sz=24, trace=300000, class=java.lang.String@50000181)
	value		50002942
OBJ 500025ad (sz=24, trace=300000, class=java.lang.String@50000181)
	value		50002938
OBJ 500025ae (sz=24, trace=300000, class=java.lang.String@50000181)
	value		50002948
OBJ 500025af (sz=24, trace=300000, class=java.lang.String@50000181)
	value		50002949
OBJ 500025b0 (sz=24, trace=300000, class=java.lang.String@50000181)
	value		5000294d
OBJ 500025b1 (sz=24, trace=300000, class=java.lang.String@50000181)
	value		5000294c
OBJ 500025b2 (sz=24, trace=300000, class=java.lang.String@50000181)
	value		5000294e
OBJ 500025b3 (sz=24, trace=300000, class=java.lang.String@50000181)
	value		500028f7
OBJ 500025b4 (sz=24, trace=300000, class=java.lang.String@50000181)
	value		5000295b
OBJ 500025b5 (sz=24, trace=300000, class=java.lang.String@50000181)
	value		5000295a
OBJ 500025b6 (sz=24, trace=300000, class=java.lang.String@50000181)
	value		5000295c
OBJ 500025b7 (sz=24, trace=300000, class=java.lang.String@50000181)
	value		50002957
OBJ 500025b8 (sz=24, trace=300000, class=java.lang.String@50000181)
	value		50002963
OBJ 500025b9 (sz=24, trace=300000, class=java.lang.String@50000181)
	value		50002962
OBJ 500025ba (sz=24, trace=300000, class=java.lang.String@50000181)
	value		50002967
OBJ 500025bb (sz=24, trace=300000, class=java.lang.String@50000181)
	value		50002966
OBJ 500025bc (sz=24, trace=300000, class=java.lang.String@50000181)
	value		50002968
OBJ 500025bd (sz=24, trace=300000, class=java.lang.String@50000181)
	value		50002971
OBJ 500025be (sz=24, trace=300000, class=java.lang.String@50000181)
	value		50002974
OBJ 500025bf (sz=24, trace=300000, class=java.lang.String@50000181)
	value		50002975
OBJ 500025c0 (sz=24, trace=300000, class=java.lang.String@50000181)
	value		5000296e
OBJ 500025c1 (sz=24, trace=300000, class=java.lang.String@50000181)
	value		5000297e
OBJ 500025c2 (sz=24, trace=300000, class=java.lang.String@50000181)
	value		5000297d
OBJ 500025c3 (sz=24, trace=300000, class=java.lang.String@50000181)
	value		5000297b
OBJ 500025c4 (sz=24, trace=300000, class=java.lang.String@50000181)
	value		5000297f
OBJ 500025c5 (sz=24, trace=300000, class=java.lang.String@50000181)
	value		50002978
OBJ 500025c6 (sz=24, trace=300000, class=java.lang.String@50000181)
	value		50002980
OBJ 500025c7 (sz=24, trace=300000, class=java.lang.String@50000181)
	value		50002951
OBJ 500025c8 (sz=24, trace=300000, class=java.lang.String@50000181)
	value		5000298a
OBJ 500025c9 (sz=24, trace=300000, class=java.lang.String@50000181)
	value		50002989
OBJ 500025ca (sz=24, trace=300000, class=java.lang.String@50000181)
	value		5000298c
OBJ 500025cb (sz=24, trace=300000, class=java.lang.String@50000181)
	value		5000298d
OBJ 500025cc (sz=24, trace=300000, class=java.lang.String@50000181)
	value		50002986
OBJ 500025cd (sz=24, trace=300000, class=java.lang.String@50000181)
	value		50002994
OBJ 500025ce (sz=24, trace=300000, class=java.lang.String@50000181)
	value		50002993
OBJ 500025cf (sz=24, trace=300000, class=java.lang.String@50000181)
	value		50002e89
OBJ 500025d0 (sz=24, trace=300000, class=java.lang.String@50000181)
	value		50002afc
OBJ 500025d1 (sz=24, trace=300000, class=java.lang.String@50000181)
	value		500027a2
OBJ 500025d2 (sz=24, trace=300000, class=java.lang.String@50000181)
	value		500027a0
OBJ 500025d3 (sz=24, trace=300000, class=java.lang.String@50000181)
	value		500027a4
OBJ 500025d4 (sz=24, trace=300000, class=java.lang.String@50000181)
	value		5000278b
OBJ 500025d5 (sz=24, trace=300000, class=java.lang.String@50000181)
	value		500027ad
OBJ 500025d6 (sz=24, trace=300000, class=java.lang.String@50000181)
	value		500027ab
OBJ 500025d7 (sz=24, trace=300000, class=java.lang.String@50000181)
	value		500027b3
OBJ 500025d8 (sz=24, trace=300000, class=java.lang.String@50000181)
	value		500027b1
OBJ 500025d9 (sz=24, trace=300000, class=java.lang.String@50000181)
	value		500027b9
OBJ 500025da (sz=24, trace=300000, class=java.lang.String@50000181)
	value		500027b7
OBJ 500025db (sz=24, trace=300000, class=java.lang.String@50000181)
	value		500027bb
OBJ 500025dc (sz=24, trace=300000, class=java.lang.String@50000181)
	value		500027a8
OBJ 500025dd (sz=24, trace=300000, class=java.lang.String@50000181)
	value		50002822
OBJ 500025de (sz=24, trace=300000, class=java.lang.String@50000181)
	value		50002830
OBJ 500025df (sz=24, trace=300000, class=java.lang.String@50000181)
	value		500027c0
OBJ 500025e0 (sz=24, trace=300000, class=java.lang.String@50000181)
	value		5000282e
OBJ 500025e1 (sz=24, trace=300000, class=java.lang.String@50000181)
	value		500027bf
OBJ 500025e2 (sz=24, trace=300000, class=java.lang.String@50000181)
	value		50002835
OBJ 500025e3 (sz=24, trace=300000, class=java.lang.String@50000181)
	value		50002833
OBJ 500025e4 (sz=24, trace=300000, class=java.lang.String@50000181)
	value		5000281e
OBJ 500025e5 (sz=24, trace=300000, class=java.lang.String@50000181)
	value		5000283f
OBJ 500025e6 (sz=24, trace=300000, class=java.lang.String@50000181)
	value		5000283d
OBJ 500025e7 (sz=24, trace=300000, class=java.lang.String@50000181)
	value		50002842
OBJ 500025e8 (sz=24, trace=300000, class=java.lang.String@50000181)
	value		500027a1
OBJ 500025e9 (sz=24, trace=300000, class=java.lang.String@50000181)
	value		500027a5
OBJ 500025ea (sz=24, trace=300000, class=java.lang.String@50000181)
	value		5000278c
OBJ 500025eb (sz=24, trace=300000, class=java.lang.String@50000181)
	value		500027ae
OBJ 500025ec (sz=24, trace=300000, class=java.lang.String@50000181)
	value		500027ac
OBJ 500025ed (sz=24, trace=300000, class=java.lang.String@50000181)
	value		500027b4
OBJ 500025ee (sz=24, trace=300000, class=java.lang.String@50000181)
	value		500027b2
OBJ 500025ef (sz=24, trace=300000, class=java.lang.String@50000181)
	value		500027ba
OBJ 500025f0 (sz=24, trace=300000, class=java.lang.String@50000181)
	value		500027b8
OBJ 500025f1 (sz=24, trace=300000, class=java.lang.String@50000181)
	value		500027bc
OBJ 500025f2 (sz=24, trace=300000, class=java.lang.String@50000181)
	value		50002844
OBJ 500025f3 (sz=24, trace=300000, class=java.lang.String@50000181)
	value		50002839
OBJ 500025f4 (sz=24, trace=300000, class=java.lang.String@50000181)
	value		5000284e
OBJ 500025f5 (sz=24, trace=300000, class=java.lang.String@50000181)
	value		5000284c
OBJ 500025f6 (sz=24, trace=300000, class=java.lang.String@50000181)
	value		500027c1
OBJ 500025f7 (sz=24, trace=300000, class=java.lang.String@50000181)
	value		50002788
OBJ 500025f8 (sz=24, trace=300000, class=java.lang.String@50000181)
	value		500027cb
OBJ 500025f9 (sz=24, trace=300000, class=java.lang.String@50000181)
	value		500027ca
OBJ 500025fa (sz=24, trace=300000, class=java.lang.String@50000181)
	value		500027cc
OBJ 500025fb (sz=24, trace=300000, class=java.lang.String@50000181)
	value		500027c7
OBJ 500025fc (sz=24, trace=300000, class=java.lang.String@50000181)
	value		500027d5
OBJ 500025fd (sz=24, trace=300000, class=java.lang.String@50000181)
	value		500027d4
OBJ 500025fe (sz=24, trace=300000, class=java.lang.String@50000181)
	value		50002853
OBJ 500025ff (sz=24, trace=300000, class=java.lang.String@50000181)
	value		50002851
OBJ 50002600 (sz=24, trace=300000, class=java.lang.String@50000181)
	value		500027d2
OBJ 50002601 (sz=24, trace=300000, class=java.lang.String@50000181)
	value		500027d9
OBJ 50002602 (sz=24, trace=300000, class=java.lang.String@50000181)
	value		500027d8
OBJ 50002603 (sz=24, trace=300000, class=java.lang.String@50000181)
	value		50002848
OBJ 50002604 (sz=24, trace=300000, class=java.lang.String@50000181)
	value		50002855
OBJ 50002605 (sz=24, trace=300000, class=java.lang.String@50000181)
	value		500027a3
OBJ 50002606 (sz=24, trace=300000, class=java.lang.String@50000181)
	value		5000281a
OBJ 50002607 (sz=24, trace=300000, class=java.lang.String@50000181)
	value		500027da
OBJ 50002608 (sz=24, trace=300000, class=java.lang.String@50000181)
	value		500027cf
OBJ 50002609 (sz=24, trace=300000, class=java.lang.String@50000181)
	value		500027db
OBJ 5000260a (sz=24, trace=300000, class=java.lang.String@50000181)
	value		500027c4
OBJ 5000260b (sz=24, trace=300000, class=java.lang.String@50000181)
	value		500027e2
OBJ 5000260c (sz=24, trace=300000, class=java.lang.String@50000181)
	value		500027e1
OBJ 5000260d (sz=24, trace=300000, class=java.lang.String@50000181)
	value		500027e3
OBJ 5000260e (sz=24, trace=300000, class=java.lang.String@50000181)
	value		500027de
OBJ 5000260f (sz=24, trace=300000, class=java.lang.String@50000181)
	value		500027e9
OBJ 50002610 (sz=24, trace=300000, class=java.lang.String@50000181)
	value		50002863
OBJ 50002611 (sz=24, trace=300000, class=java.lang.String@50000181)
	value		500027ea
OBJ 50002612 (sz=24, trace=300000, class=java.lang.String@50000181)
	value		50002861
OBJ 50002613 (sz=24, trace=300000, class=java.lang.String@50000181)
	value		50002865
OBJ 50002614 (sz=24, trace=300000, class=java.lang.String@50000181)
	value		5000285d
OBJ 50002615 (sz=24, trace=300000, class=java.lang.String@50000181)
	value		5000286e
OBJ 50002616 (sz=24, trace=300000, class=java.lang.String@50000181)
	value		5000286c
OBJ 50002617 (sz=24, trace=300000, class=java.lang.String@50000181)
	value		50002869
OBJ 50002618 (sz=24, trace=300000, class=java.lang.String@50000181)
	value		50002870
OBJ 50002619 (sz=24, trace=300000, class=java.lang.String@50000181)
	value		5000287a
OBJ 5000261a (sz=24, trace=300000, class=java.lang.String@50000181)
	value		50002878
OBJ 5000261b (sz=24, trace=300000, class=java.lang.String@50000181)
	value		5000287c
OBJ 5000261c (sz=24, trace=300000, class=java.lang.String@50000181)
	value		50002874
OBJ 5000261d (sz=24, trace=300000, class=java.lang.String@50000181)
	value		50002883
OBJ 5000261e (sz=24, trace=300000, class=java.lang.String@50000181)
	value		50002885
OBJ 5000261f (sz=24, trace=300000, class=java.lang.String@50000181)
	value		50002880
OBJ 50002620 (sz=24, trace=300000, class=java.lang.String@50000181)
	value		5000288b
OBJ 50002621 (sz=24, trace=300000, class=java.lang.String@50000181)
	value		50002889
OBJ 50002622 (sz=24, trace=300000, class=java.lang.String@50000181)
	value		50002e88
OBJ 50002623 (sz=24, trace=300000, class=java.lang.String@50000181)
	value		500028a9
OBJ 50002624 (sz=24, trace=300000, class=java.lang.String@50000181)
	value		500028a7
OBJ 50002625 (sz=24, trace=300000, class=java.lang.String@50000181)
	value		500028a4
OBJ 50002626 (sz=24, trace=300000, class=java.lang.String@50000181)
	value		500028ac
OBJ 50002627 (sz=24, trace=300000, class=java.lang.String@50000181)
	value		500028ae
OBJ 50002628 (sz=24, trace=300000, class=java.lang.String@50000181)
	value		50002891
OBJ 50002629 (sz=24, trace=300000, class=java.lang.String@50000181)
	value		500028bd
OBJ 5000262a (sz=24, trace=300000, class=java.lang.String@50000181)
	value		500028bf
OBJ 5000262b (sz=24, trace=300000, class=java.lang.String@50000181)
	value		500028ba
OBJ 5000262c (sz=24, trace=300000, class=java.lang.String@50000181)
	value		500028c2
OBJ 5000262d (sz=24, trace=300000, class=java.lang.String@50000181)
	value		500028c4
OBJ 5000262e (sz=24, trace=300000, class=java.lang.String@50000181)
	value		500028b6
OBJ 5000262f (sz=24, trace=300000, class=java.lang.String@50000181)
	value		500028ca
OBJ 50002630 (sz=24, trace=300000, class=java.lang.String@50000181)
	value		500028c8
OBJ 50002631 (sz=24, trace=300000, class=java.lang.String@50000181)
	value		50002e87
OBJ 50002632 (sz=24, trace=300000, class=java.lang.String@50000181)
	value		50002e86
OBJ 50002633 (sz=24, trace=300000, class=java.lang.String@50000181)
	value		500029a3
OBJ 50002634 (sz=24, trace=300000, class=java.lang.String@50000181)
	value		500029af
OBJ 50002635 (sz=24, trace=300000, class=java.lang.String@50000181)
	value		500029ae
OBJ 50002636 (sz=24, trace=300000, class=java.lang.String@50000181)
	value		500029b0
OBJ 50002637 (sz=24, trace=300000, class=java.lang.String@50000181)
	value		500029ab
OBJ 50002638 (sz=24, trace=300000, class=java.lang.String@50000181)
	value		500029b4
OBJ 50002639 (sz=24, trace=300000, class=java.lang.String@50000181)
	value		500029b3
OBJ 5000263a (sz=24, trace=300000, class=java.lang.String@50000181)
	value		500029b8
OBJ 5000263b (sz=24, trace=300000, class=java.lang.String@50000181)
	value		500029b7
OBJ 5000263c (sz=24, trace=300000, class=java.lang.String@50000181)
	value		500029b9
OBJ 5000263d (sz=24, trace=300000, class=java.lang.String@50000181)
	value		500029c1
OBJ 5000263e (sz=24, trace=300000, class=java.lang.String@50000181)
	value		500029c2
OBJ 5000263f (sz=24, trace=300000, class=java.lang.String@50000181)
	value		500029bf
OBJ 50002640 (sz=24, trace=300000, class=java.lang.String@50000181)
	value		500029c3
OBJ 50002641 (sz=24, trace=300000, class=java.lang.String@50000181)
	value		500029bc
OBJ 50002642 (sz=24, trace=300000, class=java.lang.String@50000181)
	value		500029ca
OBJ 50002643 (sz=24, trace=300000, class=java.lang.String@50000181)
	value		500029c9
OBJ 50002644 (sz=24, trace=300000, class=java.lang.String@50000181)
	value		500029cb
OBJ 50002645 (sz=24, trace=300000, class=java.lang.String@50000181)
	value		500029c6
OBJ 50002646 (sz=24, trace=300000, class=java.lang.String@50000181)
	value		500029d2
OBJ 50002647 (sz=24, trace=300000, class=java.lang.String@50000181)
	value		500029d1
OBJ 50002648 (sz=24, trace=300000, class=java.lang.String@50000181)
	value		500029d6
OBJ 50002649 (sz=24, trace=300000, class=java.lang.String@50000181)
	value		500029d5
OBJ 5000264a (sz=24, trace=300000, class=java.lang.String@50000181)
	value		500029d7
OBJ 5000264b (sz=24, trace=300000, class=java.lang.String@50000181)
	value		500029ce
OBJ 5000264c (sz=24, trace=300000, class=java.lang.String@50000181)
	value		500029d9
OBJ 5000264d (sz=24, trace=300000, class=java.lang.String@50000181)
	value		500029da
OBJ 5000264e (sz=24, trace=300000, class=java.lang.String@50000181)
	value		5000299d
OBJ 5000264f (sz=24, trace=300000, class=java.lang.String@50000181)
	value		500029e7
OBJ 50002650 (sz=24, trace=300000, class=java.lang.String@50000181)
	value		500029ea
OBJ 50002651 (sz=24, trace=300000, class=java.lang.String@50000181)
	value		500029e9
OBJ 50002652 (sz=24, trace=300000, class=java.lang.String@50000181)
	value		500029e3
OBJ 50002653 (sz=24, trace=300000, class=java.lang.String@50000181)
	value		500029ee
OBJ 50002654 (sz=24, trace=300000, class=java.lang.String@50000181)
	value		500029ed
OBJ 50002655 (sz=24, trace=300000, class=java.lang.String@50000181)
	value		500029ef
OBJ 50002656 (sz=24, trace=300000, class=java.lang.String@50000181)
	value		500029e0
OBJ 50002657 (sz=24, trace=300000, class=java.lang.String@50000181)
	value		500029f6
OBJ 50002658 (sz=24, trace=300000, class=java.lang.String@50000181)
	value		500029f5
OBJ 50002659 (sz=24, trace=300000, class=java.lang.String@50000181)
	value		500029f7
OBJ 5000265a (sz=24, trace=300000, class=java.lang.String@50000181)
	value		500029f2
OBJ 5000265b (sz=24, trace=300000, class=java.lang.String@50000181)
	value		500029fe
OBJ 5000265c (sz=24, trace=300000, class=java.lang.String@50000181)
	value		500029fd
OBJ 5000265d (sz=24, trace=300000, class=java.lang.String@50000181)
	value		500029ff
OBJ 5000265e (sz=24, trace=300000, class=java.lang.String@50000181)
	value		500029fa
OBJ 5000265f (sz=24, trace=300000, class=java.lang.String@50000181)
	value		50002a04
OBJ 50002660 (sz=24, trace=300000, class=java.lang.String@50000181)
	value		50002a05
OBJ 50002661 (sz=24, trace=300000, class=java.lang.String@50000181)
	value		50002a10
OBJ 50002662 (sz=24, trace=300000, class=java.lang.String@50000181)
	value		50002a0f
OBJ 50002663 (sz=24, trace=300000, class=java.lang.String@50000181)
	value		50002a11
OBJ 50002664 (sz=24, trace=300000, class=java.lang.String@50000181)
	value		50002a0c
OBJ 50002665 (sz=24, trace=300000, class=java.lang.String@50000181)
	value		50002a12
OBJ 50002666 (sz=24, trace=300000, class=java.lang.String@50000181)
	value		50002a09
OBJ 50002667 (sz=24, trace=300000, class=java.lang.String@50000181)
	value		50002a19
OBJ 50002668 (sz=24, trace=300000, class=java.lang.String@50000181)
	value		50002a18
OBJ 50002669 (sz=24, trace=300000, class=java.lang.String@50000181)
	value		50002a1b
OBJ 5000266a (sz=24, trace=300000, class=java.lang.String@50000181)
	value		50002a1c
OBJ 5000266b (sz=24, trace=300000, class=java.lang.String@50000181)
	value		50002a15
OBJ 5000266c (sz=24, trace=300000, class=java.lang.String@50000181)
	value		50002a23
OBJ 5000266d (sz=24, trace=300000, class=java.lang.String@50000181)
	value		50002a22
OBJ 5000266e (sz=24, trace=300000, class=java.lang.String@50000181)
	value		50002a24
OBJ 5000266f (sz=24, trace=300000, class=java.lang.String@50000181)
	value		50002a1f
OBJ 50002670 (sz=24, trace=300000, class=java.lang.String@50000181)
	value		50002a27
OBJ 50002671 (sz=24, trace=300000, class=java.lang.String@50000181)
	value		50002a3a
OBJ 50002672 (sz=24, trace=300000, class=java.lang.String@50000181)
	value		50002a39
OBJ 50002673 (sz=24, trace=300000, class=java.lang.String@50000181)
	value		50002a3d
OBJ 50002674 (sz=24, trace=300000, class=java.lang.String@50000181)
	value		50002a3c
OBJ 50002675 (sz=24, trace=300000, class=java.lang.String@50000181)
	value		50002a36
OBJ 50002676 (sz=24, trace=300000, class=java.lang.String@50000181)
	value		50002a3e
OBJ 50002677 (sz=24, trace=300000, class=java.lang.String@50000181)
	value		50002a33
OBJ 50002678 (sz=24, trace=300000, class=java.lang.String@50000181)
	value		50002a45
OBJ 50002679 (sz=24, trace=300000, class=java.lang.String@50000181)
	value		50002a44
OBJ 5000267a (sz=24, trace=300000, class=java.lang.String@50000181)
	value		50002a46
OBJ 5000267b (sz=24, trace=300000, class=java.lang.String@50000181)
	value		50002a41
OBJ 5000267c (sz=24, trace=300000, class=java.lang.String@50000181)
	value		50002a4a
OBJ 5000267d (sz=24, trace=300000, class=java.lang.String@50000181)
	value		50002a49
OBJ 5000267e (sz=24, trace=300000, class=java.lang.String@50000181)
	value		50002a4d
OBJ 5000267f (sz=24, trace=300000, class=java.lang.String@50000181)
	value		50002a54
OBJ 50002680 (sz=24, trace=300000, class=java.lang.String@50000181)
	value		50002a53
OBJ 50002681 (sz=24, trace=300000, class=java.lang.String@50000181)
	value		50002a58
OBJ 50002682 (sz=24, trace=300000, class=java.lang.String@50000181)
	value		50002a57
OBJ 50002683 (sz=24, trace=300000, class=java.lang.String@50000181)
	value		50002a59
OBJ 50002684 (sz=24, trace=300000, class=java.lang.String@50000181)
	value		50002a50
OBJ 50002685 (sz=24, trace=300000, class=java.lang.String@50000181)
	value		50002a5c
OBJ 50002686 (sz=24, trace=300000, class=java.lang.String@50000181)
	value		50002a5d
OBJ 50002687 (sz=24, trace=300000, class=java.lang.String@50000181)
	value		50002a2d
OBJ 50002688 (sz=24, trace=300000, class=java.lang.String@50000181)
	value		50002a64
OBJ 50002689 (sz=24, trace=300000, class=java.lang.String@50000181)
	value		50002a63
OBJ 5000268a (sz=24, trace=300000, class=java.lang.String@50000181)
	value		50002a65
OBJ 5000268b (sz=24, trace=300000, class=java.lang.String@50000181)
	value		50002a60
OBJ 5000268c (sz=24, trace=300000, class=java.lang.String@50000181)
	value		50002a6c
OBJ 5000268d (sz=24, trace=300000, class=java.lang.String@50000181)
	value		50002a6b
OBJ 5000268e (sz=24, trace=300000, class=java.lang.String@50000181)
	value		50002a70
OBJ 5000268f (sz=24, trace=300000, class=java.lang.String@50000181)
	value		50002a6f
OBJ 50002690 (sz=24, trace=300000, class=java.lang.String@50000181)
	value		50002a71
OBJ 50002691 (sz=24, trace=300000, class=java.lang.String@50000181)
	value		50002a68
OBJ 50002692 (sz=24, trace=300000, class=java.lang.String@50000181)
	value		50002a78
OBJ 50002693 (sz=24, trace=300000, class=java.lang.String@50000181)
	value		50002a77
OBJ 50002694 (sz=24, trace=300000, class=java.lang.String@50000181)
	value		50002a79
OBJ 50002695 (sz=24, trace=300000, class=java.lang.String@50000181)
	value		50002a74
OBJ 50002696 (sz=24, trace=300000, class=java.lang.String@50000181)
	value		50002a7d
OBJ 50002697 (sz=24, trace=300000, class=java.lang.String@50000181)
	value		50002a7c
OBJ 50002698 (sz=24, trace=300000, class=java.lang.String@50000181)
	value		50002a7e
OBJ 50002699 (sz=24, trace=300000, class=java.lang.String@50000181)
	value		50002a91
OBJ 5000269a (sz=24, trace=300000, class=java.lang.String@50000181)
	value		50002a8a
OBJ 5000269b (sz=24, trace=300000, class=java.lang.String@50000181)
	value		50002a95
OBJ 5000269c (sz=24, trace=300000, class=java.lang.String@50000181)
	value		50002a94
OBJ 5000269d (sz=24, trace=300000, class=java.lang.String@50000181)
	value		50002a9b
OBJ 5000269e (sz=24, trace=300000, class=java.lang.String@50000181)
	value		50002a9a
OBJ 5000269f (sz=24, trace=300000, class=java.lang.String@50000181)
	value		50002a98
OBJ 500026a0 (sz=24, trace=300000, class=java.lang.String@50000181)
	value		50002a9f
OBJ 500026a1 (sz=24, trace=300000, class=java.lang.String@50000181)
	value		50002a9e
OBJ 500026a2 (sz=24, trace=300000, class=java.lang.String@50000181)
	value		50002aa0
OBJ 500026a3 (sz=24, trace=300000, class=java.lang.String@50000181)
	value		50002a87
OBJ 500026a4 (sz=24, trace=300000, class=java.lang.String@50000181)
	value		50002aa7
OBJ 500026a5 (sz=24, trace=300000, class=java.lang.String@50000181)
	value		50002aa6
OBJ 500026a6 (sz=24, trace=300000, class=java.lang.String@50000181)
	value		50002aa8
OBJ 500026a7 (sz=24, trace=300000, class=java.lang.String@50000181)
	value		50002aa3
OBJ 500026a8 (sz=24, trace=300000, class=java.lang.String@50000181)
	value		50002aac
OBJ 500026a9 (sz=24, trace=300000, class=java.lang.String@50000181)
	value		50002aab
OBJ 500026aa (sz=24, trace=300000, class=java.lang.String@50000181)
	value		50002aaf
OBJ 500026ab (sz=24, trace=300000, class=java.lang.String@50000181)
	value		50002ad5
OBJ 500026ac (sz=24, trace=300000, class=java.lang.String@50000181)
	value		50002ad4
OBJ 500026ad (sz=24, trace=300000, class=java.lang.String@50000181)
	value		50002ad6
OBJ 500026ae (sz=24, trace=300000, class=java.lang.String@50000181)
	value		50002ad1
OBJ 500026af (sz=24, trace=300000, class=java.lang.String@50000181)
	value		50002ad7
OBJ 500026b0 (sz=24, trace=300000, class=java.lang.String@50000181)
	value		50002ace
OBJ 500026b1 (sz=24, trace=300000, class=java.lang.String@50000181)
	value		50002ade
OBJ 500026b2 (sz=24, trace=300000, class=java.lang.String@50000181)
	value		50002add
OBJ 500026b3 (sz=24, trace=300000, class=java.lang.String@50000181)
	value		50002adf
OBJ 500026b4 (sz=24, trace=300000, class=java.lang.String@50000181)
	value		50002ada
OBJ 500026b5 (sz=24, trace=300000, class=java.lang.String@50000181)
	value		50002ae2
OBJ 500026b6 (sz=24, trace=300000, class=java.lang.String@50000181)
	value		50002ae1
OBJ 500026b7 (sz=24, trace=300000, class=java.lang.String@50000181)
	value		50002acb
OBJ 500026b8 (sz=24, trace=300000, class=java.lang.String@50000181)
	value		50002ae6
OBJ 500026b9 (sz=24, trace=300000, class=java.lang.String@50000181)
	value		50002ae5
OBJ 500026ba (sz=24, trace=300000, class=java.lang.String@50000181)
	value		50002ae7
OBJ 500026bb (sz=24, trace=300000, class=java.lang.String@50000181)
	value		50002ac8
OBJ 500026bc (sz=24, trace=300000, class=java.lang.String@50000181)
	value		50002af4
OBJ 500026bd (sz=24, trace=300000, class=java.lang.String@50000181)
	value		50002af3
OBJ 500026be (sz=24, trace=300000, class=java.lang.String@50000181)
	value		50002af5
OBJ 500026bf (sz=24, trace=300000, class=java.lang.String@50000181)
	value		50002af0
OBJ 500026c0 (sz=24, trace=300000, class=java.lang.String@50000181)
	value		50002af6
OBJ 500026c1 (sz=24, trace=300000, class=java.lang.String@50000181)
	value		50002aed
OBJ 500026c2 (sz=24, trace=300000, class=java.lang.String@50000181)
	value		50002afb
OBJ 500026c3 (sz=24, trace=300000, class=java.lang.String@50000181)
	value		50002af9
OBJ 500026c4 (sz=24, trace=300000, class=java.lang.String@50000181)
	value		50002aff
OBJ 500026c5 (sz=24, trace=300000, class=java.lang.String@50000181)
	value		50002afe
OBJ 500026c6 (sz=24, trace=300000, class=java.lang.String@50000181)
	value		50002aea
OBJ 500026c7 (sz=24, trace=300000, class=java.lang.String@50000181)
	value		50002b05
OBJ 500026c8 (sz=24, trace=300000, class=java.lang.String@50000181)
	value		50002b3c
OBJ 500026c9 (sz=24, trace=300000, class=java.lang.String@50000181)
	value		50002b33
OBJ 500026ca (sz=24, trace=300000, class=java.lang.String@50000181)
	value		50002b41
OBJ 500026cb (sz=24, trace=300000, class=java.lang.String@50000181)
	value		50002b42
OBJ 500026cc (sz=24, trace=300000, class=java.lang.String@50000181)
	value		50002b3f
OBJ 500026cd (sz=24, trace=300000, class=java.lang.String@50000181)
	value		50002b43
OBJ 500026ce (sz=24, trace=300000, class=java.lang.String@50000181)
	value		50002b49
OBJ 500026cf (sz=24, trace=300000, class=java.lang.String@50000181)
	value		50002b48
OBJ 500026d0 (sz=24, trace=300000, class=java.lang.String@50000181)
	value		50002b46
OBJ 500026d1 (sz=24, trace=300000, class=java.lang.String@50000181)
	value		50002b4a
OBJ 500026d2 (sz=24, trace=300000, class=java.lang.String@50000181)
	value		50002b2d
OBJ 500026d3 (sz=24, trace=300000, class=java.lang.String@50000181)
	value		50002b55
OBJ 500026d4 (sz=24, trace=300000, class=java.lang.String@50000181)
	value		50002b56
OBJ 500026d5 (sz=24, trace=300000, class=java.lang.String@50000181)
	value		50002b53
OBJ 500026d6 (sz=24, trace=300000, class=java.lang.String@50000181)
	value		50002b5a
OBJ 500026d7 (sz=24, trace=300000, class=java.lang.String@50000181)
	value		50002b59
OBJ 500026d8 (sz=24, trace=300000, class=java.lang.String@50000181)
	value		50002b5b
OBJ 500026d9 (sz=24, trace=300000, class=java.lang.String@50000181)
	value		50002b50
OBJ 500026da (sz=24, trace=300000, class=java.lang.String@50000181)
	value		50002b62
OBJ 500026db (sz=24, trace=300000, class=java.lang.String@50000181)
	value		50002b61
OBJ 500026dc (sz=24, trace=300000, class=java.lang.String@50000181)
	value		50002b63
OBJ 500026dd (sz=24, trace=300000, class=java.lang.String@50000181)
	value		50002b5e
OBJ 500026de (sz=24, trace=300000, class=java.lang.String@50000181)
	value		50002b6a
OBJ 500026df (sz=24, trace=300000, class=java.lang.String@50000181)
	value		50002b69
OBJ 500026e0 (sz=24, trace=300000, class=java.lang.String@50000181)
	value		50002b6b
OBJ 500026e1 (sz=24, trace=300000, class=java.lang.String@50000181)
	value		50002b66
OBJ 500026e2 (sz=24, trace=300000, class=java.lang.String@50000181)
	value		50002b6c
OBJ 500026e3 (sz=24, trace=300000, class=java.lang.String@50000181)
	value		50002b4d
OBJ 500026e4 (sz=24, trace=300000, class=java.lang.String@50000181)
	value		50002b73
OBJ 500026e5 (sz=24, trace=300000, class=java.lang.String@50000181)
	value		50002b72
OBJ 500026e6 (sz=24, trace=300000, class=java.lang.String@50000181)
	value		50002b75
OBJ 500026e7 (sz=24, trace=300000, class=java.lang.String@50000181)
	value		50002b76
OBJ 500026e8 (sz=24, trace=300000, class=java.lang.String@50000181)
	value		50002b6f
OBJ 500026e9 (sz=24, trace=300000, class=java.lang.String@50000181)
	value		50002b7d
OBJ 500026ea (sz=24, trace=300000, class=java.lang.String@50000181)
	value		50002b7c
OBJ 500026eb (sz=24, trace=300000, class=java.lang.String@50000181)
	value		50002b7e
OBJ 500026ec (sz=24, trace=300000, class=java.lang.String@50000181)
	value		50002b79
OBJ 500026ed (sz=24, trace=300000, class=java.lang.String@50000181)
	value		50002b7f
OBJ 500026ee (sz=24, trace=300000, class=java.lang.String@50000181)
	value		50002b2a
OBJ 500026ef (sz=24, trace=300000, class=java.lang.String@50000181)
	value		50002b86
OBJ 500026f0 (sz=24, trace=300000, class=java.lang.String@50000181)
	value		50002b85
OBJ 500026f1 (sz=24, trace=300000, class=java.lang.String@50000181)
	value		50002b8a
OBJ 500026f2 (sz=24, trace=300000, class=java.lang.String@50000181)
	value		50002b89
OBJ 500026f3 (sz=24, trace=300000, class=java.lang.String@50000181)
	value		50002b8e
OBJ 500026f4 (sz=24, trace=300000, class=java.lang.String@50000181)
	value		50002b8d
OBJ 500026f5 (sz=24, trace=300000, class=java.lang.String@50000181)
	value		50002b8f
OBJ 500026f6 (sz=24, trace=300000, class=java.lang.String@50000181)
	value		50002b95
OBJ 500026f7 (sz=24, trace=300000, class=java.lang.String@50000181)
	value		50002b98
OBJ 500026f8 (sz=24, trace=300000, class=java.lang.String@50000181)
	value		50002b99
OBJ 500026f9 (sz=24, trace=300000, class=java.lang.String@50000181)
	value		50002b92
OBJ 500026fa (sz=24, trace=300000, class=java.lang.String@50000181)
	value		50002ba2
OBJ 500026fb (sz=24, trace=300000, class=java.lang.String@50000181)
	value		50002ba1
OBJ 500026fc (sz=24, trace=300000, class=java.lang.String@50000181)
	value		50002b9f
OBJ 500026fd (sz=24, trace=300000, class=java.lang.String@50000181)
	value		50002ba3
OBJ 500026fe (sz=24, trace=300000, class=java.lang.String@50000181)
	value		50002b9c
OBJ 500026ff (sz=24, trace=300000, class=java.lang.String@50000181)
	value		50002ba4
OBJ 50002700 (sz=24, trace=300000, class=java.lang.String@50000181)
	value		50002b27
OBJ 50002701 (sz=24, trace=300000, class=java.lang.String@50000181)
	value		50002bb1
OBJ 50002702 (sz=24, trace=300000, class=java.lang.String@50000181)
	value		50002bb0
OBJ 50002703 (sz=24, trace=300000, class=java.lang.String@50000181)
	value		50002bb3
OBJ 50002704 (sz=24, trace=300000, class=java.lang.String@50000181)
	value		50002bb4
OBJ 50002705 (sz=24, trace=300000, class=java.lang.String@50000181)
	value		50002bad
OBJ 50002706 (sz=24, trace=300000, class=java.lang.String@50000181)
	value		50002bbd
OBJ 50002707 (sz=24, trace=300000, class=java.lang.String@50000181)
	value		50002bbc
OBJ 50002708 (sz=24, trace=300000, class=java.lang.String@50000181)
	value		50002bba
OBJ 50002709 (sz=24, trace=300000, class=java.lang.String@50000181)
	value		50002bbe
OBJ 5000270a (sz=24, trace=300000, class=java.lang.String@50000181)
	value		50002bb7
OBJ 5000270b (sz=24, trace=300000, class=java.lang.String@50000181)
	value		50002bc2
OBJ 5000270c (sz=24, trace=300000, class=java.lang.String@50000181)
	value		50002bc1
OBJ 5000270d (sz=24, trace=300000, class=java.lang.String@50000181)
	value		50002bc3
OBJ 5000270e (sz=24, trace=300000, class=java.lang.String@50000181)
	value		50002bc9
OBJ 5000270f (sz=24, trace=300000, class=java.lang.String@50000181)
	value		50002bc8
OBJ 50002710 (sz=24, trace=300000, class=java.lang.String@50000181)
	value		50002bc6
OBJ 50002711 (sz=24, trace=300000, class=java.lang.String@50000181)
	value		50002bca
OBJ 50002712 (sz=24, trace=300000, class=java.lang.String@50000181)
	value		50002ba7
OBJ 50002713 (sz=24, trace=300000, class=java.lang.String@50000181)
	value		50002bd5
OBJ 50002714 (sz=24, trace=300000, class=java.lang.String@50000181)
	value		50002bd6
OBJ 50002715 (sz=24, trace=300000, class=java.lang.String@50000181)
	value		50002bd3
OBJ 50002716 (sz=24, trace=300000, class=java.lang.String@50000181)
	value		50002bda
OBJ 50002717 (sz=24, trace=300000, class=java.lang.String@50000181)
	value		50002bd9
OBJ 50002718 (sz=24, trace=300000, class=java.lang.String@50000181)
	value		50002bdb
OBJ 50002719 (sz=24, trace=300000, class=java.lang.String@50000181)
	value		50002bd0
OBJ 5000271a (sz=24, trace=300000, class=java.lang.String@50000181)
	value		50002bdf
OBJ 5000271b (sz=24, trace=300000, class=java.lang.String@50000181)
	value		50002bde
OBJ 5000271c (sz=24, trace=300000, class=java.lang.String@50000181)
	value		50002be0
OBJ 5000271d (sz=24, trace=300000, class=java.lang.String@50000181)
	value		50002bcd
OBJ 5000271e (sz=24, trace=300000, class=java.lang.String@50000181)
	value		50002bed
OBJ 5000271f (sz=24, trace=300000, class=java.lang.String@50000181)
	value		50002bec
OBJ 50002720 (sz=24, trace=300000, class=java.lang.String@50000181)
	value		50002bf0
OBJ 50002721 (sz=24, trace=300000, class=java.lang.String@50000181)
	value		50002bef
OBJ 50002722 (sz=24, trace=300000, class=java.lang.String@50000181)
	value		50002be9
OBJ 50002723 (sz=24, trace=300000, class=java.lang.String@50000181)
	value		50002bf1
OBJ 50002724 (sz=24, trace=300000, class=java.lang.String@50000181)
	value		50002be6
OBJ 50002725 (sz=24, trace=300000, class=java.lang.String@50000181)
	value		50002bf8
OBJ 50002726 (sz=24, trace=300000, class=java.lang.String@50000181)
	value		50002bf7
OBJ 50002727 (sz=24, trace=300000, class=java.lang.String@50000181)
	value		50002bfb
OBJ 50002728 (sz=24, trace=300000, class=java.lang.String@50000181)
	value		50002bfa
OBJ 50002729 (sz=24, trace=300000, class=java.lang.String@50000181)
	value		50002bf4
OBJ 5000272a (sz=24, trace=300000, class=java.lang.String@50000181)
	value		50002bfc
OBJ 5000272b (sz=24, trace=300000, class=java.lang.String@50000181)
	value		50002be3
OBJ 5000272c (sz=24, trace=300000, class=java.lang.String@50000181)
	value		50002c00
OBJ 5000272d (sz=24, trace=300000, class=java.lang.String@50000181)
	value		50002bff
OBJ 5000272e (sz=24, trace=300000, class=java.lang.String@50000181)
	value		50002c04
OBJ 5000272f (sz=24, trace=300000, class=java.lang.String@50000181)
	value		50002c03
OBJ 50002730 (sz=24, trace=300000, class=java.lang.String@50000181)
	value		50002c08
OBJ 50002731 (sz=24, trace=300000, class=java.lang.String@50000181)
	value		50002c07
OBJ 50002732 (sz=24, trace=300000, class=java.lang.String@50000181)
	value		50002c09
OBJ 50002733 (sz=24, trace=300000, class=java.lang.String@50000181)
	value		50002c17
OBJ 50002734 (sz=24, trace=300000, class=java.lang.String@50000181)
	value		50002c19
OBJ 50002735 (sz=24, trace=300000, class=java.lang.String@50000181)
	value		50002c14
OBJ 50002736 (sz=24, trace=300000, class=java.lang.String@50000181)
	value		50002c1c
OBJ 50002737 (sz=24, trace=300000, class=java.lang.String@50000181)
	value		50002c1b
OBJ 50002738 (sz=24, trace=300000, class=java.lang.String@50000181)
	value		50002c11
OBJ 50002739 (sz=24, trace=300000, class=java.lang.String@50000181)
	value		50002c20
OBJ 5000273a (sz=24, trace=300000, class=java.lang.String@50000181)
	value		50002c1f
OBJ 5000273b (sz=24, trace=300000, class=java.lang.String@50000181)
	value		50002c21
OBJ 5000273c (sz=24, trace=300000, class=java.lang.String@50000181)
	value		50002c0e
OBJ 5000273d (sz=24, trace=300000, class=java.lang.String@50000181)
	value		50002c25
OBJ 5000273e (sz=24, trace=300000, class=java.lang.String@50000181)
	value		50002c24
OBJ 5000273f (sz=24, trace=300000, class=java.lang.String@50000181)
	value		50002c2a
OBJ 50002740 (sz=24, trace=300000, class=java.lang.String@50000181)
	value		50002c2b
OBJ 50002741 (sz=24, trace=300000, class=java.lang.String@50000181)
	value		50002c28
OBJ 50002742 (sz=24, trace=300000, class=java.lang.String@50000181)
	value		50002c2f
OBJ 50002743 (sz=24, trace=300000, class=java.lang.String@50000181)
	value		50002c2e
OBJ 50002744 (sz=24, trace=300000, class=java.lang.String@50000181)
	value		50002e85
OBJ 50002745 (sz=24, trace=300000, class=java.lang.String@50000181)
	value		50002e84
OBJ 50002746 (sz=24, trace=300000, class=java.lang.String@50000181)
	value		50002821
OBJ 50002747 (sz=24, trace=300000, class=java.lang.String@50000181)
	value		5000282f
OBJ 50002748 (sz=24, trace=300000, class=java.lang.String@50000181)
	value		5000282d
OBJ 50002749 (sz=24, trace=300000, class=java.lang.String@50000181)
	value		50002834
OBJ 5000274a (sz=24, trace=300000, class=java.lang.String@50000181)
	value		50002832
OBJ 5000274b (sz=24, trace=300000, class=java.lang.String@50000181)
	value		5000281d
OBJ 5000274c (sz=24, trace=300000, class=java.lang.String@50000181)
	value		5000283e
OBJ 5000274d (sz=24, trace=300000, class=java.lang.String@50000181)
	value		5000283c
OBJ 5000274e (sz=24, trace=300000, class=java.lang.String@50000181)
	value		50002841
OBJ 5000274f (sz=24, trace=300000, class=java.lang.String@50000181)
	value		50002843
OBJ 50002750 (sz=24, trace=300000, class=java.lang.String@50000181)
	value		50002838
OBJ 50002751 (sz=24, trace=300000, class=java.lang.String@50000181)
	value		5000284d
OBJ 50002752 (sz=24, trace=300000, class=java.lang.String@50000181)
	value		5000284b
OBJ 50002753 (sz=24, trace=300000, class=java.lang.String@50000181)
	value		50002852
OBJ 50002754 (sz=24, trace=300000, class=java.lang.String@50000181)
	value		50002850
OBJ 50002755 (sz=24, trace=300000, class=java.lang.String@50000181)
	value		50002847
OBJ 50002756 (sz=24, trace=300000, class=java.lang.String@50000181)
	value		50002854
OBJ 50002757 (sz=24, trace=300000, class=java.lang.String@50000181)
	value		50002819
OBJ 50002758 (sz=24, trace=300000, class=java.lang.String@50000181)
	value		50002862
OBJ 50002759 (sz=24, trace=300000, class=java.lang.String@50000181)
	value		50002860
OBJ 5000275a (sz=24, trace=300000, class=java.lang.String@50000181)
	value		50002864
OBJ 5000275b (sz=24, trace=300000, class=java.lang.String@50000181)
	value		5000285c
OBJ 5000275c (sz=24, trace=300000, class=java.lang.String@50000181)
	value		5000286d
OBJ 5000275d (sz=24, trace=300000, class=java.lang.String@50000181)
	value		5000286b
OBJ 5000275e (sz=24, trace=300000, class=java.lang.String@50000181)
	value		50002868
OBJ 5000275f (sz=24, trace=300000, class=java.lang.String@50000181)
	value		5000286f
OBJ 50002760 (sz=24, trace=300000, class=java.lang.String@50000181)
	value		50002879
OBJ 50002761 (sz=24, trace=300000, class=java.lang.String@50000181)
	value		50002877
OBJ 50002762 (sz=24, trace=300000, class=java.lang.String@50000181)
	value		5000287b
OBJ 50002763 (sz=24, trace=300000, class=java.lang.String@50000181)
	value		50002873
OBJ 50002764 (sz=24, trace=300000, class=java.lang.String@50000181)
	value		50002882
OBJ 50002765 (sz=24, trace=300000, class=java.lang.String@50000181)
	value		50002884
OBJ 50002766 (sz=24, trace=300000, class=java.lang.String@50000181)
	value		5000287f
OBJ 50002767 (sz=24, trace=300000, class=java.lang.String@50000181)
	value		5000288a
OBJ 50002768 (sz=24, trace=300000, class=java.lang.String@50000181)
	value		50002888
OBJ 50002769 (sz=24, trace=300000, class=java.lang.String@50000181)
	value		500028a8
OBJ 5000276a (sz=24, trace=300000, class=java.lang.String@50000181)
	value		500028a6
OBJ 5000276b (sz=24, trace=300000, class=java.lang.String@50000181)
	value		500028a3
OBJ 5000276c (sz=24, trace=300000, class=java.lang.String@50000181)
	value		500028ab
OBJ 5000276d (sz=24, trace=300000, class=java.lang.String@50000181)
	value		500028ad
OBJ 5000276e (sz=24, trace=300000, class=java.lang.String@50000181)
	value		50002890
OBJ 5000276f (sz=24, trace=300000, class=java.lang.String@50000181)
	value		500028bc
OBJ 50002770 (sz=24, trace=300000, class=java.lang.String@50000181)
	value		500028be
OBJ 50002771 (sz=24, trace=300000, class=java.lang.String@50000181)
	value		500028b9
OBJ 50002772 (sz=24, trace=300000, class=java.lang.String@50000181)
	value		500028c1
OBJ 50002773 (sz=24, trace=300000, class=java.lang.String@50000181)
	value		500028c3
OBJ 50002774 (sz=24, trace=300000, class=java.lang.String@50000181)
	value		500028b5
OBJ 50002775 (sz=24, trace=300000, class=java.lang.String@50000181)
	value		500028c9
OBJ 50002776 (sz=24, trace=300000, class=java.lang.String@50000181)
	value		500028c7
OBJ 50002777 (sz=40, trace=300000, class=sun.nio.cs.ext.ExtendedCharsets@500000b1)
	classMap	5000277b
	aliasMap	5000277a
	aliasNameMap	50002779
	cache		50002778
	packagePrefix	5000255b
OBJ 50002778 (sz=48, trace=300000, class=java.util.TreeMap@500000a8)
	comparator	5000277d
	root		50002df5
OBJ 50002779 (sz=48, trace=300000, class=java.util.TreeMap@500000a8)
	comparator	5000277d
	root		50002cf0
OBJ 5000277a (sz=48, trace=300000, class=java.util.TreeMap@500000a8)
	comparator	5000277d
	root		500028eb
OBJ 5000277b (sz=48, trace=300000, class=java.util.TreeMap@500000a8)
	comparator	5000277d
	root		5000277c
OBJ 5000277c (sz=40, trace=300000, class=java.util.TreeMap$Entry@500000a6)
	key		5000256b
	value		5000249d
	left		5000277f
	right		5000277e
OBJ 5000277d (sz=16, trace=300000, class=sun.misc.ASCIICaseInsensitiveComparator@500000a7)
OBJ 5000277e (sz=40, trace=300000, class=java.util.TreeMap$Entry@500000a6)
	key		50002570
	value		500024bc
	left		50002814
	right		50002813
	parent		5000277c
OBJ 5000277f (sz=40, trace=300000, class=java.util.TreeMap$Entry@500000a6)
	key		500024b2
	value		500024bf
	left		50002783
	right		50002782
	parent		5000277c
ARR 50002780 (sz=28, trace=300000, nelems=14, elem type=char[])
ARR 50002781 (sz=24, trace=300000, nelems=12, elem type=char[])
OBJ 50002782 (sz=40, trace=300000, class=java.util.TreeMap$Entry@500000a6)
	key		500024d5
	value		500024d8
	left		500027ee
	right		500027ed
	parent		5000277f
OBJ 50002783 (sz=40, trace=300000, class=java.util.TreeMap$Entry@500000a6)
	key		500025f7
	value		500025f7
	left		50002787
	right		50002786
	parent		5000277f
ARR 50002784 (sz=26, trace=300000, nelems=13, elem type=char[])
ARR 50002785 (sz=24, trace=300000, nelems=12, elem type=char[])
OBJ 50002786 (sz=40, trace=300000, class=java.util.TreeMap$Entry@500000a6)
	key		5000260a
	value		5000260a
	left		500027c3
	right		500027c2
	parent		50002783
OBJ 50002787 (sz=40, trace=300000, class=java.util.TreeMap$Entry@500000a6)
	key		500025d4
	value		500025ea
	left		5000278a
	right		50002789
	parent		50002783
ARR 50002788 (sz=12, trace=300000, nelems=6, elem type=char[])
OBJ 50002789 (sz=40, trace=300000, class=java.util.TreeMap$Entry@500000a6)
	key		500025dc
	value		500025dc
	left		500027a7
	right		500027a6
	parent		50002787
OBJ 5000278a (sz=40, trace=300000, class=java.util.TreeMap$Entry@500000a6)
	key		50002309
	value		50002309
	left		5000278e
	right		5000278d
	parent		50002787
ARR 5000278b (sz=16, trace=300000, nelems=8, elem type=char[])
ARR 5000278c (sz=14, trace=300000, nelems=7, elem type=char[])
OBJ 5000278d (sz=40, trace=300000, class=java.util.TreeMap$Entry@500000a6)
	key		500025d2
	value		500025e8
	left		5000279f
	right		5000279e
	parent		5000278a
OBJ 5000278e (sz=40, trace=300000, class=java.util.TreeMap$Entry@500000a6)
	key		5000249a
	value		5000249b
	left		50002790
	right		5000278f
	parent		5000278a
OBJ 5000278f (sz=40, trace=300000, class=java.util.TreeMap$Entry@500000a6)
	key		500024aa
	value		500024aa
	left		50002795
	right		50002794
	parent		5000278e
OBJ 50002790 (sz=40, trace=300000, class=java.util.TreeMap$Entry@500000a6)
	key		50002499
	value		50002499
	parent		5000278e
ARR 50002791 (sz=20, trace=300000, nelems=10, elem type=char[])
ARR 50002792 (sz=20, trace=300000, nelems=10, elem type=char[])
ARR 50002793 (sz=8, trace=300000, nelems=4, elem type=char[])
OBJ 50002794 (sz=40, trace=300000, class=java.util.TreeMap$Entry@500000a6)
	key		500024ab
	value		500024a2
	parent		5000278f
OBJ 50002795 (sz=40, trace=300000, class=java.util.TreeMap$Entry@500000a6)
	key		5000249f
	value		500024a3
	right		50002797
	parent		5000278f
ARR 50002796 (sz=14, trace=300000, nelems=7, elem type=char[])
OBJ 50002797 (sz=40, trace=300000, class=java.util.TreeMap$Entry@500000a6)
	key		500024a0
	value		500024a7
	parent		50002795
ARR 50002798 (sz=12, trace=300000, nelems=6, elem type=char[])
ARR 50002799 (sz=12, trace=300000, nelems=6, elem type=char[])
ARR 5000279a (sz=12, trace=300000, nelems=6, elem type=char[])
ARR 5000279b (sz=12, trace=300000, nelems=6, elem type=char[])
ARR 5000279c (sz=12, trace=300000, nelems=6, elem type=char[])
ARR 5000279d (sz=12, trace=300000, nelems=6, elem type=char[])
OBJ 5000279e (sz=40, trace=300000, class=java.util.TreeMap$Entry@500000a6)
	key		500025d3
	value		500025e9
	parent		5000278d
OBJ 5000279f (sz=40, trace=300000, class=java.util.TreeMap$Entry@500000a6)
	key		500025d1
	value		50002605
	parent		5000278d
ARR 500027a0 (sz=16, trace=300000, nelems=8, elem type=char[])
ARR 500027a1 (sz=14, trace=300000, nelems=7, elem type=char[])
ARR 500027a2 (sz=16, trace=300000, nelems=8, elem type=char[])
ARR 500027a3 (sz=12, trace=300000, nelems=6, elem type=char[])
ARR 500027a4 (sz=16, trace=300000, nelems=8, elem type=char[])
ARR 500027a5 (sz=14, trace=300000, nelems=7, elem type=char[])
OBJ 500027a6 (sz=40, trace=300000, class=java.util.TreeMap$Entry@500000a6)
	key		500025e1
	value		500025e1
	left		500027be
	right		500027bd
	parent		50002789
OBJ 500027a7 (sz=40, trace=300000, class=java.util.TreeMap$Entry@500000a6)
	key		500025d6
	value		500025ec
	left		500027aa
	right		500027a9
	parent		50002789
ARR 500027a8 (sz=12, trace=300000, nelems=6, elem type=char[])
OBJ 500027a9 (sz=40, trace=300000, class=java.util.TreeMap$Entry@500000a6)
	key		500025d8
	value		500025ee
	left		500027b0
	right		500027af
	parent		500027a7
OBJ 500027aa (sz=40, trace=300000, class=java.util.TreeMap$Entry@500000a6)
	key		500025d5
	value		500025eb
	parent		500027a7
ARR 500027ab (sz=16, trace=300000, nelems=8, elem type=char[])
ARR 500027ac (sz=14, trace=300000, nelems=7, elem type=char[])
ARR 500027ad (sz=16, trace=300000, nelems=8, elem type=char[])
ARR 500027ae (sz=14, trace=300000, nelems=7, elem type=char[])
OBJ 500027af (sz=40, trace=300000, class=java.util.TreeMap$Entry@500000a6)
	key		500025da
	value		500025f0
	left		500027b6
	right		500027b5
	parent		500027a9
OBJ 500027b0 (sz=40, trace=300000, class=java.util.TreeMap$Entry@500000a6)
	key		500025d7
	value		500025ed
	parent		500027a9
ARR 500027b1 (sz=16, trace=300000, nelems=8, elem type=char[])
ARR 500027b2 (sz=14, trace=300000, nelems=7, elem type=char[])
ARR 500027b3 (sz=16, trace=300000, nelems=8, elem type=char[])
ARR 500027b4 (sz=14, trace=300000, nelems=7, elem type=char[])
OBJ 500027b5 (sz=40, trace=300000, class=java.util.TreeMap$Entry@500000a6)
	key		500025db
	value		500025f1
	parent		500027af
OBJ 500027b6 (sz=40, trace=300000, class=java.util.TreeMap$Entry@500000a6)
	key		500025d9
	value		500025ef
	parent		500027af
ARR 500027b7 (sz=16, trace=300000, nelems=8, elem type=char[])
ARR 500027b8 (sz=14, trace=300000, nelems=7, elem type=char[])
ARR 500027b9 (sz=16, trace=300000, nelems=8, elem type=char[])
ARR 500027ba (sz=14, trace=300000, nelems=7, elem type=char[])
ARR 500027bb (sz=16, trace=300000, nelems=8, elem type=char[])
ARR 500027bc (sz=14, trace=300000, nelems=7, elem type=char[])
OBJ 500027bd (sz=40, trace=300000, class=java.util.TreeMap$Entry@500000a6)
	key		500025f6
	value		500025f6
	parent		500027a6
OBJ 500027be (sz=40, trace=300000, class=java.util.TreeMap$Entry@500000a6)
	key		500025df
	value		500025df
	parent		500027a6
ARR 500027bf (sz=14, trace=300000, nelems=7, elem type=char[])
ARR 500027c0 (sz=14, trace=300000, nelems=7, elem type=char[])
ARR 500027c1 (sz=12, trace=300000, nelems=6, elem type=char[])
OBJ 500027c2 (sz=40, trace=300000, class=java.util.TreeMap$Entry@500000a6)
	key		5000260e
	value		5000260e
	left		500027dd
	right		500027dc
	parent		50002786
OBJ 500027c3 (sz=40, trace=300000, class=java.util.TreeMap$Entry@500000a6)
	key		500025fb
	value		500025fb
	left		500027c6
	right		500027c5
	parent		50002786
ARR 500027c4 (sz=12, trace=300000, nelems=6, elem type=char[])
OBJ 500027c5 (sz=40, trace=300000, class=java.util.TreeMap$Entry@500000a6)
	key		50002608
	value		50002608
	left		500027ce
	right		500027cd
	parent		500027c3
OBJ 500027c6 (sz=40, trace=300000, class=java.util.TreeMap$Entry@500000a6)
	key		500025f9
	value		500025f9
	left		500027c9
	right		500027c8
	parent		500027c3
ARR 500027c7 (sz=12, trace=300000, nelems=6, elem type=char[])
OBJ 500027c8 (sz=40, trace=300000, class=java.util.TreeMap$Entry@500000a6)
	key		500025fa
	value		500025fa
	parent		500027c6
OBJ 500027c9 (sz=40, trace=300000, class=java.util.TreeMap$Entry@500000a6)
	key		500025f8
	value		500025f8
	parent		500027c6
ARR 500027ca (sz=12, trace=300000, nelems=6, elem type=char[])
ARR 500027cb (sz=12, trace=300000, nelems=6, elem type=char[])
ARR 500027cc (sz=12, trace=300000, nelems=6, elem type=char[])
OBJ 500027cd (sz=40, trace=300000, class=java.util.TreeMap$Entry@500000a6)
	key		50002609
	value		50002609
	parent		500027c5
OBJ 500027ce (sz=40, trace=300000, class=java.util.TreeMap$Entry@500000a6)
	key		50002600
	value		50002600
	left		500027d1
	right		500027d0
	parent		500027c5
ARR 500027cf (sz=12, trace=300000, nelems=6, elem type=char[])
OBJ 500027d0 (sz=40, trace=300000, class=java.util.TreeMap$Entry@500000a6)
	key		50002602
	value		50002602
	left		500027d7
	right		500027d6
	parent		500027ce
OBJ 500027d1 (sz=40, trace=300000, class=java.util.TreeMap$Entry@500000a6)
	key		500025fd
	value		500025fd
	left		500027d3
	parent		500027ce
ARR 500027d2 (sz=12, trace=300000, nelems=6, elem type=char[])
OBJ 500027d3 (sz=40, trace=300000, class=java.util.TreeMap$Entry@500000a6)
	key		500025fc
	value		500025fc
	parent		500027d1
ARR 500027d4 (sz=12, trace=300000, nelems=6, elem type=char[])
ARR 500027d5 (sz=12, trace=300000, nelems=6, elem type=char[])
OBJ 500027d6 (sz=40, trace=300000, class=java.util.TreeMap$Entry@500000a6)
	key		50002607
	value		50002607
	parent		500027d0
OBJ 500027d7 (sz=40, trace=300000, class=java.util.TreeMap$Entry@500000a6)
	key		50002601
	value		50002601
	parent		500027d0
ARR 500027d8 (sz=12, trace=300000, nelems=6, elem type=char[])
ARR 500027d9 (sz=12, trace=300000, nelems=6, elem type=char[])
ARR 500027da (sz=12, trace=300000, nelems=6, elem type=char[])
ARR 500027db (sz=12, trace=300000, nelems=6, elem type=char[])
OBJ 500027dc (sz=40, trace=300000, class=java.util.TreeMap$Entry@500000a6)
	key		500024ae
	value		500024bb
	left		500027e5
	right		500027e4
	parent		500027c2
OBJ 500027dd (sz=40, trace=300000, class=java.util.TreeMap$Entry@500000a6)
	key		5000260c
	value		5000260c
	left		500027e0
	right		500027df
	parent		500027c2
ARR 500027de (sz=12, trace=300000, nelems=6, elem type=char[])
OBJ 500027df (sz=40, trace=300000, class=java.util.TreeMap$Entry@500000a6)
	key		5000260d
	value		5000260d
	parent		500027dd
OBJ 500027e0 (sz=40, trace=300000, class=java.util.TreeMap$Entry@500000a6)
	key		5000260b
	value		5000260b
	parent		500027dd
ARR 500027e1 (sz=12, trace=300000, nelems=6, elem type=char[])
ARR 500027e2 (sz=12, trace=300000, nelems=6, elem type=char[])
ARR 500027e3 (sz=12, trace=300000, nelems=6, elem type=char[])
OBJ 500027e4 (sz=40, trace=300000, class=java.util.TreeMap$Entry@500000a6)
	key		500024b1
	value		500024be
	parent		500027dc
OBJ 500027e5 (sz=40, trace=300000, class=java.util.TreeMap$Entry@500000a6)
	key		5000260f
	value		5000260f
	right		500027e8
	parent		500027dc
ARR 500027e6 (sz=22, trace=300000, nelems=11, elem type=char[])
ARR 500027e7 (sz=20, trace=300000, nelems=10, elem type=char[])
OBJ 500027e8 (sz=40, trace=300000, class=java.util.TreeMap$Entry@500000a6)
	key		50002611
	value		50002611
	parent		500027e5
ARR 500027e9 (sz=12, trace=300000, nelems=6, elem type=char[])
ARR 500027ea (sz=12, trace=300000, nelems=6, elem type=char[])
ARR 500027eb (sz=22, trace=300000, nelems=11, elem type=char[])
ARR 500027ec (sz=20, trace=300000, nelems=10, elem type=char[])
OBJ 500027ed (sz=40, trace=300000, class=java.util.TreeMap$Entry@500000a6)
	key		50002561
	value		500024e0
	left		50002800
	right		500027ff
	parent		50002782
OBJ 500027ee (sz=40, trace=300000, class=java.util.TreeMap$Entry@500000a6)
	key		500024b4
	value		500024cb
	left		500027f2
	right		500027f1
	parent		50002782
ARR 500027ef (sz=28, trace=300000, nelems=14, elem type=char[])
ARR 500027f0 (sz=20, trace=300000, nelems=10, elem type=char[])
OBJ 500027f1 (sz=40, trace=300000, class=java.util.TreeMap$Entry@500000a6)
	key		500024b6
	value		500024cd
	left		500027f8
	right		500027f7
	parent		500027ee
OBJ 500027f2 (sz=40, trace=300000, class=java.util.TreeMap$Entry@500000a6)
	key		500024b3
	value		500024c0
	parent		500027ee
ARR 500027f3 (sz=20, trace=300000, nelems=10, elem type=char[])
ARR 500027f4 (sz=20, trace=300000, nelems=10, elem type=char[])
ARR 500027f5 (sz=22, trace=300000, nelems=11, elem type=char[])
ARR 500027f6 (sz=20, trace=300000, nelems=10, elem type=char[])
OBJ 500027f7 (sz=40, trace=300000, class=java.util.TreeMap$Entry@500000a6)
	key		500024d3
	value		500024d6
	parent		500027f1
OBJ 500027f8 (sz=40, trace=300000, class=java.util.TreeMap$Entry@500000a6)
	key		500024b5
	value		500024cc
	parent		500027f1
ARR 500027f9 (sz=20, trace=300000, nelems=10, elem type=char[])
ARR 500027fa (sz=20, trace=300000, nelems=10, elem type=char[])
ARR 500027fb (sz=20, trace=300000, nelems=10, elem type=char[])
ARR 500027fc (sz=20, trace=300000, nelems=10, elem type=char[])
ARR 500027fd (sz=18, trace=300000, nelems=9, elem type=char[])
ARR 500027fe (sz=20, trace=300000, nelems=10, elem type=char[])
OBJ 500027ff (sz=40, trace=300000, class=java.util.TreeMap$Entry@500000a6)
	key		5000256a
	value		5000249c
	parent		500027ed
OBJ 50002800 (sz=40, trace=300000, class=java.util.TreeMap$Entry@500000a6)
	key		500024ef
	value		500024f0
	left		50002804
	right		50002803
	parent		500027ed
ARR 50002801 (sz=22, trace=300000, nelems=11, elem type=char[])
ARR 50002802 (sz=10, trace=300000, nelems=5, elem type=char[])
OBJ 50002803 (sz=40, trace=300000, class=java.util.TreeMap$Entry@500000a6)
	key		5000255f
	value		500024db
	left		5000280a
	right		50002809
	parent		50002800
OBJ 50002804 (sz=40, trace=300000, class=java.util.TreeMap$Entry@500000a6)
	key		500024ee
	value		500024eb
	parent		50002800
ARR 50002805 (sz=14, trace=300000, nelems=7, elem type=char[])
ARR 50002806 (sz=14, trace=300000, nelems=7, elem type=char[])
ARR 50002807 (sz=18, trace=300000, nelems=9, elem type=char[])
ARR 50002808 (sz=8, trace=300000, nelems=4, elem type=char[])
OBJ 50002809 (sz=40, trace=300000, class=java.util.TreeMap$Entry@500000a6)
	key		50002560
	value		500024dc
	parent		50002803
OBJ 5000280a (sz=40, trace=300000, class=java.util.TreeMap$Entry@500000a6)
	key		5000255e
	value		500024da
	parent		50002803
ARR 5000280b (sz=24, trace=300000, nelems=12, elem type=char[])
ARR 5000280c (sz=12, trace=300000, nelems=6, elem type=char[])
ARR 5000280d (sz=24, trace=300000, nelems=12, elem type=char[])
ARR 5000280e (sz=12, trace=300000, nelems=6, elem type=char[])
ARR 5000280f (sz=24, trace=300000, nelems=12, elem type=char[])
ARR 50002810 (sz=12, trace=300000, nelems=6, elem type=char[])
ARR 50002811 (sz=34, trace=300000, nelems=17, elem type=char[])
ARR 50002812 (sz=30, trace=300000, nelems=15, elem type=char[])
OBJ 50002813 (sz=40, trace=300000, class=java.util.TreeMap$Entry@500000a6)
	key		5000276e
	value		50002628
	left		5000288f
	right		5000288e
	parent		5000277e
OBJ 50002814 (sz=40, trace=300000, class=java.util.TreeMap$Entry@500000a6)
	key		50002757
	value		50002606
	left		50002818
	right		50002817
	parent		5000277e
ARR 50002815 (sz=34, trace=300000, nelems=17, elem type=char[])
ARR 50002816 (sz=28, trace=300000, nelems=14, elem type=char[])
OBJ 50002817 (sz=40, trace=300000, class=java.util.TreeMap$Entry@500000a6)
	key		5000256e
	value		500024ac
	left		50002857
	right		50002856
	parent		50002814
OBJ 50002818 (sz=40, trace=300000, class=java.util.TreeMap$Entry@500000a6)
	key		5000274b
	value		500025e4
	left		5000281c
	right		5000281b
	parent		50002814
ARR 50002819 (sz=16, trace=300000, nelems=8, elem type=char[])
ARR 5000281a (sz=12, trace=300000, nelems=6, elem type=char[])
OBJ 5000281b (sz=40, trace=300000, class=java.util.TreeMap$Entry@500000a6)
	key		50002750
	value		500025f3
	left		50002837
	right		50002836
	parent		50002818
OBJ 5000281c (sz=40, trace=300000, class=java.util.TreeMap$Entry@500000a6)
	key		50002746
	value		500025dd
	left		50002820
	right		5000281f
	parent		50002818
ARR 5000281d (sz=18, trace=300000, nelems=9, elem type=char[])
ARR 5000281e (sz=14, trace=300000, nelems=7, elem type=char[])
OBJ 5000281f (sz=40, trace=300000, class=java.util.TreeMap$Entry@500000a6)
	key		50002748
	value		500025e0
	left		5000282c
	right		5000282b
	parent		5000281c
OBJ 50002820 (sz=40, trace=300000, class=java.util.TreeMap$Entry@500000a6)
	key		5000256d
	value		500024a8
	left		50002824
	right		50002823
	parent		5000281c
ARR 50002821 (sz=18, trace=300000, nelems=9, elem type=char[])
ARR 50002822 (sz=14, trace=300000, nelems=7, elem type=char[])
OBJ 50002823 (sz=40, trace=300000, class=java.util.TreeMap$Entry@500000a6)
	key		5000257e
	value		500024a5
	parent		50002820
OBJ 50002824 (sz=40, trace=300000, class=java.util.TreeMap$Entry@500000a6)
	key		5000257c
	value		500024a4
	parent		50002820
ARR 50002825 (sz=16, trace=300000, nelems=8, elem type=char[])
ARR 50002826 (sz=12, trace=300000, nelems=6, elem type=char[])
ARR 50002827 (sz=28, trace=300000, nelems=14, elem type=char[])
ARR 50002828 (sz=24, trace=300000, nelems=12, elem type=char[])
ARR 50002829 (sz=24, trace=300000, nelems=12, elem type=char[])
ARR 5000282a (sz=22, trace=300000, nelems=11, elem type=char[])
OBJ 5000282b (sz=40, trace=300000, class=java.util.TreeMap$Entry@500000a6)
	key		5000274a
	value		500025e3
	left		50002831
	parent		5000281f
OBJ 5000282c (sz=40, trace=300000, class=java.util.TreeMap$Entry@500000a6)
	key		50002747
	value		500025de
	parent		5000281f
ARR 5000282d (sz=18, trace=300000, nelems=9, elem type=char[])
ARR 5000282e (sz=14, trace=300000, nelems=7, elem type=char[])
ARR 5000282f (sz=18, trace=300000, nelems=9, elem type=char[])
ARR 50002830 (sz=14, trace=300000, nelems=7, elem type=char[])
OBJ 50002831 (sz=40, trace=300000, class=java.util.TreeMap$Entry@500000a6)
	key		50002749
	value		500025e2
	parent		5000282b
ARR 50002832 (sz=18, trace=300000, nelems=9, elem type=char[])
ARR 50002833 (sz=14, trace=300000, nelems=7, elem type=char[])
ARR 50002834 (sz=18, trace=300000, nelems=9, elem type=char[])
ARR 50002835 (sz=14, trace=300000, nelems=7, elem type=char[])
OBJ 50002836 (sz=40, trace=300000, class=java.util.TreeMap$Entry@500000a6)
	key		50002755
	value		50002603
	left		50002846
	right		50002845
	parent		5000281b
OBJ 50002837 (sz=40, trace=300000, class=java.util.TreeMap$Entry@500000a6)
	key		5000274d
	value		500025e6
	left		5000283b
	right		5000283a
	parent		5000281b
ARR 50002838 (sz=18, trace=300000, nelems=9, elem type=char[])
ARR 50002839 (sz=14, trace=300000, nelems=7, elem type=char[])
OBJ 5000283a (sz=40, trace=300000, class=java.util.TreeMap$Entry@500000a6)
	key		5000274e
	value		500025e7
	right		50002840
	parent		50002837
OBJ 5000283b (sz=40, trace=300000, class=java.util.TreeMap$Entry@500000a6)
	key		5000274c
	value		500025e5
	parent		50002837
ARR 5000283c (sz=18, trace=300000, nelems=9, elem type=char[])
ARR 5000283d (sz=14, trace=300000, nelems=7, elem type=char[])
ARR 5000283e (sz=18, trace=300000, nelems=9, elem type=char[])
ARR 5000283f (sz=14, trace=300000, nelems=7, elem type=char[])
OBJ 50002840 (sz=40, trace=300000, class=java.util.TreeMap$Entry@500000a6)
	key		5000274f
	value		500025f2
	parent		5000283a
ARR 50002841 (sz=18, trace=300000, nelems=9, elem type=char[])
ARR 50002842 (sz=14, trace=300000, nelems=7, elem type=char[])
ARR 50002843 (sz=18, trace=300000, nelems=9, elem type=char[])
ARR 50002844 (sz=14, trace=300000, nelems=7, elem type=char[])
OBJ 50002845 (sz=40, trace=300000, class=java.util.TreeMap$Entry@500000a6)
	key		50002756
	value		50002604
	parent		50002836
OBJ 50002846 (sz=40, trace=300000, class=java.util.TreeMap$Entry@500000a6)
	key		50002752
	value		500025f5
	left		5000284a
	right		50002849
	parent		50002836
ARR 50002847 (sz=16, trace=300000, nelems=8, elem type=char[])
ARR 50002848 (sz=12, trace=300000, nelems=6, elem type=char[])
OBJ 50002849 (sz=40, trace=300000, class=java.util.TreeMap$Entry@500000a6)
	key		50002754
	value		500025ff
	left		5000284f
	parent		50002846
OBJ 5000284a (sz=40, trace=300000, class=java.util.TreeMap$Entry@500000a6)
	key		50002751
	value		500025f4
	parent		50002846
ARR 5000284b (sz=18, trace=300000, nelems=9, elem type=char[])
ARR 5000284c (sz=14, trace=300000, nelems=7, elem type=char[])
ARR 5000284d (sz=18, trace=300000, nelems=9, elem type=char[])
ARR 5000284e (sz=14, trace=300000, nelems=7, elem type=char[])
OBJ 5000284f (sz=40, trace=300000, class=java.util.TreeMap$Entry@500000a6)
	key		50002753
	value		500025fe
	parent		50002849
ARR 50002850 (sz=20, trace=300000, nelems=10, elem type=char[])
ARR 50002851 (sz=16, trace=300000, nelems=8, elem type=char[])
ARR 50002852 (sz=16, trace=300000, nelems=8, elem type=char[])
ARR 50002853 (sz=12, trace=300000, nelems=6, elem type=char[])
ARR 50002854 (sz=16, trace=300000, nelems=8, elem type=char[])
ARR 50002855 (sz=12, trace=300000, nelems=6, elem type=char[])
OBJ 50002856 (sz=40, trace=300000, class=java.util.TreeMap$Entry@500000a6)
	key		50002763
	value		5000261c
	left		50002872
	right		50002871
	parent		50002817
OBJ 50002857 (sz=40, trace=300000, class=java.util.TreeMap$Entry@500000a6)
	key		5000275b
	value		50002614
	left		5000285b
	right		5000285a
	parent		50002817
ARR 50002858 (sz=16, trace=300000, nelems=8, elem type=char[])
ARR 50002859 (sz=12, trace=300000, nelems=6, elem type=char[])
OBJ 5000285a (sz=40, trace=300000, class=java.util.TreeMap$Entry@500000a6)
	key		5000275e
	value		50002617
	left		50002867
	right		50002866
	parent		50002857
OBJ 5000285b (sz=40, trace=300000, class=java.util.TreeMap$Entry@500000a6)
	key		50002759
	value		50002612
	left		5000285f
	right		5000285e
	parent		50002857
ARR 5000285c (sz=16, trace=300000, nelems=8, elem type=char[])
ARR 5000285d (sz=12, trace=300000, nelems=6, elem type=char[])
OBJ 5000285e (sz=40, trace=300000, class=java.util.TreeMap$Entry@500000a6)
	key		5000275a
	value		50002613
	parent		5000285b
OBJ 5000285f (sz=40, trace=300000, class=java.util.TreeMap$Entry@500000a6)
	key		50002758
	value		50002610
	parent		5000285b
ARR 50002860 (sz=16, trace=300000, nelems=8, elem type=char[])
ARR 50002861 (sz=12, trace=300000, nelems=6, elem type=char[])
ARR 50002862 (sz=16, trace=300000, nelems=8, elem type=char[])
ARR 50002863 (sz=12, trace=300000, nelems=6, elem type=char[])
ARR 50002864 (sz=16, trace=300000, nelems=8, elem type=char[])
ARR 50002865 (sz=12, trace=300000, nelems=6, elem type=char[])
OBJ 50002866 (sz=40, trace=300000, class=java.util.TreeMap$Entry@500000a6)
	key		5000275f
	value		50002618
	parent		5000285a
OBJ 50002867 (sz=40, trace=300000, class=java.util.TreeMap$Entry@500000a6)
	key		5000275d
	value		50002616
	left		5000286a
	parent		5000285a
ARR 50002868 (sz=16, trace=300000, nelems=8, elem type=char[])
ARR 50002869 (sz=12, trace=300000, nelems=6, elem type=char[])
OBJ 5000286a (sz=40, trace=300000, class=java.util.TreeMap$Entry@500000a6)
	key		5000275c
	value		50002615
	parent		50002867
ARR 5000286b (sz=16, trace=300000, nelems=8, elem type=char[])
ARR 5000286c (sz=12, trace=300000, nelems=6, elem type=char[])
ARR 5000286d (sz=16, trace=300000, nelems=8, elem type=char[])
ARR 5000286e (sz=12, trace=300000, nelems=6, elem type=char[])
ARR 5000286f (sz=16, trace=300000, nelems=8, elem type=char[])
ARR 50002870 (sz=12, trace=300000, nelems=6, elem type=char[])
OBJ 50002871 (sz=40, trace=300000, class=java.util.TreeMap$Entry@500000a6)
	key		50002766
	value		5000261f
	left		5000287e
	right		5000287d
	parent		50002856
OBJ 50002872 (sz=40, trace=300000, class=java.util.TreeMap$Entry@500000a6)
	key		50002761
	value		5000261a
	left		50002876
	right		50002875
	parent		50002856
ARR 50002873 (sz=16, trace=300000, nelems=8, elem type=char[])
ARR 50002874 (sz=12, trace=300000, nelems=6, elem type=char[])
OBJ 50002875 (sz=40, trace=300000, class=java.util.TreeMap$Entry@500000a6)
	key		50002762
	value		5000261b
	parent		50002872
OBJ 50002876 (sz=40, trace=300000, class=java.util.TreeMap$Entry@500000a6)
	key		50002760
	value		50002619
	parent		50002872
ARR 50002877 (sz=16, trace=300000, nelems=8, elem type=char[])
ARR 50002878 (sz=12, trace=300000, nelems=6, elem type=char[])
ARR 50002879 (sz=18, trace=300000, nelems=9, elem type=char[])
ARR 5000287a (sz=14, trace=300000, nelems=7, elem type=char[])
ARR 5000287b (sz=18, trace=300000, nelems=9, elem type=char[])
ARR 5000287c (sz=14, trace=300000, nelems=7, elem type=char[])
OBJ 5000287d (sz=40, trace=300000, class=java.util.TreeMap$Entry@500000a6)
	key		50002768
	value		50002621
	left		50002887
	right		50002886
	parent		50002871
OBJ 5000287e (sz=40, trace=300000, class=java.util.TreeMap$Entry@500000a6)
	key		50002764
	value		5000261d
	right		50002881
	parent		50002871
ARR 5000287f (sz=16, trace=300000, nelems=8, elem type=char[])
ARR 50002880 (sz=12, trace=300000, nelems=6, elem type=char[])
OBJ 50002881 (sz=40, trace=300000, class=java.util.TreeMap$Entry@500000a6)
	key		50002765
	value		5000261e
	parent		5000287e
ARR 50002882 (sz=16, trace=300000, nelems=8, elem type=char[])
ARR 50002883 (sz=12, trace=300000, nelems=6, elem type=char[])
ARR 50002884 (sz=18, trace=300000, nelems=9, elem type=char[])
ARR 50002885 (sz=14, trace=300000, nelems=7, elem type=char[])
OBJ 50002886 (sz=40, trace=300000, class=java.util.TreeMap$Entry@500000a6)
	key		5000256f
	value		500024ad
	parent		5000287d
OBJ 50002887 (sz=40, trace=300000, class=java.util.TreeMap$Entry@500000a6)
	key		50002767
	value		50002620
	parent		5000287d
ARR 50002888 (sz=16, trace=300000, nelems=8, elem type=char[])
ARR 50002889 (sz=12, trace=300000, nelems=6, elem type=char[])
ARR 5000288a (sz=16, trace=300000, nelems=8, elem type=char[])
ARR 5000288b (sz=12, trace=300000, nelems=6, elem type=char[])
ARR 5000288c (sz=18, trace=300000, nelems=9, elem type=char[])
ARR 5000288d (sz=14, trace=300000, nelems=7, elem type=char[])
OBJ 5000288e (sz=40, trace=300000, class=java.util.TreeMap$Entry@500000a6)
	key		50002577
	value		500024e7
	left		500028b0
	right		500028af
	parent		50002813
OBJ 5000288f (sz=40, trace=300000, class=java.util.TreeMap$Entry@500000a6)
	key		50002575
	value		500024d9
	left		50002893
	right		50002892
	parent		50002813
ARR 50002890 (sz=20, trace=300000, nelems=10, elem type=char[])
ARR 50002891 (sz=16, trace=300000, nelems=8, elem type=char[])
OBJ 50002892 (sz=40, trace=300000, class=java.util.TreeMap$Entry@500000a6)
	key		5000276b
	value		50002625
	left		500028a2
	right		500028a1
	parent		5000288f
OBJ 50002893 (sz=40, trace=300000, class=java.util.TreeMap$Entry@500000a6)
	key		50002573
	value		500024d7
	left		50002897
	right		50002896
	parent		5000288f
ARR 50002894 (sz=14, trace=300000, nelems=7, elem type=char[])
ARR 50002895 (sz=10, trace=300000, nelems=5, elem type=char[])
OBJ 50002896 (sz=40, trace=300000, class=java.util.TreeMap$Entry@500000a6)
	key		50002574
	value		500024d1
	parent		50002893
OBJ 50002897 (sz=40, trace=300000, class=java.util.TreeMap$Entry@500000a6)
	key		50002571
	value		500024bd
	right		5000289a
	parent		50002893
ARR 50002898 (sz=18, trace=300000, nelems=9, elem type=char[])
ARR 50002899 (sz=20, trace=300000, nelems=10, elem type=char[])
OBJ 5000289a (sz=40, trace=300000, class=java.util.TreeMap$Entry@500000a6)
	key		50002572
	value		500024ca
	parent		50002897
ARR 5000289b (sz=32, trace=300000, nelems=16, elem type=char[])
ARR 5000289c (sz=26, trace=300000, nelems=13, elem type=char[])
ARR 5000289d (sz=26, trace=300000, nelems=13, elem type=char[])
ARR 5000289e (sz=22, trace=300000, nelems=11, elem type=char[])
ARR 5000289f (sz=30, trace=300000, nelems=15, elem type=char[])
ARR 500028a0 (sz=26, trace=300000, nelems=13, elem type=char[])
OBJ 500028a1 (sz=40, trace=300000, class=java.util.TreeMap$Entry@500000a6)
	key		5000276c
	value		50002626
	right		500028aa
	parent		50002892
OBJ 500028a2 (sz=40, trace=300000, class=java.util.TreeMap$Entry@500000a6)
	key		5000276a
	value		50002624
	left		500028a5
	parent		50002892
ARR 500028a3 (sz=26, trace=300000, nelems=13, elem type=char[])
ARR 500028a4 (sz=22, trace=300000, nelems=11, elem type=char[])
OBJ 500028a5 (sz=40, trace=300000, class=java.util.TreeMap$Entry@500000a6)
	key		50002769
	value		50002623
	parent		500028a2
ARR 500028a6 (sz=36, trace=300000, nelems=18, elem type=char[])
ARR 500028a7 (sz=32, trace=300000, nelems=16, elem type=char[])
ARR 500028a8 (sz=22, trace=300000, nelems=11, elem type=char[])
ARR 500028a9 (sz=18, trace=300000, nelems=9, elem type=char[])
OBJ 500028aa (sz=40, trace=300000, class=java.util.TreeMap$Entry@500000a6)
	key		5000276d
	value		50002627
	parent		500028a1
ARR 500028ab (sz=26, trace=300000, nelems=13, elem type=char[])
ARR 500028ac (sz=22, trace=300000, nelems=11, elem type=char[])
ARR 500028ad (sz=24, trace=300000, nelems=12, elem type=char[])
ARR 500028ae (sz=20, trace=300000, nelems=10, elem type=char[])
OBJ 500028af (sz=40, trace=300000, class=java.util.TreeMap$Entry@500000a6)
	key		5000257a
	value		500024ec
	left		500028ce
	right		500028cd
	parent		5000288e
OBJ 500028b0 (sz=40, trace=300000, class=java.util.TreeMap$Entry@500000a6)
	key		50002774
	value		5000262e
	left		500028b4
	right		500028b3
	parent		5000288e
ARR 500028b1 (sz=26, trace=300000, nelems=13, elem type=char[])
ARR 500028b2 (sz=22, trace=300000, nelems=11, elem type=char[])
OBJ 500028b3 (sz=40, trace=300000, class=java.util.TreeMap$Entry@500000a6)
	key		50002776
	value		50002630
	left		500028c6
	right		500028c5
	parent		500028b0
OBJ 500028b4 (sz=40, trace=300000, class=java.util.TreeMap$Entry@500000a6)
	key		50002771
	value		5000262b
	left		500028b8
	right		500028b7
	parent		500028b0
ARR 500028b5 (sz=18, trace=300000, nelems=9, elem type=char[])
ARR 500028b6 (sz=14, trace=300000, nelems=7, elem type=char[])
OBJ 500028b7 (sz=40, trace=300000, class=java.util.TreeMap$Entry@500000a6)
	key		50002772
	value		5000262c
	right		500028c0
	parent		500028b4
OBJ 500028b8 (sz=40, trace=300000, class=java.util.TreeMap$Entry@500000a6)
	key		5000276f
	value		50002629
	right		500028bb
	parent		500028b4
ARR 500028b9 (sz=20, trace=300000, nelems=10, elem type=char[])
ARR 500028ba (sz=16, trace=300000, nelems=8, elem type=char[])
OBJ 500028bb (sz=40, trace=300000, class=java.util.TreeMap$Entry@500000a6)
	key		50002770
	value		5000262a
	parent		500028b8
ARR 500028bc (sz=22, trace=300000, nelems=11, elem type=char[])
ARR 500028bd (sz=18, trace=300000, nelems=9, elem type=char[])
ARR 500028be (sz=24, trace=300000, nelems=12, elem type=char[])
ARR 500028bf (sz=20, trace=300000, nelems=10, elem type=char[])
OBJ 500028c0 (sz=40, trace=300000, class=java.util.TreeMap$Entry@500000a6)
	key		50002773
	value		5000262d
	parent		500028b7
ARR 500028c1 (sz=24, trace=300000, nelems=12, elem type=char[])
ARR 500028c2 (sz=20, trace=300000, nelems=10, elem type=char[])
ARR 500028c3 (sz=22, trace=300000, nelems=11, elem type=char[])
ARR 500028c4 (sz=18, trace=300000, nelems=9, elem type=char[])
OBJ 500028c5 (sz=40, trace=300000, class=java.util.TreeMap$Entry@500000a6)
	key		50002576
	value		500024e3
	parent		500028b3
OBJ 500028c6 (sz=40, trace=300000, class=java.util.TreeMap$Entry@500000a6)
	key		50002775
	value		5000262f
	parent		500028b3
ARR 500028c7 (sz=24, trace=300000, nelems=12, elem type=char[])
ARR 500028c8 (sz=20, trace=300000, nelems=10, elem type=char[])
ARR 500028c9 (sz=24, trace=300000, nelems=12, elem type=char[])
ARR 500028ca (sz=20, trace=300000, nelems=10, elem type=char[])
ARR 500028cb (sz=24, trace=300000, nelems=12, elem type=char[])
ARR 500028cc (sz=20, trace=300000, nelems=10, elem type=char[])
OBJ 500028cd (sz=40, trace=300000, class=java.util.TreeMap$Entry@500000a6)
	key		50002583
	value		500024df
	left		500028da
	right		500028d9
	parent		500028af
OBJ 500028ce (sz=40, trace=300000, class=java.util.TreeMap$Entry@500000a6)
	key		5000257f
	value		500024e4
	left		500028d2
	right		500028d1
	parent		500028af
ARR 500028cf (sz=22, trace=300000, nelems=11, elem type=char[])
ARR 500028d0 (sz=18, trace=300000, nelems=9, elem type=char[])
OBJ 500028d1 (sz=40, trace=300000, class=java.util.TreeMap$Entry@500000a6)
	key		50002579
	value		500024ea
	parent		500028ce
OBJ 500028d2 (sz=40, trace=300000, class=java.util.TreeMap$Entry@500000a6)
	key		50002578
	value		500024e8
	parent		500028ce
ARR 500028d3 (sz=22, trace=300000, nelems=11, elem type=char[])
ARR 500028d4 (sz=10, trace=300000, nelems=5, elem type=char[])
ARR 500028d5 (sz=32, trace=300000, nelems=16, elem type=char[])
ARR 500028d6 (sz=28, trace=300000, nelems=14, elem type=char[])
ARR 500028d7 (sz=10, trace=300000, nelems=5, elem type=char[])
ARR 500028d8 (sz=6, trace=300000, nelems=3, elem type=char[])
OBJ 500028d9 (sz=40, trace=300000, class=java.util.TreeMap$Entry@500000a6)
	key		50002585
	value		500024e6
	left		500028e3
	right		500028e2
	parent		500028cd
OBJ 500028da (sz=40, trace=300000, class=java.util.TreeMap$Entry@500000a6)
	key		50002582
	value		500024de
	left		500028dd
	parent		500028cd
ARR 500028db (sz=26, trace=300000, nelems=13, elem type=char[])
ARR 500028dc (sz=10, trace=300000, nelems=5, elem type=char[])
OBJ 500028dd (sz=40, trace=300000, class=java.util.TreeMap$Entry@500000a6)
	key		50002581
	value		500024dd
	parent		500028da
ARR 500028de (sz=30, trace=300000, nelems=15, elem type=char[])
ARR 500028df (sz=14, trace=300000, nelems=7, elem type=char[])
ARR 500028e0 (sz=30, trace=300000, nelems=15, elem type=char[])
ARR 500028e1 (sz=14, trace=300000, nelems=7, elem type=char[])
OBJ 500028e2 (sz=40, trace=300000, class=java.util.TreeMap$Entry@500000a6)
	key		50002586
	value		500024e9
	parent		500028d9
OBJ 500028e3 (sz=40, trace=300000, class=java.util.TreeMap$Entry@500000a6)
	key		50002584
	value		500024e5
	parent		500028d9
ARR 500028e4 (sz=26, trace=300000, nelems=13, elem type=char[])
ARR 500028e5 (sz=10, trace=300000, nelems=5, elem type=char[])
ARR 500028e6 (sz=26, trace=300000, nelems=13, elem type=char[])
ARR 500028e7 (sz=10, trace=300000, nelems=5, elem type=char[])
ARR 500028e8 (sz=38, trace=300000, nelems=19, elem type=char[])
ARR 500028e9 (sz=22, trace=300000, nelems=11, elem type=char[])
OBJ 500028ea (sz=16, trace=300000, class=java.lang.Object@50000185)
OBJ 500028eb (sz=40, trace=300000, class=java.util.TreeMap$Entry@500000a6)
	key		50002520
	value		500024aa
	left		500028ed
	right		500028ec
OBJ 500028ec (sz=40, trace=300000, class=java.util.TreeMap$Entry@500000a6)
	key		50002534
	value		500024b2
	left		50002b20
	right		50002b1f
	parent		500028eb
OBJ 500028ed (sz=40, trace=300000, class=java.util.TreeMap$Entry@500000a6)
	key		50002500
	value		50002582
	left		500028f0
	right		500028ef
	parent		500028eb
ARR 500028ee (sz=24, trace=300000, nelems=12, elem type=char[])
OBJ 500028ef (sz=40, trace=300000, class=java.util.TreeMap$Entry@500000a6)
	key		50002503
	value		50002499
	left		50002a29
	right		50002a28
	parent		500028ed
OBJ 500028f0 (sz=40, trace=300000, class=java.util.TreeMap$Entry@500000a6)
	key		500024f6
	value		5000249a
	left		500028f3
	right		500028f2
	parent		500028ed
ARR 500028f1 (sz=14, trace=300000, nelems=7, elem type=char[])
OBJ 500028f2 (sz=40, trace=300000, class=java.util.TreeMap$Entry@500000a6)
	key		5000264e
	value		50002748
	left		5000299c
	right		5000299b
	parent		500028f0
OBJ 500028f3 (sz=40, trace=300000, class=java.util.TreeMap$Entry@500000a6)
	key		500025b3
	value		50002607
	left		500028f6
	right		500028f5
	parent		500028f0
ARR 500028f4 (sz=12, trace=300000, nelems=6, elem type=char[])
OBJ 500028f5 (sz=40, trace=300000, class=java.util.TreeMap$Entry@500000a6)
	key		500025c7
	value		50002761
	left		50002950
	right		5000294f
	parent		500028f3
OBJ 500028f6 (sz=40, trace=300000, class=java.util.TreeMap$Entry@500000a6)
	key		50002591
	value		5000274b
	left		500028f9
	right		500028f8
	parent		500028f3
ARR 500028f7 (sz=6, trace=300000, nelems=3, elem type=char[])
OBJ 500028f8 (sz=40, trace=300000, class=java.util.TreeMap$Entry@500000a6)
	key		500025a0
	value		50002750
	left		5000290d
	right		5000290c
	parent		500028f6
OBJ 500028f9 (sz=40, trace=300000, class=java.util.TreeMap$Entry@500000a6)
	key		5000258d
	value		50002748
	left		500028fc
	right		500028fb
	parent		500028f6
ARR 500028fa (sz=8, trace=300000, nelems=4, elem type=char[])
OBJ 500028fb (sz=40, trace=300000, class=java.util.TreeMap$Entry@500000a6)
	key		50002491
	value		500024b5
	left		50002906
	right		50002905
	parent		500028f9
OBJ 500028fc (sz=40, trace=300000, class=java.util.TreeMap$Entry@500000a6)
	key		5000258a
	value		50002746
	left		500028ff
	right		500028fe
	parent		500028f9
ARR 500028fd (sz=8, trace=300000, nelems=4, elem type=char[])
OBJ 500028fe (sz=40, trace=300000, class=java.util.TreeMap$Entry@500000a6)
	key		5000258b
	value		50002747
	right		50002902
	parent		500028fc
OBJ 500028ff (sz=40, trace=300000, class=java.util.TreeMap$Entry@500000a6)
	key		50002589
	value		500025dc
	parent		500028fc
ARR 50002900 (sz=8, trace=300000, nelems=4, elem type=char[])
ARR 50002901 (sz=6, trace=300000, nelems=3, elem type=char[])
OBJ 50002902 (sz=40, trace=300000, class=java.util.TreeMap$Entry@500000a6)
	key		5000258c
	value		500025df
	parent		500028fe
ARR 50002903 (sz=8, trace=300000, nelems=4, elem type=char[])
ARR 50002904 (sz=8, trace=300000, nelems=4, elem type=char[])
OBJ 50002905 (sz=40, trace=300000, class=java.util.TreeMap$Entry@500000a6)
	key		50002590
	value		5000274a
	left		50002909
	parent		500028fb
OBJ 50002906 (sz=40, trace=300000, class=java.util.TreeMap$Entry@500000a6)
	key		5000258e
	value		500025e1
	parent		500028fb
ARR 50002907 (sz=8, trace=300000, nelems=4, elem type=char[])
ARR 50002908 (sz=8, trace=300000, nelems=4, elem type=char[])
OBJ 50002909 (sz=40, trace=300000, class=java.util.TreeMap$Entry@500000a6)
	key		5000258f
	value		50002749
	parent		50002905
ARR 5000290a (sz=8, trace=300000, nelems=4, elem type=char[])
ARR 5000290b (sz=8, trace=300000, nelems=4, elem type=char[])
OBJ 5000290c (sz=40, trace=300000, class=java.util.TreeMap$Entry@500000a6)
	key		500025a6
	value		500025f9
	left		5000292b
	right		5000292a
	parent		500028f8
OBJ 5000290d (sz=40, trace=300000, class=java.util.TreeMap$Entry@500000a6)
	key		50002595
	value		500025d2
	left		50002910
	right		5000290f
	parent		500028f8
ARR 5000290e (sz=8, trace=300000, nelems=4, elem type=char[])
OBJ 5000290f (sz=40, trace=300000, class=java.util.TreeMap$Entry@500000a6)
	key		50002599
	value		500025d6
	left		50002918
	right		50002917
	parent		5000290d
OBJ 50002910 (sz=40, trace=300000, class=java.util.TreeMap$Entry@500000a6)
	key		50002593
	value		5000274d
	left		50002913
	right		50002912
	parent		5000290d
ARR 50002911 (sz=8, trace=300000, nelems=4, elem type=char[])
OBJ 50002912 (sz=40, trace=300000, class=java.util.TreeMap$Entry@500000a6)
	key		50002594
	value		5000274e
	parent		50002910
OBJ 50002913 (sz=40, trace=300000, class=java.util.TreeMap$Entry@500000a6)
	key		50002592
	value		5000274c
	parent		50002910
ARR 50002914 (sz=8, trace=300000, nelems=4, elem type=char[])
ARR 50002915 (sz=8, trace=300000, nelems=4, elem type=char[])
ARR 50002916 (sz=8, trace=300000, nelems=4, elem type=char[])
OBJ 50002917 (sz=40, trace=300000, class=java.util.TreeMap$Entry@500000a6)
	key		5000259b
	value		500025d8
	left		50002920
	right		5000291f
	parent		5000290f
OBJ 50002918 (sz=40, trace=300000, class=java.util.TreeMap$Entry@500000a6)
	key		50002597
	value		500025d4
	left		5000291b
	right		5000291a
	parent		5000290f
ARR 50002919 (sz=8, trace=300000, nelems=4, elem type=char[])
OBJ 5000291a (sz=40, trace=300000, class=java.util.TreeMap$Entry@500000a6)
	key		50002598
	value		500025d5
	parent		50002918
OBJ 5000291b (sz=40, trace=300000, class=java.util.TreeMap$Entry@500000a6)
	key		50002596
	value		500025d3
	parent		50002918
ARR 5000291c (sz=8, trace=300000, nelems=4, elem type=char[])
ARR 5000291d (sz=8, trace=300000, nelems=4, elem type=char[])
ARR 5000291e (sz=8, trace=300000, nelems=4, elem type=char[])
OBJ 5000291f (sz=40, trace=300000, class=java.util.TreeMap$Entry@500000a6)
	key		5000259d
	value		500025da
	left		50002924
	right		50002923
	parent		50002917
OBJ 50002920 (sz=40, trace=300000, class=java.util.TreeMap$Entry@500000a6)
	key		5000259a
	value		500025d7
	parent		50002917
ARR 50002921 (sz=8, trace=300000, nelems=4, elem type=char[])
ARR 50002922 (sz=8, trace=300000, nelems=4, elem type=char[])
OBJ 50002923 (sz=40, trace=300000, class=java.util.TreeMap$Entry@500000a6)
	key		5000259e
	value		500025db
	right		50002927
	parent		5000291f
OBJ 50002924 (sz=40, trace=300000, class=java.util.TreeMap$Entry@500000a6)
	key		5000259c
	value		500025d9
	parent		5000291f
ARR 50002925 (sz=8, trace=300000, nelems=4, elem type=char[])
ARR 50002926 (sz=8, trace=300000, nelems=4, elem type=char[])
OBJ 50002927 (sz=40, trace=300000, class=java.util.TreeMap$Entry@500000a6)
	key		5000259f
	value		5000274f
	parent		50002923
ARR 50002928 (sz=8, trace=300000, nelems=4, elem type=char[])
ARR 50002929 (sz=8, trace=300000, nelems=4, elem type=char[])
OBJ 5000292a (sz=40, trace=300000, class=java.util.TreeMap$Entry@500000a6)
	key		500025ad
	value		50002600
	left		50002937
	right		50002936
	parent		5000290c
OBJ 5000292b (sz=40, trace=300000, class=java.util.TreeMap$Entry@500000a6)
	key		500025a4
	value		500025f7
	left		5000292e
	right		5000292d
	parent		5000290c
ARR 5000292c (sz=6, trace=300000, nelems=3, elem type=char[])
OBJ 5000292d (sz=40, trace=300000, class=java.util.TreeMap$Entry@500000a6)
	key		500025a5
	value		500025f8
	parent		5000292b
OBJ 5000292e (sz=40, trace=300000, class=java.util.TreeMap$Entry@500000a6)
	key		500025a2
	value		50002752
	left		50002931
	right		50002930
	parent		5000292b
ARR 5000292f (sz=6, trace=300000, nelems=3, elem type=char[])
OBJ 50002930 (sz=40, trace=300000, class=java.util.TreeMap$Entry@500000a6)
	key		500025a3
	value		500025f6
	parent		5000292e
OBJ 50002931 (sz=40, trace=300000, class=java.util.TreeMap$Entry@500000a6)
	key		500025a1
	value		50002751
	parent		5000292e
ARR 50002932 (sz=8, trace=300000, nelems=4, elem type=char[])
ARR 50002933 (sz=8, trace=300000, nelems=4, elem type=char[])
ARR 50002934 (sz=6, trace=300000, nelems=3, elem type=char[])
ARR 50002935 (sz=6, trace=300000, nelems=3, elem type=char[])
OBJ 50002936 (sz=40, trace=300000, class=java.util.TreeMap$Entry@500000a6)
	key		50002492
	value		500024a0
	left		50002945
	right		50002944
	parent		5000292a
OBJ 50002937 (sz=40, trace=300000, class=java.util.TreeMap$Entry@500000a6)
	key		500025a8
	value		500025fb
	left		5000293a
	right		50002939
	parent		5000292a
ARR 50002938 (sz=6, trace=300000, nelems=3, elem type=char[])
OBJ 50002939 (sz=40, trace=300000, class=java.util.TreeMap$Entry@500000a6)
	key		500025aa
	value		500025fd
	left		5000293e
	right		5000293d
	parent		50002937
OBJ 5000293a (sz=40, trace=300000, class=java.util.TreeMap$Entry@500000a6)
	key		500025a7
	value		500025fa
	parent		50002937
ARR 5000293b (sz=6, trace=300000, nelems=3, elem type=char[])
ARR 5000293c (sz=6, trace=300000, nelems=3, elem type=char[])
OBJ 5000293d (sz=40, trace=300000, class=java.util.TreeMap$Entry@500000a6)
	key		500025ac
	value		50002754
	left		50002941
	parent		50002939
OBJ 5000293e (sz=40, trace=300000, class=java.util.TreeMap$Entry@500000a6)
	key		500025a9
	value		500025fc
	parent		50002939
ARR 5000293f (sz=6, trace=300000, nelems=3, elem type=char[])
ARR 50002940 (sz=6, trace=300000, nelems=3, elem type=char[])
OBJ 50002941 (sz=40, trace=300000, class=java.util.TreeMap$Entry@500000a6)
	key		500025ab
	value		50002753
	parent		5000293d
ARR 50002942 (sz=10, trace=300000, nelems=5, elem type=char[])
ARR 50002943 (sz=6, trace=300000, nelems=3, elem type=char[])
OBJ 50002944 (sz=40, trace=300000, class=java.util.TreeMap$Entry@500000a6)
	key		500025b1
	value		500025d1
	left		5000294b
	right		5000294a
	parent		50002936
OBJ 50002945 (sz=40, trace=300000, class=java.util.TreeMap$Entry@500000a6)
	key		500025ae
	value		50002601
	right		50002947
	parent		50002936
ARR 50002946 (sz=8, trace=300000, nelems=4, elem type=char[])
OBJ 50002947 (sz=40, trace=300000, class=java.util.TreeMap$Entry@500000a6)
	key		500025af
	value		50002602
	parent		50002945
ARR 50002948 (sz=6, trace=300000, nelems=3, elem type=char[])
ARR 50002949 (sz=6, trace=300000, nelems=3, elem type=char[])
OBJ 5000294a (sz=40, trace=300000, class=java.util.TreeMap$Entry@500000a6)
	key		500025b2
	value		50002757
	parent		50002944
OBJ 5000294b (sz=40, trace=300000, class=java.util.TreeMap$Entry@500000a6)
	key		500025b0
	value		50002756
	parent		50002944
ARR 5000294c (sz=6, trace=300000, nelems=3, elem type=char[])
ARR 5000294d (sz=6, trace=300000, nelems=3, elem type=char[])
ARR 5000294e (sz=6, trace=300000, nelems=3, elem type=char[])
OBJ 5000294f (sz=40, trace=300000, class=java.util.TreeMap$Entry@500000a6)
	key		500024f4
	value		5000256a
	left		50002982
	right		50002981
	parent		500028f5
OBJ 50002950 (sz=40, trace=300000, class=java.util.TreeMap$Entry@500000a6)
	key		50002496
	value		500024b4
	left		50002953
	right		50002952
	parent		500028f5
ARR 50002951 (sz=6, trace=300000, nelems=3, elem type=char[])
OBJ 50002952 (sz=40, trace=300000, class=java.util.TreeMap$Entry@500000a6)
	key		500025c0
	value		5000275b
	left		5000296d
	right		5000296c
	parent		50002950
OBJ 50002953 (sz=40, trace=300000, class=java.util.TreeMap$Entry@500000a6)
	key		500025b7
	value		5000260b
	left		50002956
	right		50002955
	parent		50002950
ARR 50002954 (sz=6, trace=300000, nelems=3, elem type=char[])
OBJ 50002955 (sz=40, trace=300000, class=java.util.TreeMap$Entry@500000a6)
	key		50002493
	value		500024b4
	left		5000295e
	right		5000295d
	parent		50002953
OBJ 50002956 (sz=40, trace=300000, class=java.util.TreeMap$Entry@500000a6)
	key		500025b5
	value		50002609
	left		50002959
	right		50002958
	parent		50002953
ARR 50002957 (sz=6, trace=300000, nelems=3, elem type=char[])
OBJ 50002958 (sz=40, trace=300000, class=java.util.TreeMap$Entry@500000a6)
	key		500025b6
	value		5000260a
	parent		50002956
OBJ 50002959 (sz=40, trace=300000, class=java.util.TreeMap$Entry@500000a6)
	key		500025b4
	value		50002608
	parent		50002956
ARR 5000295a (sz=6, trace=300000, nelems=3, elem type=char[])
ARR 5000295b (sz=6, trace=300000, nelems=3, elem type=char[])
ARR 5000295c (sz=6, trace=300000, nelems=3, elem type=char[])
OBJ 5000295d (sz=40, trace=300000, class=java.util.TreeMap$Entry@500000a6)
	key		50002494
	value		500024b5
	right		50002969
	parent		50002955
OBJ 5000295e (sz=40, trace=300000, class=java.util.TreeMap$Entry@500000a6)
	key		500025b9
	value		5000260d
	left		50002961
	right		50002960
	parent		50002955
ARR 5000295f (sz=12, trace=300000, nelems=6, elem type=char[])
OBJ 50002960 (sz=40, trace=300000, class=java.util.TreeMap$Entry@500000a6)
	key		500025bb
	value		5000260f
	left		50002965
	right		50002964
	parent		5000295e
OBJ 50002961 (sz=40, trace=300000, class=java.util.TreeMap$Entry@500000a6)
	key		500025b8
	value		5000260c
	parent		5000295e
ARR 50002962 (sz=6, trace=300000, nelems=3, elem type=char[])
ARR 50002963 (sz=6, trace=300000, nelems=3, elem type=char[])
OBJ 50002964 (sz=40, trace=300000, class=java.util.TreeMap$Entry@500000a6)
	key		500025bc
	value		50002758
	parent		50002960
OBJ 50002965 (sz=40, trace=300000, class=java.util.TreeMap$Entry@500000a6)
	key		500025ba
	value		5000260e
	parent		50002960
ARR 50002966 (sz=6, trace=300000, nelems=3, elem type=char[])
ARR 50002967 (sz=6, trace=300000, nelems=3, elem type=char[])
ARR 50002968 (sz=6, trace=300000, nelems=3, elem type=char[])
OBJ 50002969 (sz=40, trace=300000, class=java.util.TreeMap$Entry@500000a6)
	key		50002495
	value		500024b6
	parent		5000295d
ARR 5000296a (sz=12, trace=300000, nelems=6, elem type=char[])
ARR 5000296b (sz=12, trace=300000, nelems=6, elem type=char[])
OBJ 5000296c (sz=40, trace=300000, class=java.util.TreeMap$Entry@500000a6)
	key		500025c5
	value		5000256e
	left		50002977
	right		50002976
	parent		50002952
OBJ 5000296d (sz=40, trace=300000, class=java.util.TreeMap$Entry@500000a6)
	key		500025bd
	value		50002611
	left		50002970
	right		5000296f
	parent		50002952
ARR 5000296e (sz=6, trace=300000, nelems=3, elem type=char[])
OBJ 5000296f (sz=40, trace=300000, class=java.util.TreeMap$Entry@500000a6)
	key		500025be
	value		50002759
	right		50002973
	parent		5000296d
OBJ 50002970 (sz=40, trace=300000, class=java.util.TreeMap$Entry@500000a6)
	key		50002497
	value		500024b6
	parent		5000296d
ARR 50002971 (sz=6, trace=300000, nelems=3, elem type=char[])
ARR 50002972 (sz=6, trace=300000, nelems=3, elem type=char[])
OBJ 50002973 (sz=40, trace=300000, class=java.util.TreeMap$Entry@500000a6)
	key		500025bf
	value		5000275a
	parent		5000296f
ARR 50002974 (sz=6, trace=300000, nelems=3, elem type=char[])
ARR 50002975 (sz=6, trace=300000, nelems=3, elem type=char[])
OBJ 50002976 (sz=40, trace=300000, class=java.util.TreeMap$Entry@500000a6)
	key		500025c6
	value		50002760
	parent		5000296c
OBJ 50002977 (sz=40, trace=300000, class=java.util.TreeMap$Entry@500000a6)
	key		500025c3
	value		5000275e
	left		5000297a
	right		50002979
	parent		5000296c
ARR 50002978 (sz=6, trace=300000, nelems=3, elem type=char[])
OBJ 50002979 (sz=40, trace=300000, class=java.util.TreeMap$Entry@500000a6)
	key		500025c4
	value		5000275f
	parent		50002977
OBJ 5000297a (sz=40, trace=300000, class=java.util.TreeMap$Entry@500000a6)
	key		500025c2
	value		5000275d
	left		5000297c
	parent		50002977
ARR 5000297b (sz=6, trace=300000, nelems=3, elem type=char[])
OBJ 5000297c (sz=40, trace=300000, class=java.util.TreeMap$Entry@500000a6)
	key		500025c1
	value		5000275c
	parent		5000297a
ARR 5000297d (sz=6, trace=300000, nelems=3, elem type=char[])
ARR 5000297e (sz=6, trace=300000, nelems=3, elem type=char[])
ARR 5000297f (sz=6, trace=300000, nelems=3, elem type=char[])
ARR 50002980 (sz=8, trace=300000, nelems=4, elem type=char[])
OBJ 50002981 (sz=40, trace=300000, class=java.util.TreeMap$Entry@500000a6)
	key		5000249b
	value		5000249a
	left		50002998
	right		50002997
	parent		5000294f
OBJ 50002982 (sz=40, trace=300000, class=java.util.TreeMap$Entry@500000a6)
	key		500025cc
	value		50002766
	left		50002985
	right		50002984
	parent		5000294f
ARR 50002983 (sz=30, trace=300000, nelems=15, elem type=char[])
OBJ 50002984 (sz=40, trace=300000, class=java.util.TreeMap$Entry@500000a6)
	key		50002498
	value		500024b5
	left		5000298f
	right		5000298e
	parent		50002982
OBJ 50002985 (sz=40, trace=300000, class=java.util.TreeMap$Entry@500000a6)
	key		500025c9
	value		50002763
	left		50002988
	right		50002987
	parent		50002982
ARR 50002986 (sz=6, trace=300000, nelems=3, elem type=char[])
OBJ 50002987 (sz=40, trace=300000, class=java.util.TreeMap$Entry@500000a6)
	key		500025ca
	value		50002764
	right		5000298b
	parent		50002985
OBJ 50002988 (sz=40, trace=300000, class=java.util.TreeMap$Entry@500000a6)
	key		500025c8
	value		50002762
	parent		50002985
ARR 50002989 (sz=6, trace=300000, nelems=3, elem type=char[])
ARR 5000298a (sz=8, trace=300000, nelems=4, elem type=char[])
OBJ 5000298b (sz=40, trace=300000, class=java.util.TreeMap$Entry@500000a6)
	key		500025cb
	value		50002765
	parent		50002987
ARR 5000298c (sz=6, trace=300000, nelems=3, elem type=char[])
ARR 5000298d (sz=8, trace=300000, nelems=4, elem type=char[])
OBJ 5000298e (sz=40, trace=300000, class=java.util.TreeMap$Entry@500000a6)
	key		500024f3
	value		5000249a
	parent		50002984
OBJ 5000298f (sz=40, trace=300000, class=java.util.TreeMap$Entry@500000a6)
	key		500025ce
	value		50002768
	left		50002992
	right		50002991
	parent		50002984
ARR 50002990 (sz=16, trace=300000, nelems=8, elem type=char[])
OBJ 50002991 (sz=40, trace=300000, class=java.util.TreeMap$Entry@500000a6)
	key		500024f2
	value		500024b5
	parent		5000298f
OBJ 50002992 (sz=40, trace=300000, class=java.util.TreeMap$Entry@500000a6)
	key		500025cd
	value		50002767
	parent		5000298f
ARR 50002993 (sz=6, trace=300000, nelems=3, elem type=char[])
ARR 50002994 (sz=6, trace=300000, nelems=3, elem type=char[])
ARR 50002995 (sz=12, trace=300000, nelems=6, elem type=char[])
ARR 50002996 (sz=20, trace=300000, nelems=10, elem type=char[])
OBJ 50002997 (sz=40, trace=300000, class=java.util.TreeMap$Entry@500000a6)
	key		5000249c
	value		5000256a
	right		5000299a
	parent		50002981
OBJ 50002998 (sz=40, trace=300000, class=java.util.TreeMap$Entry@500000a6)
	key		500024f5
	value		5000256a
	parent		50002981
ARR 50002999 (sz=42, trace=300000, nelems=21, elem type=char[])
OBJ 5000299a (sz=40, trace=300000, class=java.util.TreeMap$Entry@500000a6)
	key		5000249d
	value		5000256b
	parent		50002997
OBJ 5000299b (sz=40, trace=300000, class=java.util.TreeMap$Entry@500000a6)
	key		500024fe
	value		50002560
	left		500029dc
	right		500029db
	parent		500028f2
OBJ 5000299c (sz=40, trace=300000, class=java.util.TreeMap$Entry@500000a6)
	key		500024fa
	value		5000256d
	left		5000299f
	right		5000299e
	parent		500028f2
ARR 5000299d (sz=12, trace=300000, nelems=6, elem type=char[])
OBJ 5000299e (sz=40, trace=300000, class=java.util.TreeMap$Entry@500000a6)
	key		50002641
	value		500025d3
	left		500029bb
	right		500029ba
	parent		5000299c
OBJ 5000299f (sz=40, trace=300000, class=java.util.TreeMap$Entry@500000a6)
	key		50002633
	value		500025d2
	left		500029a2
	right		500029a1
	parent		5000299c
ARR 500029a0 (sz=16, trace=300000, nelems=8, elem type=char[])
OBJ 500029a1 (sz=40, trace=300000, class=java.util.TreeMap$Entry@500000a6)
	key		50002637
	value		500025d6
	left		500029aa
	right		500029a9
	parent		5000299f
OBJ 500029a2 (sz=40, trace=300000, class=java.util.TreeMap$Entry@500000a6)
	key		500024f8
	value		5000249a
	left		500029a5
	right		500029a4
	parent		5000299f
ARR 500029a3 (sz=20, trace=300000, nelems=10, elem type=char[])
OBJ 500029a4 (sz=40, trace=300000, class=java.util.TreeMap$Entry@500000a6)
	key		500024f9
	value		5000256a
	parent		500029a2
OBJ 500029a5 (sz=40, trace=300000, class=java.util.TreeMap$Entry@500000a6)
	key		500024f7
	value		5000256a
	parent		500029a2
ARR 500029a6 (sz=18, trace=300000, nelems=9, elem type=char[])
ARR 500029a7 (sz=22, trace=300000, nelems=11, elem type=char[])
ARR 500029a8 (sz=28, trace=300000, nelems=14, elem type=char[])
OBJ 500029a9 (sz=40, trace=300000, class=java.util.TreeMap$Entry@500000a6)
	key		50002639
	value		500025d8
	left		500029b2
	right		500029b1
	parent		500029a1
OBJ 500029aa (sz=40, trace=300000, class=java.util.TreeMap$Entry@500000a6)
	key		50002635
	value		500025d4
	left		500029ad
	right		500029ac
	parent		500029a1
ARR 500029ab (sz=20, trace=300000, nelems=10, elem type=char[])
OBJ 500029ac (sz=40, trace=300000, class=java.util.TreeMap$Entry@500000a6)
	key		50002636
	value		500025d5
	parent		500029aa
OBJ 500029ad (sz=40, trace=300000, class=java.util.TreeMap$Entry@500000a6)
	key		50002634
	value		500025d3
	parent		500029aa
ARR 500029ae (sz=20, trace=300000, nelems=10, elem type=char[])
ARR 500029af (sz=20, trace=300000, nelems=10, elem type=char[])
ARR 500029b0 (sz=20, trace=300000, nelems=10, elem type=char[])
OBJ 500029b1 (sz=40, trace=300000, class=java.util.TreeMap$Entry@500000a6)
	key		5000263b
	value		500025da
	left		500029b6
	right		500029b5
	parent		500029a9
OBJ 500029b2 (sz=40, trace=300000, class=java.util.TreeMap$Entry@500000a6)
	key		50002638
	value		500025d7
	parent		500029a9
ARR 500029b3 (sz=20, trace=300000, nelems=10, elem type=char[])
ARR 500029b4 (sz=20, trace=300000, nelems=10, elem type=char[])
OBJ 500029b5 (sz=40, trace=300000, class=java.util.TreeMap$Entry@500000a6)
	key		5000263c
	value		500025db
	parent		500029b1
OBJ 500029b6 (sz=40, trace=300000, class=java.util.TreeMap$Entry@500000a6)
	key		5000263a
	value		500025d9
	parent		500029b1
ARR 500029b7 (sz=20, trace=300000, nelems=10, elem type=char[])
ARR 500029b8 (sz=20, trace=300000, nelems=10, elem type=char[])
ARR 500029b9 (sz=20, trace=300000, nelems=10, elem type=char[])
OBJ 500029ba (sz=40, trace=300000, class=java.util.TreeMap$Entry@500000a6)
	key		50002645
	value		500025d7
	left		500029c5
	right		500029c4
	parent		5000299e
OBJ 500029bb (sz=40, trace=300000, class=java.util.TreeMap$Entry@500000a6)
	key		5000263f
	value		50002608
	left		500029be
	right		500029bd
	parent		5000299e
ARR 500029bc (sz=14, trace=300000, nelems=7, elem type=char[])
OBJ 500029bd (sz=40, trace=300000, class=java.util.TreeMap$Entry@500000a6)
	key		50002640
	value		500025d2
	parent		500029bb
OBJ 500029be (sz=40, trace=300000, class=java.util.TreeMap$Entry@500000a6)
	key		5000263d
	value		5000260c
	right		500029c0
	parent		500029bb
ARR 500029bf (sz=10, trace=300000, nelems=5, elem type=char[])
OBJ 500029c0 (sz=40, trace=300000, class=java.util.TreeMap$Entry@500000a6)
	key		5000263e
	value		5000260d
	parent		500029be
ARR 500029c1 (sz=10, trace=300000, nelems=5, elem type=char[])
ARR 500029c2 (sz=10, trace=300000, nelems=5, elem type=char[])
ARR 500029c3 (sz=14, trace=300000, nelems=7, elem type=char[])
OBJ 500029c4 (sz=40, trace=300000, class=java.util.TreeMap$Entry@500000a6)
	key		5000264b
	value		50002746
	left		500029cd
	right		500029cc
	parent		500029ba
OBJ 500029c5 (sz=40, trace=300000, class=java.util.TreeMap$Entry@500000a6)
	key		50002643
	value		500025d5
	left		500029c8
	right		500029c7
	parent		500029ba
ARR 500029c6 (sz=14, trace=300000, nelems=7, elem type=char[])
OBJ 500029c7 (sz=40, trace=300000, class=java.util.TreeMap$Entry@500000a6)
	key		50002644
	value		500025d6
	parent		500029c5
OBJ 500029c8 (sz=40, trace=300000, class=java.util.TreeMap$Entry@500000a6)
	key		50002642
	value		500025d4
	parent		500029c5
ARR 500029c9 (sz=14, trace=300000, nelems=7, elem type=char[])
ARR 500029ca (sz=14, trace=300000, nelems=7, elem type=char[])
ARR 500029cb (sz=14, trace=300000, nelems=7, elem type=char[])
OBJ 500029cc (sz=40, trace=300000, class=java.util.TreeMap$Entry@500000a6)
	key		5000264c
	value		50002747
	right		500029d8
	parent		500029c4
OBJ 500029cd (sz=40, trace=300000, class=java.util.TreeMap$Entry@500000a6)
	key		50002647
	value		500025d9
	left		500029d0
	right		500029cf
	parent		500029c4
ARR 500029ce (sz=12, trace=300000, nelems=6, elem type=char[])
OBJ 500029cf (sz=40, trace=300000, class=java.util.TreeMap$Entry@500000a6)
	key		50002649
	value		500025db
	left		500029d4
	right		500029d3
	parent		500029cd
OBJ 500029d0 (sz=40, trace=300000, class=java.util.TreeMap$Entry@500000a6)
	key		50002646
	value		500025d8
	parent		500029cd
ARR 500029d1 (sz=14, trace=300000, nelems=7, elem type=char[])
ARR 500029d2 (sz=14, trace=300000, nelems=7, elem type=char[])
OBJ 500029d3 (sz=40, trace=300000, class=java.util.TreeMap$Entry@500000a6)
	key		5000264a
	value		500025dc
	parent		500029cf
OBJ 500029d4 (sz=40, trace=300000, class=java.util.TreeMap$Entry@500000a6)
	key		50002648
	value		500025da
	parent		500029cf
ARR 500029d5 (sz=14, trace=300000, nelems=7, elem type=char[])
ARR 500029d6 (sz=14, trace=300000, nelems=7, elem type=char[])
ARR 500029d7 (sz=10, trace=300000, nelems=5, elem type=char[])
OBJ 500029d8 (sz=40, trace=300000, class=java.util.TreeMap$Entry@500000a6)
	key		5000264d
	value		500025df
	parent		500029cc
ARR 500029d9 (sz=12, trace=300000, nelems=6, elem type=char[])
ARR 500029da (sz=12, trace=300000, nelems=6, elem type=char[])
OBJ 500029db (sz=40, trace=300000, class=java.util.TreeMap$Entry@500000a6)
	key		50002666
	value		500025f8
	left		50002a08
	right		50002a07
	parent		5000299b
OBJ 500029dc (sz=40, trace=300000, class=java.util.TreeMap$Entry@500000a6)
	key		50002656
	value		500025d2
	left		500029df
	right		500029de
	parent		5000299b
ARR 500029dd (sz=12, trace=300000, nelems=6, elem type=char[])
OBJ 500029de (sz=40, trace=300000, class=java.util.TreeMap$Entry@500000a6)
	key		5000265a
	value		500025d6
	left		500029f1
	right		500029f0
	parent		500029dc
OBJ 500029df (sz=40, trace=300000, class=java.util.TreeMap$Entry@500000a6)
	key		50002652
	value		5000274b
	left		500029e2
	right		500029e1
	parent		500029dc
ARR 500029e0 (sz=12, trace=300000, nelems=6, elem type=char[])
OBJ 500029e1 (sz=40, trace=300000, class=java.util.TreeMap$Entry@500000a6)
	key		50002654
	value		5000274d
	left		500029ec
	right		500029eb
	parent		500029df
OBJ 500029e2 (sz=40, trace=300000, class=java.util.TreeMap$Entry@500000a6)
	key		500024fb
	value		500024b5
	left		500029e5
	right		500029e4
	parent		500029df
ARR 500029e3 (sz=12, trace=300000, nelems=6, elem type=char[])
OBJ 500029e4 (sz=40, trace=300000, class=java.util.TreeMap$Entry@500000a6)
	key		50002651
	value		5000274a
	left		500029e8
	parent		500029e2
OBJ 500029e5 (sz=40, trace=300000, class=java.util.TreeMap$Entry@500000a6)
	key		5000264f
	value		500025e1
	parent		500029e2
ARR 500029e6 (sz=12, trace=300000, nelems=6, elem type=char[])
ARR 500029e7 (sz=12, trace=300000, nelems=6, elem type=char[])
OBJ 500029e8 (sz=40, trace=300000, class=java.util.TreeMap$Entry@500000a6)
	key		50002650
	value		50002749
	parent		500029e4
ARR 500029e9 (sz=12, trace=300000, nelems=6, elem type=char[])
ARR 500029ea (sz=12, trace=300000, nelems=6, elem type=char[])
OBJ 500029eb (sz=40, trace=300000, class=java.util.TreeMap$Entry@500000a6)
	key		50002655
	value		5000274e
	parent		500029e1
OBJ 500029ec (sz=40, trace=300000, class=java.util.TreeMap$Entry@500000a6)
	key		50002653
	value		5000274c
	parent		500029e1
ARR 500029ed (sz=12, trace=300000, nelems=6, elem type=char[])
ARR 500029ee (sz=12, trace=300000, nelems=6, elem type=char[])
ARR 500029ef (sz=12, trace=300000, nelems=6, elem type=char[])
OBJ 500029f0 (sz=40, trace=300000, class=java.util.TreeMap$Entry@500000a6)
	key		5000265e
	value		500025da
	left		500029f9
	right		500029f8
	parent		500029de
OBJ 500029f1 (sz=40, trace=300000, class=java.util.TreeMap$Entry@500000a6)
	key		50002658
	value		500025d4
	left		500029f4
	right		500029f3
	parent		500029de
ARR 500029f2 (sz=12, trace=300000, nelems=6, elem type=char[])
OBJ 500029f3 (sz=40, trace=300000, class=java.util.TreeMap$Entry@500000a6)
	key		50002659
	value		500025d5
	parent		500029f1
OBJ 500029f4 (sz=40, trace=300000, class=java.util.TreeMap$Entry@500000a6)
	key		50002657
	value		500025d3
	parent		500029f1
ARR 500029f5 (sz=12, trace=300000, nelems=6, elem type=char[])
ARR 500029f6 (sz=12, trace=300000, nelems=6, elem type=char[])
ARR 500029f7 (sz=12, trace=300000, nelems=6, elem type=char[])
OBJ 500029f8 (sz=40, trace=300000, class=java.util.TreeMap$Entry@500000a6)
	key		500024fc
	value		5000255e
	left		50002a01
	right		50002a00
	parent		500029f0
OBJ 500029f9 (sz=40, trace=300000, class=java.util.TreeMap$Entry@500000a6)
	key		5000265c
	value		500025d8
	left		500029fc
	right		500029fb
	parent		500029f0
ARR 500029fa (sz=12, trace=300000, nelems=6, elem type=char[])
OBJ 500029fb (sz=40, trace=300000, class=java.util.TreeMap$Entry@500000a6)
	key		5000265d
	value		500025d9
	parent		500029f9
OBJ 500029fc (sz=40, trace=300000, class=java.util.TreeMap$Entry@500000a6)
	key		5000265b
	value		500025d7
	parent		500029f9
ARR 500029fd (sz=12, trace=300000, nelems=6, elem type=char[])
ARR 500029fe (sz=12, trace=300000, nelems=6, elem type=char[])
ARR 500029ff (sz=12, trace=300000, nelems=6, elem type=char[])
OBJ 50002a00 (sz=40, trace=300000, class=java.util.TreeMap$Entry@500000a6)
	key		500024fd
	value		5000255f
	parent		500029f8
OBJ 50002a01 (sz=40, trace=300000, class=java.util.TreeMap$Entry@500000a6)
	key		5000265f
	value		500025db
	right		50002a03
	parent		500029f8
ARR 50002a02 (sz=12, trace=300000, nelems=6, elem type=char[])
OBJ 50002a03 (sz=40, trace=300000, class=java.util.TreeMap$Entry@500000a6)
	key		50002660
	value		5000274f
	parent		50002a01
ARR 50002a04 (sz=12, trace=300000, nelems=6, elem type=char[])
ARR 50002a05 (sz=12, trace=300000, nelems=6, elem type=char[])
ARR 50002a06 (sz=12, trace=300000, nelems=6, elem type=char[])
OBJ 50002a07 (sz=40, trace=300000, class=java.util.TreeMap$Entry@500000a6)
	key		5000266b
	value		500025fd
	left		50002a14
	right		50002a13
	parent		500029db
OBJ 50002a08 (sz=40, trace=300000, class=java.util.TreeMap$Entry@500000a6)
	key		50002664
	value		500025f6
	left		50002a0b
	right		50002a0a
	parent		500029db
ARR 50002a09 (sz=10, trace=300000, nelems=5, elem type=char[])
OBJ 50002a0a (sz=40, trace=300000, class=java.util.TreeMap$Entry@500000a6)
	key		50002665
	value		500025f7
	parent		50002a08
OBJ 50002a0b (sz=40, trace=300000, class=java.util.TreeMap$Entry@500000a6)
	key		50002662
	value		50002751
	left		50002a0e
	right		50002a0d
	parent		50002a08
ARR 50002a0c (sz=10, trace=300000, nelems=5, elem type=char[])
OBJ 50002a0d (sz=40, trace=300000, class=java.util.TreeMap$Entry@500000a6)
	key		50002663
	value		50002752
	parent		50002a0b
OBJ 50002a0e (sz=40, trace=300000, class=java.util.TreeMap$Entry@500000a6)
	key		50002661
	value		50002750
	parent		50002a0b
ARR 50002a0f (sz=12, trace=300000, nelems=6, elem type=char[])
ARR 50002a10 (sz=12, trace=300000, nelems=6, elem type=char[])
ARR 50002a11 (sz=12, trace=300000, nelems=6, elem type=char[])
ARR 50002a12 (sz=10, trace=300000, nelems=5, elem type=char[])
OBJ 50002a13 (sz=40, trace=300000, class=java.util.TreeMap$Entry@500000a6)
	key		5000266f
	value		50002601
	left		50002a1e
	right		50002a1d
	parent		50002a07
OBJ 50002a14 (sz=40, trace=300000, class=java.util.TreeMap$Entry@500000a6)
	key		50002668
	value		500025fa
	left		50002a17
	right		50002a16
	parent		50002a07
ARR 50002a15 (sz=10, trace=300000, nelems=5, elem type=char[])
OBJ 50002a16 (sz=40, trace=300000, class=java.util.TreeMap$Entry@500000a6)
	key		50002669
	value		500025fb
	right		50002a1a
	parent		50002a14
OBJ 50002a17 (sz=40, trace=300000, class=java.util.TreeMap$Entry@500000a6)
	key		50002667
	value		500025f9
	parent		50002a14
ARR 50002a18 (sz=10, trace=300000, nelems=5, elem type=char[])
ARR 50002a19 (sz=10, trace=300000, nelems=5, elem type=char[])
OBJ 50002a1a (sz=40, trace=300000, class=java.util.TreeMap$Entry@500000a6)
	key		5000266a
	value		500025fc
	parent		50002a16
ARR 50002a1b (sz=10, trace=300000, nelems=5, elem type=char[])
ARR 50002a1c (sz=10, trace=300000, nelems=5, elem type=char[])
OBJ 50002a1d (sz=40, trace=300000, class=java.util.TreeMap$Entry@500000a6)
	key		500024ff
	value		50002581
	left		50002a25
	parent		50002a13
OBJ 50002a1e (sz=40, trace=300000, class=java.util.TreeMap$Entry@500000a6)
	key		5000266d
	value		50002754
	left		50002a21
	right		50002a20
	parent		50002a13
ARR 50002a1f (sz=10, trace=300000, nelems=5, elem type=char[])
OBJ 50002a20 (sz=40, trace=300000, class=java.util.TreeMap$Entry@500000a6)
	key		5000266e
	value		50002600
	parent		50002a1e
OBJ 50002a21 (sz=40, trace=300000, class=java.util.TreeMap$Entry@500000a6)
	key		5000266c
	value		50002753
	parent		50002a1e
ARR 50002a22 (sz=14, trace=300000, nelems=7, elem type=char[])
ARR 50002a23 (sz=10, trace=300000, nelems=5, elem type=char[])
ARR 50002a24 (sz=10, trace=300000, nelems=5, elem type=char[])
OBJ 50002a25 (sz=40, trace=300000, class=java.util.TreeMap$Entry@500000a6)
	key		50002670
	value		50002602
	parent		50002a1d
ARR 50002a26 (sz=14, trace=300000, nelems=7, elem type=char[])
ARR 50002a27 (sz=10, trace=300000, nelems=5, elem type=char[])
OBJ 50002a28 (sz=40, trace=300000, class=java.util.TreeMap$Entry@500000a6)
	key		50002512
	value		50002561
	left		50002a80
	right		50002a7f
	parent		500028ef
OBJ 50002a29 (sz=40, trace=300000, class=java.util.TreeMap$Entry@500000a6)
	key		50002687
	value		5000256e
	left		50002a2c
	right		50002a2b
	parent		500028ef
ARR 50002a2a (sz=12, trace=300000, nelems=6, elem type=char[])
OBJ 50002a2b (sz=40, trace=300000, class=java.util.TreeMap$Entry@500000a6)
	key		5000268b
	value		50002763
	left		50002a5f
	right		50002a5e
	parent		50002a29
OBJ 50002a2c (sz=40, trace=300000, class=java.util.TreeMap$Entry@500000a6)
	key		50002502
	value		500024b6
	left		50002a2f
	right		50002a2e
	parent		50002a29
ARR 50002a2d (sz=10, trace=300000, nelems=5, elem type=char[])
OBJ 50002a2e (sz=40, trace=300000, class=java.util.TreeMap$Entry@500000a6)
	key		50002684
	value		5000275d
	left		50002a4f
	right		50002a4e
	parent		50002a2c
OBJ 50002a2f (sz=40, trace=300000, class=java.util.TreeMap$Entry@500000a6)
	key		50002677
	value		50002609
	left		50002a32
	right		50002a31
	parent		50002a2c
ARR 50002a30 (sz=10, trace=300000, nelems=5, elem type=char[])
OBJ 50002a31 (sz=40, trace=300000, class=java.util.TreeMap$Entry@500000a6)
	key		5000267b
	value		5000260d
	left		50002a40
	right		50002a3f
	parent		50002a2f
OBJ 50002a32 (sz=40, trace=300000, class=java.util.TreeMap$Entry@500000a6)
	key		50002675
	value		50002607
	left		50002a35
	right		50002a34
	parent		50002a2f
ARR 50002a33 (sz=10, trace=300000, nelems=5, elem type=char[])
OBJ 50002a34 (sz=40, trace=300000, class=java.util.TreeMap$Entry@500000a6)
	key		50002676
	value		50002608
	parent		50002a32
OBJ 50002a35 (sz=40, trace=300000, class=java.util.TreeMap$Entry@500000a6)
	key		50002672
	value		50002756
	left		50002a38
	right		50002a37
	parent		50002a32
ARR 50002a36 (sz=10, trace=300000, nelems=5, elem type=char[])
OBJ 50002a37 (sz=40, trace=300000, class=java.util.TreeMap$Entry@500000a6)
	key		50002674
	value		50002757
	left		50002a3b
	parent		50002a35
OBJ 50002a38 (sz=40, trace=300000, class=java.util.TreeMap$Entry@500000a6)
	key		50002671
	value		50002755
	parent		50002a35
ARR 50002a39 (sz=10, trace=300000, nelems=5, elem type=char[])
ARR 50002a3a (sz=10, trace=300000, nelems=5, elem type=char[])
OBJ 50002a3b (sz=40, trace=300000, class=java.util.TreeMap$Entry@500000a6)
	key		50002673
	value		500025d1
	parent		50002a37
ARR 50002a3c (sz=10, trace=300000, nelems=5, elem type=char[])
ARR 50002a3d (sz=10, trace=300000, nelems=5, elem type=char[])
ARR 50002a3e (sz=10, trace=300000, nelems=5, elem type=char[])
OBJ 50002a3f (sz=40, trace=300000, class=java.util.TreeMap$Entry@500000a6)
	key		5000267d
	value		5000260f
	left		50002a48
	right		50002a47
	parent		50002a31
OBJ 50002a40 (sz=40, trace=300000, class=java.util.TreeMap$Entry@500000a6)
	key		50002679
	value		5000260b
	left		50002a43
	right		50002a42
	parent		50002a31
ARR 50002a41 (sz=10, trace=300000, nelems=5, elem type=char[])
OBJ 50002a42 (sz=40, trace=300000, class=java.util.TreeMap$Entry@500000a6)
	key		5000267a
	value		5000260c
	parent		50002a40
OBJ 50002a43 (sz=40, trace=300000, class=java.util.TreeMap$Entry@500000a6)
	key		50002678
	value		5000260a
	parent		50002a40
ARR 50002a44 (sz=10, trace=300000, nelems=5, elem type=char[])
ARR 50002a45 (sz=10, trace=300000, nelems=5, elem type=char[])
ARR 50002a46 (sz=10, trace=300000, nelems=5, elem type=char[])
OBJ 50002a47 (sz=40, trace=300000, class=java.util.TreeMap$Entry@500000a6)
	key		50002501
	value		500024b4
	left		50002a4b
	parent		50002a3f
OBJ 50002a48 (sz=40, trace=300000, class=java.util.TreeMap$Entry@500000a6)
	key		5000267c
	value		5000260e
	parent		50002a3f
ARR 50002a49 (sz=10, trace=300000, nelems=5, elem type=char[])
ARR 50002a4a (sz=10, trace=300000, nelems=5, elem type=char[])
OBJ 50002a4b (sz=40, trace=300000, class=java.util.TreeMap$Entry@500000a6)
	key		5000267e
	value		50002758
	parent		50002a47
ARR 50002a4c (sz=10, trace=300000, nelems=5, elem type=char[])
ARR 50002a4d (sz=10, trace=300000, nelems=5, elem type=char[])
OBJ 50002a4e (sz=40, trace=300000, class=java.util.TreeMap$Entry@500000a6)
	key		50002685
	value		5000275e
	left		50002a5b
	right		50002a5a
	parent		50002a2e
OBJ 50002a4f (sz=40, trace=300000, class=java.util.TreeMap$Entry@500000a6)
	key		50002680
	value		50002759
	left		50002a52
	right		50002a51
	parent		50002a2e
ARR 50002a50 (sz=10, trace=300000, nelems=5, elem type=char[])
OBJ 50002a51 (sz=40, trace=300000, class=java.util.TreeMap$Entry@500000a6)
	key		50002682
	value		5000275b
	left		50002a56
	right		50002a55
	parent		50002a4f
OBJ 50002a52 (sz=40, trace=300000, class=java.util.TreeMap$Entry@500000a6)
	key		5000267f
	value		50002611
	parent		50002a4f
ARR 50002a53 (sz=10, trace=300000, nelems=5, elem type=char[])
ARR 50002a54 (sz=10, trace=300000, nelems=5, elem type=char[])
OBJ 50002a55 (sz=40, trace=300000, class=java.util.TreeMap$Entry@500000a6)
	key		50002683
	value		5000275c
	parent		50002a51
OBJ 50002a56 (sz=40, trace=300000, class=java.util.TreeMap$Entry@500000a6)
	key		50002681
	value		5000275a
	parent		50002a51
ARR 50002a57 (sz=10, trace=300000, nelems=5, elem type=char[])
ARR 50002a58 (sz=10, trace=300000, nelems=5, elem type=char[])
ARR 50002a59 (sz=10, trace=300000, nelems=5, elem type=char[])
OBJ 50002a5a (sz=40, trace=300000, class=java.util.TreeMap$Entry@500000a6)
	key		50002686
	value		5000275f
	parent		50002a4e
OBJ 50002a5b (sz=40, trace=300000, class=java.util.TreeMap$Entry@500000a6)
	key		5000230c
	value		50002309
	parent		50002a4e
ARR 50002a5c (sz=10, trace=300000, nelems=5, elem type=char[])
ARR 50002a5d (sz=10, trace=300000, nelems=5, elem type=char[])
OBJ 50002a5e (sz=40, trace=300000, class=java.util.TreeMap$Entry@500000a6)
	key		50002691
	value		500025fa
	left		50002a67
	right		50002a66
	parent		50002a2b
OBJ 50002a5f (sz=40, trace=300000, class=java.util.TreeMap$Entry@500000a6)
	key		50002689
	value		50002761
	left		50002a62
	right		50002a61
	parent		50002a2b
ARR 50002a60 (sz=10, trace=300000, nelems=5, elem type=char[])
OBJ 50002a61 (sz=40, trace=300000, class=java.util.TreeMap$Entry@500000a6)
	key		5000268a
	value		50002762
	parent		50002a5f
OBJ 50002a62 (sz=40, trace=300000, class=java.util.TreeMap$Entry@500000a6)
	key		50002688
	value		50002760
	parent		50002a5f
ARR 50002a63 (sz=10, trace=300000, nelems=5, elem type=char[])
ARR 50002a64 (sz=12, trace=300000, nelems=6, elem type=char[])
ARR 50002a65 (sz=12, trace=300000, nelems=6, elem type=char[])
OBJ 50002a66 (sz=40, trace=300000, class=java.util.TreeMap$Entry@500000a6)
	key		50002695
	value		500025dc
	left		50002a73
	right		50002a72
	parent		50002a5e
OBJ 50002a67 (sz=40, trace=300000, class=java.util.TreeMap$Entry@500000a6)
	key		5000268d
	value		50002765
	left		50002a6a
	right		50002a69
	parent		50002a5e
ARR 50002a68 (sz=16, trace=300000, nelems=8, elem type=char[])
OBJ 50002a69 (sz=40, trace=300000, class=java.util.TreeMap$Entry@500000a6)
	key		5000268f
	value		50002767
	left		50002a6e
	right		50002a6d
	parent		50002a67
OBJ 50002a6a (sz=40, trace=300000, class=java.util.TreeMap$Entry@500000a6)
	key		5000268c
	value		50002764
	parent		50002a67
ARR 50002a6b (sz=12, trace=300000, nelems=6, elem type=char[])
ARR 50002a6c (sz=10, trace=300000, nelems=5, elem type=char[])
OBJ 50002a6d (sz=40, trace=300000, class=java.util.TreeMap$Entry@500000a6)
	key		50002690
	value		50002768
	parent		50002a69
OBJ 50002a6e (sz=40, trace=300000, class=java.util.TreeMap$Entry@500000a6)
	key		5000268e
	value		50002766
	parent		50002a69
ARR 50002a6f (sz=10, trace=300000, nelems=5, elem type=char[])
ARR 50002a70 (sz=10, trace=300000, nelems=5, elem type=char[])
ARR 50002a71 (sz=10, trace=300000, nelems=5, elem type=char[])
OBJ 50002a72 (sz=40, trace=300000, class=java.util.TreeMap$Entry@500000a6)
	key		50002697
	value		500025dc
	left		50002a7b
	right		50002a7a
	parent		50002a66
OBJ 50002a73 (sz=40, trace=300000, class=java.util.TreeMap$Entry@500000a6)
	key		50002693
	value		500025fd
	left		50002a76
	right		50002a75
	parent		50002a66
ARR 50002a74 (sz=30, trace=300000, nelems=15, elem type=char[])
OBJ 50002a75 (sz=40, trace=300000, class=java.util.TreeMap$Entry@500000a6)
	key		50002694
	value		500025dc
	parent		50002a73
OBJ 50002a76 (sz=40, trace=300000, class=java.util.TreeMap$Entry@500000a6)
	key		50002692
	value		500025fb
	parent		50002a73
ARR 50002a77 (sz=16, trace=300000, nelems=8, elem type=char[])
ARR 50002a78 (sz=16, trace=300000, nelems=8, elem type=char[])
ARR 50002a79 (sz=14, trace=300000, nelems=7, elem type=char[])
OBJ 50002a7a (sz=40, trace=300000, class=java.util.TreeMap$Entry@500000a6)
	key		50002698
	value		500025dc
	parent		50002a72
OBJ 50002a7b (sz=40, trace=300000, class=java.util.TreeMap$Entry@500000a6)
	key		50002696
	value		500025dc
	parent		50002a72
ARR 50002a7c (sz=30, trace=300000, nelems=15, elem type=char[])
ARR 50002a7d (sz=30, trace=300000, nelems=15, elem type=char[])
ARR 50002a7e (sz=30, trace=300000, nelems=15, elem type=char[])
OBJ 50002a7f (sz=40, trace=300000, class=java.util.TreeMap$Entry@500000a6)
	key		500024a1
	value		5000256d
	left		50002ac4
	right		50002ac3
	parent		50002a28
OBJ 50002a80 (sz=40, trace=300000, class=java.util.TreeMap$Entry@500000a6)
	key		50002508
	value		500024d5
	left		50002a83
	right		50002a82
	parent		50002a28
ARR 50002a81 (sz=24, trace=300000, nelems=12, elem type=char[])
OBJ 50002a82 (sz=40, trace=300000, class=java.util.TreeMap$Entry@500000a6)
	key		5000250d
	value		50002573
	left		50002ab1
	right		50002ab0
	parent		50002a80
OBJ 50002a83 (sz=40, trace=300000, class=java.util.TreeMap$Entry@500000a6)
	key		500026a3
	value		50002608
	left		50002a86
	right		50002a85
	parent		50002a80
ARR 50002a84 (sz=40, trace=300000, nelems=20, elem type=char[])
OBJ 50002a85 (sz=40, trace=300000, class=java.util.TreeMap$Entry@500000a6)
	key		500026a7
	value		5000260c
	left		50002aa2
	right		50002aa1
	parent		50002a83
OBJ 50002a86 (sz=40, trace=300000, class=java.util.TreeMap$Entry@500000a6)
	key		5000269a
	value		500025f8
	left		50002a89
	right		50002a88
	parent		50002a83
ARR 50002a87 (sz=16, trace=300000, nelems=8, elem type=char[])
OBJ 50002a88 (sz=40, trace=300000, class=java.util.TreeMap$Entry@500000a6)
	key		5000269c
	value		500025fb
	left		50002a93
	right		50002a92
	parent		50002a86
OBJ 50002a89 (sz=40, trace=300000, class=java.util.TreeMap$Entry@500000a6)
	key		50002506
	value		500024d3
	left		50002a8c
	right		50002a8b
	parent		50002a86
ARR 50002a8a (sz=16, trace=300000, nelems=8, elem type=char[])
OBJ 50002a8b (sz=40, trace=300000, class=java.util.TreeMap$Entry@500000a6)
	key		50002699
	value		500025dc
	parent		50002a89
OBJ 50002a8c (sz=40, trace=300000, class=java.util.TreeMap$Entry@500000a6)
	key		50002505
	value		5000249f
	left		50002a8e
	parent		50002a89
ARR 50002a8d (sz=38, trace=300000, nelems=19, elem type=char[])
OBJ 50002a8e (sz=40, trace=300000, class=java.util.TreeMap$Entry@500000a6)
	key		50002504
	value		500024a0
	parent		50002a8c
ARR 50002a8f (sz=38, trace=300000, nelems=19, elem type=char[])
ARR 50002a90 (sz=14, trace=300000, nelems=7, elem type=char[])
ARR 50002a91 (sz=16, trace=300000, nelems=8, elem type=char[])
OBJ 50002a92 (sz=40, trace=300000, class=java.util.TreeMap$Entry@500000a6)
	key		5000269f
	value		50002600
	left		50002a97
	right		50002a96
	parent		50002a88
OBJ 50002a93 (sz=40, trace=300000, class=java.util.TreeMap$Entry@500000a6)
	key		5000269b
	value		500025fa
	parent		50002a88
ARR 50002a94 (sz=16, trace=300000, nelems=8, elem type=char[])
ARR 50002a95 (sz=16, trace=300000, nelems=8, elem type=char[])
OBJ 50002a96 (sz=40, trace=300000, class=java.util.TreeMap$Entry@500000a6)
	key		500026a1
	value		50002602
	left		50002a9d
	right		50002a9c
	parent		50002a92
OBJ 50002a97 (sz=40, trace=300000, class=java.util.TreeMap$Entry@500000a6)
	key		5000269e
	value		500025fd
	left		50002a99
	parent		50002a92
ARR 50002a98 (sz=16, trace=300000, nelems=8, elem type=char[])
OBJ 50002a99 (sz=40, trace=300000, class=java.util.TreeMap$Entry@500000a6)
	key		5000269d
	value		500025fc
	parent		50002a97
ARR 50002a9a (sz=16, trace=300000, nelems=8, elem type=char[])
ARR 50002a9b (sz=16, trace=300000, nelems=8, elem type=char[])
OBJ 50002a9c (sz=40, trace=300000, class=java.util.TreeMap$Entry@500000a6)
	key		500026a2
	value		50002607
	parent		50002a96
OBJ 50002a9d (sz=40, trace=300000, class=java.util.TreeMap$Entry@500000a6)
	key		500026a0
	value		50002601
	parent		50002a96
ARR 50002a9e (sz=16, trace=300000, nelems=8, elem type=char[])
ARR 50002a9f (sz=16, trace=300000, nelems=8, elem type=char[])
ARR 50002aa0 (sz=16, trace=300000, nelems=8, elem type=char[])
OBJ 50002aa1 (sz=40, trace=300000, class=java.util.TreeMap$Entry@500000a6)
	key		500026a9
	value		5000260e
	left		50002aaa
	right		50002aa9
	parent		50002a85
OBJ 50002aa2 (sz=40, trace=300000, class=java.util.TreeMap$Entry@500000a6)
	key		500026a5
	value		5000260a
	left		50002aa5
	right		50002aa4
	parent		50002a85
ARR 50002aa3 (sz=16, trace=300000, nelems=8, elem type=char[])
OBJ 50002aa4 (sz=40, trace=300000, class=java.util.TreeMap$Entry@500000a6)
	key		500026a6
	value		5000260b
	parent		50002aa2
OBJ 50002aa5 (sz=40, trace=300000, class=java.util.TreeMap$Entry@500000a6)
	key		500026a4
	value		50002609
	parent		50002aa2
ARR 50002aa6 (sz=16, trace=300000, nelems=8, elem type=char[])
ARR 50002aa7 (sz=16, trace=300000, nelems=8, elem type=char[])
ARR 50002aa8 (sz=16, trace=300000, nelems=8, elem type=char[])
OBJ 50002aa9 (sz=40, trace=300000, class=java.util.TreeMap$Entry@500000a6)
	key		50002507
	value		5000256f
	left		50002aad
	parent		50002aa1
OBJ 50002aaa (sz=40, trace=300000, class=java.util.TreeMap$Entry@500000a6)
	key		500026a8
	value		5000260d
	parent		50002aa1
ARR 50002aab (sz=16, trace=300000, nelems=8, elem type=char[])
ARR 50002aac (sz=16, trace=300000, nelems=8, elem type=char[])
OBJ 50002aad (sz=40, trace=300000, class=java.util.TreeMap$Entry@500000a6)
	key		500026aa
	value		5000260f
	parent		50002aa9
ARR 50002aae (sz=38, trace=300000, nelems=19, elem type=char[])
ARR 50002aaf (sz=16, trace=300000, nelems=8, elem type=char[])
OBJ 50002ab0 (sz=40, trace=300000, class=java.util.TreeMap$Entry@500000a6)
	key		50002513
	value		500024b1
	left		50002abb
	right		50002aba
	parent		50002a82
OBJ 50002ab1 (sz=40, trace=300000, class=java.util.TreeMap$Entry@500000a6)
	key		5000250a
	value		500024b1
	left		50002ab4
	right		50002ab3
	parent		50002a82
ARR 50002ab2 (sz=30, trace=300000, nelems=15, elem type=char[])
OBJ 50002ab3 (sz=40, trace=300000, class=java.util.TreeMap$Entry@500000a6)
	key		5000250b
	value		500024b2
	right		50002ab7
	parent		50002ab1
OBJ 50002ab4 (sz=40, trace=300000, class=java.util.TreeMap$Entry@500000a6)
	key		50002509
	value		500024ae
	parent		50002ab1
ARR 50002ab5 (sz=22, trace=300000, nelems=11, elem type=char[])
ARR 50002ab6 (sz=22, trace=300000, nelems=11, elem type=char[])
OBJ 50002ab7 (sz=40, trace=300000, class=java.util.TreeMap$Entry@500000a6)
	key		5000250c
	value		500024b3
	parent		50002ab3
ARR 50002ab8 (sz=24, trace=300000, nelems=12, elem type=char[])
ARR 50002ab9 (sz=22, trace=300000, nelems=11, elem type=char[])
OBJ 50002aba (sz=40, trace=300000, class=java.util.TreeMap$Entry@500000a6)
	key		50002511
	value		500024ee
	parent		50002ab0
OBJ 50002abb (sz=40, trace=300000, class=java.util.TreeMap$Entry@500000a6)
	key		5000250f
	value		500024b5
	left		50002abe
	right		50002abd
	parent		50002ab0
ARR 50002abc (sz=26, trace=300000, nelems=13, elem type=char[])
OBJ 50002abd (sz=40, trace=300000, class=java.util.TreeMap$Entry@500000a6)
	key		50002510
	value		500024b6
	parent		50002abb
OBJ 50002abe (sz=40, trace=300000, class=java.util.TreeMap$Entry@500000a6)
	key		5000250e
	value		500024b4
	parent		50002abb
ARR 50002abf (sz=32, trace=300000, nelems=16, elem type=char[])
ARR 50002ac0 (sz=22, trace=300000, nelems=11, elem type=char[])
ARR 50002ac1 (sz=32, trace=300000, nelems=16, elem type=char[])
ARR 50002ac2 (sz=20, trace=300000, nelems=10, elem type=char[])
OBJ 50002ac3 (sz=40, trace=300000, class=java.util.TreeMap$Entry@500000a6)
	key		5000251a
	value		5000256d
	left		50002b08
	right		50002b07
	parent		50002a7f
OBJ 50002ac4 (sz=40, trace=300000, class=java.util.TreeMap$Entry@500000a6)
	key		500026bb
	value		500025d4
	left		50002ac7
	right		50002ac6
	parent		50002a7f
ARR 50002ac5 (sz=12, trace=300000, nelems=6, elem type=char[])
OBJ 50002ac6 (sz=40, trace=300000, class=java.util.TreeMap$Entry@500000a6)
	key		500026c6
	value		500025f8
	left		50002ae9
	right		50002ae8
	parent		50002ac4
OBJ 50002ac7 (sz=40, trace=300000, class=java.util.TreeMap$Entry@500000a6)
	key		500026b7
	value		500025dc
	left		50002aca
	right		50002ac9
	parent		50002ac4
ARR 50002ac8 (sz=36, trace=300000, nelems=18, elem type=char[])
OBJ 50002ac9 (sz=40, trace=300000, class=java.util.TreeMap$Entry@500000a6)
	key		500026b9
	value		5000260e
	left		50002ae4
	right		50002ae3
	parent		50002ac7
OBJ 50002aca (sz=40, trace=300000, class=java.util.TreeMap$Entry@500000a6)
	key		500026b0
	value		500025fd
	left		50002acd
	right		50002acc
	parent		50002ac7
ARR 50002acb (sz=24, trace=300000, nelems=12, elem type=char[])
OBJ 50002acc (sz=40, trace=300000, class=java.util.TreeMap$Entry@500000a6)
	key		500026b4
	value		500025dc
	left		50002ad9
	right		50002ad8
	parent		50002aca
OBJ 50002acd (sz=40, trace=300000, class=java.util.TreeMap$Entry@500000a6)
	key		500026ae
	value		500025dc
	left		50002ad0
	right		50002acf
	parent		50002aca
ARR 50002ace (sz=24, trace=300000, nelems=12, elem type=char[])
OBJ 50002acf (sz=40, trace=300000, class=java.util.TreeMap$Entry@500000a6)
	key		500026af
	value		50002602
	parent		50002acd
OBJ 50002ad0 (sz=40, trace=300000, class=java.util.TreeMap$Entry@500000a6)
	key		500026ac
	value		50002611
	left		50002ad3
	right		50002ad2
	parent		50002acd
ARR 50002ad1 (sz=24, trace=300000, nelems=12, elem type=char[])
OBJ 50002ad2 (sz=40, trace=300000, class=java.util.TreeMap$Entry@500000a6)
	key		500026ad
	value		50002602
	parent		50002ad0
OBJ 50002ad3 (sz=40, trace=300000, class=java.util.TreeMap$Entry@500000a6)
	key		500026ab
	value		50002600
	parent		50002ad0
ARR 50002ad4 (sz=26, trace=300000, nelems=13, elem type=char[])
ARR 50002ad5 (sz=26, trace=300000, nelems=13, elem type=char[])
ARR 50002ad6 (sz=24, trace=300000, nelems=12, elem type=char[])
ARR 50002ad7 (sz=24, trace=300000, nelems=12, elem type=char[])
OBJ 50002ad8 (sz=40, trace=300000, class=java.util.TreeMap$Entry@500000a6)
	key		500026b6
	value		500025f8
	left		50002ae0
	parent		50002acc
OBJ 50002ad9 (sz=40, trace=300000, class=java.util.TreeMap$Entry@500000a6)
	key		500026b2
	value		50002601
	left		50002adc
	right		50002adb
	parent		50002acc
ARR 50002ada (sz=24, trace=300000, nelems=12, elem type=char[])
OBJ 50002adb (sz=40, trace=300000, class=java.util.TreeMap$Entry@500000a6)
	key		500026b3
	value		5000260f
	parent		50002ad9
OBJ 50002adc (sz=40, trace=300000, class=java.util.TreeMap$Entry@500000a6)
	key		500026b1
	value		500025fb
	parent		50002ad9
ARR 50002add (sz=24, trace=300000, nelems=12, elem type=char[])
ARR 50002ade (sz=24, trace=300000, nelems=12, elem type=char[])
ARR 50002adf (sz=24, trace=300000, nelems=12, elem type=char[])
OBJ 50002ae0 (sz=40, trace=300000, class=java.util.TreeMap$Entry@500000a6)
	key		500026b5
	value		5000260e
	parent		50002ad8
ARR 50002ae1 (sz=24, trace=300000, nelems=12, elem type=char[])
ARR 50002ae2 (sz=30, trace=300000, nelems=15, elem type=char[])
OBJ 50002ae3 (sz=40, trace=300000, class=java.util.TreeMap$Entry@500000a6)
	key		500026ba
	value		500025d3
	parent		50002ac9
OBJ 50002ae4 (sz=40, trace=300000, class=java.util.TreeMap$Entry@500000a6)
	key		500026b8
	value		500025dc
	parent		50002ac9
ARR 50002ae5 (sz=24, trace=300000, nelems=12, elem type=char[])
ARR 50002ae6 (sz=24, trace=300000, nelems=12, elem type=char[])
ARR 50002ae7 (sz=36, trace=300000, nelems=18, elem type=char[])
OBJ 50002ae8 (sz=40, trace=300000, class=java.util.TreeMap$Entry@500000a6)
	key		50002514
	value		500024ab
	left		50002b01
	right		50002b00
	parent		50002ac6
OBJ 50002ae9 (sz=40, trace=300000, class=java.util.TreeMap$Entry@500000a6)
	key		500026c1
	value		500025da
	left		50002aec
	right		50002aeb
	parent		50002ac6
ARR 50002aea (sz=18, trace=300000, nelems=9, elem type=char[])
OBJ 50002aeb (sz=40, trace=300000, class=java.util.TreeMap$Entry@500000a6)
	key		500026c3
	value		500025d4
	left		50002af8
	right		50002af7
	parent		50002ae9
OBJ 50002aec (sz=40, trace=300000, class=java.util.TreeMap$Entry@500000a6)
	key		500026bf
	value		500025fb
	left		50002aef
	right		50002aee
	parent		50002ae9
ARR 50002aed (sz=58, trace=300000, nelems=29, elem type=char[])
OBJ 50002aee (sz=40, trace=300000, class=java.util.TreeMap$Entry@500000a6)
	key		500026c0
	value		500025d8
	parent		50002aec
OBJ 50002aef (sz=40, trace=300000, class=java.util.TreeMap$Entry@500000a6)
	key		500026bd
	value		500025d5
	left		50002af2
	right		50002af1
	parent		50002aec
ARR 50002af0 (sz=18, trace=300000, nelems=9, elem type=char[])
OBJ 50002af1 (sz=40, trace=300000, class=java.util.TreeMap$Entry@500000a6)
	key		500026be
	value		500025d9
	parent		50002aef
OBJ 50002af2 (sz=40, trace=300000, class=java.util.TreeMap$Entry@500000a6)
	key		500026bc
	value		500025d7
	parent		50002aef
ARR 50002af3 (sz=36, trace=300000, nelems=18, elem type=char[])
ARR 50002af4 (sz=36, trace=300000, nelems=18, elem type=char[])
ARR 50002af5 (sz=36, trace=300000, nelems=18, elem type=char[])
ARR 50002af6 (sz=36, trace=300000, nelems=18, elem type=char[])
OBJ 50002af7 (sz=40, trace=300000, class=java.util.TreeMap$Entry@500000a6)
	key		500026c5
	value		500025d5
	left		50002afd
	parent		50002aeb
OBJ 50002af8 (sz=40, trace=300000, class=java.util.TreeMap$Entry@500000a6)
	key		500026c2
	value		500025d6
	right		50002afa
	parent		50002aeb
ARR 50002af9 (sz=36, trace=300000, nelems=18, elem type=char[])
OBJ 50002afa (sz=40, trace=300000, class=java.util.TreeMap$Entry@500000a6)
	key		500025d0
	value		500025fc
	parent		50002af8
ARR 50002afb (sz=36, trace=300000, nelems=18, elem type=char[])
ARR 50002afc (sz=28, trace=300000, nelems=14, elem type=char[])
OBJ 50002afd (sz=40, trace=300000, class=java.util.TreeMap$Entry@500000a6)
	key		500026c4
	value		500025db
	parent		50002af7
ARR 50002afe (sz=36, trace=300000, nelems=18, elem type=char[])
ARR 50002aff (sz=34, trace=300000, nelems=17, elem type=char[])
OBJ 50002b00 (sz=40, trace=300000, class=java.util.TreeMap$Entry@500000a6)
	key		50002515
	value		5000257c
	parent		50002ae8
OBJ 50002b01 (sz=40, trace=300000, class=java.util.TreeMap$Entry@500000a6)
	key		5000249e
	value		500024b5
	left		50002b03
	parent		50002ae8
ARR 50002b02 (sz=12, trace=300000, nelems=6, elem type=char[])
OBJ 50002b03 (sz=40, trace=300000, class=java.util.TreeMap$Entry@500000a6)
	key		500026c7
	value		500025d2
	parent		50002b01
ARR 50002b04 (sz=16, trace=300000, nelems=8, elem type=char[])
ARR 50002b05 (sz=36, trace=300000, nelems=18, elem type=char[])
ARR 50002b06 (sz=24, trace=300000, nelems=12, elem type=char[])
OBJ 50002b07 (sz=40, trace=300000, class=java.util.TreeMap$Entry@500000a6)
	key		5000251c
	value		5000249f
	left		50002b13
	right		50002b12
	parent		50002ac3
OBJ 50002b08 (sz=40, trace=300000, class=java.util.TreeMap$Entry@500000a6)
	key		50002517
	value		5000249f
	left		50002b0b
	right		50002b0a
	parent		50002ac3
ARR 50002b09 (sz=12, trace=300000, nelems=6, elem type=char[])
OBJ 50002b0a (sz=40, trace=300000, class=java.util.TreeMap$Entry@500000a6)
	key		500024a6
	value		5000257e
	left		50002b0e
	right		50002b0d
	parent		50002b08
OBJ 50002b0b (sz=40, trace=300000, class=java.util.TreeMap$Entry@500000a6)
	key		500024a2
	value		500024ab
	parent		50002b08
ARR 50002b0c (sz=12, trace=300000, nelems=6, elem type=char[])
OBJ 50002b0d (sz=40, trace=300000, class=java.util.TreeMap$Entry@500000a6)
	key		50002519
	value		500024a0
	parent		50002b0a
OBJ 50002b0e (sz=40, trace=300000, class=java.util.TreeMap$Entry@500000a6)
	key		50002518
	value		5000257c
	parent		50002b0a
ARR 50002b0f (sz=28, trace=300000, nelems=14, elem type=char[])
ARR 50002b10 (sz=24, trace=300000, nelems=12, elem type=char[])
ARR 50002b11 (sz=12, trace=300000, nelems=6, elem type=char[])
OBJ 50002b12 (sz=40, trace=300000, class=java.util.TreeMap$Entry@500000a6)
	key		5000251f
	value		5000256d
	left		50002b17
	right		50002b16
	parent		50002b07
OBJ 50002b13 (sz=40, trace=300000, class=java.util.TreeMap$Entry@500000a6)
	key		5000251b
	value		500024ab
	parent		50002b07
ARR 50002b14 (sz=12, trace=300000, nelems=6, elem type=char[])
ARR 50002b15 (sz=10, trace=300000, nelems=5, elem type=char[])
OBJ 50002b16 (sz=40, trace=300000, class=java.util.TreeMap$Entry@500000a6)
	key		500024a9
	value		5000249f
	parent		50002b12
OBJ 50002b17 (sz=40, trace=300000, class=java.util.TreeMap$Entry@500000a6)
	key		50002516
	value		5000257e
	left		50002b1a
	right		50002b19
	parent		50002b12
ARR 50002b18 (sz=10, trace=300000, nelems=5, elem type=char[])
OBJ 50002b19 (sz=40, trace=300000, class=java.util.TreeMap$Entry@500000a6)
	key		5000251e
	value		500024a0
	parent		50002b17
OBJ 50002b1a (sz=40, trace=300000, class=java.util.TreeMap$Entry@500000a6)
	key		5000251d
	value		5000249f
	parent		50002b17
ARR 50002b1b (sz=20, trace=300000, nelems=10, elem type=char[])
ARR 50002b1c (sz=10, trace=300000, nelems=5, elem type=char[])
ARR 50002b1d (sz=10, trace=300000, nelems=5, elem type=char[])
ARR 50002b1e (sz=90, trace=300000, nelems=45, elem type=char[])
OBJ 50002b1f (sz=40, trace=300000, class=java.util.TreeMap$Entry@500000a6)
	key		5000254a
	value		50002583
	left		50002c4b
	right		50002c4a
	parent		500028ec
OBJ 50002b20 (sz=40, trace=300000, class=java.util.TreeMap$Entry@500000a6)
	key		50002529
	value		500024b4
	left		50002b23
	right		50002b22
	parent		500028ec
ARR 50002b21 (sz=20, trace=300000, nelems=10, elem type=char[])
OBJ 50002b22 (sz=40, trace=300000, class=java.util.TreeMap$Entry@500000a6)
	key		500024ad
	value		5000256f
	left		50002c0b
	right		50002c0a
	parent		50002b20
OBJ 50002b23 (sz=40, trace=300000, class=java.util.TreeMap$Entry@500000a6)
	key		50002700
	value		50002761
	left		50002b26
	right		50002b25
	parent		50002b20
ARR 50002b24 (sz=12, trace=300000, nelems=6, elem type=char[])
OBJ 50002b25 (sz=40, trace=300000, class=java.util.TreeMap$Entry@500000a6)
	key		50002712
	value		5000274d
	left		50002ba6
	right		50002ba5
	parent		50002b23
OBJ 50002b26 (sz=40, trace=300000, class=java.util.TreeMap$Entry@500000a6)
	key		500026ee
	value		50002609
	left		50002b29
	right		50002b28
	parent		50002b23
ARR 50002b27 (sz=14, trace=300000, nelems=7, elem type=char[])
OBJ 50002b28 (sz=40, trace=300000, class=java.util.TreeMap$Entry@500000a6)
	key		50002526
	value		500024b4
	left		50002b81
	right		50002b80
	parent		50002b26
OBJ 50002b29 (sz=40, trace=300000, class=java.util.TreeMap$Entry@500000a6)
	key		500026d2
	value		5000274d
	left		50002b2c
	right		50002b2b
	parent		50002b26
ARR 50002b2a (sz=14, trace=300000, nelems=7, elem type=char[])
OBJ 50002b2b (sz=40, trace=300000, class=java.util.TreeMap$Entry@500000a6)
	key		500026e3
	value		500025dc
	left		50002b4c
	right		50002b4b
	parent		50002b29
OBJ 50002b2c (sz=40, trace=300000, class=java.util.TreeMap$Entry@500000a6)
	key		50002525
	value		500024b5
	left		50002b2f
	right		50002b2e
	parent		50002b29
ARR 50002b2d (sz=16, trace=300000, nelems=8, elem type=char[])
OBJ 50002b2e (sz=40, trace=300000, class=java.util.TreeMap$Entry@500000a6)
	key		500026d0
	value		5000274b
	left		50002b45
	right		50002b44
	parent		50002b2c
OBJ 50002b2f (sz=40, trace=300000, class=java.util.TreeMap$Entry@500000a6)
	key		500026c9
	value		50002746
	left		50002b32
	right		50002b31
	parent		50002b2c
ARR 50002b30 (sz=16, trace=300000, nelems=8, elem type=char[])
OBJ 50002b31 (sz=40, trace=300000, class=java.util.TreeMap$Entry@500000a6)
	key		500026cc
	value		50002748
	left		50002b3e
	right		50002b3d
	parent		50002b2f
OBJ 50002b32 (sz=40, trace=300000, class=java.util.TreeMap$Entry@500000a6)
	key		50002523
	value		500024ab
	left		50002b35
	right		50002b34
	parent		50002b2f
ARR 50002b33 (sz=16, trace=300000, nelems=8, elem type=char[])
OBJ 50002b34 (sz=40, trace=300000, class=java.util.TreeMap$Entry@500000a6)
	key		50002524
	value		500024b6
	right		50002b3a
	parent		50002b32
OBJ 50002b35 (sz=40, trace=300000, class=java.util.TreeMap$Entry@500000a6)
	key		50002521
	value		500024ab
	right		50002b37
	parent		50002b32
ARR 50002b36 (sz=18, trace=300000, nelems=9, elem type=char[])
OBJ 50002b37 (sz=40, trace=300000, class=java.util.TreeMap$Entry@500000a6)
	key		50002522
	value		500024ab
	parent		50002b35
ARR 50002b38 (sz=12, trace=300000, nelems=6, elem type=char[])
ARR 50002b39 (sz=22, trace=300000, nelems=11, elem type=char[])
OBJ 50002b3a (sz=40, trace=300000, class=java.util.TreeMap$Entry@500000a6)
	key		500026c8
	value		500025dc
	parent		50002b34
ARR 50002b3b (sz=12, trace=300000, nelems=6, elem type=char[])
ARR 50002b3c (sz=14, trace=300000, nelems=7, elem type=char[])
OBJ 50002b3d (sz=40, trace=300000, class=java.util.TreeMap$Entry@500000a6)
	key		500026cd
	value		500025e1
	parent		50002b31
OBJ 50002b3e (sz=40, trace=300000, class=java.util.TreeMap$Entry@500000a6)
	key		500026ca
	value		50002747
	right		50002b40
	parent		50002b31
ARR 50002b3f (sz=16, trace=300000, nelems=8, elem type=char[])
OBJ 50002b40 (sz=40, trace=300000, class=java.util.TreeMap$Entry@500000a6)
	key		500026cb
	value		500025df
	parent		50002b3e
ARR 50002b41 (sz=16, trace=300000, nelems=8, elem type=char[])
ARR 50002b42 (sz=16, trace=300000, nelems=8, elem type=char[])
ARR 50002b43 (sz=16, trace=300000, nelems=8, elem type=char[])
OBJ 50002b44 (sz=40, trace=300000, class=java.util.TreeMap$Entry@500000a6)
	key		500026d1
	value		5000274c
	parent		50002b2e
OBJ 50002b45 (sz=40, trace=300000, class=java.util.TreeMap$Entry@500000a6)
	key		500026cf
	value		5000274a
	left		50002b47
	parent		50002b2e
ARR 50002b46 (sz=16, trace=300000, nelems=8, elem type=char[])
OBJ 50002b47 (sz=40, trace=300000, class=java.util.TreeMap$Entry@500000a6)
	key		500026ce
	value		50002749
	parent		50002b45
ARR 50002b48 (sz=16, trace=300000, nelems=8, elem type=char[])
ARR 50002b49 (sz=16, trace=300000, nelems=8, elem type=char[])
ARR 50002b4a (sz=16, trace=300000, nelems=8, elem type=char[])
OBJ 50002b4b (sz=40, trace=300000, class=java.util.TreeMap$Entry@500000a6)
	key		500026e8
	value		50002755
	left		50002b6e
	right		50002b6d
	parent		50002b2b
OBJ 50002b4c (sz=40, trace=300000, class=java.util.TreeMap$Entry@500000a6)
	key		500026d9
	value		500025f7
	left		50002b4f
	right		50002b4e
	parent		50002b2b
ARR 50002b4d (sz=12, trace=300000, nelems=6, elem type=char[])
OBJ 50002b4e (sz=40, trace=300000, class=java.util.TreeMap$Entry@500000a6)
	key		500026dd
	value		500025fb
	left		50002b5d
	right		50002b5c
	parent		50002b4c
OBJ 50002b4f (sz=40, trace=300000, class=java.util.TreeMap$Entry@500000a6)
	key		500026d5
	value		50002750
	left		50002b52
	right		50002b51
	parent		50002b4c
ARR 50002b50 (sz=14, trace=300000, nelems=7, elem type=char[])
OBJ 50002b51 (sz=40, trace=300000, class=java.util.TreeMap$Entry@500000a6)
	key		500026d7
	value		50002752
	left		50002b58
	right		50002b57
	parent		50002b4f
OBJ 50002b52 (sz=40, trace=300000, class=java.util.TreeMap$Entry@500000a6)
	key		500026d3
	value		5000274e
	right		50002b54
	parent		50002b4f
ARR 50002b53 (sz=16, trace=300000, nelems=8, elem type=char[])
OBJ 50002b54 (sz=40, trace=300000, class=java.util.TreeMap$Entry@500000a6)
	key		500026d4
	value		5000274f
	parent		50002b52
ARR 50002b55 (sz=16, trace=300000, nelems=8, elem type=char[])
ARR 50002b56 (sz=16, trace=300000, nelems=8, elem type=char[])
OBJ 50002b57 (sz=40, trace=300000, class=java.util.TreeMap$Entry@500000a6)
	key		500026d8
	value		500025f6
	parent		50002b51
OBJ 50002b58 (sz=40, trace=300000, class=java.util.TreeMap$Entry@500000a6)
	key		500026d6
	value		50002751
	parent		50002b51
ARR 50002b59 (sz=16, trace=300000, nelems=8, elem type=char[])
ARR 50002b5a (sz=16, trace=300000, nelems=8, elem type=char[])
ARR 50002b5b (sz=14, trace=300000, nelems=7, elem type=char[])
OBJ 50002b5c (sz=40, trace=300000, class=java.util.TreeMap$Entry@500000a6)
	key		500026e1
	value		50002754
	left		50002b65
	right		50002b64
	parent		50002b4e
OBJ 50002b5d (sz=40, trace=300000, class=java.util.TreeMap$Entry@500000a6)
	key		500026db
	value		500025f9
	left		50002b60
	right		50002b5f
	parent		50002b4e
ARR 50002b5e (sz=14, trace=300000, nelems=7, elem type=char[])
OBJ 50002b5f (sz=40, trace=300000, class=java.util.TreeMap$Entry@500000a6)
	key		500026dc
	value		500025fa
	parent		50002b5d
OBJ 50002b60 (sz=40, trace=300000, class=java.util.TreeMap$Entry@500000a6)
	key		500026da
	value		500025f8
	parent		50002b5d
ARR 50002b61 (sz=14, trace=300000, nelems=7, elem type=char[])
ARR 50002b62 (sz=14, trace=300000, nelems=7, elem type=char[])
ARR 50002b63 (sz=14, trace=300000, nelems=7, elem type=char[])
OBJ 50002b64 (sz=40, trace=300000, class=java.util.TreeMap$Entry@500000a6)
	key		500026e2
	value		50002754
	parent		50002b5c
OBJ 50002b65 (sz=40, trace=300000, class=java.util.TreeMap$Entry@500000a6)
	key		500026df
	value		500025fd
	left		50002b68
	right		50002b67
	parent		50002b5c
ARR 50002b66 (sz=18, trace=300000, nelems=9, elem type=char[])
OBJ 50002b67 (sz=40, trace=300000, class=java.util.TreeMap$Entry@500000a6)
	key		500026e0
	value		50002753
	parent		50002b65
OBJ 50002b68 (sz=40, trace=300000, class=java.util.TreeMap$Entry@500000a6)
	key		500026de
	value		500025fc
	parent		50002b65
ARR 50002b69 (sz=14, trace=300000, nelems=7, elem type=char[])
ARR 50002b6a (sz=14, trace=300000, nelems=7, elem type=char[])
ARR 50002b6b (sz=14, trace=300000, nelems=7, elem type=char[])
ARR 50002b6c (sz=42, trace=300000, nelems=21, elem type=char[])
OBJ 50002b6d (sz=40, trace=300000, class=java.util.TreeMap$Entry@500000a6)
	key		500026ec
	value		50002607
	left		50002b78
	right		50002b77
	parent		50002b4b
OBJ 50002b6e (sz=40, trace=300000, class=java.util.TreeMap$Entry@500000a6)
	key		500026e5
	value		50002601
	left		50002b71
	right		50002b70
	parent		50002b4b
ARR 50002b6f (sz=14, trace=300000, nelems=7, elem type=char[])
OBJ 50002b70 (sz=40, trace=300000, class=java.util.TreeMap$Entry@500000a6)
	key		500026e6
	value		50002602
	right		50002b74
	parent		50002b6e
OBJ 50002b71 (sz=40, trace=300000, class=java.util.TreeMap$Entry@500000a6)
	key		500026e4
	value		50002600
	parent		50002b6e
ARR 50002b72 (sz=14, trace=300000, nelems=7, elem type=char[])
ARR 50002b73 (sz=14, trace=300000, nelems=7, elem type=char[])
OBJ 50002b74 (sz=40, trace=300000, class=java.util.TreeMap$Entry@500000a6)
	key		500026e7
	value		50002754
	parent		50002b70
ARR 50002b75 (sz=14, trace=300000, nelems=7, elem type=char[])
ARR 50002b76 (sz=16, trace=300000, nelems=8, elem type=char[])
OBJ 50002b77 (sz=40, trace=300000, class=java.util.TreeMap$Entry@500000a6)
	key		500026ed
	value		50002608
	parent		50002b6d
OBJ 50002b78 (sz=40, trace=300000, class=java.util.TreeMap$Entry@500000a6)
	key		500026ea
	value		500025d1
	left		50002b7b
	right		50002b7a
	parent		50002b6d
ARR 50002b79 (sz=14, trace=300000, nelems=7, elem type=char[])
OBJ 50002b7a (sz=40, trace=300000, class=java.util.TreeMap$Entry@500000a6)
	key		500026eb
	value		50002757
	parent		50002b78
OBJ 50002b7b (sz=40, trace=300000, class=java.util.TreeMap$Entry@500000a6)
	key		500026e9
	value		50002756
	parent		50002b78
ARR 50002b7c (sz=14, trace=300000, nelems=7, elem type=char[])
ARR 50002b7d (sz=14, trace=300000, nelems=7, elem type=char[])
ARR 50002b7e (sz=14, trace=300000, nelems=7, elem type=char[])
ARR 50002b7f (sz=14, trace=300000, nelems=7, elem type=char[])
OBJ 50002b80 (sz=40, trace=300000, class=java.util.TreeMap$Entry@500000a6)
	key		500026f9
	value		5000275b
	left		50002b91
	right		50002b90
	parent		50002b28
OBJ 50002b81 (sz=40, trace=300000, class=java.util.TreeMap$Entry@500000a6)
	key		500026f0
	value		5000260b
	left		50002b84
	right		50002b83
	parent		50002b28
ARR 50002b82 (sz=14, trace=300000, nelems=7, elem type=char[])
OBJ 50002b83 (sz=40, trace=300000, class=java.util.TreeMap$Entry@500000a6)
	key		500026f2
	value		5000260d
	left		50002b88
	right		50002b87
	parent		50002b81
OBJ 50002b84 (sz=40, trace=300000, class=java.util.TreeMap$Entry@500000a6)
	key		500026ef
	value		5000260a
	parent		50002b81
ARR 50002b85 (sz=14, trace=300000, nelems=7, elem type=char[])
ARR 50002b86 (sz=14, trace=300000, nelems=7, elem type=char[])
OBJ 50002b87 (sz=40, trace=300000, class=java.util.TreeMap$Entry@500000a6)
	key		500026f4
	value		5000260f
	left		50002b8c
	right		50002b8b
	parent		50002b83
OBJ 50002b88 (sz=40, trace=300000, class=java.util.TreeMap$Entry@500000a6)
	key		500026f1
	value		5000260c
	parent		50002b83
ARR 50002b89 (sz=14, trace=300000, nelems=7, elem type=char[])
ARR 50002b8a (sz=14, trace=300000, nelems=7, elem type=char[])
OBJ 50002b8b (sz=40, trace=300000, class=java.util.TreeMap$Entry@500000a6)
	key		500026f5
	value		50002758
	parent		50002b87
OBJ 50002b8c (sz=40, trace=300000, class=java.util.TreeMap$Entry@500000a6)
	key		500026f3
	value		5000260e
	parent		50002b87
ARR 50002b8d (sz=14, trace=300000, nelems=7, elem type=char[])
ARR 50002b8e (sz=14, trace=300000, nelems=7, elem type=char[])
ARR 50002b8f (sz=14, trace=300000, nelems=7, elem type=char[])
OBJ 50002b90 (sz=40, trace=300000, class=java.util.TreeMap$Entry@500000a6)
	key		500026fe
	value		5000256e
	left		50002b9b
	right		50002b9a
	parent		50002b80
OBJ 50002b91 (sz=40, trace=300000, class=java.util.TreeMap$Entry@500000a6)
	key		500026f6
	value		50002611
	left		50002b94
	right		50002b93
	parent		50002b80
ARR 50002b92 (sz=14, trace=300000, nelems=7, elem type=char[])
OBJ 50002b93 (sz=40, trace=300000, class=java.util.TreeMap$Entry@500000a6)
	key		500026f7
	value		50002759
	right		50002b97
	parent		50002b91
OBJ 50002b94 (sz=40, trace=300000, class=java.util.TreeMap$Entry@500000a6)
	key		50002527
	value		500024b6
	parent		50002b91
ARR 50002b95 (sz=14, trace=300000, nelems=7, elem type=char[])
ARR 50002b96 (sz=14, trace=300000, nelems=7, elem type=char[])
OBJ 50002b97 (sz=40, trace=300000, class=java.util.TreeMap$Entry@500000a6)
	key		500026f8
	value		5000275a
	parent		50002b93
ARR 50002b98 (sz=14, trace=300000, nelems=7, elem type=char[])
ARR 50002b99 (sz=14, trace=300000, nelems=7, elem type=char[])
OBJ 50002b9a (sz=40, trace=300000, class=java.util.TreeMap$Entry@500000a6)
	key		500026ff
	value		50002760
	parent		50002b90
OBJ 50002b9b (sz=40, trace=300000, class=java.util.TreeMap$Entry@500000a6)
	key		500026fc
	value		5000275e
	left		50002b9e
	right		50002b9d
	parent		50002b90
ARR 50002b9c (sz=14, trace=300000, nelems=7, elem type=char[])
OBJ 50002b9d (sz=40, trace=300000, class=java.util.TreeMap$Entry@500000a6)
	key		500026fd
	value		5000275f
	parent		50002b9b
OBJ 50002b9e (sz=40, trace=300000, class=java.util.TreeMap$Entry@500000a6)
	key		500026fb
	value		5000275d
	left		50002ba0
	parent		50002b9b
ARR 50002b9f (sz=14, trace=300000, nelems=7, elem type=char[])
OBJ 50002ba0 (sz=40, trace=300000, class=java.util.TreeMap$Entry@500000a6)
	key		500026fa
	value		5000275c
	parent		50002b9e
ARR 50002ba1 (sz=14, trace=300000, nelems=7, elem type=char[])
ARR 50002ba2 (sz=14, trace=300000, nelems=7, elem type=char[])
ARR 50002ba3 (sz=14, trace=300000, nelems=7, elem type=char[])
ARR 50002ba4 (sz=16, trace=300000, nelems=8, elem type=char[])
OBJ 50002ba5 (sz=40, trace=300000, class=java.util.TreeMap$Entry@500000a6)
	key		5000271d
	value		500025fb
	left		50002bcc
	right		50002bcb
	parent		50002b25
OBJ 50002ba6 (sz=40, trace=300000, class=java.util.TreeMap$Entry@500000a6)
	key		50002528
	value		500024b5
	left		50002ba9
	right		50002ba8
	parent		50002b25
ARR 50002ba7 (sz=14, trace=300000, nelems=7, elem type=char[])
OBJ 50002ba8 (sz=40, trace=300000, class=java.util.TreeMap$Entry@500000a6)
	key		50002710
	value		5000274b
	left		50002bc5
	right		50002bc4
	parent		50002ba6
OBJ 50002ba9 (sz=40, trace=300000, class=java.util.TreeMap$Entry@500000a6)
	key		50002705
	value		50002766
	left		50002bac
	right		50002bab
	parent		50002ba6
ARR 50002baa (sz=14, trace=300000, nelems=7, elem type=char[])
OBJ 50002bab (sz=40, trace=300000, class=java.util.TreeMap$Entry@500000a6)
	key		5000270a
	value		50002746
	left		50002bb6
	right		50002bb5
	parent		50002ba9
OBJ 50002bac (sz=40, trace=300000, class=java.util.TreeMap$Entry@500000a6)
	key		50002702
	value		50002763
	left		50002baf
	right		50002bae
	parent		50002ba9
ARR 50002bad (sz=14, trace=300000, nelems=7, elem type=char[])
OBJ 50002bae (sz=40, trace=300000, class=java.util.TreeMap$Entry@500000a6)
	key		50002703
	value		50002764
	right		50002bb2
	parent		50002bac
OBJ 50002baf (sz=40, trace=300000, class=java.util.TreeMap$Entry@500000a6)
	key		50002701
	value		50002762
	parent		50002bac
ARR 50002bb0 (sz=14, trace=300000, nelems=7, elem type=char[])
ARR 50002bb1 (sz=16, trace=300000, nelems=8, elem type=char[])
OBJ 50002bb2 (sz=40, trace=300000, class=java.util.TreeMap$Entry@500000a6)
	key		50002704
	value		50002765
	parent		50002bae
ARR 50002bb3 (sz=14, trace=300000, nelems=7, elem type=char[])
ARR 50002bb4 (sz=16, trace=300000, nelems=8, elem type=char[])
OBJ 50002bb5 (sz=40, trace=300000, class=java.util.TreeMap$Entry@500000a6)
	key		5000270c
	value		500025df
	left		50002bc0
	right		50002bbf
	parent		50002bab
OBJ 50002bb6 (sz=40, trace=300000, class=java.util.TreeMap$Entry@500000a6)
	key		50002708
	value		50002768
	left		50002bb9
	right		50002bb8
	parent		50002bab
ARR 50002bb7 (sz=14, trace=300000, nelems=7, elem type=char[])
OBJ 50002bb8 (sz=40, trace=300000, class=java.util.TreeMap$Entry@500000a6)
	key		50002709
	value		500025dc
	parent		50002bb6
OBJ 50002bb9 (sz=40, trace=300000, class=java.util.TreeMap$Entry@500000a6)
	key		50002707
	value		50002768
	left		50002bbb
	parent		50002bb6
ARR 50002bba (sz=18, trace=300000, nelems=9, elem type=char[])
OBJ 50002bbb (sz=40, trace=300000, class=java.util.TreeMap$Entry@500000a6)
	key		50002706
	value		50002767
	parent		50002bb9
ARR 50002bbc (sz=14, trace=300000, nelems=7, elem type=char[])
ARR 50002bbd (sz=14, trace=300000, nelems=7, elem type=char[])
ARR 50002bbe (sz=12, trace=300000, nelems=6, elem type=char[])
OBJ 50002bbf (sz=40, trace=300000, class=java.util.TreeMap$Entry@500000a6)
	key		5000270d
	value		50002748
	parent		50002bb5
OBJ 50002bc0 (sz=40, trace=300000, class=java.util.TreeMap$Entry@500000a6)
	key		5000270b
	value		50002747
	parent		50002bb5
ARR 50002bc1 (sz=14, trace=300000, nelems=7, elem type=char[])
ARR 50002bc2 (sz=14, trace=300000, nelems=7, elem type=char[])
ARR 50002bc3 (sz=14, trace=300000, nelems=7, elem type=char[])
OBJ 50002bc4 (sz=40, trace=300000, class=java.util.TreeMap$Entry@500000a6)
	key		50002711
	value		5000274c
	parent		50002ba8
OBJ 50002bc5 (sz=40, trace=300000, class=java.util.TreeMap$Entry@500000a6)
	key		5000270f
	value		5000274a
	left		50002bc7
	parent		50002ba8
ARR 50002bc6 (sz=14, trace=300000, nelems=7, elem type=char[])
OBJ 50002bc7 (sz=40, trace=300000, class=java.util.TreeMap$Entry@500000a6)
	key		5000270e
	value		50002749
	parent		50002bc5
ARR 50002bc8 (sz=14, trace=300000, nelems=7, elem type=char[])
ARR 50002bc9 (sz=14, trace=300000, nelems=7, elem type=char[])
ARR 50002bca (sz=14, trace=300000, nelems=7, elem type=char[])
OBJ 50002bcb (sz=40, trace=300000, class=java.util.TreeMap$Entry@500000a6)
	key		5000272b
	value		50002609
	left		50002be2
	right		50002be1
	parent		50002ba5
OBJ 50002bcc (sz=40, trace=300000, class=java.util.TreeMap$Entry@500000a6)
	key		50002719
	value		500025f7
	left		50002bcf
	right		50002bce
	parent		50002ba5
ARR 50002bcd (sz=12, trace=300000, nelems=6, elem type=char[])
OBJ 50002bce (sz=40, trace=300000, class=java.util.TreeMap$Entry@500000a6)
	key		5000271b
	value		500025f9
	left		50002bdd
	right		50002bdc
	parent		50002bcc
OBJ 50002bcf (sz=40, trace=300000, class=java.util.TreeMap$Entry@500000a6)
	key		50002715
	value		50002750
	left		50002bd2
	right		50002bd1
	parent		50002bcc
ARR 50002bd0 (sz=12, trace=300000, nelems=6, elem type=char[])
OBJ 50002bd1 (sz=40, trace=300000, class=java.util.TreeMap$Entry@500000a6)
	key		50002717
	value		50002752
	left		50002bd8
	right		50002bd7
	parent		50002bcf
OBJ 50002bd2 (sz=40, trace=300000, class=java.util.TreeMap$Entry@500000a6)
	key		50002713
	value		5000274e
	right		50002bd4
	parent		50002bcf
ARR 50002bd3 (sz=14, trace=300000, nelems=7, elem type=char[])
OBJ 50002bd4 (sz=40, trace=300000, class=java.util.TreeMap$Entry@500000a6)
	key		50002714
	value		5000274f
	parent		50002bd2
ARR 50002bd5 (sz=14, trace=300000, nelems=7, elem type=char[])
ARR 50002bd6 (sz=14, trace=300000, nelems=7, elem type=char[])
OBJ 50002bd7 (sz=40, trace=300000, class=java.util.TreeMap$Entry@500000a6)
	key		50002718
	value		500025f6
	parent		50002bd1
OBJ 50002bd8 (sz=40, trace=300000, class=java.util.TreeMap$Entry@500000a6)
	key		50002716
	value		50002751
	parent		50002bd1
ARR 50002bd9 (sz=14, trace=300000, nelems=7, elem type=char[])
ARR 50002bda (sz=14, trace=300000, nelems=7, elem type=char[])
ARR 50002bdb (sz=12, trace=300000, nelems=6, elem type=char[])
OBJ 50002bdc (sz=40, trace=300000, class=java.util.TreeMap$Entry@500000a6)
	key		5000271c
	value		500025fa
	parent		50002bce
OBJ 50002bdd (sz=40, trace=300000, class=java.util.TreeMap$Entry@500000a6)
	key		5000271a
	value		500025f8
	parent		50002bce
ARR 50002bde (sz=12, trace=300000, nelems=6, elem type=char[])
ARR 50002bdf (sz=12, trace=300000, nelems=6, elem type=char[])
ARR 50002be0 (sz=12, trace=300000, nelems=6, elem type=char[])
OBJ 50002be1 (sz=40, trace=300000, class=java.util.TreeMap$Entry@500000a6)
	key		5000272d
	value		5000260b
	left		50002bfe
	right		50002bfd
	parent		50002bcb
OBJ 50002be2 (sz=40, trace=300000, class=java.util.TreeMap$Entry@500000a6)
	key		50002724
	value		50002602
	left		50002be5
	right		50002be4
	parent		50002bcb
ARR 50002be3 (sz=12, trace=300000, nelems=6, elem type=char[])
OBJ 50002be4 (sz=40, trace=300000, class=java.util.TreeMap$Entry@500000a6)
	key		50002729
	value		50002607
	left		50002bf3
	right		50002bf2
	parent		50002be2
OBJ 50002be5 (sz=40, trace=300000, class=java.util.TreeMap$Entry@500000a6)
	key		50002722
	value		50002600
	left		50002be8
	right		50002be7
	parent		50002be2
ARR 50002be6 (sz=12, trace=300000, nelems=6, elem type=char[])
OBJ 50002be7 (sz=40, trace=300000, class=java.util.TreeMap$Entry@500000a6)
	key		50002723
	value		50002601
	parent		50002be5
OBJ 50002be8 (sz=40, trace=300000, class=java.util.TreeMap$Entry@500000a6)
	key		5000271f
	value		500025fd
	left		50002beb
	right		50002bea
	parent		50002be5
ARR 50002be9 (sz=12, trace=300000, nelems=6, elem type=char[])
OBJ 50002bea (sz=40, trace=300000, class=java.util.TreeMap$Entry@500000a6)
	key		50002721
	value		50002754
	left		50002bee
	parent		50002be8
OBJ 50002beb (sz=40, trace=300000, class=java.util.TreeMap$Entry@500000a6)
	key		5000271e
	value		500025fc
	parent		50002be8
ARR 50002bec (sz=12, trace=300000, nelems=6, elem type=char[])
ARR 50002bed (sz=12, trace=300000, nelems=6, elem type=char[])
OBJ 50002bee (sz=40, trace=300000, class=java.util.TreeMap$Entry@500000a6)
	key		50002720
	value		50002753
	parent		50002bea
ARR 50002bef (sz=16, trace=300000, nelems=8, elem type=char[])
ARR 50002bf0 (sz=12, trace=300000, nelems=6, elem type=char[])
ARR 50002bf1 (sz=12, trace=300000, nelems=6, elem type=char[])
OBJ 50002bf2 (sz=40, trace=300000, class=java.util.TreeMap$Entry@500000a6)
	key		5000272a
	value		50002608
	parent		50002be4
OBJ 50002bf3 (sz=40, trace=300000, class=java.util.TreeMap$Entry@500000a6)
	key		50002726
	value		50002756
	left		50002bf6
	right		50002bf5
	parent		50002be4
ARR 50002bf4 (sz=12, trace=300000, nelems=6, elem type=char[])
OBJ 50002bf5 (sz=40, trace=300000, class=java.util.TreeMap$Entry@500000a6)
	key		50002728
	value		50002757
	left		50002bf9
	parent		50002bf3
OBJ 50002bf6 (sz=40, trace=300000, class=java.util.TreeMap$Entry@500000a6)
	key		50002725
	value		50002755
	parent		50002bf3
ARR 50002bf7 (sz=12, trace=300000, nelems=6, elem type=char[])
ARR 50002bf8 (sz=12, trace=300000, nelems=6, elem type=char[])
OBJ 50002bf9 (sz=40, trace=300000, class=java.util.TreeMap$Entry@500000a6)
	key		50002727
	value		500025d1
	parent		50002bf5
ARR 50002bfa (sz=12, trace=300000, nelems=6, elem type=char[])
ARR 50002bfb (sz=12, trace=300000, nelems=6, elem type=char[])
ARR 50002bfc (sz=12, trace=300000, nelems=6, elem type=char[])
OBJ 50002bfd (sz=40, trace=300000, class=java.util.TreeMap$Entry@500000a6)
	key		5000272f
	value		5000260d
	left		50002c02
	right		50002c01
	parent		50002be1
OBJ 50002bfe (sz=40, trace=300000, class=java.util.TreeMap$Entry@500000a6)
	key		5000272c
	value		5000260a
	parent		50002be1
ARR 50002bff (sz=12, trace=300000, nelems=6, elem type=char[])
ARR 50002c00 (sz=12, trace=300000, nelems=6, elem type=char[])
OBJ 50002c01 (sz=40, trace=300000, class=java.util.TreeMap$Entry@500000a6)
	key		50002731
	value		5000260f
	left		50002c06
	right		50002c05
	parent		50002bfd
OBJ 50002c02 (sz=40, trace=300000, class=java.util.TreeMap$Entry@500000a6)
	key		5000272e
	value		5000260c
	parent		50002bfd
ARR 50002c03 (sz=12, trace=300000, nelems=6, elem type=char[])
ARR 50002c04 (sz=12, trace=300000, nelems=6, elem type=char[])
OBJ 50002c05 (sz=40, trace=300000, class=java.util.TreeMap$Entry@500000a6)
	key		50002732
	value		50002758
	parent		50002c01
OBJ 50002c06 (sz=40, trace=300000, class=java.util.TreeMap$Entry@500000a6)
	key		50002730
	value		5000260e
	parent		50002c01
ARR 50002c07 (sz=12, trace=300000, nelems=6, elem type=char[])
ARR 50002c08 (sz=12, trace=300000, nelems=6, elem type=char[])
ARR 50002c09 (sz=12, trace=300000, nelems=6, elem type=char[])
OBJ 50002c0a (sz=40, trace=300000, class=java.util.TreeMap$Entry@500000a6)
	key		50002532
	value		50002573
	left		50002c32
	right		50002c31
	parent		50002b22
OBJ 50002c0b (sz=40, trace=300000, class=java.util.TreeMap$Entry@500000a6)
	key		5000273c
	value		50002761
	left		50002c0d
	right		50002c0c
	parent		50002b22
OBJ 50002c0c (sz=40, trace=300000, class=java.util.TreeMap$Entry@500000a6)
	key		5000273e
	value		50002763
	left		50002c23
	right		50002c22
	parent		50002c0b
OBJ 50002c0d (sz=40, trace=300000, class=java.util.TreeMap$Entry@500000a6)
	key		50002738
	value		5000275e
	left		50002c10
	right		50002c0f
	parent		50002c0b
ARR 50002c0e (sz=12, trace=300000, nelems=6, elem type=char[])
OBJ 50002c0f (sz=40, trace=300000, class=java.util.TreeMap$Entry@500000a6)
	key		5000273a
	value		5000256e
	left		50002c1e
	right		50002c1d
	parent		50002c0d
OBJ 50002c10 (sz=40, trace=300000, class=java.util.TreeMap$Entry@500000a6)
	key		50002735
	value		5000275b
	left		50002c13
	right		50002c12
	parent		50002c0d
ARR 50002c11 (sz=12, trace=300000, nelems=6, elem type=char[])
OBJ 50002c12 (sz=40, trace=300000, class=java.util.TreeMap$Entry@500000a6)
	key		50002737
	value		5000275d
	left		50002c1a
	parent		50002c10
OBJ 50002c13 (sz=40, trace=300000, class=java.util.TreeMap$Entry@500000a6)
	key		50002733
	value		50002759
	left		50002c16
	right		50002c15
	parent		50002c10
ARR 50002c14 (sz=12, trace=300000, nelems=6, elem type=char[])
OBJ 50002c15 (sz=40, trace=300000, class=java.util.TreeMap$Entry@500000a6)
	key		50002734
	value		5000275a
	parent		50002c13
OBJ 50002c16 (sz=40, trace=300000, class=java.util.TreeMap$Entry@500000a6)
	key		5000252a
	value		500024b6
	parent		50002c13
ARR 50002c17 (sz=12, trace=300000, nelems=6, elem type=char[])
ARR 50002c18 (sz=12, trace=300000, nelems=6, elem type=char[])
ARR 50002c19 (sz=12, trace=300000, nelems=6, elem type=char[])
OBJ 50002c1a (sz=40, trace=300000, class=java.util.TreeMap$Entry@500000a6)
	key		50002736
	value		5000275c
	parent		50002c12
ARR 50002c1b (sz=12, trace=300000, nelems=6, elem type=char[])
ARR 50002c1c (sz=12, trace=300000, nelems=6, elem type=char[])
OBJ 50002c1d (sz=40, trace=300000, class=java.util.TreeMap$Entry@500000a6)
	key		5000273b
	value		50002760
	parent		50002c0f
OBJ 50002c1e (sz=40, trace=300000, class=java.util.TreeMap$Entry@500000a6)
	key		50002739
	value		5000275f
	parent		50002c0f
ARR 50002c1f (sz=12, trace=300000, nelems=6, elem type=char[])
ARR 50002c20 (sz=12, trace=300000, nelems=6, elem type=char[])
ARR 50002c21 (sz=14, trace=300000, nelems=7, elem type=char[])
OBJ 50002c22 (sz=40, trace=300000, class=java.util.TreeMap$Entry@500000a6)
	key		50002741
	value		50002766
	left		50002c27
	right		50002c26
	parent		50002c0c
OBJ 50002c23 (sz=40, trace=300000, class=java.util.TreeMap$Entry@500000a6)
	key		5000273d
	value		50002762
	parent		50002c0c
ARR 50002c24 (sz=12, trace=300000, nelems=6, elem type=char[])
ARR 50002c25 (sz=14, trace=300000, nelems=7, elem type=char[])
OBJ 50002c26 (sz=40, trace=300000, class=java.util.TreeMap$Entry@500000a6)
	key		50002743
	value		50002768
	left		50002c2d
	right		50002c2c
	parent		50002c22
OBJ 50002c27 (sz=40, trace=300000, class=java.util.TreeMap$Entry@500000a6)
	key		5000273f
	value		50002764
	right		50002c29
	parent		50002c22
ARR 50002c28 (sz=12, trace=300000, nelems=6, elem type=char[])
OBJ 50002c29 (sz=40, trace=300000, class=java.util.TreeMap$Entry@500000a6)
	key		50002740
	value		50002765
	parent		50002c27
ARR 50002c2a (sz=12, trace=300000, nelems=6, elem type=char[])
ARR 50002c2b (sz=14, trace=300000, nelems=7, elem type=char[])
OBJ 50002c2c (sz=40, trace=300000, class=java.util.TreeMap$Entry@500000a6)
	key		5000252b
	value		5000256f
	parent		50002c26
OBJ 50002c2d (sz=40, trace=300000, class=java.util.TreeMap$Entry@500000a6)
	key		50002742
	value		50002767
	parent		50002c26
ARR 50002c2e (sz=12, trace=300000, nelems=6, elem type=char[])
ARR 50002c2f (sz=12, trace=300000, nelems=6, elem type=char[])
ARR 50002c30 (sz=10, trace=300000, nelems=5, elem type=char[])
OBJ 50002c31 (sz=40, trace=300000, class=java.util.TreeMap$Entry@500000a6)
	key		500024b8
	value		50002570
	left		50002c44
	right		50002c43
	parent		50002c0a
OBJ 50002c32 (sz=40, trace=300000, class=java.util.TreeMap$Entry@500000a6)
	key		5000252e
	value		500024b5
	left		50002c35
	right		50002c34
	parent		50002c0a
ARR 50002c33 (sz=18, trace=300000, nelems=9, elem type=char[])
OBJ 50002c34 (sz=40, trace=300000, class=java.util.TreeMap$Entry@500000a6)
	key		50002530
	value		5000256f
	left		50002c3f
	right		50002c3e
	parent		50002c32
OBJ 50002c35 (sz=40, trace=300000, class=java.util.TreeMap$Entry@500000a6)
	key		500024b0
	value		50002571
	left		50002c38
	right		50002c37
	parent		50002c32
ARR 50002c36 (sz=20, trace=300000, nelems=10, elem type=char[])
OBJ 50002c37 (sz=40, trace=300000, class=java.util.TreeMap$Entry@500000a6)
	key		5000252d
	value		500024b4
	left		50002c3b
	parent		50002c35
OBJ 50002c38 (sz=40, trace=300000, class=java.util.TreeMap$Entry@500000a6)
	key		500024af
	value		50002570
	parent		50002c35
ARR 50002c39 (sz=28, trace=300000, nelems=14, elem type=char[])
ARR 50002c3a (sz=30, trace=300000, nelems=15, elem type=char[])
OBJ 50002c3b (sz=40, trace=300000, class=java.util.TreeMap$Entry@500000a6)
	key		5000252c
	value		50002572
	parent		50002c37
ARR 50002c3c (sz=20, trace=300000, nelems=10, elem type=char[])
ARR 50002c3d (sz=22, trace=300000, nelems=11, elem type=char[])
OBJ 50002c3e (sz=40, trace=300000, class=java.util.TreeMap$Entry@500000a6)
	key		50002531
	value		500024d5
	parent		50002c34
OBJ 50002c3f (sz=40, trace=300000, class=java.util.TreeMap$Entry@500000a6)
	key		5000252f
	value		500024b6
	parent		50002c34
ARR 50002c40 (sz=20, trace=300000, nelems=10, elem type=char[])
ARR 50002c41 (sz=20, trace=300000, nelems=10, elem type=char[])
ARR 50002c42 (sz=20, trace=300000, nelems=10, elem type=char[])
OBJ 50002c43 (sz=40, trace=300000, class=java.util.TreeMap$Entry@500000a6)
	key		50002533
	value		500024b1
	left		50002c47
	parent		50002c31
OBJ 50002c44 (sz=40, trace=300000, class=java.util.TreeMap$Entry@500000a6)
	key		500024b7
	value		500024ae
	parent		50002c31
ARR 50002c45 (sz=26, trace=300000, nelems=13, elem type=char[])
ARR 50002c46 (sz=18, trace=300000, nelems=9, elem type=char[])
OBJ 50002c47 (sz=40, trace=300000, class=java.util.TreeMap$Entry@500000a6)
	key		500024b9
	value		50002571
	parent		50002c43
ARR 50002c48 (sz=18, trace=300000, nelems=9, elem type=char[])
ARR 50002c49 (sz=24, trace=300000, nelems=12, elem type=char[])
OBJ 50002c4a (sz=40, trace=300000, class=java.util.TreeMap$Entry@500000a6)
	key		50002562
	value		50002583
	left		50002ca5
	right		50002ca4
	parent		50002b1f
OBJ 50002c4b (sz=40, trace=300000, class=java.util.TreeMap$Entry@500000a6)
	key		5000253b
	value		500024d5
	left		50002c4e
	right		50002c4d
	parent		50002b1f
ARR 50002c4c (sz=10, trace=300000, nelems=5, elem type=char[])
OBJ 50002c4d (sz=40, trace=300000, class=java.util.TreeMap$Entry@500000a6)
	key		50002545
	value		500024b4
	left		50002c7b
	right		50002c7a
	parent		50002c4b
OBJ 50002c4e (sz=40, trace=300000, class=java.util.TreeMap$Entry@500000a6)
	key		500024cf
	value		50002573
	left		50002c51
	right		50002c50
	parent		50002c4b
ARR 50002c4f (sz=28, trace=300000, nelems=14, elem type=char[])
OBJ 50002c50 (sz=40, trace=300000, class=java.util.TreeMap$Entry@500000a6)
	key		500024d3
	value		500024d3
	left		50002c73
	right		50002c72
	parent		50002c4e
OBJ 50002c51 (sz=40, trace=300000, class=java.util.TreeMap$Entry@500000a6)
	key		500024c4
	value		500024b4
	left		50002c54
	right		50002c53
	parent		50002c4e
ARR 50002c52 (sz=14, trace=300000, nelems=7, elem type=char[])
OBJ 50002c53 (sz=40, trace=300000, class=java.util.TreeMap$Entry@500000a6)
	key		50002539
	value		500024b1
	left		50002c66
	right		50002c65
	parent		50002c51
OBJ 50002c54 (sz=40, trace=300000, class=java.util.TreeMap$Entry@500000a6)
	key		50002536
	value		500024b4
	left		50002c57
	right		50002c56
	parent		50002c51
ARR 50002c55 (sz=20, trace=300000, nelems=10, elem type=char[])
OBJ 50002c56 (sz=40, trace=300000, class=java.util.TreeMap$Entry@500000a6)
	key		50002537
	value		500024b5
	right		50002c62
	parent		50002c54
OBJ 50002c57 (sz=40, trace=300000, class=java.util.TreeMap$Entry@500000a6)
	key		500024c1
	value		500024b4
	left		50002c5a
	right		50002c59
	parent		50002c54
ARR 50002c58 (sz=18, trace=300000, nelems=9, elem type=char[])
OBJ 50002c59 (sz=40, trace=300000, class=java.util.TreeMap$Entry@500000a6)
	key		500024c3
	value		500024b6
	left		50002c5e
	right		50002c5d
	parent		50002c57
OBJ 50002c5a (sz=40, trace=300000, class=java.util.TreeMap$Entry@500000a6)
	key		500024ba
	value		500024b3
	parent		50002c57
ARR 50002c5b (sz=18, trace=300000, nelems=9, elem type=char[])
ARR 50002c5c (sz=18, trace=300000, nelems=9, elem type=char[])
OBJ 50002c5d (sz=40, trace=300000, class=java.util.TreeMap$Entry@500000a6)
	key		50002535
	value		50002572
	parent		50002c59
OBJ 50002c5e (sz=40, trace=300000, class=java.util.TreeMap$Entry@500000a6)
	key		500024c2
	value		500024b5
	parent		50002c59
ARR 50002c5f (sz=18, trace=300000, nelems=9, elem type=char[])
ARR 50002c60 (sz=18, trace=300000, nelems=9, elem type=char[])
ARR 50002c61 (sz=20, trace=300000, nelems=10, elem type=char[])
OBJ 50002c62 (sz=40, trace=300000, class=java.util.TreeMap$Entry@500000a6)
	key		50002538
	value		500024b6
	parent		50002c56
ARR 50002c63 (sz=18, trace=300000, nelems=9, elem type=char[])
ARR 50002c64 (sz=18, trace=300000, nelems=9, elem type=char[])
OBJ 50002c65 (sz=40, trace=300000, class=java.util.TreeMap$Entry@500000a6)
	key		500024ce
	value		500024d3
	parent		50002c53
OBJ 50002c66 (sz=40, trace=300000, class=java.util.TreeMap$Entry@500000a6)
	key		500024c6
	value		500024b5
	left		50002c69
	right		50002c68
	parent		50002c53
ARR 50002c67 (sz=6, trace=300000, nelems=3, elem type=char[])
OBJ 50002c68 (sz=40, trace=300000, class=java.util.TreeMap$Entry@500000a6)
	key		500024c8
	value		500024b6
	left		50002c6d
	right		50002c6c
	parent		50002c66
OBJ 50002c69 (sz=40, trace=300000, class=java.util.TreeMap$Entry@500000a6)
	key		500024c5
	value		500024b4
	parent		50002c66
ARR 50002c6a (sz=20, trace=300000, nelems=10, elem type=char[])
ARR 50002c6b (sz=30, trace=300000, nelems=15, elem type=char[])
OBJ 50002c6c (sz=40, trace=300000, class=java.util.TreeMap$Entry@500000a6)
	key		500024c9
	value		500024b6
	parent		50002c68
OBJ 50002c6d (sz=40, trace=300000, class=java.util.TreeMap$Entry@500000a6)
	key		500024c7
	value		500024b5
	parent		50002c68
ARR 50002c6e (sz=20, trace=300000, nelems=10, elem type=char[])
ARR 50002c6f (sz=30, trace=300000, nelems=15, elem type=char[])
ARR 50002c70 (sz=30, trace=300000, nelems=15, elem type=char[])
ARR 50002c71 (sz=14, trace=300000, nelems=7, elem type=char[])
OBJ 50002c72 (sz=40, trace=300000, class=java.util.TreeMap$Entry@500000a6)
	key		500024d4
	value		50002573
	parent		50002c50
OBJ 50002c73 (sz=40, trace=300000, class=java.util.TreeMap$Entry@500000a6)
	key		500024d2
	value		50002573
	left		50002c75
	right		50002c74
	parent		50002c50
OBJ 50002c74 (sz=40, trace=300000, class=java.util.TreeMap$Entry@500000a6)
	key		5000253a
	value		500024b1
	parent		50002c73
OBJ 50002c75 (sz=40, trace=300000, class=java.util.TreeMap$Entry@500000a6)
	key		500024d0
	value		500024d5
	parent		50002c73
ARR 50002c76 (sz=28, trace=300000, nelems=14, elem type=char[])
ARR 50002c77 (sz=14, trace=300000, nelems=7, elem type=char[])
ARR 50002c78 (sz=24, trace=300000, nelems=12, elem type=char[])
ARR 50002c79 (sz=28, trace=300000, nelems=14, elem type=char[])
OBJ 50002c7a (sz=40, trace=300000, class=java.util.TreeMap$Entry@500000a6)
	key		50002546
	value		50002583
	left		50002c90
	right		50002c8f
	parent		50002c4d
OBJ 50002c7b (sz=40, trace=300000, class=java.util.TreeMap$Entry@500000a6)
	key		50002541
	value		500024a0
	left		50002c7e
	right		50002c7d
	parent		50002c4d
ARR 50002c7c (sz=12, trace=300000, nelems=6, elem type=char[])
OBJ 50002c7d (sz=40, trace=300000, class=java.util.TreeMap$Entry@500000a6)
	key		50002543
	value		500024a0
	left		50002c8b
	right		50002c8a
	parent		50002c7b
OBJ 50002c7e (sz=40, trace=300000, class=java.util.TreeMap$Entry@500000a6)
	key		5000253e
	value		500024a0
	left		50002c81
	right		50002c80
	parent		50002c7b
ARR 50002c7f (sz=24, trace=300000, nelems=12, elem type=char[])
OBJ 50002c80 (sz=40, trace=300000, class=java.util.TreeMap$Entry@500000a6)
	key		5000253f
	value		500024a0
	right		50002c87
	parent		50002c7e
OBJ 50002c81 (sz=40, trace=300000, class=java.util.TreeMap$Entry@500000a6)
	key		5000253c
	value		50002575
	left		50002c84
	right		50002c83
	parent		50002c7e
ARR 50002c82 (sz=14, trace=300000, nelems=7, elem type=char[])
OBJ 50002c83 (sz=40, trace=300000, class=java.util.TreeMap$Entry@500000a6)
	key		5000253d
	value		500024a0
	parent		50002c81
OBJ 50002c84 (sz=40, trace=300000, class=java.util.TreeMap$Entry@500000a6)
	key		500024d1
	value		50002574
	parent		50002c81
ARR 50002c85 (sz=10, trace=300000, nelems=5, elem type=char[])
ARR 50002c86 (sz=28, trace=300000, nelems=14, elem type=char[])
OBJ 50002c87 (sz=40, trace=300000, class=java.util.TreeMap$Entry@500000a6)
	key		50002540
	value		50002575
	parent		50002c80
ARR 50002c88 (sz=24, trace=300000, nelems=12, elem type=char[])
ARR 50002c89 (sz=24, trace=300000, nelems=12, elem type=char[])
OBJ 50002c8a (sz=40, trace=300000, class=java.util.TreeMap$Entry@500000a6)
	key		50002544
	value		500024b4
	parent		50002c7d
OBJ 50002c8b (sz=40, trace=300000, class=java.util.TreeMap$Entry@500000a6)
	key		50002542
	value		50002575
	parent		50002c7d
ARR 50002c8c (sz=16, trace=300000, nelems=8, elem type=char[])
ARR 50002c8d (sz=24, trace=300000, nelems=12, elem type=char[])
ARR 50002c8e (sz=4, trace=300000, nelems=2, elem type=char[])
OBJ 50002c8f (sz=40, trace=300000, class=java.util.TreeMap$Entry@500000a6)
	key		50002548
	value		50002581
	left		50002ca0
	right		50002c9f
	parent		50002c7a
OBJ 50002c90 (sz=40, trace=300000, class=java.util.TreeMap$Entry@500000a6)
	key		50002628
	value		5000276e
	left		50002c93
	right		50002c92
	parent		50002c7a
ARR 50002c91 (sz=12, trace=300000, nelems=6, elem type=char[])
OBJ 50002c92 (sz=40, trace=300000, class=java.util.TreeMap$Entry@500000a6)
	key		5000262c
	value		50002772
	left		50002c99
	right		50002c98
	parent		50002c90
OBJ 50002c93 (sz=40, trace=300000, class=java.util.TreeMap$Entry@500000a6)
	key		50002625
	value		5000276b
	left		50002c95
	right		50002c94
	parent		50002c90
OBJ 50002c94 (sz=40, trace=300000, class=java.util.TreeMap$Entry@500000a6)
	key		50002626
	value		5000276c
	right		50002c97
	parent		50002c93
OBJ 50002c95 (sz=40, trace=300000, class=java.util.TreeMap$Entry@500000a6)
	key		50002624
	value		5000276a
	left		50002c96
	parent		50002c93
OBJ 50002c96 (sz=40, trace=300000, class=java.util.TreeMap$Entry@500000a6)
	key		50002623
	value		50002769
	parent		50002c95
OBJ 50002c97 (sz=40, trace=300000, class=java.util.TreeMap$Entry@500000a6)
	key		50002627
	value		5000276d
	parent		50002c94
OBJ 50002c98 (sz=40, trace=300000, class=java.util.TreeMap$Entry@500000a6)
	key		5000262f
	value		50002775
	left		50002c9d
	right		50002c9c
	parent		50002c92
OBJ 50002c99 (sz=40, trace=300000, class=java.util.TreeMap$Entry@500000a6)
	key		5000262a
	value		50002770
	left		50002c9b
	right		50002c9a
	parent		50002c92
OBJ 50002c9a (sz=40, trace=300000, class=java.util.TreeMap$Entry@500000a6)
	key		5000262b
	value		50002771
	parent		50002c99
OBJ 50002c9b (sz=40, trace=300000, class=java.util.TreeMap$Entry@500000a6)
	key		50002629
	value		5000276f
	parent		50002c99
OBJ 50002c9c (sz=40, trace=300000, class=java.util.TreeMap$Entry@500000a6)
	key		50002630
	value		50002776
	parent		50002c98
OBJ 50002c9d (sz=40, trace=300000, class=java.util.TreeMap$Entry@500000a6)
	key		5000262e
	value		50002774
	left		50002c9e
	parent		50002c98
OBJ 50002c9e (sz=40, trace=300000, class=java.util.TreeMap$Entry@500000a6)
	key		5000262d
	value		50002773
	parent		50002c9d
OBJ 50002c9f (sz=40, trace=300000, class=java.util.TreeMap$Entry@500000a6)
	key		50002549
	value		50002582
	parent		50002c8f
OBJ 50002ca0 (sz=40, trace=300000, class=java.util.TreeMap$Entry@500000a6)
	key		50002547
	value		50002575
	parent		50002c8f
ARR 50002ca1 (sz=14, trace=300000, nelems=7, elem type=char[])
ARR 50002ca2 (sz=12, trace=300000, nelems=6, elem type=char[])
ARR 50002ca3 (sz=14, trace=300000, nelems=7, elem type=char[])
OBJ 50002ca4 (sz=40, trace=300000, class=java.util.TreeMap$Entry@500000a6)
	key		50002567
	value		50002585
	left		50002cd5
	right		50002cd4
	parent		50002c4a
OBJ 50002ca5 (sz=40, trace=300000, class=java.util.TreeMap$Entry@500000a6)
	key		5000254e
	value		5000257f
	left		50002ca8
	right		50002ca7
	parent		50002c4a
ARR 50002ca6 (sz=22, trace=300000, nelems=11, elem type=char[])
OBJ 50002ca7 (sz=40, trace=300000, class=java.util.TreeMap$Entry@500000a6)
	key		50002553
	value		500024ee
	left		50002cb8
	right		50002cb7
	parent		50002ca5
OBJ 50002ca8 (sz=40, trace=300000, class=java.util.TreeMap$Entry@500000a6)
	key		5000254b
	value		5000257f
	left		50002cab
	right		50002caa
	parent		50002ca5
ARR 50002ca9 (sz=12, trace=300000, nelems=6, elem type=char[])
OBJ 50002caa (sz=40, trace=300000, class=java.util.TreeMap$Entry@500000a6)
	key		500024e7
	value		50002577
	left		50002cb3
	right		50002cb2
	parent		50002ca8
OBJ 50002cab (sz=40, trace=300000, class=java.util.TreeMap$Entry@500000a6)
	key		500024e1
	value		50002576
	left		50002cae
	right		50002cad
	parent		50002ca8
ARR 50002cac (sz=10, trace=300000, nelems=5, elem type=char[])
OBJ 50002cad (sz=40, trace=300000, class=java.util.TreeMap$Entry@500000a6)
	key		500024e3
	value		50002576
	left		50002cb0
	parent		50002cab
OBJ 50002cae (sz=40, trace=300000, class=java.util.TreeMap$Entry@500000a6)
	key		500024e0
	value		50002561
	parent		50002cab
ARR 50002caf (sz=20, trace=300000, nelems=10, elem type=char[])
OBJ 50002cb0 (sz=40, trace=300000, class=java.util.TreeMap$Entry@500000a6)
	key		500024e2
	value		50002576
	parent		50002cad
ARR 50002cb1 (sz=20, trace=300000, nelems=10, elem type=char[])
OBJ 50002cb2 (sz=40, trace=300000, class=java.util.TreeMap$Entry@500000a6)
	key		500024e8
	value		50002578
	parent		50002caa
OBJ 50002cb3 (sz=40, trace=300000, class=java.util.TreeMap$Entry@500000a6)
	key		5000254d
	value		50002585
	left		50002cb4
	parent		50002caa
OBJ 50002cb4 (sz=40, trace=300000, class=java.util.TreeMap$Entry@500000a6)
	key		5000254c
	value		50002584
	parent		50002cb3
ARR 50002cb5 (sz=10, trace=300000, nelems=5, elem type=char[])
ARR 50002cb6 (sz=10, trace=300000, nelems=5, elem type=char[])
OBJ 50002cb7 (sz=40, trace=300000, class=java.util.TreeMap$Entry@500000a6)
	key		50002559
	value		5000257a
	left		50002cc2
	right		50002cc1
	parent		50002ca7
OBJ 50002cb8 (sz=40, trace=300000, class=java.util.TreeMap$Entry@500000a6)
	key		50002551
	value		50002579
	left		50002cbb
	right		50002cba
	parent		50002ca7
ARR 50002cb9 (sz=18, trace=300000, nelems=9, elem type=char[])
OBJ 50002cba (sz=40, trace=300000, class=java.util.TreeMap$Entry@500000a6)
	key		50002552
	value		500024ee
	parent		50002cb8
OBJ 50002cbb (sz=40, trace=300000, class=java.util.TreeMap$Entry@500000a6)
	key		50002550
	value		500024ee
	left		50002cbd
	parent		50002cb8
ARR 50002cbc (sz=6, trace=300000, nelems=3, elem type=char[])
OBJ 50002cbd (sz=40, trace=300000, class=java.util.TreeMap$Entry@500000a6)
	key		5000254f
	value		50002584
	parent		50002cbb
ARR 50002cbe (sz=16, trace=300000, nelems=8, elem type=char[])
ARR 50002cbf (sz=12, trace=300000, nelems=6, elem type=char[])
ARR 50002cc0 (sz=18, trace=300000, nelems=9, elem type=char[])
OBJ 50002cc1 (sz=40, trace=300000, class=java.util.TreeMap$Entry@500000a6)
	key		500024ed
	value		5000256f
	left		50002cce
	right		50002ccd
	parent		50002cb7
OBJ 50002cc2 (sz=40, trace=300000, class=java.util.TreeMap$Entry@500000a6)
	key		50002557
	value		5000257a
	left		50002cc5
	right		50002cc4
	parent		50002cb7
ARR 50002cc3 (sz=18, trace=300000, nelems=9, elem type=char[])
OBJ 50002cc4 (sz=40, trace=300000, class=java.util.TreeMap$Entry@500000a6)
	key		50002558
	value		5000257a
	parent		50002cc2
OBJ 50002cc5 (sz=40, trace=300000, class=java.util.TreeMap$Entry@500000a6)
	key		50002555
	value		5000257a
	left		50002cc8
	right		50002cc7
	parent		50002cc2
ARR 50002cc6 (sz=18, trace=300000, nelems=9, elem type=char[])
OBJ 50002cc7 (sz=40, trace=300000, class=java.util.TreeMap$Entry@500000a6)
	key		50002556
	value		500024ee
	parent		50002cc5
OBJ 50002cc8 (sz=40, trace=300000, class=java.util.TreeMap$Entry@500000a6)
	key		50002554
	value		5000257a
	parent		50002cc5
ARR 50002cc9 (sz=38, trace=300000, nelems=19, elem type=char[])
ARR 50002cca (sz=28, trace=300000, nelems=14, elem type=char[])
ARR 50002ccb (sz=8, trace=300000, nelems=4, elem type=char[])
ARR 50002ccc (sz=18, trace=300000, nelems=9, elem type=char[])
OBJ 50002ccd (sz=40, trace=300000, class=java.util.TreeMap$Entry@500000a6)
	key		5000255c
	value		500024ef
	right		50002cd1
	parent		50002cc1
OBJ 50002cce (sz=40, trace=300000, class=java.util.TreeMap$Entry@500000a6)
	key		5000255a
	value		5000257a
	parent		50002cc1
ARR 50002ccf (sz=26, trace=300000, nelems=13, elem type=char[])
ARR 50002cd0 (sz=28, trace=300000, nelems=14, elem type=char[])
OBJ 50002cd1 (sz=40, trace=300000, class=java.util.TreeMap$Entry@500000a6)
	key		5000255d
	value		500024ef
	parent		50002ccd
ARR 50002cd2 (sz=12, trace=300000, nelems=6, elem type=char[])
ARR 50002cd3 (sz=22, trace=300000, nelems=11, elem type=char[])
OBJ 50002cd4 (sz=40, trace=300000, class=java.util.TreeMap$Entry@500000a6)
	key		50002580
	value		500024ee
	left		50002ce0
	right		50002cdf
	parent		50002ca4
OBJ 50002cd5 (sz=40, trace=300000, class=java.util.TreeMap$Entry@500000a6)
	key		50002564
	value		50002576
	left		50002cd8
	right		50002cd7
	parent		50002ca4
ARR 50002cd6 (sz=22, trace=300000, nelems=11, elem type=char[])
OBJ 50002cd7 (sz=40, trace=300000, class=java.util.TreeMap$Entry@500000a6)
	key		5000230b
	value		50002309
	left		50002cdc
	right		50002cdb
	parent		50002cd5
OBJ 50002cd8 (sz=40, trace=300000, class=java.util.TreeMap$Entry@500000a6)
	key		50002563
	value		50002561
	parent		50002cd5
ARR 50002cd9 (sz=32, trace=300000, nelems=16, elem type=char[])
ARR 50002cda (sz=22, trace=300000, nelems=11, elem type=char[])
OBJ 50002cdb (sz=40, trace=300000, class=java.util.TreeMap$Entry@500000a6)
	key		50002566
	value		50002584
	parent		50002cd7
OBJ 50002cdc (sz=40, trace=300000, class=java.util.TreeMap$Entry@500000a6)
	key		50002565
	value		50002576
	parent		50002cd7
ARR 50002cdd (sz=32, trace=300000, nelems=16, elem type=char[])
ARR 50002cde (sz=22, trace=300000, nelems=11, elem type=char[])
OBJ 50002cdf (sz=40, trace=300000, class=java.util.TreeMap$Entry@500000a6)
	key		50002587
	value		50002573
	left		50002cec
	right		50002ceb
	parent		50002cd4
OBJ 50002ce0 (sz=40, trace=300000, class=java.util.TreeMap$Entry@500000a6)
	key		5000257b
	value		5000249f
	left		50002ce3
	right		50002ce2
	parent		50002cd4
ARR 50002ce1 (sz=12, trace=300000, nelems=6, elem type=char[])
OBJ 50002ce2 (sz=40, trace=300000, class=java.util.TreeMap$Entry@500000a6)
	key		5000257d
	value		5000249f
	parent		50002ce0
OBJ 50002ce3 (sz=40, trace=300000, class=java.util.TreeMap$Entry@500000a6)
	key		50002569
	value		50002584
	left		50002ce6
	right		50002ce5
	parent		50002ce0
ARR 50002ce4 (sz=16, trace=300000, nelems=8, elem type=char[])
OBJ 50002ce5 (sz=40, trace=300000, class=java.util.TreeMap$Entry@500000a6)
	key		5000256c
	value		500024ab
	parent		50002ce3
OBJ 50002ce6 (sz=40, trace=300000, class=java.util.TreeMap$Entry@500000a6)
	key		50002568
	value		50002586
	parent		50002ce3
ARR 50002ce7 (sz=20, trace=300000, nelems=10, elem type=char[])
ARR 50002ce8 (sz=34, trace=300000, nelems=17, elem type=char[])
ARR 50002ce9 (sz=16, trace=300000, nelems=8, elem type=char[])
ARR 50002cea (sz=14, trace=300000, nelems=7, elem type=char[])
OBJ 50002ceb (sz=40, trace=300000, class=java.util.TreeMap$Entry@500000a6)
	key		50002588
	value		500024d5
	parent		50002cdf
OBJ 50002cec (sz=40, trace=300000, class=java.util.TreeMap$Entry@500000a6)
	key		500024f1
	value		500024d3
	parent		50002cdf
ARR 50002ced (sz=10, trace=300000, nelems=5, elem type=char[])
ARR 50002cee (sz=10, trace=300000, nelems=5, elem type=char[])
ARR 50002cef (sz=10, trace=300000, nelems=5, elem type=char[])
OBJ 50002cf0 (sz=40, trace=300000, class=java.util.TreeMap$Entry@500000a6)
	key		5000256b
	value		50002cf3
	left		50002cf2
	right		50002cf1
OBJ 50002cf1 (sz=40, trace=300000, class=java.util.TreeMap$Entry@500000a6)
	key		50002570
	value		50002d68
	left		50002d67
	right		50002d66
	parent		50002cf0
OBJ 50002cf2 (sz=40, trace=300000, class=java.util.TreeMap$Entry@500000a6)
	key		500024b2
	value		50002cf6
	left		50002cf5
	right		50002cf4
	parent		50002cf0
ARR 50002cf3 (sz=24, trace=300000, nelems=1, elem type=java.lang.String[]@500000db)
	[0]		5000249d
OBJ 50002cf4 (sz=40, trace=300000, class=java.util.TreeMap$Entry@500000a6)
	key		500024d5
	value		50002d4f
	left		50002d4e
	right		50002d4d
	parent		50002cf2
OBJ 50002cf5 (sz=40, trace=300000, class=java.util.TreeMap$Entry@500000a6)
	key		500025f7
	value		50002cf9
	left		50002cf8
	right		50002cf7
	parent		50002cf2
ARR 50002cf6 (sz=24, trace=300000, nelems=2, elem type=java.lang.String[]@500000db)
	[0]		5000250b
	[1]		50002534
OBJ 50002cf7 (sz=40, trace=300000, class=java.util.TreeMap$Entry@500000a6)
	key		5000260a
	value		50002d26
	left		50002d25
	right		50002d24
	parent		50002cf5
OBJ 50002cf8 (sz=40, trace=300000, class=java.util.TreeMap$Entry@500000a6)
	key		500025d4
	value		50002cfc
	left		50002cfb
	right		50002cfa
	parent		50002cf5
ARR 50002cf9 (sz=32, trace=300000, nelems=4, elem type=java.lang.String[]@500000db)
	[0]		50002665
	[1]		50002719
	[2]		500026d9
	[3]		500025a4
OBJ 50002cfa (sz=40, trace=300000, class=java.util.TreeMap$Entry@500000a6)
	key		500025dc
	value		50002d11
	left		50002d10
	right		50002d0f
	parent		50002cf8
OBJ 50002cfb (sz=40, trace=300000, class=java.util.TreeMap$Entry@500000a6)
	key		50002309
	value		50002308
	left		50002cfe
	right		50002cfd
	parent		50002cf8
ARR 50002cfc (sz=40, trace=300000, nelems=6, elem type=java.lang.String[]@500000db)
	[0]		50002658
	[1]		50002635
	[2]		50002642
	[3]		50002597
	[4]		500026c3
	[5]		500026bb
OBJ 50002cfd (sz=40, trace=300000, class=java.util.TreeMap$Entry@500000a6)
	key		500025d2
	value		50002d0c
	left		50002d0b
	right		50002d0a
	parent		50002cfb
OBJ 50002cfe (sz=40, trace=300000, class=java.util.TreeMap$Entry@500000a6)
	key		5000249a
	value		50002d01
	left		50002d00
	right		50002cff
	parent		50002cfb
OBJ 50002cff (sz=40, trace=300000, class=java.util.TreeMap$Entry@500000a6)
	key		500024aa
	value		50002d05
	left		50002d04
	right		50002d03
	parent		50002cfe
OBJ 50002d00 (sz=40, trace=300000, class=java.util.TreeMap$Entry@500000a6)
	key		50002499
	value		50002d02
	parent		50002cfe
ARR 50002d01 (sz=32, trace=300000, nelems=4, elem type=java.lang.String[]@500000db)
	[0]		5000249b
	[1]		500024f6
	[2]		500024f3
	[3]		500024f8
ARR 50002d02 (sz=24, trace=300000, nelems=1, elem type=java.lang.String[]@500000db)
	[0]		50002503
OBJ 50002d03 (sz=40, trace=300000, class=java.util.TreeMap$Entry@500000a6)
	key		500024ab
	value		50002d09
	parent		50002cff
OBJ 50002d04 (sz=40, trace=300000, class=java.util.TreeMap$Entry@500000a6)
	key		5000249f
	value		50002d07
	right		50002d06
	parent		50002cff
ARR 50002d05 (sz=24, trace=300000, nelems=1, elem type=java.lang.String[]@500000db)
	[0]		50002520
OBJ 50002d06 (sz=40, trace=300000, class=java.util.TreeMap$Entry@500000a6)
	key		500024a0
	value		50002d08
	parent		50002d04
ARR 50002d07 (sz=48, trace=300000, nelems=7, elem type=java.lang.String[]@500000db)
	[0]		50002517
	[1]		5000251c
	[2]		5000251d
	[3]		500024a9
	[4]		50002505
	[5]		5000257b
	[6]		5000257d
ARR 50002d08 (sz=56, trace=300000, nelems=9, elem type=java.lang.String[]@500000db)
	[0]		50002519
	[1]		5000253e
	[2]		5000251e
	[3]		5000253d
	[4]		5000253f
	[5]		50002541
	[6]		50002543
	[7]		50002504
	[8]		50002492
ARR 50002d09 (sz=48, trace=300000, nelems=7, elem type=java.lang.String[]@500000db)
	[0]		50002521
	[1]		50002523
	[2]		50002522
	[3]		50002514
	[4]		5000251b
	[5]		5000256c
	[6]		500024a2
OBJ 50002d0a (sz=40, trace=300000, class=java.util.TreeMap$Entry@500000a6)
	key		500025d3
	value		50002d0e
	parent		50002cfd
OBJ 50002d0b (sz=40, trace=300000, class=java.util.TreeMap$Entry@500000a6)
	key		500025d1
	value		50002d0d
	parent		50002cfd
ARR 50002d0c (sz=40, trace=300000, nelems=5, elem type=java.lang.String[]@500000db)
	[0]		50002656
	[1]		50002633
	[2]		50002640
	[3]		50002595
	[4]		500026c7
ARR 50002d0d (sz=32, trace=300000, nelems=4, elem type=java.lang.String[]@500000db)
	[0]		50002673
	[1]		50002727
	[2]		500026ea
	[3]		500025b1
ARR 50002d0e (sz=40, trace=300000, nelems=5, elem type=java.lang.String[]@500000db)
	[0]		50002657
	[1]		50002634
	[2]		50002641
	[3]		50002596
	[4]		500026ba
OBJ 50002d0f (sz=40, trace=300000, class=java.util.TreeMap$Entry@500000a6)
	key		500025e1
	value		50002d21
	left		50002d20
	right		50002d1f
	parent		50002cfa
OBJ 50002d10 (sz=40, trace=300000, class=java.util.TreeMap$Entry@500000a6)
	key		500025d6
	value		50002d14
	left		50002d13
	right		50002d12
	parent		50002cfa
ARR 50002d11 (sz=80, trace=300000, nelems=15, elem type=java.lang.String[]@500000db)
	[0]		5000264a
	[1]		50002709
	[2]		500026b7
	[3]		500026ae
	[4]		500026b8
	[5]		500026b4
	[6]		50002699
	[7]		50002697
	[8]		50002695
	[9]		50002698
	[10]		50002696
	[11]		500026c8
	[12]		500026e3
	[13]		50002694
	[14]		50002589
OBJ 50002d12 (sz=40, trace=300000, class=java.util.TreeMap$Entry@500000a6)
	key		500025d8
	value		50002d18
	left		50002d17
	right		50002d16
	parent		50002d10
OBJ 50002d13 (sz=40, trace=300000, class=java.util.TreeMap$Entry@500000a6)
	key		500025d5
	value		50002d15
	parent		50002d10
ARR 50002d14 (sz=40, trace=300000, nelems=5, elem type=java.lang.String[]@500000db)
	[0]		5000265a
	[1]		50002637
	[2]		50002644
	[3]		50002599
	[4]		500026c2
ARR 50002d15 (sz=40, trace=300000, nelems=6, elem type=java.lang.String[]@500000db)
	[0]		50002659
	[1]		50002636
	[2]		50002643
	[3]		50002598
	[4]		500026bd
	[5]		500026c5
OBJ 50002d16 (sz=40, trace=300000, class=java.util.TreeMap$Entry@500000a6)
	key		500025da
	value		50002d1c
	left		50002d1b
	right		50002d1a
	parent		50002d12
OBJ 50002d17 (sz=40, trace=300000, class=java.util.TreeMap$Entry@500000a6)
	key		500025d7
	value		50002d19
	parent		50002d12
ARR 50002d18 (sz=40, trace=300000, nelems=5, elem type=java.lang.String[]@500000db)
	[0]		5000265c
	[1]		50002639
	[2]		50002646
	[3]		5000259b
	[4]		500026c0
ARR 50002d19 (sz=40, trace=300000, nelems=5, elem type=java.lang.String[]@500000db)
	[0]		5000265b
	[1]		50002638
	[2]		50002645
	[3]		5000259a
	[4]		500026bc
OBJ 50002d1a (sz=40, trace=300000, class=java.util.TreeMap$Entry@500000a6)
	key		500025db
	value		50002d1e
	parent		50002d16
OBJ 50002d1b (sz=40, trace=300000, class=java.util.TreeMap$Entry@500000a6)
	key		500025d9
	value		50002d1d
	parent		50002d16
ARR 50002d1c (sz=40, trace=300000, nelems=5, elem type=java.lang.String[]@500000db)
	[0]		5000265e
	[1]		5000263b
	[2]		50002648
	[3]		5000259d
	[4]		500026c1
ARR 50002d1d (sz=40, trace=300000, nelems=5, elem type=java.lang.String[]@500000db)
	[0]		5000265d
	[1]		5000263a
	[2]		50002647
	[3]		5000259c
	[4]		500026be
ARR 50002d1e (sz=40, trace=300000, nelems=5, elem type=java.lang.String[]@500000db)
	[0]		5000265f
	[1]		5000263c
	[2]		50002649
	[3]		5000259e
	[4]		500026c4
OBJ 50002d1f (sz=40, trace=300000, class=java.util.TreeMap$Entry@500000a6)
	key		500025f6
	value		50002d23
	parent		50002d0f
OBJ 50002d20 (sz=40, trace=300000, class=java.util.TreeMap$Entry@500000a6)
	key		500025df
	value		50002d22
	parent		50002d0f
ARR 50002d21 (sz=32, trace=300000, nelems=3, elem type=java.lang.String[]@500000db)
	[0]		5000264f
	[1]		500026cd
	[2]		5000258e
ARR 50002d22 (sz=32, trace=300000, nelems=4, elem type=java.lang.String[]@500000db)
	[0]		5000264d
	[1]		5000270c
	[2]		500026cb
	[3]		5000258c
ARR 50002d23 (sz=32, trace=300000, nelems=4, elem type=java.lang.String[]@500000db)
	[0]		50002664
	[1]		50002718
	[2]		500026d8
	[3]		500025a3
OBJ 50002d24 (sz=40, trace=300000, class=java.util.TreeMap$Entry@500000a6)
	key		5000260e
	value		50002d40
	left		50002d3f
	right		50002d3e
	parent		50002cf7
OBJ 50002d25 (sz=40, trace=300000, class=java.util.TreeMap$Entry@500000a6)
	key		500025fb
	value		50002d29
	left		50002d28
	right		50002d27
	parent		50002cf7
ARR 50002d26 (sz=40, trace=300000, nelems=5, elem type=java.lang.String[]@500000db)
	[0]		50002678
	[1]		5000272c
	[2]		500026ef
	[3]		500025b6
	[4]		500026a5
OBJ 50002d27 (sz=40, trace=300000, class=java.util.TreeMap$Entry@500000a6)
	key		50002608
	value		50002d31
	left		50002d30
	right		50002d2f
	parent		50002d25
OBJ 50002d28 (sz=40, trace=300000, class=java.util.TreeMap$Entry@500000a6)
	key		500025f9
	value		50002d2c
	left		50002d2b
	right		50002d2a
	parent		50002d25
ARR 50002d29 (sz=48, trace=300000, nelems=8, elem type=java.lang.String[]@500000db)
	[0]		50002669
	[1]		5000271d
	[2]		500026dd
	[3]		500025a8
	[4]		500026b1
	[5]		500026bf
	[6]		5000269c
	[7]		50002692
OBJ 50002d2a (sz=40, trace=300000, class=java.util.TreeMap$Entry@500000a6)
	key		500025fa
	value		50002d2e
	parent		50002d28
OBJ 50002d2b (sz=40, trace=300000, class=java.util.TreeMap$Entry@500000a6)
	key		500025f8
	value		50002d2d
	parent		50002d28
ARR 50002d2c (sz=32, trace=300000, nelems=4, elem type=java.lang.String[]@500000db)
	[0]		50002667
	[1]		5000271b
	[2]		500026db
	[3]		500025a6
ARR 50002d2d (sz=48, trace=300000, nelems=7, elem type=java.lang.String[]@500000db)
	[0]		50002666
	[1]		5000271a
	[2]		500026da
	[3]		500025a5
	[4]		500026c6
	[5]		500026b6
	[6]		5000269a
ARR 50002d2e (sz=40, trace=300000, nelems=6, elem type=java.lang.String[]@500000db)
	[0]		50002668
	[1]		5000271c
	[2]		500026dc
	[3]		500025a7
	[4]		5000269b
	[5]		50002691
OBJ 50002d2f (sz=40, trace=300000, class=java.util.TreeMap$Entry@500000a6)
	key		50002609
	value		50002d3d
	parent		50002d27
OBJ 50002d30 (sz=40, trace=300000, class=java.util.TreeMap$Entry@500000a6)
	key		50002600
	value		50002d34
	left		50002d33
	right		50002d32
	parent		50002d27
ARR 50002d31 (sz=40, trace=300000, nelems=6, elem type=java.lang.String[]@500000db)
	[0]		50002676
	[1]		5000272a
	[2]		500026ed
	[3]		500025b4
	[4]		500026a3
	[5]		5000263f
OBJ 50002d32 (sz=40, trace=300000, class=java.util.TreeMap$Entry@500000a6)
	key		50002602
	value		50002d3a
	left		50002d39
	right		50002d38
	parent		50002d30
OBJ 50002d33 (sz=40, trace=300000, class=java.util.TreeMap$Entry@500000a6)
	key		500025fd
	value		50002d36
	left		50002d35
	parent		50002d30
ARR 50002d34 (sz=40, trace=300000, nelems=6, elem type=java.lang.String[]@500000db)
	[0]		5000266e
	[1]		50002722
	[2]		500026e4
	[3]		500026ab
	[4]		500025ad
	[5]		5000269f
OBJ 50002d35 (sz=40, trace=300000, class=java.util.TreeMap$Entry@500000a6)
	key		500025fc
	value		50002d37
	parent		50002d33
ARR 50002d36 (sz=48, trace=300000, nelems=7, elem type=java.lang.String[]@500000db)
	[0]		5000266b
	[1]		5000271f
	[2]		500026df
	[3]		500025aa
	[4]		500026b0
	[5]		50002693
	[6]		5000269e
ARR 50002d37 (sz=40, trace=300000, nelems=6, elem type=java.lang.String[]@500000db)
	[0]		5000266a
	[1]		5000271e
	[2]		500026de
	[3]		5000269d
	[4]		500025d0
	[5]		500025a9
OBJ 50002d38 (sz=40, trace=300000, class=java.util.TreeMap$Entry@500000a6)
	key		50002607
	value		50002d3c
	parent		50002d32
OBJ 50002d39 (sz=40, trace=300000, class=java.util.TreeMap$Entry@500000a6)
	key		50002601
	value		50002d3b
	parent		50002d32
ARR 50002d3a (sz=48, trace=300000, nelems=7, elem type=java.lang.String[]@500000db)
	[0]		50002670
	[1]		50002724
	[2]		500026e6
	[3]		500025af
	[4]		500026af
	[5]		500026ad
	[6]		500026a1
ARR 50002d3b (sz=40, trace=300000, nelems=6, elem type=java.lang.String[]@500000db)
	[0]		5000266f
	[1]		50002723
	[2]		500026e5
	[3]		500025ae
	[4]		500026b2
	[5]		500026a0
ARR 50002d3c (sz=40, trace=300000, nelems=5, elem type=java.lang.String[]@500000db)
	[0]		50002675
	[1]		50002729
	[2]		500026ec
	[3]		500025b3
	[4]		500026a2
ARR 50002d3d (sz=40, trace=300000, nelems=5, elem type=java.lang.String[]@500000db)
	[0]		50002677
	[1]		5000272b
	[2]		500026ee
	[3]		500025b5
	[4]		500026a4
OBJ 50002d3e (sz=40, trace=300000, class=java.util.TreeMap$Entry@500000a6)
	key		500024ae
	value		50002d48
	left		50002d47
	right		50002d46
	parent		50002d24
OBJ 50002d3f (sz=40, trace=300000, class=java.util.TreeMap$Entry@500000a6)
	key		5000260c
	value		50002d43
	left		50002d42
	right		50002d41
	parent		50002d24
ARR 50002d40 (sz=48, trace=300000, nelems=7, elem type=java.lang.String[]@500000db)
	[0]		5000267c
	[1]		50002730
	[2]		500026f3
	[3]		500025ba
	[4]		500026b5
	[5]		500026b9
	[6]		500026a9
OBJ 50002d41 (sz=40, trace=300000, class=java.util.TreeMap$Entry@500000a6)
	key		5000260d
	value		50002d45
	parent		50002d3f
OBJ 50002d42 (sz=40, trace=300000, class=java.util.TreeMap$Entry@500000a6)
	key		5000260b
	value		50002d44
	parent		50002d3f
ARR 50002d43 (sz=40, trace=300000, nelems=6, elem type=java.lang.String[]@500000db)
	[0]		5000267a
	[1]		5000272e
	[2]		500026f1
	[3]		500025b8
	[4]		5000263d
	[5]		500026a7
ARR 50002d44 (sz=40, trace=300000, nelems=5, elem type=java.lang.String[]@500000db)
	[0]		50002679
	[1]		5000272d
	[2]		500026f0
	[3]		500025b7
	[4]		500026a6
ARR 50002d45 (sz=40, trace=300000, nelems=6, elem type=java.lang.String[]@500000db)
	[0]		5000267b
	[1]		5000272f
	[2]		500026f2
	[3]		500025b9
	[4]		5000263e
	[5]		500026a8
OBJ 50002d46 (sz=40, trace=300000, class=java.util.TreeMap$Entry@500000a6)
	key		500024b1
	value		50002d4c
	parent		50002d3e
OBJ 50002d47 (sz=40, trace=300000, class=java.util.TreeMap$Entry@500000a6)
	key		5000260f
	value		50002d4a
	right		50002d49
	parent		50002d3e
ARR 50002d48 (sz=24, trace=300000, nelems=2, elem type=java.lang.String[]@500000db)
	[0]		500024b7
	[1]		50002509
OBJ 50002d49 (sz=40, trace=300000, class=java.util.TreeMap$Entry@500000a6)
	key		50002611
	value		50002d4b
	parent		50002d47
ARR 50002d4a (sz=40, trace=300000, nelems=6, elem type=java.lang.String[]@500000db)
	[0]		5000267d
	[1]		50002731
	[2]		500026f4
	[3]		500025bb
	[4]		500026b3
	[5]		500026aa
ARR 50002d4b (sz=32, trace=300000, nelems=4, elem type=java.lang.String[]@500000db)
	[0]		5000267f
	[1]		500026f6
	[2]		500025bd
	[3]		500026ac
ARR 50002d4c (sz=40, trace=300000, nelems=5, elem type=java.lang.String[]@500000db)
	[0]		50002533
	[1]		50002539
	[2]		5000250a
	[3]		5000253a
	[4]		50002513
OBJ 50002d4d (sz=40, trace=300000, class=java.util.TreeMap$Entry@500000a6)
	key		50002561
	value		50002d5b
	left		50002d5a
	right		50002d59
	parent		50002cf4
OBJ 50002d4e (sz=40, trace=300000, class=java.util.TreeMap$Entry@500000a6)
	key		500024b4
	value		50002d52
	left		50002d51
	right		50002d50
	parent		50002cf4
ARR 50002d4f (sz=40, trace=300000, nelems=5, elem type=java.lang.String[]@500000db)
	[0]		500024d0
	[1]		5000253b
	[2]		50002588
	[3]		50002531
	[4]		50002508
OBJ 50002d50 (sz=40, trace=300000, class=java.util.TreeMap$Entry@500000a6)
	key		500024b6
	value		50002d56
	left		50002d55
	right		50002d54
	parent		50002d4e
OBJ 50002d51 (sz=40, trace=300000, class=java.util.TreeMap$Entry@500000a6)
	key		500024b3
	value		50002d53
	parent		50002d4e
ARR 50002d52 (sz=72, trace=300000, nelems=13, elem type=java.lang.String[]@500000db)
	[0]		50002536
	[1]		50002493
	[2]		500024c5
	[3]		5000252d
	[4]		500024c4
	[5]		500024c1
	[6]		50002545
	[7]		50002544
	[8]		50002529
	[9]		50002526
	[10]		50002501
	[11]		50002496
	[12]		5000250e
ARR 50002d53 (sz=24, trace=300000, nelems=2, elem type=java.lang.String[]@500000db)
	[0]		500024ba
	[1]		5000250c
OBJ 50002d54 (sz=40, trace=300000, class=java.util.TreeMap$Entry@500000a6)
	key		500024d3
	value		50002d58
	parent		50002d50
OBJ 50002d55 (sz=40, trace=300000, class=java.util.TreeMap$Entry@500000a6)
	key		500024b5
	value		50002d57
	parent		50002d50
ARR 50002d56 (sz=64, trace=300000, nelems=12, elem type=java.lang.String[]@500000db)
	[0]		50002538
	[1]		50002495
	[2]		5000252f
	[3]		500024c8
	[4]		500024c9
	[5]		500024c3
	[6]		50002502
	[7]		50002497
	[8]		5000252a
	[9]		50002527
	[10]		50002524
	[11]		50002510
ARR 50002d57 (sz=72, trace=300000, nelems=14, elem type=java.lang.String[]@500000db)
	[0]		50002537
	[1]		50002494
	[2]		5000252e
	[3]		500024c6
	[4]		500024c7
	[5]		500024c2
	[6]		5000249e
	[7]		50002498
	[8]		500024f2
	[9]		50002528
	[10]		50002525
	[11]		500024fb
	[12]		50002491
	[13]		5000250f
ARR 50002d58 (sz=32, trace=300000, nelems=4, elem type=java.lang.String[]@500000db)
	[0]		500024ce
	[1]		500024d3
	[2]		500024f1
	[3]		50002506
OBJ 50002d59 (sz=40, trace=300000, class=java.util.TreeMap$Entry@500000a6)
	key		5000256a
	value		50002d65
	parent		50002d4d
OBJ 50002d5a (sz=40, trace=300000, class=java.util.TreeMap$Entry@500000a6)
	key		500024ef
	value		50002d5e
	left		50002d5d
	right		50002d5c
	parent		50002d4d
ARR 50002d5b (sz=32, trace=300000, nelems=3, elem type=java.lang.String[]@500000db)
	[0]		500024e0
	[1]		50002563
	[2]		50002512
OBJ 50002d5c (sz=40, trace=300000, class=java.util.TreeMap$Entry@500000a6)
	key		5000255f
	value		50002d62
	left		50002d61
	right		50002d60
	parent		50002d5a
OBJ 50002d5d (sz=40, trace=300000, class=java.util.TreeMap$Entry@500000a6)
	key		500024ee
	value		50002d5f
	parent		50002d5a
ARR 50002d5e (sz=24, trace=300000, nelems=2, elem type=java.lang.String[]@500000db)
	[0]		5000255c
	[1]		5000255d
ARR 50002d5f (sz=40, trace=300000, nelems=6, elem type=java.lang.String[]@500000db)
	[0]		50002556
	[1]		50002553
	[2]		50002552
	[3]		50002550
	[4]		50002580
	[5]		50002511
OBJ 50002d60 (sz=40, trace=300000, class=java.util.TreeMap$Entry@500000a6)
	key		50002560
	value		50002d64
	parent		50002d5c
OBJ 50002d61 (sz=40, trace=300000, class=java.util.TreeMap$Entry@500000a6)
	key		5000255e
	value		50002d63
	parent		50002d5c
ARR 50002d62 (sz=24, trace=300000, nelems=1, elem type=java.lang.String[]@500000db)
	[0]		500024fd
ARR 50002d63 (sz=24, trace=300000, nelems=1, elem type=java.lang.String[]@500000db)
	[0]		500024fc
ARR 50002d64 (sz=24, trace=300000, nelems=1, elem type=java.lang.String[]@500000db)
	[0]		500024fe
ARR 50002d65 (sz=40, trace=300000, nelems=5, elem type=java.lang.String[]@500000db)
	[0]		5000249c
	[1]		500024f7
	[2]		500024f4
	[3]		500024f5
	[4]		500024f9
OBJ 50002d66 (sz=40, trace=300000, class=java.util.TreeMap$Entry@500000a6)
	key		5000276e
	value		50002dba
	left		50002db9
	right		50002db8
	parent		50002cf1
OBJ 50002d67 (sz=40, trace=300000, class=java.util.TreeMap$Entry@500000a6)
	key		50002757
	value		50002d6b
	left		50002d6a
	right		50002d69
	parent		50002cf1
ARR 50002d68 (sz=24, trace=300000, nelems=2, elem type=java.lang.String[]@500000db)
	[0]		500024b8
	[1]		500024af
OBJ 50002d69 (sz=40, trace=300000, class=java.util.TreeMap$Entry@500000a6)
	key		5000256e
	value		50002d95
	left		50002d94
	right		50002d93
	parent		50002d67
OBJ 50002d6a (sz=40, trace=300000, class=java.util.TreeMap$Entry@500000a6)
	key		5000274b
	value		50002d6e
	left		50002d6d
	right		50002d6c
	parent		50002d67
ARR 50002d6b (sz=32, trace=300000, nelems=4, elem type=java.lang.String[]@500000db)
	[0]		50002674
	[1]		500026eb
	[2]		50002728
	[3]		500025b2
OBJ 50002d6c (sz=40, trace=300000, class=java.util.TreeMap$Entry@500000a6)
	key		50002750
	value		50002d80
	left		50002d7f
	right		50002d7e
	parent		50002d6a
OBJ 50002d6d (sz=40, trace=300000, class=java.util.TreeMap$Entry@500000a6)
	key		50002746
	value		50002d71
	left		50002d70
	right		50002d6f
	parent		50002d6a
ARR 50002d6e (sz=32, trace=300000, nelems=4, elem type=java.lang.String[]@500000db)
	[0]		50002652
	[1]		50002710
	[2]		500026d0
	[3]		50002591
OBJ 50002d6f (sz=40, trace=300000, class=java.util.TreeMap$Entry@500000a6)
	key		50002748
	value		50002d79
	left		50002d78
	right		50002d77
	parent		50002d6d
OBJ 50002d70 (sz=40, trace=300000, class=java.util.TreeMap$Entry@500000a6)
	key		5000256d
	value		50002d74
	left		50002d73
	right		50002d72
	parent		50002d6d
ARR 50002d71 (sz=32, trace=300000, nelems=4, elem type=java.lang.String[]@500000db)
	[0]		5000264b
	[1]		5000270a
	[2]		500026c9
	[3]		5000258a
OBJ 50002d72 (sz=40, trace=300000, class=java.util.TreeMap$Entry@500000a6)
	key		5000257e
	value		50002d76
	parent		50002d70
OBJ 50002d73 (sz=40, trace=300000, class=java.util.TreeMap$Entry@500000a6)
	key		5000257c
	value		50002d75
	parent		50002d70
ARR 50002d74 (sz=32, trace=300000, nelems=4, elem type=java.lang.String[]@500000db)
	[0]		5000251a
	[1]		5000251f
	[2]		500024fa
	[3]		500024a1
ARR 50002d75 (sz=24, trace=300000, nelems=2, elem type=java.lang.String[]@500000db)
	[0]		50002518
	[1]		50002515
ARR 50002d76 (sz=24, trace=300000, nelems=2, elem type=java.lang.String[]@500000db)
	[0]		500024a6
	[1]		50002516
OBJ 50002d77 (sz=40, trace=300000, class=java.util.TreeMap$Entry@500000a6)
	key		5000274a
	value		50002d7c
	left		50002d7b
	parent		50002d6f
OBJ 50002d78 (sz=40, trace=300000, class=java.util.TreeMap$Entry@500000a6)
	key		50002747
	value		50002d7a
	parent		50002d6f
ARR 50002d79 (sz=32, trace=300000, nelems=4, elem type=java.lang.String[]@500000db)
	[0]		5000264e
	[1]		5000270d
	[2]		500026cc
	[3]		5000258d
ARR 50002d7a (sz=32, trace=300000, nelems=4, elem type=java.lang.String[]@500000db)
	[0]		5000264c
	[1]		5000270b
	[2]		500026ca
	[3]		5000258b
OBJ 50002d7b (sz=40, trace=300000, class=java.util.TreeMap$Entry@500000a6)
	key		50002749
	value		50002d7d
	parent		50002d77
ARR 50002d7c (sz=32, trace=300000, nelems=4, elem type=java.lang.String[]@500000db)
	[0]		50002651
	[1]		5000270f
	[2]		500026cf
	[3]		50002590
ARR 50002d7d (sz=32, trace=300000, nelems=4, elem type=java.lang.String[]@500000db)
	[0]		50002650
	[1]		5000270e
	[2]		500026ce
	[3]		5000258f
OBJ 50002d7e (sz=40, trace=300000, class=java.util.TreeMap$Entry@500000a6)
	key		50002755
	value		50002d8a
	left		50002d89
	right		50002d88
	parent		50002d6c
OBJ 50002d7f (sz=40, trace=300000, class=java.util.TreeMap$Entry@500000a6)
	key		5000274d
	value		50002d83
	left		50002d82
	right		50002d81
	parent		50002d6c
ARR 50002d80 (sz=32, trace=300000, nelems=4, elem type=java.lang.String[]@500000db)
	[0]		50002661
	[1]		50002715
	[2]		500026d5
	[3]		500025a0
OBJ 50002d81 (sz=40, trace=300000, class=java.util.TreeMap$Entry@500000a6)
	key		5000274e
	value		50002d86
	right		50002d85
	parent		50002d7f
OBJ 50002d82 (sz=40, trace=300000, class=java.util.TreeMap$Entry@500000a6)
	key		5000274c
	value		50002d84
	parent		50002d7f
ARR 50002d83 (sz=32, trace=300000, nelems=4, elem type=java.lang.String[]@500000db)
	[0]		50002654
	[1]		50002712
	[2]		500026d2
	[3]		50002593
ARR 50002d84 (sz=32, trace=300000, nelems=4, elem type=java.lang.String[]@500000db)
	[0]		50002653
	[1]		50002711
	[2]		500026d1
	[3]		50002592
OBJ 50002d85 (sz=40, trace=300000, class=java.util.TreeMap$Entry@500000a6)
	key		5000274f
	value		50002d87
	parent		50002d81
ARR 50002d86 (sz=32, trace=300000, nelems=4, elem type=java.lang.String[]@500000db)
	[0]		50002655
	[1]		50002713
	[2]		500026d3
	[3]		50002594
ARR 50002d87 (sz=32, trace=300000, nelems=4, elem type=java.lang.String[]@500000db)
	[0]		50002660
	[1]		50002714
	[2]		500026d4
	[3]		5000259f
OBJ 50002d88 (sz=40, trace=300000, class=java.util.TreeMap$Entry@500000a6)
	key		50002756
	value		50002d92
	parent		50002d7e
OBJ 50002d89 (sz=40, trace=300000, class=java.util.TreeMap$Entry@500000a6)
	key		50002752
	value		50002d8d
	left		50002d8c
	right		50002d8b
	parent		50002d7e
ARR 50002d8a (sz=32, trace=300000, nelems=3, elem type=java.lang.String[]@500000db)
	[0]		50002671
	[1]		50002725
	[2]		500026e8
OBJ 50002d8b (sz=40, trace=300000, class=java.util.TreeMap$Entry@500000a6)
	key		50002754
	value		50002d90
	left		50002d8f
	parent		50002d89
OBJ 50002d8c (sz=40, trace=300000, class=java.util.TreeMap$Entry@500000a6)
	key		50002751
	value		50002d8e
	parent		50002d89
ARR 50002d8d (sz=32, trace=300000, nelems=4, elem type=java.lang.String[]@500000db)
	[0]		50002663
	[1]		50002717
	[2]		500026d7
	[3]		500025a2
ARR 50002d8e (sz=32, trace=300000, nelems=4, elem type=java.lang.String[]@500000db)
	[0]		50002662
	[1]		50002716
	[2]		500026d6
	[3]		500025a1
OBJ 50002d8f (sz=40, trace=300000, class=java.util.TreeMap$Entry@500000a6)
	key		50002753
	value		50002d91
	parent		50002d8b
ARR 50002d90 (sz=40, trace=300000, nelems=6, elem type=java.lang.String[]@500000db)
	[0]		5000266d
	[1]		50002721
	[2]		500026e1
	[3]		500026e7
	[4]		500026e2
	[5]		500025ac
ARR 50002d91 (sz=32, trace=300000, nelems=4, elem type=java.lang.String[]@500000db)
	[0]		5000266c
	[1]		50002720
	[2]		500026e0
	[3]		500025ab
ARR 50002d92 (sz=32, trace=300000, nelems=4, elem type=java.lang.String[]@500000db)
	[0]		50002672
	[1]		50002726
	[2]		500025b0
	[3]		500026e9
OBJ 50002d93 (sz=40, trace=300000, class=java.util.TreeMap$Entry@500000a6)
	key		50002763
	value		50002da7
	left		50002da6
	right		50002da5
	parent		50002d69
OBJ 50002d94 (sz=40, trace=300000, class=java.util.TreeMap$Entry@500000a6)
	key		5000275b
	value		50002d98
	left		50002d97
	right		50002d96
	parent		50002d69
ARR 50002d95 (sz=32, trace=300000, nelems=4, elem type=java.lang.String[]@500000db)
	[0]		50002687
	[1]		5000273a
	[2]		500026fe
	[3]		500025c5
OBJ 50002d96 (sz=40, trace=300000, class=java.util.TreeMap$Entry@500000a6)
	key		5000275e
	value		50002da0
	left		50002d9f
	right		50002d9e
	parent		50002d94
OBJ 50002d97 (sz=40, trace=300000, class=java.util.TreeMap$Entry@500000a6)
	key		50002759
	value		50002d9b
	left		50002d9a
	right		50002d99
	parent		50002d94
ARR 50002d98 (sz=32, trace=300000, nelems=4, elem type=java.lang.String[]@500000db)
	[0]		50002682
	[1]		50002735
	[2]		500026f9
	[3]		500025c0
OBJ 50002d99 (sz=40, trace=300000, class=java.util.TreeMap$Entry@500000a6)
	key		5000275a
	value		50002d9d
	parent		50002d97
OBJ 50002d9a (sz=40, trace=300000, class=java.util.TreeMap$Entry@500000a6)
	key		50002758
	value		50002d9c
	parent		50002d97
ARR 50002d9b (sz=32, trace=300000, nelems=4, elem type=java.lang.String[]@500000db)
	[0]		50002680
	[1]		50002733
	[2]		500026f7
	[3]		500025be
ARR 50002d9c (sz=32, trace=300000, nelems=4, elem type=java.lang.String[]@500000db)
	[0]		5000267e
	[1]		50002732
	[2]		500026f5
	[3]		500025bc
ARR 50002d9d (sz=32, trace=300000, nelems=4, elem type=java.lang.String[]@500000db)
	[0]		50002681
	[1]		50002734
	[2]		500026f8
	[3]		500025bf
OBJ 50002d9e (sz=40, trace=300000, class=java.util.TreeMap$Entry@500000a6)
	key		5000275f
	value		50002da4
	parent		50002d96
OBJ 50002d9f (sz=40, trace=300000, class=java.util.TreeMap$Entry@500000a6)
	key		5000275d
	value		50002da2
	left		50002da1
	parent		50002d96
ARR 50002da0 (sz=32, trace=300000, nelems=4, elem type=java.lang.String[]@500000db)
	[0]		50002685
	[1]		50002738
	[2]		500026fc
	[3]		500025c3
OBJ 50002da1 (sz=40, trace=300000, class=java.util.TreeMap$Entry@500000a6)
	key		5000275c
	value		50002da3
	parent		50002d9f
ARR 50002da2 (sz=32, trace=300000, nelems=4, elem type=java.lang.String[]@500000db)
	[0]		50002684
	[1]		50002737
	[2]		500026fb
	[3]		500025c2
ARR 50002da3 (sz=32, trace=300000, nelems=4, elem type=java.lang.String[]@500000db)
	[0]		50002683
	[1]		50002736
	[2]		500026fa
	[3]		500025c1
ARR 50002da4 (sz=32, trace=300000, nelems=4, elem type=java.lang.String[]@500000db)
	[0]		50002686
	[1]		50002739
	[2]		500026fd
	[3]		500025c4
OBJ 50002da5 (sz=40, trace=300000, class=java.util.TreeMap$Entry@500000a6)
	key		50002766
	value		50002daf
	left		50002dae
	right		50002dad
	parent		50002d93
OBJ 50002da6 (sz=40, trace=300000, class=java.util.TreeMap$Entry@500000a6)
	key		50002761
	value		50002daa
	left		50002da9
	right		50002da8
	parent		50002d93
ARR 50002da7 (sz=32, trace=300000, nelems=4, elem type=java.lang.String[]@500000db)
	[0]		5000268b
	[1]		5000273e
	[2]		50002702
	[3]		500025c9
OBJ 50002da8 (sz=40, trace=300000, class=java.util.TreeMap$Entry@500000a6)
	key		50002762
	value		50002dac
	parent		50002da6
OBJ 50002da9 (sz=40, trace=300000, class=java.util.TreeMap$Entry@500000a6)
	key		50002760
	value		50002dab
	parent		50002da6
ARR 50002daa (sz=32, trace=300000, nelems=4, elem type=java.lang.String[]@500000db)
	[0]		50002689
	[1]		5000273c
	[2]		50002700
	[3]		500025c7
ARR 50002dab (sz=32, trace=300000, nelems=4, elem type=java.lang.String[]@500000db)
	[0]		50002688
	[1]		5000273b
	[2]		500026ff
	[3]		500025c6
ARR 50002dac (sz=32, trace=300000, nelems=4, elem type=java.lang.String[]@500000db)
	[0]		5000268a
	[1]		5000273d
	[2]		50002701
	[3]		500025c8
OBJ 50002dad (sz=40, trace=300000, class=java.util.TreeMap$Entry@500000a6)
	key		50002768
	value		50002db5
	left		50002db4
	right		50002db3
	parent		50002da5
OBJ 50002dae (sz=40, trace=300000, class=java.util.TreeMap$Entry@500000a6)
	key		50002764
	value		50002db1
	right		50002db0
	parent		50002da5
ARR 50002daf (sz=32, trace=300000, nelems=4, elem type=java.lang.String[]@500000db)
	[0]		5000268e
	[1]		50002741
	[2]		50002705
	[3]		500025cc
OBJ 50002db0 (sz=40, trace=300000, class=java.util.TreeMap$Entry@500000a6)
	key		50002765
	value		50002db2
	parent		50002dae
ARR 50002db1 (sz=32, trace=300000, nelems=4, elem type=java.lang.String[]@500000db)
	[0]		5000268c
	[1]		5000273f
	[2]		50002703
	[3]		500025ca
ARR 50002db2 (sz=32, trace=300000, nelems=4, elem type=java.lang.String[]@500000db)
	[0]		5000268d
	[1]		50002740
	[2]		50002704
	[3]		500025cb
OBJ 50002db3 (sz=40, trace=300000, class=java.util.TreeMap$Entry@500000a6)
	key		5000256f
	value		50002db7
	parent		50002dad
OBJ 50002db4 (sz=40, trace=300000, class=java.util.TreeMap$Entry@500000a6)
	key		50002767
	value		50002db6
	parent		50002dad
ARR 50002db5 (sz=40, trace=300000, nelems=5, elem type=java.lang.String[]@500000db)
	[0]		50002690
	[1]		50002743
	[2]		50002707
	[3]		50002708
	[4]		500025ce
ARR 50002db6 (sz=32, trace=300000, nelems=4, elem type=java.lang.String[]@500000db)
	[0]		5000268f
	[1]		50002742
	[2]		50002706
	[3]		500025cd
ARR 50002db7 (sz=40, trace=300000, nelems=5, elem type=java.lang.String[]@500000db)
	[0]		5000252b
	[1]		500024ed
	[2]		50002530
	[3]		50002507
	[4]		500024ad
OBJ 50002db8 (sz=40, trace=300000, class=java.util.TreeMap$Entry@500000a6)
	key		50002577
	value		50002dd0
	left		50002dcf
	right		50002dce
	parent		50002d66
OBJ 50002db9 (sz=40, trace=300000, class=java.util.TreeMap$Entry@500000a6)
	key		50002575
	value		50002dbd
	left		50002dbc
	right		50002dbb
	parent		50002d66
ARR 50002dba (sz=24, trace=300000, nelems=1, elem type=java.lang.String[]@500000db)
	[0]		50002628
OBJ 50002dbb (sz=40, trace=300000, class=java.util.TreeMap$Entry@500000a6)
	key		5000276b
	value		50002dc7
	left		50002dc6
	right		50002dc5
	parent		50002db9
OBJ 50002dbc (sz=40, trace=300000, class=java.util.TreeMap$Entry@500000a6)
	key		50002573
	value		50002dc0
	left		50002dbf
	right		50002dbe
	parent		50002db9
ARR 50002dbd (sz=32, trace=300000, nelems=4, elem type=java.lang.String[]@500000db)
	[0]		50002540
	[1]		50002542
	[2]		50002547
	[3]		5000253c
OBJ 50002dbe (sz=40, trace=300000, class=java.util.TreeMap$Entry@500000a6)
	key		50002574
	value		50002dc4
	parent		50002dbc
OBJ 50002dbf (sz=40, trace=300000, class=java.util.TreeMap$Entry@500000a6)
	key		50002571
	value		50002dc2
	right		50002dc1
	parent		50002dbc
ARR 50002dc0 (sz=40, trace=300000, nelems=6, elem type=java.lang.String[]@500000db)
	[0]		500024cf
	[1]		500024d2
	[2]		50002532
	[3]		50002587
	[4]		500024d4
	[5]		5000250d
OBJ 50002dc1 (sz=40, trace=300000, class=java.util.TreeMap$Entry@500000a6)
	key		50002572
	value		50002dc3
	parent		50002dbf
ARR 50002dc2 (sz=24, trace=300000, nelems=2, elem type=java.lang.String[]@500000db)
	[0]		500024b9
	[1]		500024b0
ARR 50002dc3 (sz=24, trace=300000, nelems=2, elem type=java.lang.String[]@500000db)
	[0]		5000252c
	[1]		50002535
ARR 50002dc4 (sz=24, trace=300000, nelems=1, elem type=java.lang.String[]@500000db)
	[0]		500024d1
OBJ 50002dc5 (sz=40, trace=300000, class=java.util.TreeMap$Entry@500000a6)
	key		5000276c
	value		50002dcc
	right		50002dcb
	parent		50002dbb
OBJ 50002dc6 (sz=40, trace=300000, class=java.util.TreeMap$Entry@500000a6)
	key		5000276a
	value		50002dc9
	left		50002dc8
	parent		50002dbb
ARR 50002dc7 (sz=24, trace=300000, nelems=1, elem type=java.lang.String[]@500000db)
	[0]		50002625
OBJ 50002dc8 (sz=40, trace=300000, class=java.util.TreeMap$Entry@500000a6)
	key		50002769
	value		50002dca
	parent		50002dc6
ARR 50002dc9 (sz=24, trace=300000, nelems=1, elem type=java.lang.String[]@500000db)
	[0]		50002624
ARR 50002dca (sz=24, trace=300000, nelems=1, elem type=java.lang.String[]@500000db)
	[0]		50002623
OBJ 50002dcb (sz=40, trace=300000, class=java.util.TreeMap$Entry@500000a6)
	key		5000276d
	value		50002dcd
	parent		50002dc5
ARR 50002dcc (sz=24, trace=300000, nelems=1, elem type=java.lang.String[]@500000db)
	[0]		50002626
ARR 50002dcd (sz=24, trace=300000, nelems=1, elem type=java.lang.String[]@500000db)
	[0]		50002627
OBJ 50002dce (sz=40, trace=300000, class=java.util.TreeMap$Entry@500000a6)
	key		5000257a
	value		50002de4
	left		50002de3
	right		50002de2
	parent		50002db8
OBJ 50002dcf (sz=40, trace=300000, class=java.util.TreeMap$Entry@500000a6)
	key		50002774
	value		50002dd3
	left		50002dd2
	right		50002dd1
	parent		50002db8
ARR 50002dd0 (sz=24, trace=300000, nelems=1, elem type=java.lang.String[]@500000db)
	[0]		500024e7
OBJ 50002dd1 (sz=40, trace=300000, class=java.util.TreeMap$Entry@500000a6)
	key		50002776
	value		50002ddf
	left		50002dde
	right		50002ddd
	parent		50002dcf
OBJ 50002dd2 (sz=40, trace=300000, class=java.util.TreeMap$Entry@500000a6)
	key		50002771
	value		50002dd6
	left		50002dd5
	right		50002dd4
	parent		50002dcf
ARR 50002dd3 (sz=24, trace=300000, nelems=1, elem type=java.lang.String[]@500000db)
	[0]		5000262e
OBJ 50002dd4 (sz=40, trace=300000, class=java.util.TreeMap$Entry@500000a6)
	key		50002772
	value		50002ddb
	right		50002dda
	parent		50002dd2
OBJ 50002dd5 (sz=40, trace=300000, class=java.util.TreeMap$Entry@500000a6)
	key		5000276f
	value		50002dd8
	right		50002dd7
	parent		50002dd2
ARR 50002dd6 (sz=24, trace=300000, nelems=1, elem type=java.lang.String[]@500000db)
	[0]		5000262b
OBJ 50002dd7 (sz=40, trace=300000, class=java.util.TreeMap$Entry@500000a6)
	key		50002770
	value		50002dd9
	parent		50002dd5
ARR 50002dd8 (sz=24, trace=300000, nelems=1, elem type=java.lang.String[]@500000db)
	[0]		50002629
ARR 50002dd9 (sz=24, trace=300000, nelems=1, elem type=java.lang.String[]@500000db)
	[0]		5000262a
OBJ 50002dda (sz=40, trace=300000, class=java.util.TreeMap$Entry@500000a6)
	key		50002773
	value		50002ddc
	parent		50002dd4
ARR 50002ddb (sz=24, trace=300000, nelems=1, elem type=java.lang.String[]@500000db)
	[0]		5000262c
ARR 50002ddc (sz=24, trace=300000, nelems=1, elem type=java.lang.String[]@500000db)
	[0]		5000262d
OBJ 50002ddd (sz=40, trace=300000, class=java.util.TreeMap$Entry@500000a6)
	key		50002576
	value		50002de1
	parent		50002dd1
OBJ 50002dde (sz=40, trace=300000, class=java.util.TreeMap$Entry@500000a6)
	key		50002775
	value		50002de0
	parent		50002dd1
ARR 50002ddf (sz=24, trace=300000, nelems=1, elem type=java.lang.String[]@500000db)
	[0]		50002630
ARR 50002de0 (sz=24, trace=300000, nelems=1, elem type=java.lang.String[]@500000db)
	[0]		5000262f
ARR 50002de1 (sz=40, trace=300000, nelems=5, elem type=java.lang.String[]@500000db)
	[0]		500024e1
	[1]		500024e3
	[2]		500024e2
	[3]		50002564
	[4]		50002565
OBJ 50002de2 (sz=40, trace=300000, class=java.util.TreeMap$Entry@500000a6)
	key		50002583
	value		50002dec
	left		50002deb
	right		50002dea
	parent		50002dce
OBJ 50002de3 (sz=40, trace=300000, class=java.util.TreeMap$Entry@500000a6)
	key		5000257f
	value		50002de7
	left		50002de6
	right		50002de5
	parent		50002dce
ARR 50002de4 (sz=40, trace=300000, nelems=6, elem type=java.lang.String[]@500000db)
	[0]		50002557
	[1]		50002559
	[2]		50002558
	[3]		5000255a
	[4]		50002555
	[5]		50002554
OBJ 50002de5 (sz=40, trace=300000, class=java.util.TreeMap$Entry@500000a6)
	key		50002579
	value		50002de9
	parent		50002de3
OBJ 50002de6 (sz=40, trace=300000, class=java.util.TreeMap$Entry@500000a6)
	key		50002578
	value		50002de8
	parent		50002de3
ARR 50002de7 (sz=24, trace=300000, nelems=2, elem type=java.lang.String[]@500000db)
	[0]		5000254b
	[1]		5000254e
ARR 50002de8 (sz=24, trace=300000, nelems=1, elem type=java.lang.String[]@500000db)
	[0]		500024e8
ARR 50002de9 (sz=24, trace=300000, nelems=1, elem type=java.lang.String[]@500000db)
	[0]		50002551
OBJ 50002dea (sz=40, trace=300000, class=java.util.TreeMap$Entry@500000a6)
	key		50002585
	value		50002df2
	left		50002df1
	right		50002df0
	parent		50002de2
OBJ 50002deb (sz=40, trace=300000, class=java.util.TreeMap$Entry@500000a6)
	key		50002582
	value		50002dee
	left		50002ded
	parent		50002de2
ARR 50002dec (sz=32, trace=300000, nelems=3, elem type=java.lang.String[]@500000db)
	[0]		5000254a
	[1]		50002546
	[2]		50002562
OBJ 50002ded (sz=40, trace=300000, class=java.util.TreeMap$Entry@500000a6)
	key		50002581
	value		50002def
	parent		50002deb
ARR 50002dee (sz=24, trace=300000, nelems=2, elem type=java.lang.String[]@500000db)
	[0]		50002549
	[1]		50002500
ARR 50002def (sz=24, trace=300000, nelems=2, elem type=java.lang.String[]@500000db)
	[0]		50002548
	[1]		500024ff
OBJ 50002df0 (sz=40, trace=300000, class=java.util.TreeMap$Entry@500000a6)
	key		50002586
	value		50002df4
	parent		50002dea
OBJ 50002df1 (sz=40, trace=300000, class=java.util.TreeMap$Entry@500000a6)
	key		50002584
	value		50002df3
	parent		50002dea
ARR 50002df2 (sz=24, trace=300000, nelems=2, elem type=java.lang.String[]@500000db)
	[0]		5000254d
	[1]		50002567
ARR 50002df3 (sz=32, trace=300000, nelems=4, elem type=java.lang.String[]@500000db)
	[0]		5000254c
	[1]		50002569
	[2]		50002566
	[3]		5000254f
ARR 50002df4 (sz=24, trace=300000, nelems=1, elem type=java.lang.String[]@500000db)
	[0]		50002568
OBJ 50002df5 (sz=40, trace=300000, class=java.util.TreeMap$Entry@500000a6)
	key		50001649
	value		50002df7
	right		50002df6
OBJ 50002df6 (sz=40, trace=300000, class=java.util.TreeMap$Entry@500000a6)
	key		5000257f
	value		50002df8
	parent		50002df5
OBJ 50002df7 (sz=40, trace=300000, class=java.lang.ref.SoftReference@50000165)
	referent	500021b5
	queue		50001c15
OBJ 50002df8 (sz=40, trace=300000, class=java.lang.ref.SoftReference@50000165)
	referent	50002df9
	queue		50001c15
OBJ 50002df9 (sz=24, trace=300000, class=sun.nio.cs.ext.MS936@5000007a)
	name		5000257f
	aliases		50002de7
OBJ 50002dfa (sz=24, trace=300000, class=java.lang.String@50000181)
	value		50002e02
OBJ 50002dfb (sz=24, trace=300000, class=java.lang.String@50000181)
	value		50002e03
OBJ 50002dfc (sz=24, trace=300000, class=java.lang.String@50000181)
	value		50002e04
ARR 50002dfd (sz=512, trace=300000, nelems=256, elem type=char[])
ARR 50002dfe (sz=57344, trace=300000, nelems=28672, elem type=char[])
ARR 50002dff (sz=512, trace=300000, nelems=256, elem type=char[])
ARR 50002e00 (sz=1040, trace=300000, nelems=256, elem type=char[][]@500000a2)
	[0]		50002412
	[1]		50002412
	[2]		50002412
	[3]		50002412
	[4]		50002412
	[5]		50002412
	[6]		50002412
	[7]		50002412
	[8]		50002412
	[9]		50002412
	[10]		50002412
	[11]		50002412
	[12]		50002412
	[13]		50002412
	[14]		50002412
	[15]		50002412
	[16]		50002412
	[17]		50002412
	[18]		50002412
	[19]		50002412
	[20]		50002412
	[21]		50002412
	[22]		50002412
	[23]		50002412
	[24]		50002412
	[25]		50002412
	[26]		50002412
	[27]		50002412
	[28]		50002412
	[29]		50002412
	[30]		50002412
	[31]		50002412
	[32]		50002412
	[33]		50002412
	[34]		50002412
	[35]		50002412
	[36]		50002412
	[37]		50002412
	[38]		50002412
	[39]		50002412
	[40]		50002412
	[41]		50002412
	[42]		50002412
	[43]		50002412
	[44]		50002412
	[45]		50002412
	[46]		50002412
	[47]		50002412
	[48]		50002412
	[49]		50002412
	[50]		50002412
	[51]		50002412
	[52]		50002412
	[53]		50002412
	[54]		50002412
	[55]		50002412
	[56]		50002412
	[57]		50002412
	[58]		50002412
	[59]		50002412
	[60]		50002412
	[61]		50002412
	[62]		50002412
	[63]		50002412
	[64]		50002412
	[65]		50002412
	[66]		50002412
	[67]		50002412
	[68]		50002412
	[69]		50002412
	[70]		50002412
	[71]		50002412
	[72]		50002412
	[73]		50002412
	[74]		50002412
	[75]		50002412
	[76]		50002412
	[77]		50002412
	[78]		50002412
	[79]		50002412
	[80]		50002412
	[81]		50002412
	[82]		50002412
	[83]		50002412
	[84]		50002412
	[85]		50002412
	[86]		50002412
	[87]		50002412
	[88]		50002412
	[89]		50002412
	[90]		50002412
	[91]		50002412
	[92]		50002412
	[93]		50002412
	[94]		50002412
	[95]		50002412
	[96]		50002412
	[97]		50002412
	[98]		50002412
	[99]		50002412
	[100]		50002412
	[101]		50002412
	[102]		50002412
	[103]		50002412
	[104]		50002412
	[105]		50002412
	[106]		50002412
	[107]		50002412
	[108]		50002412
	[109]		50002412
	[110]		50002412
	[111]		50002412
	[112]		50002412
	[113]		50002412
	[114]		50002412
	[115]		50002412
	[116]		50002412
	[117]		50002412
	[118]		50002412
	[119]		50002412
	[120]		50002412
	[121]		50002412
	[122]		50002412
	[123]		50002412
	[124]		50002412
	[125]		50002412
	[126]		50002412
	[127]		50002412
	[128]		50002412
	[129]		50002e05
	[130]		50002e06
	[131]		50002e07
	[132]		50002e08
	[133]		50002e09
	[134]		50002e0a
	[135]		50002e0b
	[136]		50002e0c
	[137]		50002e0d
	[138]		50002e0e
	[139]		50002e0f
	[140]		50002e10
	[141]		50002e11
	[142]		50002e12
	[143]		50002e13
	[144]		50002e14
	[145]		50002e15
	[146]		50002e16
	[147]		50002e17
	[148]		50002e18
	[149]		50002e19
	[150]		50002e1a
	[151]		50002e1b
	[152]		50002e1c
	[153]		50002e1d
	[154]		50002e1e
	[155]		50002e1f
	[156]		50002e20
	[157]		50002e21
	[158]		50002e22
	[159]		50002e23
	[160]		50002e24
	[161]		50002e25
	[162]		50002e26
	[163]		50002e27
	[164]		50002e28
	[165]		50002e29
	[166]		50002e2a
	[167]		50002e2b
	[168]		50002e2c
	[169]		50002e2d
	[170]		50002e2e
	[171]		50002e2f
	[172]		50002e30
	[173]		50002e31
	[174]		50002e32
	[175]		50002e33
	[176]		50002e34
	[177]		50002e35
	[178]		50002e36
	[179]		50002e37
	[180]		50002e38
	[181]		50002e39
	[182]		50002e3a
	[183]		50002e3b
	[184]		50002e3c
	[185]		50002e3d
	[186]		50002e3e
	[187]		50002e3f
	[188]		50002e40
	[189]		50002e41
	[190]		50002e42
	[191]		50002e43
	[192]		50002e44
	[193]		50002e45
	[194]		50002e46
	[195]		50002e47
	[196]		50002e48
	[197]		50002e49
	[198]		50002e4a
	[199]		50002e4b
	[200]		50002e4c
	[201]		50002e4d
	[202]		50002e4e
	[203]		50002e4f
	[204]		50002e50
	[205]		50002e51
	[206]		50002e52
	[207]		50002e53
	[208]		50002e54
	[209]		50002e55
	[210]		50002e56
	[211]		50002e57
	[212]		50002e58
	[213]		50002e59
	[214]		50002e5a
	[215]		50002e5b
	[216]		50002e5c
	[217]		50002e5d
	[218]		50002e5e
	[219]		50002e5f
	[220]		50002e60
	[221]		50002e61
	[222]		50002e62
	[223]		50002e63
	[224]		50002e64
	[225]		50002e65
	[226]		50002e66
	[227]		50002e67
	[228]		50002e68
	[229]		50002e69
	[230]		50002e6a
	[231]		50002e6b
	[232]		50002e6c
	[233]		50002e6d
	[234]		50002e6e
	[235]		50002e6f
	[236]		50002e70
	[237]		50002e71
	[238]		50002e72
	[239]		50002e73
	[240]		50002e74
	[241]		50002e75
	[242]		50002e76
	[243]		50002e77
	[244]		50002e78
	[245]		50002e79
	[246]		50002e7a
	[247]		50002e7b
	[248]		50002e7c
	[249]		50002e7d
	[250]		50002e7e
	[251]		50002e7f
	[252]		50002e80
	[253]		50002e81
	[254]		50002e82
	[255]		50002412
ARR 50002e01 (sz=1040, trace=300000, nelems=255, elem type=java.lang.String[]@500000db)
	[129]		50002312
	[130]		50002313
	[131]		50002314
	[132]		50002315
	[133]		50002316
	[134]		50002317
	[135]		50002318
	[136]		50002319
	[137]		5000231a
	[138]		5000231b
	[139]		5000231c
	[140]		5000231d
	[141]		5000231e
	[142]		5000231f
	[143]		50002320
	[144]		50002321
	[145]		50002322
	[146]		50002323
	[147]		50002324
	[148]		50002325
	[149]		50002326
	[150]		50002327
	[151]		50002328
	[152]		50002329
	[153]		5000232a
	[154]		5000232b
	[155]		5000232c
	[156]		5000232d
	[157]		5000232e
	[158]		5000232f
	[159]		50002330
	[160]		50002331
	[161]		50002386
	[162]		50002dfc
	[163]		50002388
	[164]		50002389
	[165]		5000238a
	[166]		5000238b
	[167]		5000238c
	[168]		50002dfb
	[169]		50002311
	[170]		50002332
	[171]		50002333
	[172]		50002334
	[173]		50002335
	[174]		50002336
	[175]		50002337
	[176]		50002338
	[177]		50002339
	[178]		5000233a
	[179]		5000233b
	[180]		5000233c
	[181]		5000233d
	[182]		5000233e
	[183]		5000233f
	[184]		50002340
	[185]		50002341
	[186]		50002342
	[187]		50002343
	[188]		50002344
	[189]		50002345
	[190]		50002346
	[191]		50002347
	[192]		50002348
	[193]		50002349
	[194]		5000234a
	[195]		5000234b
	[196]		5000234c
	[197]		5000234d
	[198]		5000234e
	[199]		5000234f
	[200]		50002350
	[201]		50002351
	[202]		50002352
	[203]		50002353
	[204]		50002354
	[205]		50002355
	[206]		50002356
	[207]		50002357
	[208]		50002358
	[209]		50002359
	[210]		5000235a
	[211]		5000235b
	[212]		5000235c
	[213]		5000235d
	[214]		5000235e
	[215]		5000235f
	[216]		50002360
	[217]		50002361
	[218]		50002362
	[219]		50002363
	[220]		50002364
	[221]		50002365
	[222]		50002366
	[223]		50002367
	[224]		50002368
	[225]		50002369
	[226]		5000236a
	[227]		5000236b
	[228]		5000236c
	[229]		5000236d
	[230]		5000236e
	[231]		5000236f
	[232]		50002370
	[233]		50002371
	[234]		50002372
	[235]		50002373
	[236]		50002374
	[237]		50002375
	[238]		50002376
	[239]		50002377
	[240]		50002378
	[241]		50002379
	[242]		5000237a
	[243]		5000237b
	[244]		5000237c
	[245]		5000237d
	[246]		5000237e
	[247]		5000237f
	[248]		50002380
	[249]		50002381
	[250]		50002382
	[251]		50002383
	[252]		50002384
	[253]		50002385
	[254]		5000238d
ARR 50002e02 (sz=512, trace=300000, nelems=256, elem type=char[])
ARR 50002e03 (sz=382, trace=300000, nelems=191, elem type=char[])
ARR 50002e04 (sz=382, trace=300000, nelems=191, elem type=char[])
ARR 50002e05 (sz=382, trace=300000, nelems=191, elem type=char[])
ARR 50002e06 (sz=382, trace=300000, nelems=191, elem type=char[])
ARR 50002e07 (sz=382, trace=300000, nelems=191, elem type=char[])
ARR 50002e08 (sz=382, trace=300000, nelems=191, elem type=char[])
ARR 50002e09 (sz=382, trace=300000, nelems=191, elem type=char[])
ARR 50002e0a (sz=382, trace=300000, nelems=191, elem type=char[])
ARR 50002e0b (sz=382, trace=300000, nelems=191, elem type=char[])
ARR 50002e0c (sz=382, trace=300000, nelems=191, elem type=char[])
ARR 50002e0d (sz=382, trace=300000, nelems=191, elem type=char[])
ARR 50002e0e (sz=382, trace=300000, nelems=191, elem type=char[])
ARR 50002e0f (sz=382, trace=300000, nelems=191, elem type=char[])
ARR 50002e10 (sz=382, trace=300000, nelems=191, elem type=char[])
ARR 50002e11 (sz=382, trace=300000, nelems=191, elem type=char[])
ARR 50002e12 (sz=382, trace=300000, nelems=191, elem type=char[])
ARR 50002e13 (sz=382, trace=300000, nelems=191, elem type=char[])
ARR 50002e14 (sz=382, trace=300000, nelems=191, elem type=char[])
ARR 50002e15 (sz=382, trace=300000, nelems=191, elem type=char[])
ARR 50002e16 (sz=382, trace=300000, nelems=191, elem type=char[])
ARR 50002e17 (sz=382, trace=300000, nelems=191, elem type=char[])
ARR 50002e18 (sz=382, trace=300000, nelems=191, elem type=char[])
ARR 50002e19 (sz=382, trace=300000, nelems=191, elem type=char[])
ARR 50002e1a (sz=382, trace=300000, nelems=191, elem type=char[])
ARR 50002e1b (sz=382, trace=300000, nelems=191, elem type=char[])
ARR 50002e1c (sz=382, trace=300000, nelems=191, elem type=char[])
ARR 50002e1d (sz=382, trace=300000, nelems=191, elem type=char[])
ARR 50002e1e (sz=382, trace=300000, nelems=191, elem type=char[])
ARR 50002e1f (sz=382, trace=300000, nelems=191, elem type=char[])
ARR 50002e20 (sz=382, trace=300000, nelems=191, elem type=char[])
ARR 50002e21 (sz=382, trace=300000, nelems=191, elem type=char[])
ARR 50002e22 (sz=382, trace=300000, nelems=191, elem type=char[])
ARR 50002e23 (sz=382, trace=300000, nelems=191, elem type=char[])
ARR 50002e24 (sz=382, trace=300000, nelems=191, elem type=char[])
ARR 50002e25 (sz=382, trace=300000, nelems=191, elem type=char[])
ARR 50002e26 (sz=382, trace=300000, nelems=191, elem type=char[])
ARR 50002e27 (sz=382, trace=300000, nelems=191, elem type=char[])
ARR 50002e28 (sz=382, trace=300000, nelems=191, elem type=char[])
ARR 50002e29 (sz=382, trace=300000, nelems=191, elem type=char[])
ARR 50002e2a (sz=382, trace=300000, nelems=191, elem type=char[])
ARR 50002e2b (sz=382, trace=300000, nelems=191, elem type=char[])
ARR 50002e2c (sz=382, trace=300000, nelems=191, elem type=char[])
ARR 50002e2d (sz=382, trace=300000, nelems=191, elem type=char[])
ARR 50002e2e (sz=382, trace=300000, nelems=191, elem type=char[])
ARR 50002e2f (sz=382, trace=300000, nelems=191, elem type=char[])
ARR 50002e30 (sz=382, trace=300000, nelems=191, elem type=char[])
ARR 50002e31 (sz=382, trace=300000, nelems=191, elem type=char[])
ARR 50002e32 (sz=382, trace=300000, nelems=191, elem type=char[])
ARR 50002e33 (sz=382, trace=300000, nelems=191, elem type=char[])
ARR 50002e34 (sz=382, trace=300000, nelems=191, elem type=char[])
ARR 50002e35 (sz=382, trace=300000, nelems=191, elem type=char[])
ARR 50002e36 (sz=382, trace=300000, nelems=191, elem type=char[])
ARR 50002e37 (sz=382, trace=300000, nelems=191, elem type=char[])
ARR 50002e38 (sz=382, trace=300000, nelems=191, elem type=char[])
ARR 50002e39 (sz=382, trace=300000, nelems=191, elem type=char[])
ARR 50002e3a (sz=382, trace=300000, nelems=191, elem type=char[])
ARR 50002e3b (sz=382, trace=300000, nelems=191, elem type=char[])
ARR 50002e3c (sz=382, trace=300000, nelems=191, elem type=char[])
ARR 50002e3d (sz=382, trace=300000, nelems=191, elem type=char[])
ARR 50002e3e (sz=382, trace=300000, nelems=191, elem type=char[])
ARR 50002e3f (sz=382, trace=300000, nelems=191, elem type=char[])
ARR 50002e40 (sz=382, trace=300000, nelems=191, elem type=char[])
ARR 50002e41 (sz=382, trace=300000, nelems=191, elem type=char[])
ARR 50002e42 (sz=382, trace=300000, nelems=191, elem type=char[])
ARR 50002e43 (sz=382, trace=300000, nelems=191, elem type=char[])
ARR 50002e44 (sz=382, trace=300000, nelems=191, elem type=char[])
ARR 50002e45 (sz=382, trace=300000, nelems=191, elem type=char[])
ARR 50002e46 (sz=382, trace=300000, nelems=191, elem type=char[])
ARR 50002e47 (sz=382, trace=300000, nelems=191, elem type=char[])
ARR 50002e48 (sz=382, trace=300000, nelems=191, elem type=char[])
ARR 50002e49 (sz=382, trace=300000, nelems=191, elem type=char[])
ARR 50002e4a (sz=382, trace=300000, nelems=191, elem type=char[])
ARR 50002e4b (sz=382, trace=300000, nelems=191, elem type=char[])
ARR 50002e4c (sz=382, trace=300000, nelems=191, elem type=char[])
ARR 50002e4d (sz=382, trace=300000, nelems=191, elem type=char[])
ARR 50002e4e (sz=382, trace=300000, nelems=191, elem type=char[])
ARR 50002e4f (sz=382, trace=300000, nelems=191, elem type=char[])
ARR 50002e50 (sz=382, trace=300000, nelems=191, elem type=char[])
ARR 50002e51 (sz=382, trace=300000, nelems=191, elem type=char[])
ARR 50002e52 (sz=382, trace=300000, nelems=191, elem type=char[])
ARR 50002e53 (sz=382, trace=300000, nelems=191, elem type=char[])
ARR 50002e54 (sz=382, trace=300000, nelems=191, elem type=char[])
ARR 50002e55 (sz=382, trace=300000, nelems=191, elem type=char[])
ARR 50002e56 (sz=382, trace=300000, nelems=191, elem type=char[])
ARR 50002e57 (sz=382, trace=300000, nelems=191, elem type=char[])
ARR 50002e58 (sz=382, trace=300000, nelems=191, elem type=char[])
ARR 50002e59 (sz=382, trace=300000, nelems=191, elem type=char[])
ARR 50002e5a (sz=382, trace=300000, nelems=191, elem type=char[])
ARR 50002e5b (sz=382, trace=300000, nelems=191, elem type=char[])
ARR 50002e5c (sz=382, trace=300000, nelems=191, elem type=char[])
ARR 50002e5d (sz=382, trace=300000, nelems=191, elem type=char[])
ARR 50002e5e (sz=382, trace=300000, nelems=191, elem type=char[])
ARR 50002e5f (sz=382, trace=300000, nelems=191, elem type=char[])
ARR 50002e60 (sz=382, trace=300000, nelems=191, elem type=char[])
ARR 50002e61 (sz=382, trace=300000, nelems=191, elem type=char[])
ARR 50002e62 (sz=382, trace=300000, nelems=191, elem type=char[])
ARR 50002e63 (sz=382, trace=300000, nelems=191, elem type=char[])
ARR 50002e64 (sz=382, trace=300000, nelems=191, elem type=char[])
ARR 50002e65 (sz=382, trace=300000, nelems=191, elem type=char[])
ARR 50002e66 (sz=382, trace=300000, nelems=191, elem type=char[])
ARR 50002e67 (sz=382, trace=300000, nelems=191, elem type=char[])
ARR 50002e68 (sz=382, trace=300000, nelems=191, elem type=char[])
ARR 50002e69 (sz=382, trace=300000, nelems=191, elem type=char[])
ARR 50002e6a (sz=382, trace=300000, nelems=191, elem type=char[])
ARR 50002e6b (sz=382, trace=300000, nelems=191, elem type=char[])
ARR 50002e6c (sz=382, trace=300000, nelems=191, elem type=char[])
ARR 50002e6d (sz=382, trace=300000, nelems=191, elem type=char[])
ARR 50002e6e (sz=382, trace=300000, nelems=191, elem type=char[])
ARR 50002e6f (sz=382, trace=300000, nelems=191, elem type=char[])
ARR 50002e70 (sz=382, trace=300000, nelems=191, elem type=char[])
ARR 50002e71 (sz=382, trace=300000, nelems=191, elem type=char[])
ARR 50002e72 (sz=382, trace=300000, nelems=191, elem type=char[])
ARR 50002e73 (sz=382, trace=300000, nelems=191, elem type=char[])
ARR 50002e74 (sz=382, trace=300000, nelems=191, elem type=char[])
ARR 50002e75 (sz=382, trace=300000, nelems=191, elem type=char[])
ARR 50002e76 (sz=382, trace=300000, nelems=191, elem type=char[])
ARR 50002e77 (sz=382, trace=300000, nelems=191, elem type=char[])
ARR 50002e78 (sz=382, trace=300000, nelems=191, elem type=char[])
ARR 50002e79 (sz=382, trace=300000, nelems=191, elem type=char[])
ARR 50002e7a (sz=382, trace=300000, nelems=191, elem type=char[])
ARR 50002e7b (sz=382, trace=300000, nelems=191, elem type=char[])
ARR 50002e7c (sz=382, trace=300000, nelems=191, elem type=char[])
ARR 50002e7d (sz=382, trace=300000, nelems=191, elem type=char[])
ARR 50002e7e (sz=382, trace=300000, nelems=191, elem type=char[])
ARR 50002e7f (sz=382, trace=300000, nelems=191, elem type=char[])
ARR 50002e80 (sz=382, trace=300000, nelems=191, elem type=char[])
ARR 50002e81 (sz=382, trace=300000, nelems=191, elem type=char[])
ARR 50002e82 (sz=382, trace=300000, nelems=191, elem type=char[])
ARR 50002e83 (sz=28, trace=300000, nelems=14, elem type=char[])
ARR 50002e84 (sz=28, trace=300000, nelems=14, elem type=char[])
ARR 50002e85 (sz=14, trace=300000, nelems=7, elem type=char[])
ARR 50002e86 (sz=10, trace=300000, nelems=5, elem type=char[])
ARR 50002e87 (sz=8, trace=300000, nelems=4, elem type=char[])
ARR 50002e88 (sz=10, trace=300000, nelems=5, elem type=char[])
ARR 50002e89 (sz=6, trace=300000, nelems=3, elem type=char[])
OBJ 50002e8a (sz=16, trace=300000, class=java.util.concurrent.atomic.AtomicInteger@500000c6)
OBJ 50002e8b (sz=24, trace=300000, class=java.lang.String@50000181)
	value		50002e8c
ARR 50002e8c (sz=62, trace=300000, nelems=31, elem type=char[])
ARR 50002e8d (sz=38, trace=300000, nelems=19, elem type=char[])
ARR 50002e8e (sz=26, trace=300000, nelems=13, elem type=char[])
OBJ 50002e8f (sz=16, trace=300000, class=java.lang.Object@50000185)
ARR 50002e90 (sz=56, trace=300000, nelems=28, elem type=char[])
ARR 50002e91 (sz=64, trace=300000, nelems=32, elem type=char[])
OBJ 50002e92 (sz=24, trace=300000, class=java.lang.String@50000181)
	value		50002ea6
OBJ 50002e93 (sz=24, trace=300000, class=java.lang.String@50000181)
	value		50002ea5
OBJ 50002e94 (sz=24, trace=300000, class=java.lang.String@50000181)
	value		50002eab
OBJ 50002e95 (sz=24, trace=300000, class=java.lang.String@50000181)
	value		50002ea9
OBJ 50002e96 (sz=24, trace=300000, class=java.lang.String@50000181)
	value		50002eaa
OBJ 50002e97 (sz=24, trace=300000, class=java.lang.String@50000181)
	value		50002eac
OBJ 50002e98 (sz=24, trace=300000, class=java.lang.String@50000181)
	value		50002eb0
OBJ 50002e99 (sz=24, trace=300000, class=java.lang.String@50000181)
	value		50002eae
OBJ 50002e9a (sz=24, trace=300000, class=java.lang.String@50000181)
	value		50002eaf
OBJ 50002e9b (sz=24, trace=300000, class=java.lang.String@50000181)
	value		50002ead
OBJ 50002e9c (sz=24, trace=300000, class=java.lang.String@50000181)
	value		50002ea7
OBJ 50002e9d (sz=24, trace=300000, class=java.lang.String@50000181)
	value		50002ea3
OBJ 50002e9e (sz=24, trace=300000, class=java.lang.String@50000181)
	value		50002ea8
OBJ 50002e9f (sz=24, trace=300000, class=java.lang.String@50000181)
	value		50002ea4
OBJ 50002ea0 (sz=24, trace=300000, class=java.lang.String@50000181)
	value		50002eb1
OBJ 50002ea1 (sz=24, trace=300000, class=java.lang.String@50000181)
	value		50002eb3
OBJ 50002ea2 (sz=24, trace=300000, class=java.lang.String@50000181)
	value		50002eb2
ARR 50002ea3 (sz=32, trace=300000, nelems=16, elem type=char[])
ARR 50002ea4 (sz=34, trace=300000, nelems=17, elem type=char[])
ARR 50002ea5 (sz=24, trace=300000, nelems=12, elem type=char[])
ARR 50002ea6 (sz=20, trace=300000, nelems=10, elem type=char[])
ARR 50002ea7 (sz=20, trace=300000, nelems=10, elem type=char[])
ARR 50002ea8 (sz=12, trace=300000, nelems=6, elem type=char[])
ARR 50002ea9 (sz=28, trace=300000, nelems=14, elem type=char[])
ARR 50002eaa (sz=28, trace=300000, nelems=14, elem type=char[])
ARR 50002eab (sz=44, trace=300000, nelems=22, elem type=char[])
ARR 50002eac (sz=40, trace=300000, nelems=20, elem type=char[])
ARR 50002ead (sz=44, trace=300000, nelems=22, elem type=char[])
ARR 50002eae (sz=42, trace=300000, nelems=21, elem type=char[])
ARR 50002eaf (sz=48, trace=300000, nelems=24, elem type=char[])
ARR 50002eb0 (sz=36, trace=300000, nelems=18, elem type=char[])
ARR 50002eb1 (sz=38, trace=300000, nelems=19, elem type=char[])
ARR 50002eb2 (sz=42, trace=300000, nelems=21, elem type=char[])
ARR 50002eb3 (sz=40, trace=300000, nelems=20, elem type=char[])
OBJ 50002eb4 (sz=24, trace=300000, class=java.lang.String@50000181)
	value		50002eb5
ARR 50002eb5 (sz=18, trace=300000, nelems=9, elem type=char[])
OBJ 50002eb6 (sz=24, trace=300000, class=java.lang.String@50000181)
	value		50002eb8
OBJ 50002eb7 (sz=24, trace=300000, class=java.lang.String@50000181)
	value		50002f78
ARR 50002eb8 (sz=38, trace=300000, nelems=19, elem type=char[])
OBJ 50002eb9 (sz=24, trace=300000, class=java.lang.String@50000181)
	value		50002f77
OBJ 50002eba (sz=24, trace=300000, class=java.lang.String@50000181)
	value		50002f76
OBJ 50002ebb (sz=24, trace=300000, class=java.lang.String@50000181)
	value		50002f75
OBJ 50002ebc (sz=48, trace=300000, class=java.util.HashMap@500000d9)
	table		500002c5
OBJ 50002ebd (sz=32, trace=300000, class=java.util.HashMap$Node@500000d7)
	key		50002f6d
	value		50002f6c
OBJ 50002ebe (sz=32, trace=300000, class=java.util.HashMap$Node@500000d7)
	key		50002f64
	value		50002f63
OBJ 50002ebf (sz=32, trace=300000, class=java.util.HashMap$Node@500000d7)
	key		50002f1e
	value		50002f1d
	next		50002f1c
OBJ 50002ec0 (sz=32, trace=300000, class=java.util.HashMap$Node@500000d7)
	key		50002f10
	value		50002f0f
OBJ 50002ec1 (sz=32, trace=300000, class=java.util.HashMap$Node@500000d7)
	key		50002f04
	value		50002f03
OBJ 50002ec2 (sz=32, trace=300000, class=java.util.HashMap$Node@500000d7)
	key		50002ef8
	value		50002ef7
OBJ 50002ec3 (sz=32, trace=300000, class=java.util.HashMap$Node@500000d7)
	key		50002eed
	value		50002eec
OBJ 50002ec4 (sz=32, trace=300000, class=java.util.HashMap$Node@500000d7)
	key		50002ed9
	value		50002ed8
	next		50002ed7
OBJ 50002ec5 (sz=32, trace=300000, class=java.util.HashMap$Node@500000d7)
	key		50002eca
	value		50002ec9
	next		50002ec8
ARR 50002ec6 (sz=32, trace=300000, nelems=4, elem type=java.lang.String[]@500000db)
	[0]		500002c8
	[1]		500002ca
	[2]		500002cc
	[3]		500002ce
ARR 50002ec7 (sz=32, trace=300000, nelems=3, elem type=java.lang.String[]@500000db)
	[0]		500002de
	[1]		500002e0
	[2]		500002e2
OBJ 50002ec8 (sz=32, trace=300000, class=java.util.HashMap$Node@500000d7)
	key		50002ed1
	value		50002ed0
OBJ 50002ec9 (sz=24, trace=300000, class=sun.misc.MetaIndex@50000036)
	contents	50002ecd
OBJ 50002eca (sz=32, trace=300000, class=java.io.File@5000012e)
	path		50002ecb
OBJ 50002ecb (sz=24, trace=300000, class=java.lang.String@50000181)
	value		50002ecc
ARR 50002ecc (sz=142, trace=300000, nelems=71, elem type=char[])
ARR 50002ecd (sz=24, trace=300000, nelems=1, elem type=java.lang.String[]@500000db)
	[0]		50002ece
OBJ 50002ece (sz=24, trace=300000, class=java.lang.String@50000181)
	value		50002ecf
ARR 50002ecf (sz=54, trace=300000, nelems=27, elem type=char[])
OBJ 50002ed0 (sz=24, trace=300000, class=sun.misc.MetaIndex@50000036)
	contents	50002ed4
OBJ 50002ed1 (sz=32, trace=300000, class=java.io.File@5000012e)
	path		50002ed2
OBJ 50002ed2 (sz=24, trace=300000, class=java.lang.String@50000181)
	value		50002ed3
ARR 50002ed3 (sz=124, trace=300000, nelems=62, elem type=char[])
ARR 50002ed4 (sz=24, trace=300000, nelems=1, elem type=java.lang.String[]@500000db)
	[0]		50002ed5
OBJ 50002ed5 (sz=24, trace=300000, class=java.lang.String@50000181)
	value		50002ed6
ARR 50002ed6 (sz=54, trace=300000, nelems=27, elem type=char[])
OBJ 50002ed7 (sz=32, trace=300000, class=java.util.HashMap$Node@500000d7)
	key		50002ee2
	value		50002ee1
OBJ 50002ed8 (sz=24, trace=300000, class=sun.misc.MetaIndex@50000036)
	contents	50002edc
OBJ 50002ed9 (sz=32, trace=300000, class=java.io.File@5000012e)
	path		50002eda
OBJ 50002eda (sz=24, trace=300000, class=java.lang.String@50000181)
	value		50002edb
ARR 50002edb (sz=126, trace=300000, nelems=63, elem type=char[])
ARR 50002edc (sz=24, trace=300000, nelems=2, elem type=java.lang.String[]@500000db)
	[0]		50002edd
	[1]		50002ede
OBJ 50002edd (sz=24, trace=300000, class=java.lang.String@50000181)
	value		50002ee0
OBJ 50002ede (sz=24, trace=300000, class=java.lang.String@50000181)
	value		50002edf
ARR 50002edf (sz=16, trace=300000, nelems=8, elem type=char[])
ARR 50002ee0 (sz=16, trace=300000, nelems=8, elem type=char[])
OBJ 50002ee1 (sz=24, trace=300000, class=sun.misc.MetaIndex@50000036)
	contents	50002ee5
OBJ 50002ee2 (sz=32, trace=300000, class=java.io.File@5000012e)
	path		50002ee3
OBJ 50002ee3 (sz=24, trace=300000, class=java.lang.String@50000181)
	value		50002ee4
ARR 50002ee4 (sz=128, trace=300000, nelems=64, elem type=char[])
ARR 50002ee5 (sz=32, trace=300000, nelems=3, elem type=java.lang.String[]@500000db)
	[0]		50002ee6
	[1]		50002ee7
	[2]		50002ee8
OBJ 50002ee6 (sz=24, trace=300000, class=java.lang.String@50000181)
	value		50002eeb
OBJ 50002ee7 (sz=24, trace=300000, class=java.lang.String@50000181)
	value		50002eea
OBJ 50002ee8 (sz=24, trace=300000, class=java.lang.String@50000181)
	value		50002ee9
ARR 50002ee9 (sz=40, trace=300000, nelems=20, elem type=char[])
ARR 50002eea (sz=42, trace=300000, nelems=21, elem type=char[])
ARR 50002eeb (sz=24, trace=300000, nelems=12, elem type=char[])
OBJ 50002eec (sz=24, trace=300000, class=sun.misc.MetaIndex@50000036)
	contents	50002ef0
OBJ 50002eed (sz=32, trace=300000, class=java.io.File@5000012e)
	path		50002eee
OBJ 50002eee (sz=24, trace=300000, class=java.lang.String@50000181)
	value		50002eef
ARR 50002eef (sz=128, trace=300000, nelems=64, elem type=char[])
ARR 50002ef0 (sz=32, trace=300000, nelems=3, elem type=java.lang.String[]@500000db)
	[0]		50002ef1
	[1]		50002ef2
	[2]		50002ef3
OBJ 50002ef1 (sz=24, trace=300000, class=java.lang.String@50000181)
	value		50002ef6
OBJ 50002ef2 (sz=24, trace=300000, class=java.lang.String@50000181)
	value		50002ef5
OBJ 50002ef3 (sz=24, trace=300000, class=java.lang.String@50000181)
	value		50002ef4
ARR 50002ef4 (sz=40, trace=300000, nelems=20, elem type=char[])
ARR 50002ef5 (sz=42, trace=300000, nelems=21, elem type=char[])
ARR 50002ef6 (sz=24, trace=300000, nelems=12, elem type=char[])
OBJ 50002ef7 (sz=24, trace=300000, class=sun.misc.MetaIndex@50000036)
	contents	50002efb
OBJ 50002ef8 (sz=32, trace=300000, class=java.io.File@5000012e)
	path		50002ef9
OBJ 50002ef9 (sz=24, trace=300000, class=java.lang.String@50000181)
	value		50002efa
ARR 50002efa (sz=140, trace=300000, nelems=70, elem type=char[])
ARR 50002efb (sz=32, trace=300000, nelems=3, elem type=java.lang.String[]@500000db)
	[0]		50002efc
	[1]		50002efd
	[2]		50002efe
OBJ 50002efc (sz=24, trace=300000, class=java.lang.String@50000181)
	value		50002f01
OBJ 50002efd (sz=24, trace=300000, class=java.lang.String@50000181)
	value		50002f00
OBJ 50002efe (sz=24, trace=300000, class=java.lang.String@50000181)
	value		50002eff
ARR 50002eff (sz=40, trace=300000, nelems=20, elem type=char[])
ARR 50002f00 (sz=42, trace=300000, nelems=21, elem type=char[])
ARR 50002f01 (sz=30, trace=300000, nelems=15, elem type=char[])
ARR 50002f02 (sz=24, trace=300000, nelems=2, elem type=java.lang.String[]@500000db)
	[0]		500002b4
	[1]		500002b7
OBJ 50002f03 (sz=24, trace=300000, class=sun.misc.MetaIndex@50000036)
	contents	50002f07
OBJ 50002f04 (sz=32, trace=300000, class=java.io.File@5000012e)
	path		50002f05
OBJ 50002f05 (sz=24, trace=300000, class=java.lang.String@50000181)
	value		50002f06
ARR 50002f06 (sz=120, trace=300000, nelems=60, elem type=char[])
ARR 50002f07 (sz=32, trace=300000, nelems=3, elem type=java.lang.String[]@500000db)
	[0]		50002f08
	[1]		50002f09
	[2]		50002f0a
OBJ 50002f08 (sz=24, trace=300000, class=java.lang.String@50000181)
	value		50002f0d
OBJ 50002f09 (sz=24, trace=300000, class=java.lang.String@50000181)
	value		50002f0c
OBJ 50002f0a (sz=24, trace=300000, class=java.lang.String@50000181)
	value		50002f0b
ARR 50002f0b (sz=40, trace=300000, nelems=20, elem type=char[])
ARR 50002f0c (sz=42, trace=300000, nelems=21, elem type=char[])
ARR 50002f0d (sz=24, trace=300000, nelems=12, elem type=char[])
ARR 50002f0e (sz=24, trace=300000, nelems=2, elem type=java.lang.String[]@500000db)
	[0]		500002f2
	[1]		500002f4
OBJ 50002f0f (sz=24, trace=300000, class=sun.misc.MetaIndex@50000036)
	contents	50002f13
OBJ 50002f10 (sz=32, trace=300000, class=java.io.File@5000012e)
	path		50002f11
OBJ 50002f11 (sz=24, trace=300000, class=java.lang.String@50000181)
	value		50002f12
ARR 50002f12 (sz=124, trace=300000, nelems=62, elem type=char[])
ARR 50002f13 (sz=32, trace=300000, nelems=3, elem type=java.lang.String[]@500000db)
	[0]		50002f14
	[1]		50002f15
	[2]		50002f16
OBJ 50002f14 (sz=24, trace=300000, class=java.lang.String@50000181)
	value		50002f19
OBJ 50002f15 (sz=24, trace=300000, class=java.lang.String@50000181)
	value		50002f18
OBJ 50002f16 (sz=24, trace=300000, class=java.lang.String@50000181)
	value		50002f17
ARR 50002f17 (sz=24, trace=300000, nelems=12, elem type=char[])
ARR 50002f18 (sz=100, trace=300000, nelems=50, elem type=char[])
ARR 50002f19 (sz=22, trace=300000, nelems=11, elem type=char[])
ARR 50002f1a (sz=168, trace=300000, nelems=37, elem type=java.lang.String[]@500000db)
	[0]		5000035b
	[1]		5000035d
	[2]		5000035f
	[3]		50000361
	[4]		50000363
	[5]		50000365
	[6]		50000367
	[7]		50000369
	[8]		5000036b
	[9]		5000036d
	[10]		5000036f
	[11]		50000371
	[12]		50000373
	[13]		50000375
	[14]		50000377
	[15]		50000379
	[16]		5000037b
	[17]		5000037d
	[18]		5000037f
	[19]		50000381
	[20]		50000383
	[21]		50000385
	[22]		50000387
	[23]		50000389
	[24]		5000038b
	[25]		5000038d
	[26]		5000038f
	[27]		50000391
	[28]		50000393
	[29]		50000395
	[30]		50000397
	[31]		50000399
	[32]		5000039b
	[33]		5000039d
	[34]		500003a0
	[35]		500003a2
	[36]		500003a4
ARR 50002f1b (sz=152, trace=300000, nelems=33, elem type=java.lang.String[]@500000db)
	[0]		50000308
	[1]		5000030a
	[2]		5000030c
	[3]		5000030e
	[4]		50000310
	[5]		50000312
	[6]		50000314
	[7]		50000316
	[8]		50000318
	[9]		5000031a
	[10]		5000031c
	[11]		5000031f
	[12]		50000321
	[13]		50000323
	[14]		50000325
	[15]		50000327
	[16]		5000032a
	[17]		5000032c
	[18]		5000032e
	[19]		50000330
	[20]		50000332
	[21]		50000334
	[22]		50000336
	[23]		50000339
	[24]		5000033b
	[25]		5000033d
	[26]		5000033f
	[27]		50000341
	[28]		50000343
	[29]		50000345
	[30]		50000347
	[31]		50000349
	[32]		5000034b
OBJ 50002f1c (sz=32, trace=300000, class=java.util.HashMap$Node@500000d7)
	key		50002f27
	value		50002f26
OBJ 50002f1d (sz=24, trace=300000, class=sun.misc.MetaIndex@50000036)
	contents	50002f21
OBJ 50002f1e (sz=32, trace=300000, class=java.io.File@5000012e)
	path		50002f1f
OBJ 50002f1f (sz=24, trace=300000, class=java.lang.String@50000181)
	value		50002f20
ARR 50002f20 (sz=120, trace=300000, nelems=60, elem type=char[])
ARR 50002f21 (sz=24, trace=300000, nelems=2, elem type=java.lang.String[]@500000db)
	[0]		50002f22
	[1]		50002f23
OBJ 50002f22 (sz=24, trace=300000, class=java.lang.String@50000181)
	value		50002f25
OBJ 50002f23 (sz=24, trace=300000, class=java.lang.String@50000181)
	value		50002f24
ARR 50002f24 (sz=24, trace=300000, nelems=12, elem type=char[])
ARR 50002f25 (sz=108, trace=300000, nelems=54, elem type=char[])
OBJ 50002f26 (sz=24, trace=300000, class=sun.misc.MetaIndex@50000036)
	contents	50002f2a
OBJ 50002f27 (sz=32, trace=300000, class=java.io.File@5000012e)
	path		50002f28
OBJ 50002f28 (sz=24, trace=300000, class=java.lang.String@50000181)
	value		50002f29
ARR 50002f29 (sz=120, trace=300000, nelems=60, elem type=char[])
ARR 50002f2a (sz=128, trace=300000, nelems=28, elem type=java.lang.String[]@500000db)
	[0]		50002f2b
	[1]		50002f2c
	[2]		50002f2d
	[3]		50002f2e
	[4]		50002f2f
	[5]		50002f30
	[6]		50002f31
	[7]		50002f32
	[8]		50002f33
	[9]		50002f34
	[10]		50002f35
	[11]		50002f36
	[12]		50002f37
	[13]		50002f38
	[14]		50002f39
	[15]		50002f3a
	[16]		50002f3b
	[17]		50002f3c
	[18]		50002f3d
	[19]		50002f3e
	[20]		50002f3f
	[21]		50002f40
	[22]		50002f41
	[23]		50002f42
	[24]		50002f43
	[25]		50002f44
	[26]		50002f45
	[27]		50002f46
OBJ 50002f2b (sz=24, trace=300000, class=java.lang.String@50000181)
	value		50002f62
OBJ 50002f2c (sz=24, trace=300000, class=java.lang.String@50000181)
	value		50002f61
OBJ 50002f2d (sz=24, trace=300000, class=java.lang.String@50000181)
	value		50002f60
OBJ 50002f2e (sz=24, trace=300000, class=java.lang.String@50000181)
	value		50002f5f
OBJ 50002f2f (sz=24, trace=300000, class=java.lang.String@50000181)
	value		50002f5e
OBJ 50002f30 (sz=24, trace=300000, class=java.lang.String@50000181)
	value		50002f5d
OBJ 50002f31 (sz=24, trace=300000, class=java.lang.String@50000181)
	value		50002f5c
OBJ 50002f32 (sz=24, trace=300000, class=java.lang.String@50000181)
	value		50002f5b
OBJ 50002f33 (sz=24, trace=300000, class=java.lang.String@50000181)
	value		50002f5a
OBJ 50002f34 (sz=24, trace=300000, class=java.lang.String@50000181)
	value		50002f59
OBJ 50002f35 (sz=24, trace=300000, class=java.lang.String@50000181)
	value		50002f58
OBJ 50002f36 (sz=24, trace=300000, class=java.lang.String@50000181)
	value		50002f57
OBJ 50002f37 (sz=24, trace=300000, class=java.lang.String@50000181)
	value		50002f56
OBJ 50002f38 (sz=24, trace=300000, class=java.lang.String@50000181)
	value		50002f55
OBJ 50002f39 (sz=24, trace=300000, class=java.lang.String@50000181)
	value		50002f54
OBJ 50002f3a (sz=24, trace=300000, class=java.lang.String@50000181)
	value		50002f53
OBJ 50002f3b (sz=24, trace=300000, class=java.lang.String@50000181)
	value		50002f52
OBJ 50002f3c (sz=24, trace=300000, class=java.lang.String@50000181)
	value		50002f51
OBJ 50002f3d (sz=24, trace=300000, class=java.lang.String@50000181)
	value		50002f50
OBJ 50002f3e (sz=24, trace=300000, class=java.lang.String@50000181)
	value		50002f4f
OBJ 50002f3f (sz=24, trace=300000, class=java.lang.String@50000181)
	value		50002f4e
OBJ 50002f40 (sz=24, trace=300000, class=java.lang.String@50000181)
	value		50002f4d
OBJ 50002f41 (sz=24, trace=300000, class=java.lang.String@50000181)
	value		50002f4c
OBJ 50002f42 (sz=24, trace=300000, class=java.lang.String@50000181)
	value		50002f4b
OBJ 50002f43 (sz=24, trace=300000, class=java.lang.String@50000181)
	value		50002f4a
OBJ 50002f44 (sz=24, trace=300000, class=java.lang.String@50000181)
	value		50002f49
OBJ 50002f45 (sz=24, trace=300000, class=java.lang.String@50000181)
	value		50002f48
OBJ 50002f46 (sz=24, trace=300000, class=java.lang.String@50000181)
	value		50002f47
ARR 50002f47 (sz=40, trace=300000, nelems=20, elem type=char[])
ARR 50002f48 (sz=24, trace=300000, nelems=12, elem type=char[])
ARR 50002f49 (sz=26, trace=300000, nelems=13, elem type=char[])
ARR 50002f4a (sz=26, trace=300000, nelems=13, elem type=char[])
ARR 50002f4b (sz=26, trace=300000, nelems=13, elem type=char[])
ARR 50002f4c (sz=32, trace=300000, nelems=16, elem type=char[])
ARR 50002f4d (sz=24, trace=300000, nelems=12, elem type=char[])
ARR 50002f4e (sz=26, trace=300000, nelems=13, elem type=char[])
ARR 50002f4f (sz=38, trace=300000, nelems=19, elem type=char[])
ARR 50002f50 (sz=22, trace=300000, nelems=11, elem type=char[])
ARR 50002f51 (sz=36, trace=300000, nelems=18, elem type=char[])
ARR 50002f52 (sz=38, trace=300000, nelems=19, elem type=char[])
ARR 50002f53 (sz=26, trace=300000, nelems=13, elem type=char[])
ARR 50002f54 (sz=38, trace=300000, nelems=19, elem type=char[])
ARR 50002f55 (sz=34, trace=300000, nelems=17, elem type=char[])
ARR 50002f56 (sz=30, trace=300000, nelems=15, elem type=char[])
ARR 50002f57 (sz=34, trace=300000, nelems=17, elem type=char[])
ARR 50002f58 (sz=28, trace=300000, nelems=14, elem type=char[])
ARR 50002f59 (sz=30, trace=300000, nelems=15, elem type=char[])
ARR 50002f5a (sz=38, trace=300000, nelems=19, elem type=char[])
ARR 50002f5b (sz=54, trace=300000, nelems=27, elem type=char[])
ARR 50002f5c (sz=46, trace=300000, nelems=23, elem type=char[])
ARR 50002f5d (sz=30, trace=300000, nelems=15, elem type=char[])
ARR 50002f5e (sz=40, trace=300000, nelems=20, elem type=char[])
ARR 50002f5f (sz=34, trace=300000, nelems=17, elem type=char[])
ARR 50002f60 (sz=42, trace=300000, nelems=21, elem type=char[])
ARR 50002f61 (sz=66, trace=300000, nelems=33, elem type=char[])
ARR 50002f62 (sz=38, trace=300000, nelems=19, elem type=char[])
OBJ 50002f63 (sz=24, trace=300000, class=sun.misc.MetaIndex@50000036)
	contents	50002f67
OBJ 50002f64 (sz=32, trace=300000, class=java.io.File@5000012e)
	path		50002f65
OBJ 50002f65 (sz=24, trace=300000, class=java.lang.String@50000181)
	value		50002f66
ARR 50002f66 (sz=130, trace=300000, nelems=65, elem type=char[])
ARR 50002f67 (sz=24, trace=300000, nelems=2, elem type=java.lang.String[]@500000db)
	[0]		50002f68
	[1]		50002f69
OBJ 50002f68 (sz=24, trace=300000, class=java.lang.String@50000181)
	value		50002f6b
OBJ 50002f69 (sz=24, trace=300000, class=java.lang.String@50000181)
	value		50002f6a
ARR 50002f6a (sz=16, trace=300000, nelems=8, elem type=char[])
ARR 50002f6b (sz=16, trace=300000, nelems=8, elem type=char[])
OBJ 50002f6c (sz=24, trace=300000, class=sun.misc.MetaIndex@50000036)
	contents	50002f70
OBJ 50002f6d (sz=32, trace=300000, class=java.io.File@5000012e)
	path		50002f6e
OBJ 50002f6e (sz=24, trace=300000, class=java.lang.String@50000181)
	value		50002f6f
ARR 50002f6f (sz=120, trace=300000, nelems=60, elem type=char[])
ARR 50002f70 (sz=24, trace=300000, nelems=2, elem type=java.lang.String[]@500000db)
	[0]		50002f71
	[1]		50002f72
OBJ 50002f71 (sz=24, trace=300000, class=java.lang.String@50000181)
	value		50002f74
OBJ 50002f72 (sz=24, trace=300000, class=java.lang.String@50000181)
	value		50002f73
ARR 50002f73 (sz=14, trace=300000, nelems=7, elem type=char[])
ARR 50002f74 (sz=126, trace=300000, nelems=63, elem type=char[])
ARR 50002f75 (sz=20, trace=300000, nelems=10, elem type=char[])
ARR 50002f76 (sz=12, trace=300000, nelems=6, elem type=char[])
ARR 50002f77 (sz=22, trace=300000, nelems=11, elem type=char[])
ARR 50002f78 (sz=68, trace=300000, nelems=34, elem type=char[])
ARR 50002f79 (sz=16, trace=300000, nelems=0, elem type=java.lang.Throwable[]@50000113)
OBJ 50002f7a (sz=24, trace=300000, class=java.lang.String@50000181)
	value		50002f84
OBJ 50002f7b (sz=24, trace=300000, class=java.lang.String@50000181)
	value		50002f83
OBJ 50002f7c (sz=24, trace=300000, class=java.lang.String@50000181)
	value		50002f82
OBJ 50002f7d (sz=24, trace=300000, class=java.lang.String@50000181)
	value		50002f81
OBJ 50002f7e (sz=24, trace=300000, class=java.util.Collections$UnmodifiableRandomAccessList@500000e6)
	c		50002f80
	list		50002f80
ARR 50002f7f (sz=16, trace=300000, nelems=0, elem type=java.lang.StackTraceElement[]@50000107)
OBJ 50002f80 (sz=24, trace=300000, class=java.util.ArrayList@500000f0)
	elementData	50001e48
ARR 50002f81 (sz=66, trace=300000, nelems=33, elem type=char[])
ARR 50002f82 (sz=60, trace=300000, nelems=30, elem type=char[])
ARR 50002f83 (sz=22, trace=300000, nelems=11, elem type=char[])
ARR 50002f84 (sz=24, trace=300000, nelems=12, elem type=char[])
ARR 50002f85 (sz=4, trace=300000, nelems=2, elem type=char[])
ARR 50002f86 (sz=80, trace=300000, nelems=40, elem type=char[])
ARR 50002f87 (sz=76, trace=300000, nelems=38, elem type=char[])
ARR 50002f88 (sz=54, trace=300000, nelems=27, elem type=char[])
ARR 50002f89 (sz=62, trace=300000, nelems=31, elem type=char[])
ARR 50002f8a (sz=98, trace=300000, nelems=49, elem type=char[])
ARR 50002f8b (sz=24, trace=300000, nelems=12, elem type=char[])
OBJ 50002f8c (sz=24, trace=300000, class=java.lang.String@50000181)
	value		50002f93
OBJ 50002f8d (sz=24, trace=300000, class=java.lang.String@50000181)
	value		50002f92
OBJ 50002f8e (sz=24, trace=300000, class=java.lang.String@50000181)
	value		50002f90
OBJ 50002f8f (sz=24, trace=300000, class=java.lang.String@50000181)
	value		50002f91
ARR 50002f90 (sz=26, trace=300000, nelems=13, elem type=char[])
ARR 50002f91 (sz=10, trace=300000, nelems=5, elem type=char[])
ARR 50002f92 (sz=12, trace=300000, nelems=6, elem type=char[])
ARR 50002f93 (sz=6, trace=300000, nelems=3, elem type=char[])
OBJ 50002f94 (sz=32, trace=300000, class=java.lang.ref.ReferenceQueue@5000015f)
	lock		50002f95
OBJ 50002f95 (sz=16, trace=300000, class=java.lang.ref.ReferenceQueue$Lock@500000e4)
OBJ 50002f96 (sz=24, trace=300000, class=java.lang.String@50000181)
	value		50002f97
ARR 50002f97 (sz=12, trace=300000, nelems=6, elem type=char[])
ARR 50002f98 (sz=34, trace=300000, nelems=17, elem type=char[])
OBJ 50002f99 (sz=16, trace=300000, class=java.lang.ref.ReferenceQueue$Lock@500000e4)
OBJ 50002f9a (sz=48, trace=300000, class=sun.util.locale.LocaleObjectCache$CacheEntry@50000019)
	referent	50001d6f
	queue		50001c00
	key		50002f9b
OBJ 50002f9b (sz=40, trace=300000, class=sun.util.locale.BaseLocale$Key@5000001a)
	lang		50002f9f
	scrt		50002f9e
	regn		50002f9d
	vart		50002f9c
OBJ 50002f9c (sz=40, trace=300000, class=java.lang.ref.SoftReference@50000165)
	referent	5000177a
	queue		50001c15
OBJ 50002f9d (sz=40, trace=300000, class=java.lang.ref.SoftReference@50000165)
	referent	50001d07
	queue		50001c15
OBJ 50002f9e (sz=40, trace=300000, class=java.lang.ref.SoftReference@50000165)
	referent	5000177a
	queue		50001c15
OBJ 50002f9f (sz=40, trace=300000, class=java.lang.ref.SoftReference@50000165)
	referent	50001cfb
	queue		50001c15
OBJ 50002fa0 (sz=48, trace=300000, class=sun.util.locale.LocaleObjectCache$CacheEntry@50000019)
	referent	50001d61
	queue		50001c00
	key		50002fa1
OBJ 50002fa1 (sz=40, trace=300000, class=sun.util.locale.BaseLocale$Key@5000001a)
	lang		50002fa5
	scrt		50002fa4
	regn		50002fa3
	vart		50002fa2
OBJ 50002fa2 (sz=40, trace=300000, class=java.lang.ref.SoftReference@50000165)
	referent	5000177a
	queue		50001c15
OBJ 50002fa3 (sz=40, trace=300000, class=java.lang.ref.SoftReference@50000165)
	referent	5000177a
	queue		50001c15
OBJ 50002fa4 (sz=40, trace=300000, class=java.lang.ref.SoftReference@50000165)
	referent	5000177a
	queue		50001c15
OBJ 50002fa5 (sz=40, trace=300000, class=java.lang.ref.SoftReference@50000165)
	referent	50001cfa
	queue		50001c15
OBJ 50002fa6 (sz=48, trace=300000, class=sun.util.locale.LocaleObjectCache$CacheEntry@50000019)
	referent	50001d4e
	queue		50001c00
	key		50002fa7
OBJ 50002fa7 (sz=40, trace=300000, class=sun.util.locale.BaseLocale$Key@5000001a)
	lang		50002fab
	scrt		50002faa
	regn		50002fa9
	vart		50002fa8
OBJ 50002fa8 (sz=40, trace=300000, class=java.lang.ref.SoftReference@50000165)
	referent	5000177a
	queue		50001c15
OBJ 50002fa9 (sz=40, trace=300000, class=java.lang.ref.SoftReference@50000165)
	referent	5000177a
	queue		50001c15
OBJ 50002faa (sz=40, trace=300000, class=java.lang.ref.SoftReference@50000165)
	referent	5000177a
	queue		50001c15
OBJ 50002fab (sz=40, trace=300000, class=java.lang.ref.SoftReference@50000165)
	referent	50001bf5
	queue		50001c15
OBJ 50002fac (sz=32, trace=300000, class=java.util.concurrent.ConcurrentHashMap$Node@50000024)
	key		50002fb5
	val		50002fb4
	next		50002fb3
OBJ 50002fad (sz=48, trace=300000, class=sun.util.locale.LocaleObjectCache$CacheEntry@50000019)
	referent	50001d69
	queue		50001c00
	key		50002fae
OBJ 50002fae (sz=40, trace=300000, class=sun.util.locale.BaseLocale$Key@5000001a)
	lang		50002fb2
	scrt		50002fb1
	regn		50002fb0
	vart		50002faf
OBJ 50002faf (sz=40, trace=300000, class=java.lang.ref.SoftReference@50000165)
	referent	5000177a
	queue		50001c15
OBJ 50002fb0 (sz=40, trace=300000, class=java.lang.ref.SoftReference@50000165)
	referent	5000177a
	queue		50001c15
OBJ 50002fb1 (sz=40, trace=300000, class=java.lang.ref.SoftReference@50000165)
	referent	5000177a
	queue		50001c15
OBJ 50002fb2 (sz=40, trace=300000, class=java.lang.ref.SoftReference@50000165)
	referent	50001c16
	queue		50001c15
OBJ 50002fb3 (sz=32, trace=300000, class=java.util.concurrent.ConcurrentHashMap$Node@50000024)
	key		50002fbb
	val		50002fba
OBJ 50002fb4 (sz=48, trace=300000, class=sun.util.locale.LocaleObjectCache$CacheEntry@50000019)
	referent	50001d55
	queue		50001c00
	key		50002fb5
OBJ 50002fb5 (sz=40, trace=300000, class=sun.util.locale.BaseLocale$Key@5000001a)
	lang		50002fb9
	scrt		50002fb8
	regn		50002fb7
	vart		50002fb6
OBJ 50002fb6 (sz=40, trace=300000, class=java.lang.ref.SoftReference@50000165)
	referent	5000177a
	queue		50001c15
OBJ 50002fb7 (sz=40, trace=300000, class=java.lang.ref.SoftReference@50000165)
	referent	50001cee
	queue		50001c15
OBJ 50002fb8 (sz=40, trace=300000, class=java.lang.ref.SoftReference@50000165)
	referent	5000177a
	queue		50001c15
OBJ 50002fb9 (sz=40, trace=300000, class=java.lang.ref.SoftReference@50000165)
	referent	50001cf5
	queue		50001c15
OBJ 50002fba (sz=48, trace=300000, class=sun.util.locale.LocaleObjectCache$CacheEntry@50000019)
	referent	50001d73
	queue		50001c00
	key		50002fbb
OBJ 50002fbb (sz=40, trace=300000, class=sun.util.locale.BaseLocale$Key@5000001a)
	lang		50002fbf
	scrt		50002fbe
	regn		50002fbd
	vart		50002fbc
OBJ 50002fbc (sz=40, trace=300000, class=java.lang.ref.SoftReference@50000165)
	referent	5000177a
	queue		50001c15
OBJ 50002fbd (sz=40, trace=300000, class=java.lang.ref.SoftReference@50000165)
	referent	50001cf1
	queue		50001c15
OBJ 50002fbe (sz=40, trace=300000, class=java.lang.ref.SoftReference@50000165)
	referent	5000177a
	queue		50001c15
OBJ 50002fbf (sz=40, trace=300000, class=java.lang.ref.SoftReference@50000165)
	referent	50001cfa
	queue		50001c15
OBJ 50002fc0 (sz=32, trace=300000, class=java.util.concurrent.ConcurrentHashMap$Node@50000024)
	key		50002fc8
	val		50002fc7
OBJ 50002fc1 (sz=48, trace=300000, class=sun.util.locale.LocaleObjectCache$CacheEntry@50000019)
	referent	50001d5d
	queue		50001c00
	key		50002fc2
OBJ 50002fc2 (sz=40, trace=300000, class=sun.util.locale.BaseLocale$Key@5000001a)
	lang		50002fc6
	scrt		50002fc5
	regn		50002fc4
	vart		50002fc3
OBJ 50002fc3 (sz=40, trace=300000, class=java.lang.ref.SoftReference@50000165)
	referent	5000177a
	queue		50001c15
OBJ 50002fc4 (sz=40, trace=300000, class=java.lang.ref.SoftReference@50000165)
	referent	5000177a
	queue		50001c15
OBJ 50002fc5 (sz=40, trace=300000, class=java.lang.ref.SoftReference@50000165)
	referent	5000177a
	queue		50001c15
OBJ 50002fc6 (sz=40, trace=300000, class=java.lang.ref.SoftReference@50000165)
	referent	50001cf9
	queue		50001c15
OBJ 50002fc7 (sz=48, trace=300000, class=sun.util.locale.LocaleObjectCache$CacheEntry@50000019)
	referent	50001d33
	queue		50001c00
	key		50002fc8
OBJ 50002fc8 (sz=40, trace=300000, class=sun.util.locale.BaseLocale$Key@5000001a)
	lang		50002fcc
	scrt		50002fcb
	regn		50002fca
	vart		50002fc9
OBJ 50002fc9 (sz=40, trace=300000, class=java.lang.ref.SoftReference@50000165)
	referent	5000177a
	queue		50001c15
OBJ 50002fca (sz=40, trace=300000, class=java.lang.ref.SoftReference@50000165)
	referent	50001d06
	queue		50001c15
OBJ 50002fcb (sz=40, trace=300000, class=java.lang.ref.SoftReference@50000165)
	referent	5000177a
	queue		50001c15
OBJ 50002fcc (sz=40, trace=300000, class=java.lang.ref.SoftReference@50000165)
	referent	50001cf6
	queue		50001c15
OBJ 50002fcd (sz=48, trace=300000, class=sun.util.locale.LocaleObjectCache$CacheEntry@50000019)
	referent	50001d4b
	queue		50001c00
	key		50002fce
OBJ 50002fce (sz=40, trace=300000, class=sun.util.locale.BaseLocale$Key@5000001a)
	lang		50002fd2
	scrt		50002fd1
	regn		50002fd0
	vart		50002fcf
OBJ 50002fcf (sz=40, trace=300000, class=java.lang.ref.SoftReference@50000165)
	referent	5000177a
	queue		50001c15
OBJ 50002fd0 (sz=40, trace=300000, class=java.lang.ref.SoftReference@50000165)
	referent	5000177a
	queue		50001c15
OBJ 50002fd1 (sz=40, trace=300000, class=java.lang.ref.SoftReference@50000165)
	referent	5000177a
	queue		50001c15
OBJ 50002fd2 (sz=40, trace=300000, class=java.lang.ref.SoftReference@50000165)
	referent	50001cf6
	queue		50001c15
OBJ 50002fd3 (sz=32, trace=300000, class=java.util.concurrent.ConcurrentHashMap$Node@50000024)
	key		50002fdc
	val		50002fdb
	next		50002fda
OBJ 50002fd4 (sz=48, trace=300000, class=sun.util.locale.LocaleObjectCache$CacheEntry@50000019)
	referent	50001d65
	queue		50001c00
	key		50002fd5
OBJ 50002fd5 (sz=40, trace=300000, class=sun.util.locale.BaseLocale$Key@5000001a)
	lang		50002fd9
	scrt		50002fd8
	regn		50002fd7
	vart		50002fd6
OBJ 50002fd6 (sz=40, trace=300000, class=java.lang.ref.SoftReference@50000165)
	referent	5000177a
	queue		50001c15
OBJ 50002fd7 (sz=40, trace=300000, class=java.lang.ref.SoftReference@50000165)
	referent	50001cf2
	queue		50001c15
OBJ 50002fd8 (sz=40, trace=300000, class=java.lang.ref.SoftReference@50000165)
	referent	5000177a
	queue		50001c15
OBJ 50002fd9 (sz=40, trace=300000, class=java.lang.ref.SoftReference@50000165)
	referent	50001bf5
	queue		50001c15
OBJ 50002fda (sz=32, trace=300000, class=java.util.concurrent.ConcurrentHashMap$Node@50000024)
	key		50002fe3
	val		50002fe2
	next		50002fe1
OBJ 50002fdb (sz=48, trace=300000, class=sun.util.locale.LocaleObjectCache$CacheEntry@50000019)
	referent	50001d42
	queue		50001c00
	key		50002fdc
OBJ 50002fdc (sz=40, trace=300000, class=sun.util.locale.BaseLocale$Key@5000001a)
	lang		50002fe0
	scrt		50002fdf
	regn		50002fde
	vart		50002fdd
OBJ 50002fdd (sz=40, trace=300000, class=java.lang.ref.SoftReference@50000165)
	referent	5000177a
	queue		50001c15
OBJ 50002fde (sz=40, trace=300000, class=java.lang.ref.SoftReference@50000165)
	referent	50001cef
	queue		50001c15
OBJ 50002fdf (sz=40, trace=300000, class=java.lang.ref.SoftReference@50000165)
	referent	5000177a
	queue		50001c15
OBJ 50002fe0 (sz=40, trace=300000, class=java.lang.ref.SoftReference@50000165)
	referent	50001c16
	queue		50001c15
OBJ 50002fe1 (sz=32, trace=300000, class=java.util.concurrent.ConcurrentHashMap$Node@50000024)
	key		50002fe9
	val		50002fe8
OBJ 50002fe2 (sz=48, trace=300000, class=sun.util.locale.LocaleObjectCache$CacheEntry@50000019)
	referent	50001d3a
	queue		50001c00
	key		50002fe3
OBJ 50002fe3 (sz=40, trace=300000, class=sun.util.locale.BaseLocale$Key@5000001a)
	lang		50002fe7
	scrt		50002fe6
	regn		50002fe5
	vart		50002fe4
OBJ 50002fe4 (sz=40, trace=300000, class=java.lang.ref.SoftReference@50000165)
	referent	5000177a
	queue		50001c15
OBJ 50002fe5 (sz=40, trace=300000, class=java.lang.ref.SoftReference@50000165)
	referent	50001d08
	queue		50001c15
OBJ 50002fe6 (sz=40, trace=300000, class=java.lang.ref.SoftReference@50000165)
	referent	5000177a
	queue		50001c15
OBJ 50002fe7 (sz=40, trace=300000, class=java.lang.ref.SoftReference@50000165)
	referent	50001cf6
	queue		50001c15
OBJ 50002fe8 (sz=48, trace=300000, class=sun.util.locale.LocaleObjectCache$CacheEntry@50000019)
	referent	50001d3e
	queue		50001c00
	key		50002fe9
OBJ 50002fe9 (sz=40, trace=300000, class=sun.util.locale.BaseLocale$Key@5000001a)
	lang		50002fed
	scrt		50002fec
	regn		50002feb
	vart		50002fea
OBJ 50002fea (sz=40, trace=300000, class=java.lang.ref.SoftReference@50000165)
	referent	5000177a
	queue		50001c15
OBJ 50002feb (sz=40, trace=300000, class=java.lang.ref.SoftReference@50000165)
	referent	50001d05
	queue		50001c15
OBJ 50002fec (sz=40, trace=300000, class=java.lang.ref.SoftReference@50000165)
	referent	5000177a
	queue		50001c15
OBJ 50002fed (sz=40, trace=300000, class=java.lang.ref.SoftReference@50000165)
	referent	50001cf6
	queue		50001c15
OBJ 50002fee (sz=48, trace=300000, class=sun.util.locale.LocaleObjectCache$CacheEntry@50000019)
	referent	50001d46
	queue		50001c00
	key		50002fef
OBJ 50002fef (sz=40, trace=300000, class=sun.util.locale.BaseLocale$Key@5000001a)
	lang		50002ff3
	scrt		50002ff2
	regn		50002ff1
	vart		50002ff0
OBJ 50002ff0 (sz=40, trace=300000, class=java.lang.ref.SoftReference@50000165)
	referent	5000177a
	queue		50001c15
OBJ 50002ff1 (sz=40, trace=300000, class=java.lang.ref.SoftReference@50000165)
	referent	50001cf0
	queue		50001c15
OBJ 50002ff2 (sz=40, trace=300000, class=java.lang.ref.SoftReference@50000165)
	referent	5000177a
	queue		50001c15
OBJ 50002ff3 (sz=40, trace=300000, class=java.lang.ref.SoftReference@50000165)
	referent	50001cf9
	queue		50001c15
OBJ 50002ff4 (sz=48, trace=300000, class=sun.util.locale.LocaleObjectCache$CacheEntry@50000019)
	referent	50001d59
	queue		50001c00
	key		50002ff5
OBJ 50002ff5 (sz=40, trace=300000, class=sun.util.locale.BaseLocale$Key@5000001a)
	lang		50002ff9
	scrt		50002ff8
	regn		50002ff7
	vart		50002ff6
OBJ 50002ff6 (sz=40, trace=300000, class=java.lang.ref.SoftReference@50000165)
	referent	5000177a
	queue		50001c15
OBJ 50002ff7 (sz=40, trace=300000, class=java.lang.ref.SoftReference@50000165)
	referent	5000177a
	queue		50001c15
OBJ 50002ff8 (sz=40, trace=300000, class=java.lang.ref.SoftReference@50000165)
	referent	5000177a
	queue		50001c15
OBJ 50002ff9 (sz=40, trace=300000, class=java.lang.ref.SoftReference@50000165)
	referent	50001cfb
	queue		50001c15
OBJ 50002ffa (sz=48, trace=300000, class=sun.util.locale.LocaleObjectCache$CacheEntry@50000019)
	referent	50001d51
	queue		50001c00
	key		50002ffb
OBJ 50002ffb (sz=40, trace=300000, class=sun.util.locale.BaseLocale$Key@5000001a)
	lang		50002fff
	scrt		50002ffe
	regn		50002ffd
	vart		50002ffc
OBJ 50002ffc (sz=40, trace=300000, class=java.lang.ref.SoftReference@50000165)
	referent	5000177a
	queue		50001c15
OBJ 50002ffd (sz=40, trace=300000, class=java.lang.ref.SoftReference@50000165)
	referent	5000177a
	queue		50001c15
OBJ 50002ffe (sz=40, trace=300000, class=java.lang.ref.SoftReference@50000165)
	referent	5000177a
	queue		50001c15
OBJ 50002fff (sz=40, trace=300000, class=java.lang.ref.SoftReference@50000165)
	referent	50001cf5
	queue		50001c15
OBJ 50003000 (sz=32, trace=300000, class=java.util.concurrent.ConcurrentHashMap$Node@50000024)
	key		50003008
	val		50003007
OBJ 50003001 (sz=48, trace=300000, class=sun.util.locale.LocaleObjectCache$CacheEntry@50000019)
	referent	50001d78
	queue		50001c00
	key		50003002
OBJ 50003002 (sz=40, trace=300000, class=sun.util.locale.BaseLocale$Key@5000001a)
	lang		50003006
	scrt		50003005
	regn		50003004
	vart		50003003
OBJ 50003003 (sz=40, trace=300000, class=java.lang.ref.SoftReference@50000165)
	referent	5000177a
	queue		50001c15
OBJ 50003004 (sz=40, trace=300000, class=java.lang.ref.SoftReference@50000165)
	referent	50001bf3
	queue		50001c15
OBJ 50003005 (sz=40, trace=300000, class=java.lang.ref.SoftReference@50000165)
	referent	5000177a
	queue		50001c15
OBJ 50003006 (sz=40, trace=300000, class=java.lang.ref.SoftReference@50000165)
	referent	50001bf5
	queue		50001c15
OBJ 50003007 (sz=48, trace=300000, class=sun.util.locale.LocaleObjectCache$CacheEntry@50000019)
	referent	50001d7b
	queue		50001c00
	key		50003008
OBJ 50003008 (sz=40, trace=300000, class=sun.util.locale.BaseLocale$Key@5000001a)
	lang		5000300c
	scrt		5000300b
	regn		5000300a
	vart		50003009
OBJ 50003009 (sz=40, trace=300000, class=java.lang.ref.SoftReference@50000165)
	referent	5000177a
	queue		50001c15
OBJ 5000300a (sz=40, trace=300000, class=java.lang.ref.SoftReference@50000165)
	referent	5000177a
	queue		50001c15
OBJ 5000300b (sz=40, trace=300000, class=java.lang.ref.SoftReference@50000165)
	referent	5000177a
	queue		50001c15
OBJ 5000300c (sz=40, trace=300000, class=java.lang.ref.SoftReference@50000165)
	referent	5000177a
	queue		50001c15
ARR 5000300d (sz=4, trace=300000, nelems=2, elem type=char[])
ARR 5000300e (sz=4, trace=300000, nelems=2, elem type=char[])
ARR 5000300f (sz=4, trace=300000, nelems=2, elem type=char[])
ARR 50003010 (sz=20, trace=300000, nelems=10, elem type=char[])
OBJ 50003011 (sz=56, trace=300000, class=java.util.ResourceBundle$CacheKey@50000755)
	name		50000af2
	locale		50001d0a
	loaderRef	50000f1f
	format		50001bf2
OBJ 50003012 (sz=56, trace=300000, class=java.util.ResourceBundle$CacheKey@50000755)
	name		50000af2
	locale		50001d16
	loaderRef	50000ec3
	format		50001bf2
OBJ 50003013 (sz=56, trace=300000, class=java.util.ResourceBundle$CacheKey@50000755)
	name		50000af2
	locale		50001d0b
	loaderRef	50000b2f
	format		50001bf2
OBJ 50003014 (sz=24, trace=300000, class=java.lang.String@50000181)
	value		50003015
ARR 50003015 (sz=20, trace=300000, nelems=10, elem type=char[])
OBJ 50003016 (sz=24, trace=300000, class=java.lang.String@50000181)
	value		50003019
OBJ 50003017 (sz=24, trace=300000, class=java.lang.String@50000181)
	value		50003018
ARR 50003018 (sz=4, trace=300000, nelems=2, elem type=char[])
ARR 50003019 (sz=4, trace=300000, nelems=2, elem type=char[])
OBJ 5000301a (sz=24, trace=300000, class=java.lang.String@50000181)
	value		5000301b
ARR 5000301b (sz=38, trace=300000, nelems=19, elem type=char[])
OBJ 5000301c (sz=24, trace=300000, class=java.lang.String@50000181)
	value		5000302b
OBJ 5000301d (sz=24, trace=300000, class=java.lang.String@50000181)
	value		5000302a
OBJ 5000301e (sz=24, trace=300000, class=java.lang.String@50000181)
	value		50003029
OBJ 5000301f (sz=24, trace=300000, class=java.lang.String@50000181)
	value		50003028
OBJ 50003020 (sz=24, trace=300000, class=java.lang.String@50000181)
	value		50003027
OBJ 50003021 (sz=24, trace=300000, class=java.lang.String@50000181)
	value		50003026
OBJ 50003022 (sz=24, trace=300000, class=java.lang.String@50000181)
	value		50003025
OBJ 50003023 (sz=24, trace=300000, class=java.lang.String@50000181)
	value		50003024
ARR 50003024 (sz=6, trace=300000, nelems=3, elem type=char[])
ARR 50003025 (sz=2, trace=300000, nelems=1, elem type=char[])
ARR 50003026 (sz=2, trace=300000, nelems=1, elem type=char[])
ARR 50003027 (sz=2, trace=300000, nelems=1, elem type=char[])
ARR 50003028 (sz=2, trace=300000, nelems=1, elem type=char[])
ARR 50003029 (sz=2, trace=300000, nelems=1, elem type=char[])
ARR 5000302a (sz=2, trace=300000, nelems=1, elem type=char[])
ARR 5000302b (sz=2, trace=300000, nelems=1, elem type=char[])
OBJ 5000302c (sz=24, trace=300000, class=java.lang.String@50000181)
	value		5000302d
ARR 5000302d (sz=26, trace=300000, nelems=13, elem type=char[])
OBJ 5000302e (sz=24, trace=300000, class=java.lang.String@50000181)
	value		50003035
OBJ 5000302f (sz=24, trace=300000, class=java.lang.String@50000181)
	value		50003034
OBJ 50003030 (sz=24, trace=300000, class=java.lang.String@50000181)
	value		50003033
OBJ 50003031 (sz=24, trace=300000, class=java.lang.String@50000181)
	value		50003032
ARR 50003032 (sz=12, trace=300000, nelems=6, elem type=char[])
ARR 50003033 (sz=10, trace=300000, nelems=5, elem type=char[])
ARR 50003034 (sz=12, trace=300000, nelems=6, elem type=char[])
ARR 50003035 (sz=10, trace=300000, nelems=5, elem type=char[])
OBJ 50003036 (sz=24, trace=300000, class=java.lang.String@50000181)
	value		50003037
ARR 50003037 (sz=42, trace=300000, nelems=21, elem type=char[])
OBJ 50003038 (sz=24, trace=300000, class=java.lang.String@50000181)
	value		5000303d
OBJ 50003039 (sz=24, trace=300000, class=java.lang.String@50000181)
	value		5000303c
OBJ 5000303a (sz=24, trace=300000, class=java.lang.String@50000181)
	value		5000303b
ARR 5000303b (sz=8, trace=300000, nelems=4, elem type=char[])
ARR 5000303c (sz=14, trace=300000, nelems=7, elem type=char[])
ARR 5000303d (sz=18, trace=300000, nelems=9, elem type=char[])
OBJ 5000303e (sz=24, trace=300000, class=java.lang.String@50000181)
	value		5000303f
ARR 5000303f (sz=28, trace=300000, nelems=14, elem type=char[])
OBJ 50003040 (sz=24, trace=300000, class=java.lang.String@50000181)
	value		50003041
ARR 50003041 (sz=2, trace=300000, nelems=1, elem type=char[])
OBJ 50003042 (sz=24, trace=300000, class=java.lang.String@50000181)
	value		50003043
ARR 50003043 (sz=38, trace=300000, nelems=19, elem type=char[])
OBJ 50003044 (sz=24, trace=300000, class=java.lang.String@50000181)
	value		50003045
ARR 50003045 (sz=2, trace=300000, nelems=1, elem type=char[])
OBJ 50003046 (sz=24, trace=300000, class=java.lang.String@50000181)
	value		50003047
ARR 50003047 (sz=36, trace=300000, nelems=18, elem type=char[])
OBJ 50003048 (sz=24, trace=300000, class=java.lang.String@50000181)
	value		5000305f
OBJ 50003049 (sz=24, trace=300000, class=java.lang.String@50000181)
	value		5000305e
OBJ 5000304a (sz=24, trace=300000, class=java.lang.String@50000181)
	value		5000305d
OBJ 5000304b (sz=24, trace=300000, class=java.lang.String@50000181)
	value		5000305c
OBJ 5000304c (sz=24, trace=300000, class=java.lang.String@50000181)
	value		5000305b
OBJ 5000304d (sz=24, trace=300000, class=java.lang.String@50000181)
	value		5000305a
OBJ 5000304e (sz=24, trace=300000, class=java.lang.String@50000181)
	value		50003059
OBJ 5000304f (sz=24, trace=300000, class=java.lang.String@50000181)
	value		50003058
OBJ 50003050 (sz=24, trace=300000, class=java.lang.String@50000181)
	value		50003057
OBJ 50003051 (sz=24, trace=300000, class=java.lang.String@50000181)
	value		50003056
OBJ 50003052 (sz=24, trace=300000, class=java.lang.String@50000181)
	value		50003055
OBJ 50003053 (sz=24, trace=300000, class=java.lang.String@50000181)
	value		50003054
ARR 50003054 (sz=6, trace=300000, nelems=3, elem type=char[])
ARR 50003055 (sz=6, trace=300000, nelems=3, elem type=char[])
ARR 50003056 (sz=6, trace=300000, nelems=3, elem type=char[])
ARR 50003057 (sz=6, trace=300000, nelems=3, elem type=char[])
ARR 50003058 (sz=6, trace=300000, nelems=3, elem type=char[])
ARR 50003059 (sz=6, trace=300000, nelems=3, elem type=char[])
ARR 5000305a (sz=6, trace=300000, nelems=3, elem type=char[])
ARR 5000305b (sz=6, trace=300000, nelems=3, elem type=char[])
ARR 5000305c (sz=6, trace=300000, nelems=3, elem type=char[])
ARR 5000305d (sz=6, trace=300000, nelems=3, elem type=char[])
ARR 5000305e (sz=6, trace=300000, nelems=3, elem type=char[])
ARR 5000305f (sz=6, trace=300000, nelems=3, elem type=char[])
OBJ 50003060 (sz=24, trace=300000, class=java.lang.String@50000181)
	value		50003061
ARR 50003061 (sz=50, trace=300000, nelems=25, elem type=char[])
OBJ 50003062 (sz=24, trace=300000, class=java.lang.String@50000181)
	value		50003063
ARR 50003063 (sz=14, trace=300000, nelems=7, elem type=char[])
OBJ 50003064 (sz=24, trace=300000, class=java.lang.String@50000181)
	value		50003065
ARR 50003065 (sz=38, trace=300000, nelems=19, elem type=char[])
OBJ 50003066 (sz=24, trace=300000, class=java.lang.String@50000181)
	value		50003067
ARR 50003067 (sz=2, trace=300000, nelems=1, elem type=char[])
OBJ 50003068 (sz=24, trace=300000, class=java.lang.String@50000181)
	value		50003069
ARR 50003069 (sz=24, trace=300000, nelems=12, elem type=char[])
OBJ 5000306a (sz=24, trace=300000, class=java.lang.String@50000181)
	value		50003071
OBJ 5000306b (sz=24, trace=300000, class=java.lang.String@50000181)
	value		50003070
OBJ 5000306c (sz=24, trace=300000, class=java.lang.String@50000181)
	value		5000306f
OBJ 5000306d (sz=24, trace=300000, class=java.lang.String@50000181)
	value		5000306e
ARR 5000306e (sz=12, trace=300000, nelems=6, elem type=char[])
ARR 5000306f (sz=22, trace=300000, nelems=11, elem type=char[])
ARR 50003070 (sz=24, trace=300000, nelems=12, elem type=char[])
ARR 50003071 (sz=36, trace=300000, nelems=18, elem type=char[])
OBJ 50003072 (sz=24, trace=300000, class=java.lang.String@50000181)
	value		50003073
ARR 50003073 (sz=38, trace=300000, nelems=19, elem type=char[])
OBJ 50003074 (sz=24, trace=300000, class=java.lang.String@50000181)
	value		50003075
ARR 50003075 (sz=2, trace=300000, nelems=1, elem type=char[])
OBJ 50003076 (sz=24, trace=300000, class=java.lang.String@50000181)
	value		50003077
ARR 50003077 (sz=38, trace=300000, nelems=19, elem type=char[])
OBJ 50003078 (sz=24, trace=300000, class=java.lang.String@50000181)
	value		50003079
ARR 50003079 (sz=2, trace=300000, nelems=1, elem type=char[])
OBJ 5000307a (sz=24, trace=300000, class=java.lang.String@50000181)
	value		5000307b
ARR 5000307b (sz=38, trace=300000, nelems=19, elem type=char[])
OBJ 5000307c (sz=24, trace=300000, class=java.lang.String@50000181)
	value		5000307d
ARR 5000307d (sz=2, trace=300000, nelems=1, elem type=char[])
OBJ 5000307e (sz=24, trace=300000, class=java.lang.String@50000181)
	value		5000307f
ARR 5000307f (sz=38, trace=300000, nelems=19, elem type=char[])
OBJ 50003080 (sz=24, trace=300000, class=java.lang.String@50000181)
	value		50003081
ARR 50003081 (sz=2, trace=300000, nelems=1, elem type=char[])
OBJ 50003082 (sz=24, trace=300000, class=java.lang.String@50000181)
	value		50003083
ARR 50003083 (sz=28, trace=300000, nelems=14, elem type=char[])
OBJ 50003084 (sz=24, trace=300000, class=java.lang.String@50000181)
	value		50003089
OBJ 50003085 (sz=24, trace=300000, class=java.lang.String@50000181)
	value		50003088
OBJ 50003086 (sz=24, trace=300000, class=java.lang.String@50000181)
	value		50003087
ARR 50003087 (sz=12, trace=300000, nelems=6, elem type=char[])
ARR 50003088 (sz=44, trace=300000, nelems=22, elem type=char[])
ARR 50003089 (sz=40, trace=300000, nelems=20, elem type=char[])
OBJ 5000308a (sz=24, trace=300000, class=java.lang.String@50000181)
	value		5000308b
ARR 5000308b (sz=20, trace=300000, nelems=10, elem type=char[])
OBJ 5000308c (sz=24, trace=300000, class=java.lang.String@50000181)
	value		50003091
OBJ 5000308d (sz=24, trace=300000, class=java.lang.String@50000181)
	value		50003095
OBJ 5000308e (sz=24, trace=300000, class=java.lang.String@50000181)
	value		50003093
OBJ 5000308f (sz=24, trace=300000, class=java.lang.String@50000181)
	value		50003094
OBJ 50003090 (sz=24, trace=300000, class=java.lang.String@50000181)
	value		50003092
ARR 50003091 (sz=2, trace=300000, nelems=1, elem type=char[])
ARR 50003092 (sz=2, trace=300000, nelems=1, elem type=char[])
ARR 50003093 (sz=2, trace=300000, nelems=1, elem type=char[])
ARR 50003094 (sz=2, trace=300000, nelems=1, elem type=char[])
ARR 50003095 (sz=2, trace=300000, nelems=1, elem type=char[])
OBJ 50003096 (sz=24, trace=300000, class=java.lang.String@50000181)
	value		50003097
ARR 50003097 (sz=32, trace=300000, nelems=16, elem type=char[])
OBJ 50003098 (sz=24, trace=300000, class=java.lang.String@50000181)
	value		500030a5
OBJ 50003099 (sz=24, trace=300000, class=java.lang.String@50000181)
	value		500030a4
OBJ 5000309a (sz=24, trace=300000, class=java.lang.String@50000181)
	value		500030a3
OBJ 5000309b (sz=24, trace=300000, class=java.lang.String@50000181)
	value		500030a2
OBJ 5000309c (sz=24, trace=300000, class=java.lang.String@50000181)
	value		500030a1
OBJ 5000309d (sz=24, trace=300000, class=java.lang.String@50000181)
	value		500030a0
OBJ 5000309e (sz=24, trace=300000, class=java.lang.String@50000181)
	value		5000309f
ARR 5000309f (sz=6, trace=300000, nelems=3, elem type=char[])
ARR 500030a0 (sz=6, trace=300000, nelems=3, elem type=char[])
ARR 500030a1 (sz=6, trace=300000, nelems=3, elem type=char[])
ARR 500030a2 (sz=6, trace=300000, nelems=3, elem type=char[])
ARR 500030a3 (sz=6, trace=300000, nelems=3, elem type=char[])
ARR 500030a4 (sz=6, trace=300000, nelems=3, elem type=char[])
ARR 500030a5 (sz=6, trace=300000, nelems=3, elem type=char[])
OBJ 500030a6 (sz=24, trace=300000, class=java.lang.String@50000181)
	value		500030a7
ARR 500030a7 (sz=50, trace=300000, nelems=25, elem type=char[])
OBJ 500030a8 (sz=24, trace=300000, class=java.lang.String@50000181)
	value		500030a9
ARR 500030a9 (sz=16, trace=300000, nelems=8, elem type=char[])
OBJ 500030aa (sz=24, trace=300000, class=java.lang.String@50000181)
	value		500030ab
ARR 500030ab (sz=26, trace=300000, nelems=13, elem type=char[])
OBJ 500030ac (sz=24, trace=300000, class=java.lang.String@50000181)
	value		500030ad
ARR 500030ad (sz=8, trace=300000, nelems=4, elem type=char[])
OBJ 500030ae (sz=24, trace=300000, class=java.lang.String@50000181)
	value		500030af
ARR 500030af (sz=42, trace=300000, nelems=21, elem type=char[])
OBJ 500030b0 (sz=24, trace=300000, class=java.lang.String@50000181)
	value		500030b7
OBJ 500030b1 (sz=24, trace=300000, class=java.lang.String@50000181)
	value		500030b6
OBJ 500030b2 (sz=24, trace=300000, class=java.lang.String@50000181)
	value		500030b5
OBJ 500030b3 (sz=24, trace=300000, class=java.lang.String@50000181)
	value		500030b4
ARR 500030b4 (sz=16, trace=300000, nelems=8, elem type=char[])
ARR 500030b5 (sz=20, trace=300000, nelems=10, elem type=char[])
ARR 500030b6 (sz=22, trace=300000, nelems=11, elem type=char[])
ARR 500030b7 (sz=36, trace=300000, nelems=18, elem type=char[])
OBJ 500030b8 (sz=24, trace=300000, class=java.lang.String@50000181)
	value		500030b9
ARR 500030b9 (sz=16, trace=300000, nelems=8, elem type=char[])
OBJ 500030ba (sz=24, trace=300000, class=java.lang.String@50000181)
	value		500030c7
OBJ 500030bb (sz=24, trace=300000, class=java.lang.String@50000181)
	value		500030c6
OBJ 500030bc (sz=24, trace=300000, class=java.lang.String@50000181)
	value		500030c5
OBJ 500030bd (sz=24, trace=300000, class=java.lang.String@50000181)
	value		500030c4
OBJ 500030be (sz=24, trace=300000, class=java.lang.String@50000181)
	value		500030c3
OBJ 500030bf (sz=24, trace=300000, class=java.lang.String@50000181)
	value		500030c2
OBJ 500030c0 (sz=24, trace=300000, class=java.lang.String@50000181)
	value		500030c1
ARR 500030c1 (sz=16, trace=300000, nelems=8, elem type=char[])
ARR 500030c2 (sz=12, trace=300000, nelems=6, elem type=char[])
ARR 500030c3 (sz=16, trace=300000, nelems=8, elem type=char[])
ARR 500030c4 (sz=18, trace=300000, nelems=9, elem type=char[])
ARR 500030c5 (sz=14, trace=300000, nelems=7, elem type=char[])
ARR 500030c6 (sz=12, trace=300000, nelems=6, elem type=char[])
ARR 500030c7 (sz=12, trace=300000, nelems=6, elem type=char[])
OBJ 500030c8 (sz=24, trace=300000, class=java.lang.String@50000181)
	value		500030c9
ARR 500030c9 (sz=46, trace=300000, nelems=23, elem type=char[])
OBJ 500030ca (sz=24, trace=300000, class=java.lang.String@50000181)
	value		500030cb
ARR 500030cb (sz=2, trace=300000, nelems=1, elem type=char[])
OBJ 500030cc (sz=24, trace=300000, class=java.lang.String@50000181)
	value		500030cd
ARR 500030cd (sz=38, trace=300000, nelems=19, elem type=char[])
OBJ 500030ce (sz=24, trace=300000, class=java.lang.String@50000181)
	value		500030cf
ARR 500030cf (sz=2, trace=300000, nelems=1, elem type=char[])
OBJ 500030d0 (sz=24, trace=300000, class=java.lang.String@50000181)
	value		500030d1
ARR 500030d1 (sz=38, trace=300000, nelems=19, elem type=char[])
OBJ 500030d2 (sz=24, trace=300000, class=java.lang.String@50000181)
	value		500030d3
ARR 500030d3 (sz=2, trace=300000, nelems=1, elem type=char[])
OBJ 500030d4 (sz=24, trace=300000, class=java.lang.String@50000181)
	value		500030d5
ARR 500030d5 (sz=38, trace=300000, nelems=19, elem type=char[])
OBJ 500030d6 (sz=24, trace=300000, class=java.lang.String@50000181)
	value		500030d7
ARR 500030d7 (sz=2, trace=300000, nelems=1, elem type=char[])
OBJ 500030d8 (sz=24, trace=300000, class=java.lang.String@50000181)
	value		500030d9
ARR 500030d9 (sz=38, trace=300000, nelems=19, elem type=char[])
OBJ 500030da (sz=24, trace=300000, class=java.lang.String@50000181)
	value		500030e7
OBJ 500030db (sz=24, trace=300000, class=java.lang.String@50000181)
	value		500030e6
OBJ 500030dc (sz=24, trace=300000, class=java.lang.String@50000181)
	value		500030e5
OBJ 500030dd (sz=24, trace=300000, class=java.lang.String@50000181)
	value		500030e4
OBJ 500030de (sz=24, trace=300000, class=java.lang.String@50000181)
	value		500030e3
OBJ 500030df (sz=24, trace=300000, class=java.lang.String@50000181)
	value		500030e2
OBJ 500030e0 (sz=24, trace=300000, class=java.lang.String@50000181)
	value		500030e1
ARR 500030e1 (sz=2, trace=300000, nelems=1, elem type=char[])
ARR 500030e2 (sz=4, trace=300000, nelems=2, elem type=char[])
ARR 500030e3 (sz=2, trace=300000, nelems=1, elem type=char[])
ARR 500030e4 (sz=2, trace=300000, nelems=1, elem type=char[])
ARR 500030e5 (sz=2, trace=300000, nelems=1, elem type=char[])
ARR 500030e6 (sz=2, trace=300000, nelems=1, elem type=char[])
ARR 500030e7 (sz=2, trace=300000, nelems=1, elem type=char[])
OBJ 500030e8 (sz=24, trace=300000, class=java.lang.String@50000181)
	value		500030e9
ARR 500030e9 (sz=38, trace=300000, nelems=19, elem type=char[])
OBJ 500030ea (sz=24, trace=300000, class=java.lang.String@50000181)
	value		500030eb
ARR 500030eb (sz=2, trace=300000, nelems=1, elem type=char[])
OBJ 500030ec (sz=24, trace=300000, class=java.lang.String@50000181)
	value		500030ed
ARR 500030ed (sz=38, trace=300000, nelems=19, elem type=char[])
OBJ 500030ee (sz=24, trace=300000, class=java.lang.String@50000181)
	value		500030ef
ARR 500030ef (sz=2, trace=300000, nelems=1, elem type=char[])
OBJ 500030f0 (sz=24, trace=300000, class=java.lang.String@50000181)
	value		500030f1
ARR 500030f1 (sz=38, trace=300000, nelems=19, elem type=char[])
OBJ 500030f2 (sz=24, trace=300000, class=java.lang.String@50000181)
	value		500030f3
ARR 500030f3 (sz=2, trace=300000, nelems=1, elem type=char[])
OBJ 500030f4 (sz=24, trace=300000, class=java.lang.String@50000181)
	value		500030f5
ARR 500030f5 (sz=24, trace=300000, nelems=12, elem type=char[])
OBJ 500030f6 (sz=24, trace=300000, class=java.lang.String@50000181)
	value		5000310d
OBJ 500030f7 (sz=24, trace=300000, class=java.lang.String@50000181)
	value		5000310c
OBJ 500030f8 (sz=24, trace=300000, class=java.lang.String@50000181)
	value		5000310b
OBJ 500030f9 (sz=24, trace=300000, class=java.lang.String@50000181)
	value		5000310a
OBJ 500030fa (sz=24, trace=300000, class=java.lang.String@50000181)
	value		50003109
OBJ 500030fb (sz=24, trace=300000, class=java.lang.String@50000181)
	value		50003108
OBJ 500030fc (sz=24, trace=300000, class=java.lang.String@50000181)
	value		50003107
OBJ 500030fd (sz=24, trace=300000, class=java.lang.String@50000181)
	value		50003106
OBJ 500030fe (sz=24, trace=300000, class=java.lang.String@50000181)
	value		50003105
OBJ 500030ff (sz=24, trace=300000, class=java.lang.String@50000181)
	value		50003104
OBJ 50003100 (sz=24, trace=300000, class=java.lang.String@50000181)
	value		50003103
OBJ 50003101 (sz=24, trace=300000, class=java.lang.String@50000181)
	value		50003102
ARR 50003102 (sz=4, trace=300000, nelems=2, elem type=char[])
ARR 50003103 (sz=4, trace=300000, nelems=2, elem type=char[])
ARR 50003104 (sz=4, trace=300000, nelems=2, elem type=char[])
ARR 50003105 (sz=2, trace=300000, nelems=1, elem type=char[])
ARR 50003106 (sz=2, trace=300000, nelems=1, elem type=char[])
ARR 50003107 (sz=2, trace=300000, nelems=1, elem type=char[])
ARR 50003108 (sz=2, trace=300000, nelems=1, elem type=char[])
ARR 50003109 (sz=2, trace=300000, nelems=1, elem type=char[])
ARR 5000310a (sz=2, trace=300000, nelems=1, elem type=char[])
ARR 5000310b (sz=2, trace=300000, nelems=1, elem type=char[])
ARR 5000310c (sz=2, trace=300000, nelems=1, elem type=char[])
ARR 5000310d (sz=2, trace=300000, nelems=1, elem type=char[])
OBJ 5000310e (sz=24, trace=300000, class=java.lang.String@50000181)
	value		5000310f
ARR 5000310f (sz=42, trace=300000, nelems=21, elem type=char[])
OBJ 50003110 (sz=24, trace=300000, class=java.lang.String@50000181)
	value		50003117
OBJ 50003111 (sz=24, trace=300000, class=java.lang.String@50000181)
	value		50003116
OBJ 50003112 (sz=24, trace=300000, class=java.lang.String@50000181)
	value		50003115
OBJ 50003113 (sz=24, trace=300000, class=java.lang.String@50000181)
	value		50003114
ARR 50003114 (sz=16, trace=300000, nelems=8, elem type=char[])
ARR 50003115 (sz=30, trace=300000, nelems=15, elem type=char[])
ARR 50003116 (sz=32, trace=300000, nelems=16, elem type=char[])
ARR 50003117 (sz=46, trace=300000, nelems=23, elem type=char[])
OBJ 50003118 (sz=24, trace=300000, class=java.lang.String@50000181)
	value		50003119
ARR 50003119 (sz=36, trace=300000, nelems=18, elem type=char[])
OBJ 5000311a (sz=24, trace=300000, class=java.lang.String@50000181)
	value		5000311d
OBJ 5000311b (sz=24, trace=300000, class=java.lang.String@50000181)
	value		5000311c
ARR 5000311c (sz=2, trace=300000, nelems=1, elem type=char[])
ARR 5000311d (sz=2, trace=300000, nelems=1, elem type=char[])
OBJ 5000311e (sz=24, trace=300000, class=java.lang.String@50000181)
	value		5000311f
ARR 5000311f (sz=38, trace=300000, nelems=19, elem type=char[])
OBJ 50003120 (sz=24, trace=300000, class=java.lang.String@50000181)
	value		50003121
ARR 50003121 (sz=32, trace=300000, nelems=16, elem type=char[])
OBJ 50003122 (sz=24, trace=300000, class=java.lang.String@50000181)
	value		50003123
ARR 50003123 (sz=38, trace=300000, nelems=19, elem type=char[])
OBJ 50003124 (sz=24, trace=300000, class=java.lang.String@50000181)
	value		50003125
ARR 50003125 (sz=2, trace=300000, nelems=1, elem type=char[])
OBJ 50003126 (sz=24, trace=300000, class=java.lang.String@50000181)
	value		50003127
ARR 50003127 (sz=38, trace=300000, nelems=19, elem type=char[])
OBJ 50003128 (sz=24, trace=300000, class=java.lang.String@50000181)
	value		50003129
ARR 50003129 (sz=2, trace=300000, nelems=1, elem type=char[])
OBJ 5000312a (sz=24, trace=300000, class=java.lang.String@50000181)
	value		5000312b
ARR 5000312b (sz=38, trace=300000, nelems=19, elem type=char[])
OBJ 5000312c (sz=24, trace=300000, class=java.lang.String@50000181)
	value		5000312d
ARR 5000312d (sz=2, trace=300000, nelems=1, elem type=char[])
OBJ 5000312e (sz=24, trace=300000, class=java.lang.String@50000181)
	value		5000312f
ARR 5000312f (sz=36, trace=300000, nelems=18, elem type=char[])
OBJ 50003130 (sz=24, trace=300000, class=java.lang.String@50000181)
	value		50003131
ARR 50003131 (sz=38, trace=300000, nelems=19, elem type=char[])
OBJ 50003132 (sz=24, trace=300000, class=java.lang.String@50000181)
	value		50003133
ARR 50003133 (sz=2, trace=300000, nelems=1, elem type=char[])
OBJ 50003134 (sz=24, trace=300000, class=java.lang.String@50000181)
	value		50003135
ARR 50003135 (sz=8, trace=300000, nelems=4, elem type=char[])
OBJ 50003136 (sz=24, trace=300000, class=java.lang.String@50000181)
	value		50003137
ARR 50003137 (sz=38, trace=300000, nelems=19, elem type=char[])
OBJ 50003138 (sz=24, trace=300000, class=java.lang.String@50000181)
	value		50003139
ARR 50003139 (sz=2, trace=300000, nelems=1, elem type=char[])
OBJ 5000313a (sz=24, trace=300000, class=java.lang.String@50000181)
	value		5000313b
ARR 5000313b (sz=38, trace=300000, nelems=19, elem type=char[])
OBJ 5000313c (sz=24, trace=300000, class=java.lang.String@50000181)
	value		5000313d
ARR 5000313d (sz=2, trace=300000, nelems=1, elem type=char[])
OBJ 5000313e (sz=24, trace=300000, class=java.lang.String@50000181)
	value		5000313f
ARR 5000313f (sz=44, trace=300000, nelems=22, elem type=char[])
OBJ 50003140 (sz=24, trace=300000, class=java.lang.String@50000181)
	value		50003141
ARR 50003141 (sz=44, trace=300000, nelems=22, elem type=char[])
OBJ 50003142 (sz=24, trace=300000, class=java.lang.String@50000181)
	value		50003143
ARR 50003143 (sz=2, trace=300000, nelems=1, elem type=char[])
OBJ 50003144 (sz=24, trace=300000, class=java.lang.String@50000181)
	value		50003145
ARR 50003145 (sz=38, trace=300000, nelems=19, elem type=char[])
OBJ 50003146 (sz=24, trace=300000, class=java.lang.String@50000181)
	value		50003147
ARR 50003147 (sz=2, trace=300000, nelems=1, elem type=char[])
OBJ 50003148 (sz=24, trace=300000, class=java.lang.String@50000181)
	value		50003149
ARR 50003149 (sz=22, trace=300000, nelems=11, elem type=char[])
OBJ 5000314a (sz=24, trace=300000, class=java.lang.String@50000181)
	value		5000314d
OBJ 5000314b (sz=24, trace=300000, class=java.lang.String@50000181)
	value		5000314c
ARR 5000314c (sz=2, trace=300000, nelems=1, elem type=char[])
ARR 5000314d (sz=2, trace=300000, nelems=1, elem type=char[])
OBJ 5000314e (sz=24, trace=300000, class=java.lang.String@50000181)
	value		5000314f
ARR 5000314f (sz=38, trace=300000, nelems=19, elem type=char[])
OBJ 50003150 (sz=24, trace=300000, class=java.lang.String@50000181)
	value		50003151
ARR 50003151 (sz=2, trace=300000, nelems=1, elem type=char[])
OBJ 50003152 (sz=24, trace=300000, class=java.lang.String@50000181)
	value		50003153
ARR 50003153 (sz=38, trace=300000, nelems=19, elem type=char[])
OBJ 50003154 (sz=24, trace=300000, class=java.lang.String@50000181)
	value		50003155
ARR 50003155 (sz=2, trace=300000, nelems=1, elem type=char[])
OBJ 50003156 (sz=24, trace=300000, class=java.lang.String@50000181)
	value		50003157
ARR 50003157 (sz=42, trace=300000, nelems=21, elem type=char[])
OBJ 50003158 (sz=24, trace=300000, class=java.lang.String@50000181)
	value		5000315d
OBJ 50003159 (sz=24, trace=300000, class=java.lang.String@50000181)
	value		5000315c
OBJ 5000315a (sz=24, trace=300000, class=java.lang.String@50000181)
	value		5000315b
ARR 5000315b (sz=12, trace=300000, nelems=6, elem type=char[])
ARR 5000315c (sz=18, trace=300000, nelems=9, elem type=char[])
ARR 5000315d (sz=22, trace=300000, nelems=11, elem type=char[])
OBJ 5000315e (sz=24, trace=300000, class=java.lang.String@50000181)
	value		5000315f
ARR 5000315f (sz=38, trace=300000, nelems=19, elem type=char[])
OBJ 50003160 (sz=24, trace=300000, class=java.lang.String@50000181)
	value		50003161
ARR 50003161 (sz=2, trace=300000, nelems=1, elem type=char[])
OBJ 50003162 (sz=24, trace=300000, class=java.lang.String@50000181)
	value		50003163
ARR 50003163 (sz=38, trace=300000, nelems=19, elem type=char[])
OBJ 50003164 (sz=24, trace=300000, class=java.lang.String@50000181)
	value		50003165
ARR 50003165 (sz=40, trace=300000, nelems=20, elem type=char[])
OBJ 50003166 (sz=24, trace=300000, class=java.lang.String@50000181)
	value		50003167
ARR 50003167 (sz=2, trace=300000, nelems=1, elem type=char[])
OBJ 50003168 (sz=24, trace=300000, class=java.lang.String@50000181)
	value		50003169
ARR 50003169 (sz=38, trace=300000, nelems=19, elem type=char[])
OBJ 5000316a (sz=24, trace=300000, class=java.lang.String@50000181)
	value		5000316b
ARR 5000316b (sz=2, trace=300000, nelems=1, elem type=char[])
OBJ 5000316c (sz=24, trace=300000, class=java.lang.String@50000181)
	value		5000316d
ARR 5000316d (sz=46, trace=300000, nelems=23, elem type=char[])
OBJ 5000316e (sz=24, trace=300000, class=java.lang.String@50000181)
	value		5000316f
ARR 5000316f (sz=2, trace=300000, nelems=1, elem type=char[])
OBJ 50003170 (sz=24, trace=300000, class=java.lang.String@50000181)
	value		50003171
ARR 50003171 (sz=38, trace=300000, nelems=19, elem type=char[])
OBJ 50003172 (sz=24, trace=300000, class=java.lang.String@50000181)
	value		50003173
ARR 50003173 (sz=2, trace=300000, nelems=1, elem type=char[])
OBJ 50003174 (sz=24, trace=300000, class=java.lang.String@50000181)
	value		50003175
ARR 50003175 (sz=38, trace=300000, nelems=19, elem type=char[])
OBJ 50003176 (sz=24, trace=300000, class=java.lang.String@50000181)
	value		50003177
ARR 50003177 (sz=2, trace=300000, nelems=1, elem type=char[])
OBJ 50003178 (sz=24, trace=300000, class=java.lang.String@50000181)
	value		50003179
ARR 50003179 (sz=24, trace=300000, nelems=12, elem type=char[])
OBJ 5000317a (sz=24, trace=300000, class=java.lang.String@50000181)
	value		5000317b
ARR 5000317b (sz=38, trace=300000, nelems=19, elem type=char[])
OBJ 5000317c (sz=24, trace=300000, class=java.lang.String@50000181)
	value		5000317d
ARR 5000317d (sz=2, trace=300000, nelems=1, elem type=char[])
OBJ 5000317e (sz=24, trace=300000, class=java.lang.String@50000181)
	value		5000317f
ARR 5000317f (sz=38, trace=300000, nelems=19, elem type=char[])
OBJ 50003180 (sz=24, trace=300000, class=java.lang.String@50000181)
	value		50003181
ARR 50003181 (sz=2, trace=300000, nelems=1, elem type=char[])
OBJ 50003182 (sz=24, trace=300000, class=java.lang.String@50000181)
	value		50003183
ARR 50003183 (sz=22, trace=300000, nelems=11, elem type=char[])
OBJ 50003184 (sz=24, trace=300000, class=java.lang.String@50000181)
	value		50003187
OBJ 50003185 (sz=24, trace=300000, class=java.lang.String@50000181)
	value		50003186
ARR 50003186 (sz=4, trace=300000, nelems=2, elem type=char[])
ARR 50003187 (sz=4, trace=300000, nelems=2, elem type=char[])
OBJ 50003188 (sz=24, trace=300000, class=java.lang.String@50000181)
	value		5000318b
OBJ 50003189 (sz=24, trace=300000, class=java.lang.String@50000181)
	value		5000318a
ARR 5000318a (sz=40, trace=300000, nelems=20, elem type=char[])
ARR 5000318b (sz=38, trace=300000, nelems=19, elem type=char[])
OBJ 5000318c (sz=24, trace=300000, class=java.lang.String@50000181)
	value		5000318d
ARR 5000318d (sz=40, trace=300000, nelems=20, elem type=char[])
OBJ 5000318e (sz=24, trace=300000, class=java.lang.String@50000181)
	value		5000318f
ARR 5000318f (sz=38, trace=300000, nelems=19, elem type=char[])
OBJ 50003190 (sz=24, trace=300000, class=java.lang.String@50000181)
	value		50003191
ARR 50003191 (sz=46, trace=300000, nelems=23, elem type=char[])
OBJ 50003192 (sz=24, trace=300000, class=java.lang.String@50000181)
	value		50003193
ARR 50003193 (sz=2, trace=300000, nelems=1, elem type=char[])
OBJ 50003194 (sz=24, trace=300000, class=java.lang.String@50000181)
	value		50003195
ARR 50003195 (sz=44, trace=300000, nelems=22, elem type=char[])
OBJ 50003196 (sz=24, trace=300000, class=java.lang.String@50000181)
	value		50003199
OBJ 50003197 (sz=24, trace=300000, class=java.lang.String@50000181)
	value		50003198
ARR 50003198 (sz=8, trace=300000, nelems=4, elem type=char[])
ARR 50003199 (sz=2, trace=300000, nelems=1, elem type=char[])
OBJ 5000319a (sz=24, trace=300000, class=java.lang.String@50000181)
	value		5000319d
OBJ 5000319b (sz=24, trace=300000, class=java.lang.String@50000181)
	value		5000319c
ARR 5000319c (sz=58, trace=300000, nelems=29, elem type=char[])
ARR 5000319d (sz=56, trace=300000, nelems=28, elem type=char[])
OBJ 5000319e (sz=24, trace=300000, class=java.lang.String@50000181)
	value		5000319f
ARR 5000319f (sz=20, trace=300000, nelems=10, elem type=char[])
OBJ 500031a0 (sz=24, trace=300000, class=java.lang.String@50000181)
	value		500031b5
OBJ 500031a1 (sz=24, trace=300000, class=java.lang.String@50000181)
	value		500031b4
OBJ 500031a2 (sz=24, trace=300000, class=java.lang.String@50000181)
	value		500031b3
OBJ 500031a3 (sz=24, trace=300000, class=java.lang.String@50000181)
	value		500031b2
OBJ 500031a4 (sz=24, trace=300000, class=java.lang.String@50000181)
	value		500031b1
OBJ 500031a5 (sz=24, trace=300000, class=java.lang.String@50000181)
	value		500031b0
OBJ 500031a6 (sz=24, trace=300000, class=java.lang.String@50000181)
	value		500031af
OBJ 500031a7 (sz=24, trace=300000, class=java.lang.String@50000181)
	value		500031ae
OBJ 500031a8 (sz=24, trace=300000, class=java.lang.String@50000181)
	value		500031ad
OBJ 500031a9 (sz=24, trace=300000, class=java.lang.String@50000181)
	value		500031ac
OBJ 500031aa (sz=24, trace=300000, class=java.lang.String@50000181)
	value		500031ab
ARR 500031ab (sz=16, trace=300000, nelems=8, elem type=char[])
ARR 500031ac (sz=16, trace=300000, nelems=8, elem type=char[])
ARR 500031ad (sz=14, trace=300000, nelems=7, elem type=char[])
ARR 500031ae (sz=18, trace=300000, nelems=9, elem type=char[])
ARR 500031af (sz=12, trace=300000, nelems=6, elem type=char[])
ARR 500031b0 (sz=8, trace=300000, nelems=4, elem type=char[])
ARR 500031b1 (sz=8, trace=300000, nelems=4, elem type=char[])
ARR 500031b2 (sz=10, trace=300000, nelems=5, elem type=char[])
ARR 500031b3 (sz=10, trace=300000, nelems=5, elem type=char[])
ARR 500031b4 (sz=16, trace=300000, nelems=8, elem type=char[])
ARR 500031b5 (sz=14, trace=300000, nelems=7, elem type=char[])
OBJ 500031b6 (sz=24, trace=300000, class=java.lang.String@50000181)
	value		500031b7
ARR 500031b7 (sz=8, trace=300000, nelems=4, elem type=char[])
OBJ 500031b8 (sz=24, trace=300000, class=java.lang.String@50000181)
	value		500031bb
OBJ 500031b9 (sz=24, trace=300000, class=java.lang.String@50000181)
	value		500031ba
ARR 500031ba (sz=4, trace=300000, nelems=2, elem type=char[])
ARR 500031bb (sz=6, trace=300000, nelems=3, elem type=char[])
OBJ 500031bc (sz=24, trace=300000, class=java.lang.String@50000181)
	value		500031bd
ARR 500031bd (sz=46, trace=300000, nelems=23, elem type=char[])
OBJ 500031be (sz=24, trace=300000, class=java.lang.String@50000181)
	value		500031d5
OBJ 500031bf (sz=24, trace=300000, class=java.lang.String@50000181)
	value		500031d4
OBJ 500031c0 (sz=24, trace=300000, class=java.lang.String@50000181)
	value		500031d3
OBJ 500031c1 (sz=24, trace=300000, class=java.lang.String@50000181)
	value		500031d2
OBJ 500031c2 (sz=24, trace=300000, class=java.lang.String@50000181)
	value		500031d1
OBJ 500031c3 (sz=24, trace=300000, class=java.lang.String@50000181)
	value		500031d0
OBJ 500031c4 (sz=24, trace=300000, class=java.lang.String@50000181)
	value		500031cf
OBJ 500031c5 (sz=24, trace=300000, class=java.lang.String@50000181)
	value		500031ce
OBJ 500031c6 (sz=24, trace=300000, class=java.lang.String@50000181)
	value		500031cd
OBJ 500031c7 (sz=24, trace=300000, class=java.lang.String@50000181)
	value		500031cc
OBJ 500031c8 (sz=24, trace=300000, class=java.lang.String@50000181)
	value		500031cb
OBJ 500031c9 (sz=24, trace=300000, class=java.lang.String@50000181)
	value		500031ca
ARR 500031ca (sz=6, trace=300000, nelems=3, elem type=char[])
ARR 500031cb (sz=6, trace=300000, nelems=3, elem type=char[])
ARR 500031cc (sz=6, trace=300000, nelems=3, elem type=char[])
ARR 500031cd (sz=4, trace=300000, nelems=2, elem type=char[])
ARR 500031ce (sz=4, trace=300000, nelems=2, elem type=char[])
ARR 500031cf (sz=4, trace=300000, nelems=2, elem type=char[])
ARR 500031d0 (sz=4, trace=300000, nelems=2, elem type=char[])
ARR 500031d1 (sz=4, trace=300000, nelems=2, elem type=char[])
ARR 500031d2 (sz=4, trace=300000, nelems=2, elem type=char[])
ARR 500031d3 (sz=4, trace=300000, nelems=2, elem type=char[])
ARR 500031d4 (sz=4, trace=300000, nelems=2, elem type=char[])
ARR 500031d5 (sz=4, trace=300000, nelems=2, elem type=char[])
OBJ 500031d6 (sz=24, trace=300000, class=java.lang.String@50000181)
	value		500031dd
OBJ 500031d7 (sz=24, trace=300000, class=java.lang.String@50000181)
	value		500031dc
OBJ 500031d8 (sz=24, trace=300000, class=java.lang.String@50000181)
	value		500031db
OBJ 500031d9 (sz=24, trace=300000, class=java.lang.String@50000181)
	value		500031da
ARR 500031da (sz=4, trace=300000, nelems=2, elem type=char[])
ARR 500031db (sz=4, trace=300000, nelems=2, elem type=char[])
ARR 500031dc (sz=4, trace=300000, nelems=2, elem type=char[])
ARR 500031dd (sz=4, trace=300000, nelems=2, elem type=char[])
OBJ 500031de (sz=24, trace=300000, class=java.lang.String@50000181)
	value		500031eb
OBJ 500031df (sz=24, trace=300000, class=java.lang.String@50000181)
	value		500031ea
OBJ 500031e0 (sz=24, trace=300000, class=java.lang.String@50000181)
	value		500031e9
OBJ 500031e1 (sz=24, trace=300000, class=java.lang.String@50000181)
	value		500031e8
OBJ 500031e2 (sz=24, trace=300000, class=java.lang.String@50000181)
	value		500031e7
OBJ 500031e3 (sz=24, trace=300000, class=java.lang.String@50000181)
	value		500031e6
OBJ 500031e4 (sz=24, trace=300000, class=java.lang.String@50000181)
	value		500031e5
ARR 500031e5 (sz=2, trace=300000, nelems=1, elem type=char[])
ARR 500031e6 (sz=2, trace=300000, nelems=1, elem type=char[])
ARR 500031e7 (sz=2, trace=300000, nelems=1, elem type=char[])
ARR 500031e8 (sz=2, trace=300000, nelems=1, elem type=char[])
ARR 500031e9 (sz=2, trace=300000, nelems=1, elem type=char[])
ARR 500031ea (sz=2, trace=300000, nelems=1, elem type=char[])
ARR 500031eb (sz=2, trace=300000, nelems=1, elem type=char[])
OBJ 500031ec (sz=24, trace=300000, class=java.lang.String@50000181)
	value		500031ed
ARR 500031ed (sz=42, trace=300000, nelems=21, elem type=char[])
OBJ 500031ee (sz=24, trace=300000, class=java.lang.String@50000181)
	value		50003205
OBJ 500031ef (sz=24, trace=300000, class=java.lang.String@50000181)
	value		50003204
OBJ 500031f0 (sz=24, trace=300000, class=java.lang.String@50000181)
	value		50003203
OBJ 500031f1 (sz=24, trace=300000, class=java.lang.String@50000181)
	value		50003202
OBJ 500031f2 (sz=24, trace=300000, class=java.lang.String@50000181)
	value		50003201
OBJ 500031f3 (sz=24, trace=300000, class=java.lang.String@50000181)
	value		50003200
OBJ 500031f4 (sz=24, trace=300000, class=java.lang.String@50000181)
	value		500031ff
OBJ 500031f5 (sz=24, trace=300000, class=java.lang.String@50000181)
	value		500031fe
OBJ 500031f6 (sz=24, trace=300000, class=java.lang.String@50000181)
	value		500031fd
OBJ 500031f7 (sz=24, trace=300000, class=java.lang.String@50000181)
	value		500031fc
OBJ 500031f8 (sz=24, trace=300000, class=java.lang.String@50000181)
	value		500031fb
OBJ 500031f9 (sz=24, trace=300000, class=java.lang.String@50000181)
	value		500031fa
ARR 500031fa (sz=6, trace=300000, nelems=3, elem type=char[])
ARR 500031fb (sz=6, trace=300000, nelems=3, elem type=char[])
ARR 500031fc (sz=4, trace=300000, nelems=2, elem type=char[])
ARR 500031fd (sz=4, trace=300000, nelems=2, elem type=char[])
ARR 500031fe (sz=4, trace=300000, nelems=2, elem type=char[])
ARR 500031ff (sz=4, trace=300000, nelems=2, elem type=char[])
ARR 50003200 (sz=4, trace=300000, nelems=2, elem type=char[])
ARR 50003201 (sz=4, trace=300000, nelems=2, elem type=char[])
ARR 50003202 (sz=4, trace=300000, nelems=2, elem type=char[])
ARR 50003203 (sz=4, trace=300000, nelems=2, elem type=char[])
ARR 50003204 (sz=4, trace=300000, nelems=2, elem type=char[])
ARR 50003205 (sz=4, trace=300000, nelems=2, elem type=char[])
OBJ 50003206 (sz=24, trace=300000, class=java.lang.String@50000181)
	value		50003207
ARR 50003207 (sz=58, trace=300000, nelems=29, elem type=char[])
OBJ 50003208 (sz=24, trace=300000, class=java.lang.String@50000181)
	value		50003215
OBJ 50003209 (sz=24, trace=300000, class=java.lang.String@50000181)
	value		50003214
OBJ 5000320a (sz=24, trace=300000, class=java.lang.String@50000181)
	value		50003213
OBJ 5000320b (sz=24, trace=300000, class=java.lang.String@50000181)
	value		50003212
OBJ 5000320c (sz=24, trace=300000, class=java.lang.String@50000181)
	value		50003211
OBJ 5000320d (sz=24, trace=300000, class=java.lang.String@50000181)
	value		50003210
OBJ 5000320e (sz=24, trace=300000, class=java.lang.String@50000181)
	value		5000320f
ARR 5000320f (sz=6, trace=300000, nelems=3, elem type=char[])
ARR 50003210 (sz=6, trace=300000, nelems=3, elem type=char[])
ARR 50003211 (sz=6, trace=300000, nelems=3, elem type=char[])
ARR 50003212 (sz=6, trace=300000, nelems=3, elem type=char[])
ARR 50003213 (sz=6, trace=300000, nelems=3, elem type=char[])
ARR 50003214 (sz=6, trace=300000, nelems=3, elem type=char[])
ARR 50003215 (sz=6, trace=300000, nelems=3, elem type=char[])
OBJ 50003216 (sz=24, trace=300000, class=java.lang.String@50000181)
	value		50003217
ARR 50003217 (sz=4, trace=300000, nelems=2, elem type=char[])
OBJ 50003218 (sz=24, trace=300000, class=java.lang.String@50000181)
	value		5000321f
OBJ 50003219 (sz=24, trace=300000, class=java.lang.String@50000181)
	value		5000321e
OBJ 5000321a (sz=24, trace=300000, class=java.lang.String@50000181)
	value		5000321d
OBJ 5000321b (sz=24, trace=300000, class=java.lang.String@50000181)
	value		5000321c
ARR 5000321c (sz=18, trace=300000, nelems=9, elem type=char[])
ARR 5000321d (sz=24, trace=300000, nelems=12, elem type=char[])
ARR 5000321e (sz=20, trace=300000, nelems=10, elem type=char[])
ARR 5000321f (sz=28, trace=300000, nelems=14, elem type=char[])
OBJ 50003220 (sz=24, trace=300000, class=java.lang.String@50000181)
	value		50003221
ARR 50003221 (sz=24, trace=300000, nelems=12, elem type=char[])
OBJ 50003222 (sz=24, trace=300000, class=java.lang.String@50000181)
	value		50003223
ARR 50003223 (sz=38, trace=300000, nelems=19, elem type=char[])
OBJ 50003224 (sz=24, trace=300000, class=java.lang.String@50000181)
	value		5000322b
OBJ 50003225 (sz=24, trace=300000, class=java.lang.String@50000181)
	value		5000322a
OBJ 50003226 (sz=24, trace=300000, class=java.lang.String@50000181)
	value		50003229
OBJ 50003227 (sz=24, trace=300000, class=java.lang.String@50000181)
	value		50003228
ARR 50003228 (sz=12, trace=300000, nelems=6, elem type=char[])
ARR 50003229 (sz=16, trace=300000, nelems=8, elem type=char[])
ARR 5000322a (sz=30, trace=300000, nelems=15, elem type=char[])
ARR 5000322b (sz=40, trace=300000, nelems=20, elem type=char[])
OBJ 5000322c (sz=24, trace=300000, class=java.lang.String@50000181)
	value		50003231
OBJ 5000322d (sz=24, trace=300000, class=java.lang.String@50000181)
	value		50003230
OBJ 5000322e (sz=24, trace=300000, class=java.lang.String@50000181)
	value		5000322f
ARR 5000322f (sz=10, trace=300000, nelems=5, elem type=char[])
ARR 50003230 (sz=32, trace=300000, nelems=16, elem type=char[])
ARR 50003231 (sz=36, trace=300000, nelems=18, elem type=char[])
OBJ 50003232 (sz=24, trace=300000, class=java.lang.String@50000181)
	value		50003235
OBJ 50003233 (sz=24, trace=300000, class=java.lang.String@50000181)
	value		50003234
ARR 50003234 (sz=4, trace=300000, nelems=2, elem type=char[])
ARR 50003235 (sz=4, trace=300000, nelems=2, elem type=char[])
OBJ 50003236 (sz=24, trace=300000, class=java.lang.String@50000181)
	value		50003237
ARR 50003237 (sz=54, trace=300000, nelems=27, elem type=char[])
OBJ 50003238 (sz=24, trace=300000, class=java.lang.String@50000181)
	value		50003245
OBJ 50003239 (sz=24, trace=300000, class=java.lang.String@50000181)
	value		50003244
OBJ 5000323a (sz=24, trace=300000, class=java.lang.String@50000181)
	value		50003243
OBJ 5000323b (sz=24, trace=300000, class=java.lang.String@50000181)
	value		50003242
OBJ 5000323c (sz=24, trace=300000, class=java.lang.String@50000181)
	value		50003241
OBJ 5000323d (sz=24, trace=300000, class=java.lang.String@50000181)
	value		50003240
OBJ 5000323e (sz=24, trace=300000, class=java.lang.String@50000181)
	value		5000323f
ARR 5000323f (sz=4, trace=300000, nelems=2, elem type=char[])
ARR 50003240 (sz=4, trace=300000, nelems=2, elem type=char[])
ARR 50003241 (sz=4, trace=300000, nelems=2, elem type=char[])
ARR 50003242 (sz=4, trace=300000, nelems=2, elem type=char[])
ARR 50003243 (sz=4, trace=300000, nelems=2, elem type=char[])
ARR 50003244 (sz=4, trace=300000, nelems=2, elem type=char[])
ARR 50003245 (sz=4, trace=300000, nelems=2, elem type=char[])
OBJ 50003246 (sz=24, trace=300000, class=java.lang.String@50000181)
	value		50003247
ARR 50003247 (sz=42, trace=300000, nelems=21, elem type=char[])
OBJ 50003248 (sz=24, trace=300000, class=java.lang.String@50000181)
	value		5000324b
OBJ 50003249 (sz=24, trace=300000, class=java.lang.String@50000181)
	value		5000324a
ARR 5000324a (sz=6, trace=300000, nelems=3, elem type=char[])
ARR 5000324b (sz=4, trace=300000, nelems=2, elem type=char[])
OBJ 5000324c (sz=64, trace=300000, class=java.net.URL@5000012c)
	protocol	50001c30
	host		5000177a
	file		5000324d
	authority	5000177a
	path		5000324d
	handler		50001c41
OBJ 5000324d (sz=24, trace=300000, class=java.lang.String@50000181)
	value		5000324e
ARR 5000324e (sz=132, trace=300000, nelems=66, elem type=char[])
OBJ 5000324f (sz=24, trace=300000, class=java.lang.String@50000181)
	value		50003250
ARR 50003250 (sz=40, trace=300000, nelems=20, elem type=char[])
OBJ 50003251 (sz=24, trace=300000, class=java.lang.String@50000181)
	value		50003252
ARR 50003252 (sz=38, trace=300000, nelems=19, elem type=char[])
OBJ 50003253 (sz=56, trace=300000, class=java.util.ResourceBundle$CacheKey@50000755)
	name		50001293
	locale		50001d0a
	loaderRef	50001326
	format		50001bf2
OBJ 50003254 (sz=56, trace=300000, class=java.util.ResourceBundle$CacheKey@50000755)
	name		50001293
	locale		50001d0b
	loaderRef	500012bb
	format		50001bf2
ARR 50003255 (sz=6, trace=300000, nelems=3, elem type=char[])
ARR 50003256 (sz=10, trace=300000, nelems=5, elem type=char[])
ARR 50003257 (sz=6, trace=300000, nelems=3, elem type=char[])
ARR 50003258 (sz=16, trace=300000, nelems=8, elem type=char[])
ARR 50003259 (sz=6, trace=300000, nelems=3, elem type=char[])
ARR 5000325a (sz=12, trace=300000, nelems=6, elem type=char[])
ARR 5000325b (sz=6, trace=300000, nelems=3, elem type=char[])
ARR 5000325c (sz=10, trace=300000, nelems=5, elem type=char[])
ARR 5000325d (sz=6, trace=300000, nelems=3, elem type=char[])
ARR 5000325e (sz=10, trace=300000, nelems=5, elem type=char[])
ARR 5000325f (sz=6, trace=300000, nelems=3, elem type=char[])
ARR 50003260 (sz=4, trace=300000, nelems=2, elem type=char[])
ARR 50003261 (sz=6, trace=300000, nelems=3, elem type=char[])
ARR 50003262 (sz=4, trace=300000, nelems=2, elem type=char[])
ARR 50003263 (sz=6, trace=300000, nelems=3, elem type=char[])
ARR 50003264 (sz=8, trace=300000, nelems=4, elem type=char[])
ARR 50003265 (sz=6, trace=300000, nelems=3, elem type=char[])
ARR 50003266 (sz=8, trace=300000, nelems=4, elem type=char[])
ARR 50003267 (sz=6, trace=300000, nelems=3, elem type=char[])
ARR 50003268 (sz=14, trace=300000, nelems=7, elem type=char[])
ARR 50003269 (sz=6, trace=300000, nelems=3, elem type=char[])
ARR 5000326a (sz=10, trace=300000, nelems=5, elem type=char[])
ARR 5000326b (sz=6, trace=300000, nelems=3, elem type=char[])
ARR 5000326c (sz=10, trace=300000, nelems=5, elem type=char[])
ARR 5000326d (sz=6, trace=300000, nelems=3, elem type=char[])
ARR 5000326e (sz=18, trace=300000, nelems=9, elem type=char[])
ARR 5000326f (sz=6, trace=300000, nelems=3, elem type=char[])
ARR 50003270 (sz=8, trace=300000, nelems=4, elem type=char[])
ARR 50003271 (sz=6, trace=300000, nelems=3, elem type=char[])
ARR 50003272 (sz=12, trace=300000, nelems=6, elem type=char[])
ARR 50003273 (sz=6, trace=300000, nelems=3, elem type=char[])
ARR 50003274 (sz=12, trace=300000, nelems=6, elem type=char[])
ARR 50003275 (sz=6, trace=300000, nelems=3, elem type=char[])
ARR 50003276 (sz=14, trace=300000, nelems=7, elem type=char[])
ARR 50003277 (sz=6, trace=300000, nelems=3, elem type=char[])
ARR 50003278 (sz=12, trace=300000, nelems=6, elem type=char[])
ARR 50003279 (sz=6, trace=300000, nelems=3, elem type=char[])
ARR 5000327a (sz=12, trace=300000, nelems=6, elem type=char[])
ARR 5000327b (sz=6, trace=300000, nelems=3, elem type=char[])
ARR 5000327c (sz=10, trace=300000, nelems=5, elem type=char[])
ARR 5000327d (sz=6, trace=300000, nelems=3, elem type=char[])
ARR 5000327e (sz=14, trace=300000, nelems=7, elem type=char[])
ARR 5000327f (sz=6, trace=300000, nelems=3, elem type=char[])
ARR 50003280 (sz=12, trace=300000, nelems=6, elem type=char[])
ARR 50003281 (sz=6, trace=300000, nelems=3, elem type=char[])
ARR 50003282 (sz=12, trace=300000, nelems=6, elem type=char[])
ARR 50003283 (sz=6, trace=300000, nelems=3, elem type=char[])
ARR 50003284 (sz=28, trace=300000, nelems=14, elem type=char[])
ARR 50003285 (sz=6, trace=300000, nelems=3, elem type=char[])
ARR 50003286 (sz=8, trace=300000, nelems=4, elem type=char[])
ARR 50003287 (sz=6, trace=300000, nelems=3, elem type=char[])
ARR 50003288 (sz=10, trace=300000, nelems=5, elem type=char[])
ARR 50003289 (sz=6, trace=300000, nelems=3, elem type=char[])
ARR 5000328a (sz=4, trace=300000, nelems=2, elem type=char[])
ARR 5000328b (sz=6, trace=300000, nelems=3, elem type=char[])
ARR 5000328c (sz=4, trace=300000, nelems=2, elem type=char[])
ARR 5000328d (sz=6, trace=300000, nelems=3, elem type=char[])
ARR 5000328e (sz=10, trace=300000, nelems=5, elem type=char[])
ARR 5000328f (sz=6, trace=300000, nelems=3, elem type=char[])
ARR 50003290 (sz=8, trace=300000, nelems=4, elem type=char[])
ARR 50003291 (sz=6, trace=300000, nelems=3, elem type=char[])
ARR 50003292 (sz=12, trace=300000, nelems=6, elem type=char[])
ARR 50003293 (sz=6, trace=300000, nelems=3, elem type=char[])
ARR 50003294 (sz=14, trace=300000, nelems=7, elem type=char[])
ARR 50003295 (sz=6, trace=300000, nelems=3, elem type=char[])
ARR 50003296 (sz=10, trace=300000, nelems=5, elem type=char[])
ARR 50003297 (sz=6, trace=300000, nelems=3, elem type=char[])
ARR 50003298 (sz=12, trace=300000, nelems=6, elem type=char[])
ARR 50003299 (sz=6, trace=300000, nelems=3, elem type=char[])
ARR 5000329a (sz=8, trace=300000, nelems=4, elem type=char[])
ARR 5000329b (sz=6, trace=300000, nelems=3, elem type=char[])
ARR 5000329c (sz=8, trace=300000, nelems=4, elem type=char[])
ARR 5000329d (sz=6, trace=300000, nelems=3, elem type=char[])
ARR 5000329e (sz=6, trace=300000, nelems=3, elem type=char[])
ARR 5000329f (sz=6, trace=300000, nelems=3, elem type=char[])
ARR 500032a0 (sz=14, trace=300000, nelems=7, elem type=char[])
ARR 500032a1 (sz=6, trace=300000, nelems=3, elem type=char[])
ARR 500032a2 (sz=10, trace=300000, nelems=5, elem type=char[])
ARR 500032a3 (sz=6, trace=300000, nelems=3, elem type=char[])
ARR 500032a4 (sz=10, trace=300000, nelems=5, elem type=char[])
ARR 500032a5 (sz=6, trace=300000, nelems=3, elem type=char[])
ARR 500032a6 (sz=8, trace=300000, nelems=4, elem type=char[])
ARR 500032a7 (sz=6, trace=300000, nelems=3, elem type=char[])
ARR 500032a8 (sz=14, trace=300000, nelems=7, elem type=char[])
ARR 500032a9 (sz=6, trace=300000, nelems=3, elem type=char[])
ARR 500032aa (sz=8, trace=300000, nelems=4, elem type=char[])
ARR 500032ab (sz=6, trace=300000, nelems=3, elem type=char[])
ARR 500032ac (sz=6, trace=300000, nelems=3, elem type=char[])
ARR 500032ad (sz=6, trace=300000, nelems=3, elem type=char[])
ARR 500032ae (sz=12, trace=300000, nelems=6, elem type=char[])
ARR 500032af (sz=6, trace=300000, nelems=3, elem type=char[])
ARR 500032b0 (sz=8, trace=300000, nelems=4, elem type=char[])
ARR 500032b1 (sz=6, trace=300000, nelems=3, elem type=char[])
ARR 500032b2 (sz=10, trace=300000, nelems=5, elem type=char[])
ARR 500032b3 (sz=6, trace=300000, nelems=3, elem type=char[])
ARR 500032b4 (sz=18, trace=300000, nelems=9, elem type=char[])
ARR 500032b5 (sz=6, trace=300000, nelems=3, elem type=char[])
ARR 500032b6 (sz=12, trace=300000, nelems=6, elem type=char[])
ARR 500032b7 (sz=6, trace=300000, nelems=3, elem type=char[])
ARR 500032b8 (sz=12, trace=300000, nelems=6, elem type=char[])
ARR 500032b9 (sz=6, trace=300000, nelems=3, elem type=char[])
ARR 500032ba (sz=14, trace=300000, nelems=7, elem type=char[])
ARR 500032bb (sz=6, trace=300000, nelems=3, elem type=char[])
ARR 500032bc (sz=14, trace=300000, nelems=7, elem type=char[])
ARR 500032bd (sz=6, trace=300000, nelems=3, elem type=char[])
ARR 500032be (sz=12, trace=300000, nelems=6, elem type=char[])
ARR 500032bf (sz=6, trace=300000, nelems=3, elem type=char[])
ARR 500032c0 (sz=4, trace=300000, nelems=2, elem type=char[])
ARR 500032c1 (sz=6, trace=300000, nelems=3, elem type=char[])
ARR 500032c2 (sz=12, trace=300000, nelems=6, elem type=char[])
ARR 500032c3 (sz=6, trace=300000, nelems=3, elem type=char[])
ARR 500032c4 (sz=12, trace=300000, nelems=6, elem type=char[])
ARR 500032c5 (sz=6, trace=300000, nelems=3, elem type=char[])
ARR 500032c6 (sz=14, trace=300000, nelems=7, elem type=char[])
ARR 500032c7 (sz=6, trace=300000, nelems=3, elem type=char[])
ARR 500032c8 (sz=8, trace=300000, nelems=4, elem type=char[])
ARR 500032c9 (sz=6, trace=300000, nelems=3, elem type=char[])
ARR 500032ca (sz=12, trace=300000, nelems=6, elem type=char[])
ARR 500032cb (sz=6, trace=300000, nelems=3, elem type=char[])
ARR 500032cc (sz=10, trace=300000, nelems=5, elem type=char[])
ARR 500032cd (sz=6, trace=300000, nelems=3, elem type=char[])
ARR 500032ce (sz=14, trace=300000, nelems=7, elem type=char[])
ARR 500032cf (sz=6, trace=300000, nelems=3, elem type=char[])
ARR 500032d0 (sz=8, trace=300000, nelems=4, elem type=char[])
ARR 500032d1 (sz=6, trace=300000, nelems=3, elem type=char[])
ARR 500032d2 (sz=6, trace=300000, nelems=3, elem type=char[])
ARR 500032d3 (sz=6, trace=300000, nelems=3, elem type=char[])
ARR 500032d4 (sz=16, trace=300000, nelems=8, elem type=char[])
ARR 500032d5 (sz=6, trace=300000, nelems=3, elem type=char[])
ARR 500032d6 (sz=12, trace=300000, nelems=6, elem type=char[])
ARR 500032d7 (sz=6, trace=300000, nelems=3, elem type=char[])
ARR 500032d8 (sz=16, trace=300000, nelems=8, elem type=char[])
ARR 500032d9 (sz=6, trace=300000, nelems=3, elem type=char[])
ARR 500032da (sz=16, trace=300000, nelems=8, elem type=char[])
ARR 500032db (sz=6, trace=300000, nelems=3, elem type=char[])
ARR 500032dc (sz=38, trace=300000, nelems=19, elem type=char[])
ARR 500032dd (sz=6, trace=300000, nelems=3, elem type=char[])
ARR 500032de (sz=18, trace=300000, nelems=9, elem type=char[])
ARR 500032df (sz=6, trace=300000, nelems=3, elem type=char[])
ARR 500032e0 (sz=14, trace=300000, nelems=7, elem type=char[])
ARR 500032e1 (sz=6, trace=300000, nelems=3, elem type=char[])
ARR 500032e2 (sz=8, trace=300000, nelems=4, elem type=char[])
ARR 500032e3 (sz=6, trace=300000, nelems=3, elem type=char[])
ARR 500032e4 (sz=12, trace=300000, nelems=6, elem type=char[])
ARR 500032e5 (sz=6, trace=300000, nelems=3, elem type=char[])
ARR 500032e6 (sz=2, trace=300000, nelems=1, elem type=char[])
ARR 500032e7 (sz=6, trace=300000, nelems=3, elem type=char[])
ARR 500032e8 (sz=10, trace=300000, nelems=5, elem type=char[])
ARR 500032e9 (sz=6, trace=300000, nelems=3, elem type=char[])
ARR 500032ea (sz=18, trace=300000, nelems=9, elem type=char[])
ARR 500032eb (sz=6, trace=300000, nelems=3, elem type=char[])
ARR 500032ec (sz=10, trace=300000, nelems=5, elem type=char[])
ARR 500032ed (sz=6, trace=300000, nelems=3, elem type=char[])
ARR 500032ee (sz=12, trace=300000, nelems=6, elem type=char[])
ARR 500032ef (sz=6, trace=300000, nelems=3, elem type=char[])
ARR 500032f0 (sz=10, trace=300000, nelems=5, elem type=char[])
ARR 500032f1 (sz=6, trace=300000, nelems=3, elem type=char[])
ARR 500032f2 (sz=12, trace=300000, nelems=6, elem type=char[])
ARR 500032f3 (sz=6, trace=300000, nelems=3, elem type=char[])
ARR 500032f4 (sz=12, trace=300000, nelems=6, elem type=char[])
ARR 500032f5 (sz=6, trace=300000, nelems=3, elem type=char[])
ARR 500032f6 (sz=8, trace=300000, nelems=4, elem type=char[])
ARR 500032f7 (sz=6, trace=300000, nelems=3, elem type=char[])
ARR 500032f8 (sz=14, trace=300000, nelems=7, elem type=char[])
ARR 500032f9 (sz=6, trace=300000, nelems=3, elem type=char[])
ARR 500032fa (sz=52, trace=300000, nelems=26, elem type=char[])
ARR 500032fb (sz=6, trace=300000, nelems=3, elem type=char[])
ARR 500032fc (sz=8, trace=300000, nelems=4, elem type=char[])
ARR 500032fd (sz=6, trace=300000, nelems=3, elem type=char[])
ARR 500032fe (sz=18, trace=300000, nelems=9, elem type=char[])
ARR 500032ff (sz=6, trace=300000, nelems=3, elem type=char[])
ARR 50003300 (sz=12, trace=300000, nelems=6, elem type=char[])
ARR 50003301 (sz=6, trace=300000, nelems=3, elem type=char[])
ARR 50003302 (sz=10, trace=300000, nelems=5, elem type=char[])
ARR 50003303 (sz=6, trace=300000, nelems=3, elem type=char[])
ARR 50003304 (sz=16, trace=300000, nelems=8, elem type=char[])
ARR 50003305 (sz=6, trace=300000, nelems=3, elem type=char[])
ARR 50003306 (sz=12, trace=300000, nelems=6, elem type=char[])
ARR 50003307 (sz=6, trace=300000, nelems=3, elem type=char[])
ARR 50003308 (sz=10, trace=300000, nelems=5, elem type=char[])
ARR 50003309 (sz=6, trace=300000, nelems=3, elem type=char[])
ARR 5000330a (sz=6, trace=300000, nelems=3, elem type=char[])
ARR 5000330b (sz=6, trace=300000, nelems=3, elem type=char[])
ARR 5000330c (sz=8, trace=300000, nelems=4, elem type=char[])
ARR 5000330d (sz=6, trace=300000, nelems=3, elem type=char[])
ARR 5000330e (sz=10, trace=300000, nelems=5, elem type=char[])
ARR 5000330f (sz=6, trace=300000, nelems=3, elem type=char[])
ARR 50003310 (sz=10, trace=300000, nelems=5, elem type=char[])
ARR 50003311 (sz=6, trace=300000, nelems=3, elem type=char[])
ARR 50003312 (sz=12, trace=300000, nelems=6, elem type=char[])
ARR 50003313 (sz=6, trace=300000, nelems=3, elem type=char[])
ARR 50003314 (sz=10, trace=300000, nelems=5, elem type=char[])
ARR 50003315 (sz=6, trace=300000, nelems=3, elem type=char[])
ARR 50003316 (sz=16, trace=300000, nelems=8, elem type=char[])
ARR 50003317 (sz=6, trace=300000, nelems=3, elem type=char[])
ARR 50003318 (sz=4, trace=300000, nelems=2, elem type=char[])
ARR 50003319 (sz=6, trace=300000, nelems=3, elem type=char[])
ARR 5000331a (sz=12, trace=300000, nelems=6, elem type=char[])
ARR 5000331b (sz=6, trace=300000, nelems=3, elem type=char[])
ARR 5000331c (sz=10, trace=300000, nelems=5, elem type=char[])
ARR 5000331d (sz=6, trace=300000, nelems=3, elem type=char[])
ARR 5000331e (sz=14, trace=300000, nelems=7, elem type=char[])
ARR 5000331f (sz=6, trace=300000, nelems=3, elem type=char[])
ARR 50003320 (sz=38, trace=300000, nelems=19, elem type=char[])
ARR 50003321 (sz=6, trace=300000, nelems=3, elem type=char[])
ARR 50003322 (sz=8, trace=300000, nelems=4, elem type=char[])
ARR 50003323 (sz=6, trace=300000, nelems=3, elem type=char[])
ARR 50003324 (sz=10, trace=300000, nelems=5, elem type=char[])
ARR 50003325 (sz=6, trace=300000, nelems=3, elem type=char[])
ARR 50003326 (sz=14, trace=300000, nelems=7, elem type=char[])
ARR 50003327 (sz=6, trace=300000, nelems=3, elem type=char[])
ARR 50003328 (sz=16, trace=300000, nelems=8, elem type=char[])
ARR 50003329 (sz=6, trace=300000, nelems=3, elem type=char[])
ARR 5000332a (sz=14, trace=300000, nelems=7, elem type=char[])
ARR 5000332b (sz=6, trace=300000, nelems=3, elem type=char[])
ARR 5000332c (sz=10, trace=300000, nelems=5, elem type=char[])
ARR 5000332d (sz=6, trace=300000, nelems=3, elem type=char[])
ARR 5000332e (sz=16, trace=300000, nelems=8, elem type=char[])
ARR 5000332f (sz=6, trace=300000, nelems=3, elem type=char[])
ARR 50003330 (sz=32, trace=300000, nelems=16, elem type=char[])
ARR 50003331 (sz=6, trace=300000, nelems=3, elem type=char[])
ARR 50003332 (sz=8, trace=300000, nelems=4, elem type=char[])
ARR 50003333 (sz=6, trace=300000, nelems=3, elem type=char[])
ARR 50003334 (sz=12, trace=300000, nelems=6, elem type=char[])
ARR 50003335 (sz=6, trace=300000, nelems=3, elem type=char[])
ARR 50003336 (sz=10, trace=300000, nelems=5, elem type=char[])
ARR 50003337 (sz=6, trace=300000, nelems=3, elem type=char[])
ARR 50003338 (sz=8, trace=300000, nelems=4, elem type=char[])
ARR 50003339 (sz=6, trace=300000, nelems=3, elem type=char[])
ARR 5000333a (sz=8, trace=300000, nelems=4, elem type=char[])
ARR 5000333b (sz=6, trace=300000, nelems=3, elem type=char[])
ARR 5000333c (sz=12, trace=300000, nelems=6, elem type=char[])
ARR 5000333d (sz=6, trace=300000, nelems=3, elem type=char[])
ARR 5000333e (sz=18, trace=300000, nelems=9, elem type=char[])
ARR 5000333f (sz=6, trace=300000, nelems=3, elem type=char[])
ARR 50003340 (sz=24, trace=300000, nelems=12, elem type=char[])
ARR 50003341 (sz=6, trace=300000, nelems=3, elem type=char[])
ARR 50003342 (sz=8, trace=300000, nelems=4, elem type=char[])
ARR 50003343 (sz=6, trace=300000, nelems=3, elem type=char[])
ARR 50003344 (sz=8, trace=300000, nelems=4, elem type=char[])
ARR 50003345 (sz=6, trace=300000, nelems=3, elem type=char[])
ARR 50003346 (sz=10, trace=300000, nelems=5, elem type=char[])
ARR 50003347 (sz=6, trace=300000, nelems=3, elem type=char[])
ARR 50003348 (sz=14, trace=300000, nelems=7, elem type=char[])
ARR 50003349 (sz=6, trace=300000, nelems=3, elem type=char[])
ARR 5000334a (sz=14, trace=300000, nelems=7, elem type=char[])
ARR 5000334b (sz=6, trace=300000, nelems=3, elem type=char[])
ARR 5000334c (sz=10, trace=300000, nelems=5, elem type=char[])
ARR 5000334d (sz=6, trace=300000, nelems=3, elem type=char[])
ARR 5000334e (sz=8, trace=300000, nelems=4, elem type=char[])
ARR 5000334f (sz=6, trace=300000, nelems=3, elem type=char[])
ARR 50003350 (sz=12, trace=300000, nelems=6, elem type=char[])
ARR 50003351 (sz=6, trace=300000, nelems=3, elem type=char[])
ARR 50003352 (sz=10, trace=300000, nelems=5, elem type=char[])
ARR 50003353 (sz=6, trace=300000, nelems=3, elem type=char[])
ARR 50003354 (sz=16, trace=300000, nelems=8, elem type=char[])
ARR 50003355 (sz=6, trace=300000, nelems=3, elem type=char[])
ARR 50003356 (sz=10, trace=300000, nelems=5, elem type=char[])
ARR 50003357 (sz=6, trace=300000, nelems=3, elem type=char[])
ARR 50003358 (sz=24, trace=300000, nelems=12, elem type=char[])
ARR 50003359 (sz=6, trace=300000, nelems=3, elem type=char[])
ARR 5000335a (sz=12, trace=300000, nelems=6, elem type=char[])
ARR 5000335b (sz=6, trace=300000, nelems=3, elem type=char[])
ARR 5000335c (sz=14, trace=300000, nelems=7, elem type=char[])
ARR 5000335d (sz=6, trace=300000, nelems=3, elem type=char[])
ARR 5000335e (sz=12, trace=300000, nelems=6, elem type=char[])
ARR 5000335f (sz=6, trace=300000, nelems=3, elem type=char[])
ARR 50003360 (sz=24, trace=300000, nelems=12, elem type=char[])
ARR 50003361 (sz=6, trace=300000, nelems=3, elem type=char[])
ARR 50003362 (sz=6, trace=300000, nelems=3, elem type=char[])
ARR 50003363 (sz=6, trace=300000, nelems=3, elem type=char[])
ARR 50003364 (sz=12, trace=300000, nelems=6, elem type=char[])
ARR 50003365 (sz=6, trace=300000, nelems=3, elem type=char[])
ARR 50003366 (sz=12, trace=300000, nelems=6, elem type=char[])
ARR 50003367 (sz=6, trace=300000, nelems=3, elem type=char[])
ARR 50003368 (sz=10, trace=300000, nelems=5, elem type=char[])
ARR 50003369 (sz=6, trace=300000, nelems=3, elem type=char[])
ARR 5000336a (sz=10, trace=300000, nelems=5, elem type=char[])
ARR 5000336b (sz=6, trace=300000, nelems=3, elem type=char[])
ARR 5000336c (sz=6, trace=300000, nelems=3, elem type=char[])
ARR 5000336d (sz=6, trace=300000, nelems=3, elem type=char[])
ARR 5000336e (sz=4, trace=300000, nelems=2, elem type=char[])
ARR 5000336f (sz=6, trace=300000, nelems=3, elem type=char[])
ARR 50003370 (sz=12, trace=300000, nelems=6, elem type=char[])
ARR 50003371 (sz=6, trace=300000, nelems=3, elem type=char[])
ARR 50003372 (sz=12, trace=300000, nelems=6, elem type=char[])
ARR 50003373 (sz=6, trace=300000, nelems=3, elem type=char[])
ARR 50003374 (sz=10, trace=300000, nelems=5, elem type=char[])
ARR 50003375 (sz=6, trace=300000, nelems=3, elem type=char[])
ARR 50003376 (sz=10, trace=300000, nelems=5, elem type=char[])
ARR 50003377 (sz=6, trace=300000, nelems=3, elem type=char[])
ARR 50003378 (sz=8, trace=300000, nelems=4, elem type=char[])
ARR 50003379 (sz=6, trace=300000, nelems=3, elem type=char[])
ARR 5000337a (sz=12, trace=300000, nelems=6, elem type=char[])
ARR 5000337b (sz=6, trace=300000, nelems=3, elem type=char[])
ARR 5000337c (sz=10, trace=300000, nelems=5, elem type=char[])
ARR 5000337d (sz=6, trace=300000, nelems=3, elem type=char[])
ARR 5000337e (sz=2, trace=300000, nelems=1, elem type=char[])
ARR 5000337f (sz=6, trace=300000, nelems=3, elem type=char[])
ARR 50003380 (sz=16, trace=300000, nelems=8, elem type=char[])
ARR 50003381 (sz=6, trace=300000, nelems=3, elem type=char[])
ARR 50003382 (sz=16, trace=300000, nelems=8, elem type=char[])
ARR 50003383 (sz=6, trace=300000, nelems=3, elem type=char[])
ARR 50003384 (sz=8, trace=300000, nelems=4, elem type=char[])
ARR 50003385 (sz=6, trace=300000, nelems=3, elem type=char[])
ARR 50003386 (sz=12, trace=300000, nelems=6, elem type=char[])
ARR 50003387 (sz=6, trace=300000, nelems=3, elem type=char[])
ARR 50003388 (sz=16, trace=300000, nelems=8, elem type=char[])
ARR 50003389 (sz=6, trace=300000, nelems=3, elem type=char[])
ARR 5000338a (sz=32, trace=300000, nelems=16, elem type=char[])
ARR 5000338b (sz=6, trace=300000, nelems=3, elem type=char[])
ARR 5000338c (sz=14, trace=300000, nelems=7, elem type=char[])
ARR 5000338d (sz=6, trace=300000, nelems=3, elem type=char[])
ARR 5000338e (sz=10, trace=300000, nelems=5, elem type=char[])
ARR 5000338f (sz=6, trace=300000, nelems=3, elem type=char[])
ARR 50003390 (sz=8, trace=300000, nelems=4, elem type=char[])
ARR 50003391 (sz=6, trace=300000, nelems=3, elem type=char[])
ARR 50003392 (sz=8, trace=300000, nelems=4, elem type=char[])
ARR 50003393 (sz=6, trace=300000, nelems=3, elem type=char[])
ARR 50003394 (sz=2, trace=300000, nelems=1, elem type=char[])
ARR 50003395 (sz=6, trace=300000, nelems=3, elem type=char[])
ARR 50003396 (sz=12, trace=300000, nelems=6, elem type=char[])
ARR 50003397 (sz=6, trace=300000, nelems=3, elem type=char[])
ARR 50003398 (sz=12, trace=300000, nelems=6, elem type=char[])
ARR 50003399 (sz=6, trace=300000, nelems=3, elem type=char[])
ARR 5000339a (sz=10, trace=300000, nelems=5, elem type=char[])
ARR 5000339b (sz=6, trace=300000, nelems=3, elem type=char[])
ARR 5000339c (sz=4, trace=300000, nelems=2, elem type=char[])
ARR 5000339d (sz=6, trace=300000, nelems=3, elem type=char[])
ARR 5000339e (sz=14, trace=300000, nelems=7, elem type=char[])
ARR 5000339f (sz=6, trace=300000, nelems=3, elem type=char[])
ARR 500033a0 (sz=10, trace=300000, nelems=5, elem type=char[])
ARR 500033a1 (sz=6, trace=300000, nelems=3, elem type=char[])
ARR 500033a2 (sz=2, trace=300000, nelems=1, elem type=char[])
ARR 500033a3 (sz=6, trace=300000, nelems=3, elem type=char[])
ARR 500033a4 (sz=10, trace=300000, nelems=5, elem type=char[])
ARR 500033a5 (sz=6, trace=300000, nelems=3, elem type=char[])
ARR 500033a6 (sz=6, trace=300000, nelems=3, elem type=char[])
ARR 500033a7 (sz=6, trace=300000, nelems=3, elem type=char[])
ARR 500033a8 (sz=10, trace=300000, nelems=5, elem type=char[])
ARR 500033a9 (sz=6, trace=300000, nelems=3, elem type=char[])
ARR 500033aa (sz=12, trace=300000, nelems=6, elem type=char[])
ARR 500033ab (sz=6, trace=300000, nelems=3, elem type=char[])
ARR 500033ac (sz=16, trace=300000, nelems=8, elem type=char[])
ARR 500033ad (sz=6, trace=300000, nelems=3, elem type=char[])
ARR 500033ae (sz=12, trace=300000, nelems=6, elem type=char[])
ARR 500033af (sz=6, trace=300000, nelems=3, elem type=char[])
ARR 500033b0 (sz=14, trace=300000, nelems=7, elem type=char[])
ARR 500033b1 (sz=6, trace=300000, nelems=3, elem type=char[])
ARR 500033b2 (sz=10, trace=300000, nelems=5, elem type=char[])
ARR 500033b3 (sz=6, trace=300000, nelems=3, elem type=char[])
ARR 500033b4 (sz=10, trace=300000, nelems=5, elem type=char[])
ARR 500033b5 (sz=6, trace=300000, nelems=3, elem type=char[])
ARR 500033b6 (sz=10, trace=300000, nelems=5, elem type=char[])
ARR 500033b7 (sz=6, trace=300000, nelems=3, elem type=char[])
ARR 500033b8 (sz=8, trace=300000, nelems=4, elem type=char[])
ARR 500033b9 (sz=6, trace=300000, nelems=3, elem type=char[])
ARR 500033ba (sz=10, trace=300000, nelems=5, elem type=char[])
ARR 500033bb (sz=6, trace=300000, nelems=3, elem type=char[])
ARR 500033bc (sz=14, trace=300000, nelems=7, elem type=char[])
ARR 500033bd (sz=6, trace=300000, nelems=3, elem type=char[])
ARR 500033be (sz=10, trace=300000, nelems=5, elem type=char[])
ARR 500033bf (sz=6, trace=300000, nelems=3, elem type=char[])
ARR 500033c0 (sz=18, trace=300000, nelems=9, elem type=char[])
ARR 500033c1 (sz=6, trace=300000, nelems=3, elem type=char[])
ARR 500033c2 (sz=8, trace=300000, nelems=4, elem type=char[])
ARR 500033c3 (sz=6, trace=300000, nelems=3, elem type=char[])
ARR 500033c4 (sz=14, trace=300000, nelems=7, elem type=char[])
ARR 500033c5 (sz=6, trace=300000, nelems=3, elem type=char[])
ARR 500033c6 (sz=14, trace=300000, nelems=7, elem type=char[])
ARR 500033c7 (sz=6, trace=300000, nelems=3, elem type=char[])
ARR 500033c8 (sz=6, trace=300000, nelems=3, elem type=char[])
ARR 500033c9 (sz=6, trace=300000, nelems=3, elem type=char[])
ARR 500033ca (sz=8, trace=300000, nelems=4, elem type=char[])
ARR 500033cb (sz=6, trace=300000, nelems=3, elem type=char[])
ARR 500033cc (sz=12, trace=300000, nelems=6, elem type=char[])
ARR 500033cd (sz=6, trace=300000, nelems=3, elem type=char[])
ARR 500033ce (sz=12, trace=300000, nelems=6, elem type=char[])
ARR 500033cf (sz=6, trace=300000, nelems=3, elem type=char[])
ARR 500033d0 (sz=8, trace=300000, nelems=4, elem type=char[])
ARR 500033d1 (sz=6, trace=300000, nelems=3, elem type=char[])
ARR 500033d2 (sz=10, trace=300000, nelems=5, elem type=char[])
ARR 500033d3 (sz=6, trace=300000, nelems=3, elem type=char[])
ARR 500033d4 (sz=14, trace=300000, nelems=7, elem type=char[])
ARR 500033d5 (sz=6, trace=300000, nelems=3, elem type=char[])
ARR 500033d6 (sz=66, trace=300000, nelems=33, elem type=char[])
ARR 500033d7 (sz=6, trace=300000, nelems=3, elem type=char[])
ARR 500033d8 (sz=8, trace=300000, nelems=4, elem type=char[])
ARR 500033d9 (sz=6, trace=300000, nelems=3, elem type=char[])
ARR 500033da (sz=16, trace=300000, nelems=8, elem type=char[])
ARR 500033db (sz=6, trace=300000, nelems=3, elem type=char[])
ARR 500033dc (sz=10, trace=300000, nelems=5, elem type=char[])
ARR 500033dd (sz=6, trace=300000, nelems=3, elem type=char[])
ARR 500033de (sz=10, trace=300000, nelems=5, elem type=char[])
ARR 500033df (sz=6, trace=300000, nelems=3, elem type=char[])
ARR 500033e0 (sz=8, trace=300000, nelems=4, elem type=char[])
ARR 500033e1 (sz=6, trace=300000, nelems=3, elem type=char[])
ARR 500033e2 (sz=12, trace=300000, nelems=6, elem type=char[])
ARR 500033e3 (sz=6, trace=300000, nelems=3, elem type=char[])
ARR 500033e4 (sz=10, trace=300000, nelems=5, elem type=char[])
ARR 500033e5 (sz=6, trace=300000, nelems=3, elem type=char[])
ARR 500033e6 (sz=10, trace=300000, nelems=5, elem type=char[])
ARR 500033e7 (sz=6, trace=300000, nelems=3, elem type=char[])
ARR 500033e8 (sz=22, trace=300000, nelems=11, elem type=char[])
ARR 500033e9 (sz=6, trace=300000, nelems=3, elem type=char[])
ARR 500033ea (sz=6, trace=300000, nelems=3, elem type=char[])
ARR 500033eb (sz=6, trace=300000, nelems=3, elem type=char[])
ARR 500033ec (sz=10, trace=300000, nelems=5, elem type=char[])
ARR 500033ed (sz=6, trace=300000, nelems=3, elem type=char[])
ARR 500033ee (sz=8, trace=300000, nelems=4, elem type=char[])
ARR 500033ef (sz=6, trace=300000, nelems=3, elem type=char[])
ARR 500033f0 (sz=16, trace=300000, nelems=8, elem type=char[])
ARR 500033f1 (sz=6, trace=300000, nelems=3, elem type=char[])
ARR 500033f2 (sz=26, trace=300000, nelems=13, elem type=char[])
ARR 500033f3 (sz=6, trace=300000, nelems=3, elem type=char[])
ARR 500033f4 (sz=6, trace=300000, nelems=3, elem type=char[])
ARR 500033f5 (sz=6, trace=300000, nelems=3, elem type=char[])
ARR 500033f6 (sz=8, trace=300000, nelems=4, elem type=char[])
ARR 500033f7 (sz=6, trace=300000, nelems=3, elem type=char[])
ARR 500033f8 (sz=14, trace=300000, nelems=7, elem type=char[])
ARR 500033f9 (sz=6, trace=300000, nelems=3, elem type=char[])
ARR 500033fa (sz=8, trace=300000, nelems=4, elem type=char[])
ARR 500033fb (sz=6, trace=300000, nelems=3, elem type=char[])
ARR 500033fc (sz=18, trace=300000, nelems=9, elem type=char[])
ARR 500033fd (sz=6, trace=300000, nelems=3, elem type=char[])
ARR 500033fe (sz=12, trace=300000, nelems=6, elem type=char[])
OBJ 500033ff (sz=56, trace=300000, class=java.util.ResourceBundle$CacheKey@50000755)
	name		5000190f
	locale		50001d0b
	loaderRef	500007a6
	format		50001bf2
OBJ 50003400 (sz=56, trace=300000, class=java.util.ResourceBundle$CacheKey@50000755)
	name		5000190f
	locale		50000780
	loaderRef	500007f6
	format		50001bf2
OBJ 50003401 (sz=56, trace=300000, class=java.util.ResourceBundle$CacheKey@50000755)
	name		5000190f
	locale		50001d16
	loaderRef	500007c7
	format		50001bf2
OBJ 50003402 (sz=56, trace=300000, class=java.util.ResourceBundle$CacheKey@50000755)
	name		5000190f
	locale		50001d0a
	loaderRef	500007da
	format		50001bf2
OBJ 50003403 (sz=24, trace=300000, class=java.lang.String@50000181)
	value		50003406
OBJ 50003404 (sz=24, trace=300000, class=java.lang.String@50000181)
	value		50003405
ARR 50003405 (sz=48, trace=300000, nelems=24, elem type=char[])
ARR 50003406 (sz=164, trace=300000, nelems=82, elem type=char[])
OBJ 50003407 (sz=24, trace=300000, class=java.lang.String@50000181)
	value		5000340a
OBJ 50003408 (sz=24, trace=300000, class=java.lang.String@50000181)
	value		50003409
ARR 50003409 (sz=48, trace=300000, nelems=24, elem type=char[])
ARR 5000340a (sz=22, trace=300000, nelems=11, elem type=char[])
OBJ 5000340b (sz=24, trace=300000, class=java.lang.String@50000181)
	value		5000340e
OBJ 5000340c (sz=24, trace=300000, class=java.lang.String@50000181)
	value		5000340d
ARR 5000340d (sz=48, trace=300000, nelems=24, elem type=char[])
ARR 5000340e (sz=172, trace=300000, nelems=86, elem type=char[])
OBJ 5000340f (sz=24, trace=300000, class=java.lang.String@50000181)
	value		50003412
OBJ 50003410 (sz=24, trace=300000, class=java.lang.String@50000181)
	value		50003411
ARR 50003411 (sz=48, trace=300000, nelems=24, elem type=char[])
ARR 50003412 (sz=208, trace=300000, nelems=104, elem type=char[])
OBJ 50003413 (sz=24, trace=300000, class=java.lang.String@50000181)
	value		50003416
OBJ 50003414 (sz=24, trace=300000, class=java.lang.String@50000181)
	value		50003415
ARR 50003415 (sz=48, trace=300000, nelems=24, elem type=char[])
ARR 50003416 (sz=72, trace=300000, nelems=36, elem type=char[])
OBJ 50003417 (sz=24, trace=300000, class=java.lang.String@50000181)
	value		5000341a
OBJ 50003418 (sz=24, trace=300000, class=java.lang.String@50000181)
	value		50003419
ARR 50003419 (sz=54, trace=300000, nelems=27, elem type=char[])
ARR 5000341a (sz=64, trace=300000, nelems=32, elem type=char[])
OBJ 5000341b (sz=24, trace=300000, class=java.lang.String@50000181)
	value		5000341e
OBJ 5000341c (sz=24, trace=300000, class=java.lang.String@50000181)
	value		5000341d
ARR 5000341d (sz=48, trace=300000, nelems=24, elem type=char[])
ARR 5000341e (sz=254, trace=300000, nelems=127, elem type=char[])
OBJ 5000341f (sz=24, trace=300000, class=java.lang.String@50000181)
	value		50003422
OBJ 50003420 (sz=24, trace=300000, class=java.lang.String@50000181)
	value		50003421
ARR 50003421 (sz=54, trace=300000, nelems=27, elem type=char[])
ARR 50003422 (sz=122, trace=300000, nelems=61, elem type=char[])
OBJ 50003423 (sz=24, trace=300000, class=java.lang.String@50000181)
	value		50003426
OBJ 50003424 (sz=24, trace=300000, class=java.lang.String@50000181)
	value		50003425
ARR 50003425 (sz=52, trace=300000, nelems=26, elem type=char[])
ARR 50003426 (sz=44, trace=300000, nelems=22, elem type=char[])
OBJ 50003427 (sz=24, trace=300000, class=java.lang.String@50000181)
	value		5000342a
OBJ 50003428 (sz=24, trace=300000, class=java.lang.String@50000181)
	value		50003429
ARR 50003429 (sz=54, trace=300000, nelems=27, elem type=char[])
ARR 5000342a (sz=70, trace=300000, nelems=35, elem type=char[])
OBJ 5000342b (sz=24, trace=300000, class=java.lang.String@50000181)
	value		5000342e
OBJ 5000342c (sz=24, trace=300000, class=java.lang.String@50000181)
	value		5000342d
ARR 5000342d (sz=56, trace=300000, nelems=28, elem type=char[])
ARR 5000342e (sz=458, trace=300000, nelems=229, elem type=char[])
OBJ 5000342f (sz=24, trace=300000, class=java.lang.String@50000181)
	value		50003432
OBJ 50003430 (sz=24, trace=300000, class=java.lang.String@50000181)
	value		50003431
ARR 50003431 (sz=54, trace=300000, nelems=27, elem type=char[])
ARR 50003432 (sz=58, trace=300000, nelems=29, elem type=char[])
OBJ 50003433 (sz=24, trace=300000, class=java.lang.String@50000181)
	value		50003436
OBJ 50003434 (sz=24, trace=300000, class=java.lang.String@50000181)
	value		50003435
ARR 50003435 (sz=42, trace=300000, nelems=21, elem type=char[])
ARR 50003436 (sz=2292, trace=300000, nelems=1146, elem type=char[])
OBJ 50003437 (sz=24, trace=300000, class=java.lang.String@50000181)
	value		5000343a
OBJ 50003438 (sz=24, trace=300000, class=java.lang.String@50000181)
	value		50003439
ARR 50003439 (sz=48, trace=300000, nelems=24, elem type=char[])
ARR 5000343a (sz=10, trace=300000, nelems=5, elem type=char[])
OBJ 5000343b (sz=24, trace=300000, class=java.lang.String@50000181)
	value		5000343e
OBJ 5000343c (sz=24, trace=300000, class=java.lang.String@50000181)
	value		5000343d
ARR 5000343d (sz=50, trace=300000, nelems=25, elem type=char[])
ARR 5000343e (sz=64, trace=300000, nelems=32, elem type=char[])
OBJ 5000343f (sz=24, trace=300000, class=java.lang.String@50000181)
	value		50003442
OBJ 50003440 (sz=24, trace=300000, class=java.lang.String@50000181)
	value		50003441
ARR 50003441 (sz=48, trace=300000, nelems=24, elem type=char[])
ARR 50003442 (sz=2850, trace=300000, nelems=1425, elem type=char[])
OBJ 50003443 (sz=24, trace=300000, class=java.lang.String@50000181)
	value		50003446
OBJ 50003444 (sz=24, trace=300000, class=java.lang.String@50000181)
	value		50003445
ARR 50003445 (sz=48, trace=300000, nelems=24, elem type=char[])
ARR 50003446 (sz=40, trace=300000, nelems=20, elem type=char[])
OBJ 50003447 (sz=24, trace=300000, class=java.lang.String@50000181)
	value		5000344a
OBJ 50003448 (sz=24, trace=300000, class=java.lang.String@50000181)
	value		50003449
ARR 50003449 (sz=48, trace=300000, nelems=24, elem type=char[])
ARR 5000344a (sz=36, trace=300000, nelems=18, elem type=char[])
OBJ 5000344b (sz=24, trace=300000, class=java.lang.String@50000181)
	value		5000344e
OBJ 5000344c (sz=24, trace=300000, class=java.lang.String@50000181)
	value		5000344d
ARR 5000344d (sz=48, trace=300000, nelems=24, elem type=char[])
ARR 5000344e (sz=20, trace=300000, nelems=10, elem type=char[])
OBJ 5000344f (sz=24, trace=300000, class=java.lang.String@50000181)
	value		50003452
OBJ 50003450 (sz=24, trace=300000, class=java.lang.String@50000181)
	value		50003451
ARR 50003451 (sz=36, trace=300000, nelems=18, elem type=char[])
ARR 50003452 (sz=64, trace=300000, nelems=32, elem type=char[])
OBJ 50003453 (sz=24, trace=300000, class=java.lang.String@50000181)
	value		50003454
ARR 50003454 (sz=30, trace=300000, nelems=15, elem type=char[])
OBJ 50003455 (sz=16, trace=300000, class=java.security.ProtectionDomain$Key@50000008)
	this$0		50001903
ARR 50003456 (sz=16, trace=300000, nelems=0, elem type=java.security.Principal[]@50000006)
OBJ 50003457 (sz=32, trace=300000, class=java.security.CodeSource@50000127)
OBJ 50003458 (sz=16, trace=300000, class=java.util.HashSet@50000005)
	map		50003459
OBJ 50003459 (sz=48, trace=300000, class=java.util.HashMap@500000d9)
	table		50000eb6
ARR 5000345a (sz=56, trace=300000, nelems=0, elem type=java.lang.Object[]@5000011b)
OBJ 5000345b (sz=16, trace=300000, class=sun.net.www.protocol.jar.Handler@50000003)
OBJ 5000345c (sz=48, trace=300000, class=java.util.HashMap@500000d9)
	table		500005fc
OBJ 5000345d (sz=24, trace=300000, class=java.util.ArrayList@500000f0)
	elementData	50000715
OBJ 5000345e (sz=32, trace=300000, class=java.util.Stack@500000f5)
	elementData	50003482
OBJ 5000345f (sz=24, trace=300000, class=java.util.ArrayList@500000f0)
	elementData	50003460
ARR 50003460 (sz=80, trace=300000, nelems=12, elem type=java.lang.Object[]@5000011b)
	[0]		50003461
	[1]		50003462
	[2]		50003463
	[3]		50003464
	[4]		50003465
	[5]		5000324c
	[6]		50003466
	[7]		50003467
	[8]		50003468
	[9]		50003469
	[10]		5000346a
	[11]		5000346b
OBJ 50003461 (sz=64, trace=300000, class=java.net.URL@5000012c)
	protocol	50001c30
	host		5000177a
	file		50003480
	authority	5000177a
	path		50003480
	handler		50001c41
OBJ 50003462 (sz=64, trace=300000, class=java.net.URL@5000012c)
	protocol	50001c30
	host		5000177a
	file		5000347e
	authority	5000177a
	path		5000347e
	handler		50001c41
OBJ 50003463 (sz=64, trace=300000, class=java.net.URL@5000012c)
	protocol	50001c30
	host		5000177a
	file		5000347c
	authority	5000177a
	path		5000347c
	handler		50001c41
OBJ 50003464 (sz=64, trace=300000, class=java.net.URL@5000012c)
	protocol	50001c30
	host		5000177a
	file		5000347a
	authority	5000177a
	path		5000347a
	handler		50001c41
OBJ 50003465 (sz=64, trace=300000, class=java.net.URL@5000012c)
	protocol	50001c30
	host		5000177a
	file		50003478
	authority	5000177a
	path		50003478
	handler		50001c41
OBJ 50003466 (sz=64, trace=300000, class=java.net.URL@5000012c)
	protocol	50001c30
	host		5000177a
	file		50003476
	authority	5000177a
	path		50003476
	handler		50001c41
OBJ 50003467 (sz=64, trace=300000, class=java.net.URL@5000012c)
	protocol	50001c30
	host		5000177a
	file		50003474
	authority	5000177a
	path		50003474
	handler		50001c41
OBJ 50003468 (sz=64, trace=300000, class=java.net.URL@5000012c)
	protocol	50001c30
	host		5000177a
	file		50003472
	authority	5000177a
	path		50003472
	handler		50001c41
OBJ 50003469 (sz=64, trace=300000, class=java.net.URL@5000012c)
	protocol	50001c30
	host		5000177a
	file		50003470
	authority	5000177a
	path		50003470
	handler		50001c41
OBJ 5000346a (sz=64, trace=300000, class=java.net.URL@5000012c)
	protocol	50001c30
	host		5000177a
	file		5000346e
	authority	5000177a
	path		5000346e
	handler		50001c41
OBJ 5000346b (sz=64, trace=300000, class=java.net.URL@5000012c)
	protocol	50001c30
	host		5000177a
	file		5000346c
	authority	5000177a
	path		5000346c
	handler		50001c41
OBJ 5000346c (sz=24, trace=300000, class=java.lang.String@50000181)
	value		5000346d
ARR 5000346d (sz=122, trace=300000, nelems=61, elem type=char[])
OBJ 5000346e (sz=24, trace=300000, class=java.lang.String@50000181)
	value		5000346f
ARR 5000346f (sz=130, trace=300000, nelems=65, elem type=char[])
OBJ 50003470 (sz=24, trace=300000, class=java.lang.String@50000181)
	value		50003471
ARR 50003471 (sz=130, trace=300000, nelems=65, elem type=char[])
OBJ 50003472 (sz=24, trace=300000, class=java.lang.String@50000181)
	value		50003473
ARR 50003473 (sz=142, trace=300000, nelems=71, elem type=char[])
OBJ 50003474 (sz=24, trace=300000, class=java.lang.String@50000181)
	value		50003475
ARR 50003475 (sz=122, trace=300000, nelems=61, elem type=char[])
OBJ 50003476 (sz=24, trace=300000, class=java.lang.String@50000181)
	value		50003477
ARR 50003477 (sz=126, trace=300000, nelems=63, elem type=char[])
OBJ 50003478 (sz=24, trace=300000, class=java.lang.String@50000181)
	value		50003479
ARR 50003479 (sz=122, trace=300000, nelems=61, elem type=char[])
OBJ 5000347a (sz=24, trace=300000, class=java.lang.String@50000181)
	value		5000347b
ARR 5000347b (sz=126, trace=300000, nelems=63, elem type=char[])
OBJ 5000347c (sz=24, trace=300000, class=java.lang.String@50000181)
	value		5000347d
ARR 5000347d (sz=122, trace=300000, nelems=61, elem type=char[])
OBJ 5000347e (sz=24, trace=300000, class=java.lang.String@50000181)
	value		5000347f
ARR 5000347f (sz=128, trace=300000, nelems=64, elem type=char[])
OBJ 50003480 (sz=24, trace=300000, class=java.lang.String@50000181)
	value		50003481
ARR 50003481 (sz=144, trace=300000, nelems=72, elem type=char[])
ARR 50003482 (sz=96, trace=300000, nelems=0, elem type=java.lang.Object[]@5000011b)
OBJ 50003483 (sz=24, trace=300000, class=java.lang.String@50000181)
	value		50003484
ARR 50003484 (sz=8, trace=300000, nelems=4, elem type=char[])
OBJ 50003485 (sz=32, trace=300000, class=java.lang.ref.ReferenceQueue@5000015f)
	lock		50003487
ARR 50003486 (sz=80, trace=300000, nelems=0, elem type=java.util.WeakHashMap$Entry[]@5000003e)
OBJ 50003487 (sz=16, trace=300000, class=java.lang.ref.ReferenceQueue$Lock@500000e4)
OBJ 50003488 (sz=24, trace=300000, class=java.lang.String@50000181)
	value		50003491
OBJ 50003489 (sz=24, trace=300000, class=java.lang.String@50000181)
	value		50003490
OBJ 5000348a (sz=24, trace=300000, class=java.lang.String@50000181)
	value		5000348f
OBJ 5000348b (sz=16, trace=300000, class=sun.misc.Launcher@5000012a)
	loader		5000164a
OBJ 5000348c (sz=16, trace=300000, class=sun.misc.Launcher$Factory@50000042)
OBJ 5000348d (sz=24, trace=300000, class=java.lang.String@50000181)
	value		5000348e
ARR 5000348e (sz=30, trace=300000, nelems=15, elem type=char[])
ARR 5000348f (sz=38, trace=300000, nelems=19, elem type=char[])
ARR 50003490 (sz=42, trace=300000, nelems=21, elem type=char[])
ARR 50003491 (sz=26, trace=300000, nelems=13, elem type=char[])
ARR 50003492 (sz=56, trace=300000, nelems=0, elem type=java.lang.Object[]@5000011b)
OBJ 50003493 (sz=16, trace=300000, class=java.security.ProtectionDomain$Key@50000008)
	this$0		500018f7
ARR 50003494 (sz=16, trace=300000, nelems=0, elem type=java.security.Principal[]@50000006)
OBJ 50003495 (sz=32, trace=300000, class=java.security.CodeSource@50000127)
OBJ 50003496 (sz=16, trace=300000, class=java.util.HashSet@50000005)
	map		50003497
OBJ 50003497 (sz=48, trace=300000, class=java.util.HashMap@500000d9)
ARR 50003498 (sz=56, trace=300000, nelems=0, elem type=java.lang.Object[]@5000011b)
OBJ 50003499 (sz=16, trace=300000, class=sun.net.www.protocol.jar.Handler@50000003)
OBJ 5000349a (sz=48, trace=300000, class=java.util.HashMap@500000d9)
OBJ 5000349b (sz=24, trace=300000, class=java.util.ArrayList@500000f0)
	elementData	50001e47
OBJ 5000349c (sz=32, trace=300000, class=java.util.Stack@500000f5)
	elementData	500034a2
OBJ 5000349d (sz=24, trace=300000, class=java.util.ArrayList@500000f0)
	elementData	5000349e
ARR 5000349e (sz=56, trace=300000, nelems=1, elem type=java.lang.Object[]@5000011b)
	[0]		5000349f
OBJ 5000349f (sz=64, trace=300000, class=java.net.URL@5000012c)
	protocol	50001c30
	host		5000177a
	file		500034a0
	authority	5000177a
	path		500034a0
	handler		50001c41
OBJ 500034a0 (sz=24, trace=300000, class=java.lang.String@50000181)
	value		500034a1
ARR 500034a1 (sz=66, trace=300000, nelems=33, elem type=char[])
ARR 500034a2 (sz=56, trace=300000, nelems=1, elem type=java.lang.Object[]@5000011b)
	[0]		5000349f
OBJ 500034a3 (sz=32, trace=300000, class=java.lang.ref.ReferenceQueue@5000015f)
	lock		500034a5
ARR 500034a4 (sz=80, trace=300000, nelems=0, elem type=java.util.WeakHashMap$Entry[]@5000003e)
OBJ 500034a5 (sz=16, trace=300000, class=java.lang.ref.ReferenceQueue$Lock@500000e4)
ARR 500034a6 (sz=56, trace=300000, nelems=1, elem type=java.lang.Object[]@5000011b)
	[0]		50001cce
ARR 500034a7 (sz=56, trace=300000, nelems=1, elem type=java.lang.Object[]@5000011b)
	[0]		500034a8
OBJ 500034a8 (sz=40, trace=300000, class=java.lang.ClassLoader$NativeLibrary@50000053)
	fromClass	5000017a
	name		50001cce
ARR 500034a9 (sz=56, trace=300000, nelems=0, elem type=java.lang.Object[]@5000011b)
OBJ 500034aa (sz=24, trace=300000, class=java.lang.String@50000181)
	value		500034f1
OBJ 500034ab (sz=24, trace=300000, class=java.lang.String@50000181)
	value		500034f0
OBJ 500034ac (sz=24, trace=300000, class=java.lang.String@50000181)
	value		500034ef
OBJ 500034ad (sz=24, trace=300000, class=java.lang.String@50000181)
	value		500034ee
OBJ 500034ae (sz=24, trace=300000, class=java.lang.String@50000181)
	value		500034ed
OBJ 500034af (sz=24, trace=300000, class=java.lang.String@50000181)
	value		500034ec
OBJ 500034b0 (sz=24, trace=300000, class=java.lang.String@50000181)
	value		500034eb
OBJ 500034b1 (sz=24, trace=300000, class=java.lang.String@50000181)
	value		500034ea
OBJ 500034b2 (sz=24, trace=300000, class=java.lang.String@50000181)
	value		500034e9
OBJ 500034b3 (sz=24, trace=300000, class=java.lang.String@50000181)
	value		500034e8
OBJ 500034b4 (sz=24, trace=300000, class=java.lang.String@50000181)
	value		500034e7
OBJ 500034b5 (sz=24, trace=300000, class=java.lang.String@50000181)
	value		500034e6
OBJ 500034b6 (sz=24, trace=300000, class=java.lang.String@50000181)
	value		500034e5
OBJ 500034b7 (sz=24, trace=300000, class=java.lang.String@50000181)
	value		500034e4
OBJ 500034b8 (sz=24, trace=300000, class=java.lang.String@50000181)
	value		500034e3
OBJ 500034b9 (sz=24, trace=300000, class=java.lang.String@50000181)
	value		500034e2
OBJ 500034ba (sz=24, trace=300000, class=java.lang.String@50000181)
	value		500034e1
OBJ 500034bb (sz=24, trace=300000, class=java.lang.String@50000181)
	value		500034e0
OBJ 500034bc (sz=24, trace=300000, class=java.lang.String@50000181)
	value		500034df
OBJ 500034bd (sz=24, trace=300000, class=java.lang.String@50000181)
	value		500034de
OBJ 500034be (sz=24, trace=300000, class=java.lang.String@50000181)
	value		500034dd
OBJ 500034bf (sz=24, trace=300000, class=java.lang.String@50000181)
	value		500034dc
OBJ 500034c0 (sz=24, trace=300000, class=java.lang.String@50000181)
	value		500034db
OBJ 500034c1 (sz=24, trace=300000, class=java.lang.String@50000181)
	value		500034da
OBJ 500034c2 (sz=24, trace=300000, class=java.lang.String@50000181)
	value		500034d9
OBJ 500034c3 (sz=24, trace=300000, class=java.lang.String@50000181)
	value		500034d8
OBJ 500034c4 (sz=24, trace=300000, class=java.lang.String@50000181)
	value		500034d7
OBJ 500034c5 (sz=24, trace=300000, class=java.lang.String@50000181)
	value		500034d6
OBJ 500034c6 (sz=24, trace=300000, class=java.lang.String@50000181)
	value		500034d5
OBJ 500034c7 (sz=24, trace=300000, class=java.lang.String@50000181)
	value		500034d4
OBJ 500034c8 (sz=24, trace=300000, class=java.lang.String@50000181)
	value		500034d3
OBJ 500034c9 (sz=24, trace=300000, class=java.lang.String@50000181)
	value		500034d2
OBJ 500034ca (sz=24, trace=300000, class=java.lang.String@50000181)
	value		500034d1
OBJ 500034cb (sz=24, trace=300000, class=java.lang.String@50000181)
	value		500034d0
OBJ 500034cc (sz=24, trace=300000, class=java.lang.String@50000181)
	value		500034cf
OBJ 500034cd (sz=24, trace=300000, class=java.lang.String@50000181)
	value		500034ce
ARR 500034ce (sz=2, trace=300000, nelems=1, elem type=char[])
ARR 500034cf (sz=90, trace=300000, nelems=45, elem type=char[])
ARR 500034d0 (sz=110, trace=300000, nelems=55, elem type=char[])
ARR 500034d1 (sz=74, trace=300000, nelems=37, elem type=char[])
ARR 500034d2 (sz=98, trace=300000, nelems=49, elem type=char[])
ARR 500034d3 (sz=62, trace=300000, nelems=31, elem type=char[])
ARR 500034d4 (sz=102, trace=300000, nelems=51, elem type=char[])
ARR 500034d5 (sz=94, trace=300000, nelems=47, elem type=char[])
ARR 500034d6 (sz=100, trace=300000, nelems=50, elem type=char[])
ARR 500034d7 (sz=96, trace=300000, nelems=48, elem type=char[])
ARR 500034d8 (sz=106, trace=300000, nelems=53, elem type=char[])
ARR 500034d9 (sz=110, trace=300000, nelems=55, elem type=char[])
ARR 500034da (sz=72, trace=300000, nelems=36, elem type=char[])
ARR 500034db (sz=82, trace=300000, nelems=41, elem type=char[])
ARR 500034dc (sz=76, trace=300000, nelems=38, elem type=char[])
ARR 500034dd (sz=56, trace=300000, nelems=28, elem type=char[])
ARR 500034de (sz=86, trace=300000, nelems=43, elem type=char[])
ARR 500034df (sz=48, trace=300000, nelems=24, elem type=char[])
ARR 500034e0 (sz=20, trace=300000, nelems=10, elem type=char[])
ARR 500034e1 (sz=38, trace=300000, nelems=19, elem type=char[])
ARR 500034e2 (sz=108, trace=300000, nelems=54, elem type=char[])
ARR 500034e3 (sz=128, trace=300000, nelems=64, elem type=char[])
ARR 500034e4 (sz=140, trace=300000, nelems=70, elem type=char[])
ARR 500034e5 (sz=128, trace=300000, nelems=64, elem type=char[])
ARR 500034e6 (sz=140, trace=300000, nelems=70, elem type=char[])
ARR 500034e7 (sz=86, trace=300000, nelems=43, elem type=char[])
ARR 500034e8 (sz=48, trace=300000, nelems=24, elem type=char[])
ARR 500034e9 (sz=20, trace=300000, nelems=10, elem type=char[])
ARR 500034ea (sz=38, trace=300000, nelems=19, elem type=char[])
ARR 500034eb (sz=70, trace=300000, nelems=35, elem type=char[])
ARR 500034ec (sz=82, trace=300000, nelems=41, elem type=char[])
ARR 500034ed (sz=112, trace=300000, nelems=56, elem type=char[])
ARR 500034ee (sz=20, trace=300000, nelems=10, elem type=char[])
ARR 500034ef (sz=38, trace=300000, nelems=19, elem type=char[])
ARR 500034f0 (sz=46, trace=300000, nelems=23, elem type=char[])
ARR 500034f1 (sz=112, trace=300000, nelems=56, elem type=char[])
OBJ 500034f2 (sz=24, trace=300000, class=java.lang.String@50000181)
	value		500034f3
ARR 500034f3 (sz=48, trace=300000, nelems=24, elem type=char[])
OBJ 500034f4 (sz=24, trace=300000, class=java.util.Collections$SetFromMap@5000003d)
	m		500034f6
	s		500034f5
OBJ 500034f5 (sz=16, trace=300000, class=java.util.WeakHashMap$KeySet@5000003c)
	this$0		500034f6
OBJ 500034f6 (sz=48, trace=300000, class=java.util.WeakHashMap@500000ba)
	keySet		500034f5
	table		500034f8
	queue		500034f7
OBJ 500034f7 (sz=32, trace=300000, class=java.lang.ref.ReferenceQueue@5000015f)
	lock		500034fd
ARR 500034f8 (sz=80, trace=300000, nelems=14, elem type=java.util.WeakHashMap$Entry[]@5000003e)
	[4]		500034f9
	[6]		500034fa
	[13]		500034fb
OBJ 500034f9 (sz=40, trace=300000, class=java.util.WeakHashMap$Entry@5000003f)
	referent	5000012d
	queue		500034f7
	value		500018e0
OBJ 500034fa (sz=40, trace=300000, class=java.util.WeakHashMap$Entry@5000003f)
	referent	50000171
	queue		500034f7
	value		500018e0
	next		500034fe
OBJ 500034fb (sz=40, trace=300000, class=java.util.WeakHashMap$Entry@5000003f)
	referent	50000129
	queue		500034f7
	value		500018e0
	next		500034fc
OBJ 500034fc (sz=40, trace=300000, class=java.util.WeakHashMap$Entry@5000003f)
	referent	50000128
	queue		500034f7
	value		500018e0
OBJ 500034fd (sz=16, trace=300000, class=java.lang.ref.ReferenceQueue$Lock@500000e4)
OBJ 500034fe (sz=40, trace=300000, class=java.util.WeakHashMap$Entry@5000003f)
	referent	5000017b
	queue		500034f7
	value		500018e0
ARR 500034ff (sz=42, trace=300000, nelems=21, elem type=char[])
ARR 50003500 (sz=34, trace=300000, nelems=17, elem type=char[])
ARR 50003501 (sz=10, trace=300000, nelems=5, elem type=char[])
ARR 50003502 (sz=58, trace=300000, nelems=29, elem type=char[])
ARR 50003503 (sz=54, trace=300000, nelems=27, elem type=char[])
ARR 50003504 (sz=74, trace=300000, nelems=37, elem type=char[])
ARR 50003505 (sz=44, trace=300000, nelems=22, elem type=char[])
ARR 50003506 (sz=4, trace=300000, nelems=2, elem type=char[])
ARR 50003507 (sz=18, trace=300000, nelems=9, elem type=char[])
OBJ 50003508 (sz=24, trace=300000, class=java.lang.String@50000181)
	value		5000350d
OBJ 50003509 (sz=24, trace=300000, class=java.lang.String@50000181)
	value		5000350c
OBJ 5000350a (sz=24, trace=300000, class=java.lang.String@50000181)
	value		5000350b
ARR 5000350b (sz=28, trace=300000, nelems=14, elem type=char[])
ARR 5000350c (sz=28, trace=300000, nelems=14, elem type=char[])
ARR 5000350d (sz=28, trace=300000, nelems=14, elem type=char[])
OBJ 5000350e (sz=24, trace=300000, class=java.lang.String@50000181)
	value		5000350f
ARR 5000350f (sz=40, trace=300000, nelems=20, elem type=char[])
ARR 50003510 (sz=10, trace=300000, nelems=5, elem type=char[])
OBJ 50003511 (sz=16, trace=300000, class=java.lang.ThreadLocal@500000c7)
OBJ 50003512 (sz=16, trace=300000, class=java.lang.ThreadLocal@500000c7)
ARR 50003513 (sz=4, trace=300000, nelems=2, elem type=char[])
ARR 50003514 (sz=8, trace=300000, nelems=4, elem type=char[])
ARR 50003515 (sz=4, trace=300000, nelems=2, elem type=char[])
ARR 50003516 (sz=10, trace=300000, nelems=5, elem type=char[])
ARR 50003517 (sz=22, trace=300000, nelems=11, elem type=char[])
ARR 50003518 (sz=14, trace=300000, nelems=7, elem type=char[])
ARR 50003519 (sz=4, trace=300000, nelems=2, elem type=char[])
ARR 5000351a (sz=24, trace=300000, nelems=12, elem type=char[])
ARR 5000351b (sz=24, trace=300000, nelems=12, elem type=char[])
OBJ 5000351c (sz=32, trace=300000, class=java.io.FileOutputStream@50000085)
	fd		50001788
	closeLock	5000351d
OBJ 5000351d (sz=16, trace=300000, class=java.lang.Object@50000185)
OBJ 5000351e (sz=24, trace=300000, class=java.io.OutputStreamWriter@50000078)
	lock		50001782
	se		50003523
OBJ 5000351f (sz=40, trace=300000, class=java.io.BufferedWriter@50000065)
	lock		5000351e
	out		5000351e
	cb		50003522
	lineSeparator	5000177f
OBJ 50003520 (sz=24, trace=300000, class=java.io.BufferedOutputStream@5000007b)
	out		5000178a
	buf		50003521
ARR 50003521 (sz=128, trace=300000, nelems=128, elem type=byte[])
ARR 50003522 (sz=16384, trace=300000, nelems=8192, elem type=char[])
OBJ 50003523 (sz=48, trace=300000, class=sun.nio.cs.StreamEncoder@50000077)
	lock		5000351e
	cs		50002df9
	encoder		50003525
	bb		50003524
	out		50001782
OBJ 50003524 (sz=48, trace=300000, class=java.nio.HeapByteBuffer@50000072)
	hb		5000352a
OBJ 50003525 (sz=64, trace=300000, class=sun.nio.cs.ext.DoubleByte$Encoder@50000074)
	charset		50002df9
	replacement	50003528
	malformedInputAction	500022e6
	unmappableCharacterAction	500022e6
	cachedDecoder	50003527
	c2b		50002dfe
	c2bIndex	50002dfd
	repl		50003526
ARR 50003526 (sz=1, trace=300000, nelems=1, elem type=byte[])
OBJ 50003527 (sz=32, trace=300000, class=java.lang.ref.WeakReference@50000164)
	referent	50003529
	queue		50001c15
ARR 50003528 (sz=1, trace=300000, nelems=1, elem type=byte[])
OBJ 50003529 (sz=56, trace=300000, class=sun.nio.cs.ext.DoubleByte$Decoder@50000096)
	charset		50002df9
	replacement	500022f8
	malformedInputAction	500022e5
	unmappableCharacterAction	500022e5
	b2c		50002e00
	b2cSB		50002dff
ARR 5000352a (sz=8192, trace=300000, nelems=8192, elem type=byte[])
ARR 5000352b (sz=28, trace=300000, nelems=14, elem type=char[])
OBJ 5000352c (sz=24, trace=300000, class=java.lang.String@50000181)
	value		5000352d
ARR 5000352d (sz=36, trace=300000, nelems=18, elem type=char[])
OBJ 5000352e (sz=24, trace=300000, class=java.io.OutputStreamWriter@50000078)
	lock		50001781
	se		50003533
OBJ 5000352f (sz=40, trace=300000, class=java.io.BufferedWriter@50000065)
	lock		5000352e
	out		5000352e
	cb		50003532
	lineSeparator	5000177f
OBJ 50003530 (sz=24, trace=300000, class=java.io.BufferedOutputStream@5000007b)
	out		5000351c
	buf		50003531
ARR 50003531 (sz=128, trace=300000, nelems=128, elem type=byte[])
ARR 50003532 (sz=16384, trace=300000, nelems=8192, elem type=char[])
OBJ 50003533 (sz=48, trace=300000, class=sun.nio.cs.StreamEncoder@50000077)
	lock		5000352e
	cs		50002df9
	encoder		50003535
	bb		50003534
	out		50001781
OBJ 50003534 (sz=48, trace=300000, class=java.nio.HeapByteBuffer@50000072)
	hb		5000353a
OBJ 50003535 (sz=64, trace=300000, class=sun.nio.cs.ext.DoubleByte$Encoder@50000074)
	charset		50002df9
	replacement	50003538
	malformedInputAction	500022e6
	unmappableCharacterAction	500022e6
	cachedDecoder	50003537
	c2b		50002dfe
	c2bIndex	50002dfd
	repl		50003536
ARR 50003536 (sz=1, trace=300000, nelems=1, elem type=byte[])
OBJ 50003537 (sz=32, trace=300000, class=java.lang.ref.WeakReference@50000164)
	referent	50003539
	queue		50001c15
ARR 50003538 (sz=1, trace=300000, nelems=1, elem type=byte[])
OBJ 50003539 (sz=56, trace=300000, class=sun.nio.cs.ext.DoubleByte$Decoder@50000096)
	charset		50002df9
	replacement	500022f8
	malformedInputAction	500022e5
	unmappableCharacterAction	500022e5
	b2c		50002e00
	b2cSB		50002dff
ARR 5000353a (sz=8192, trace=300000, nelems=8192, elem type=byte[])
OBJ 5000353b (sz=24, trace=300000, class=java.util.Collections$SynchronizedSet@50000092)
	c		5000357e
	mutex		50001780
ARR 5000353c (sz=400, trace=300000, nelems=92, elem type=java.util.Hashtable$Entry[]@500000d2)
	[0]		5000353d
	[2]		5000353e
	[5]		5000353f
	[9]		50003540
	[11]		50003541
	[13]		50003542
	[16]		50003543
	[17]		50003544
	[18]		50003545
	[19]		50003546
	[21]		50003547
	[22]		50003548
	[24]		50003549
	[26]		5000354a
	[27]		5000354b
	[33]		5000354c
	[38]		5000354d
	[39]		5000354e
	[40]		5000354f
	[41]		50003550
	[44]		50003551
	[47]		50003552
	[49]		50003553
	[54]		50003554
	[57]		50003555
	[63]		50003556
	[64]		50003557
	[65]		50003558
	[67]		50003559
	[70]		5000355a
	[72]		5000355b
	[74]		5000355c
	[76]		5000355d
	[79]		5000355e
	[80]		5000355f
	[81]		50003560
	[82]		50003561
	[88]		50003562
	[91]		50003563
OBJ 5000353d (sz=32, trace=300000, class=java.util.Hashtable$Entry@500000d3)
	key		500018d7
	value		500018d6
OBJ 5000353e (sz=32, trace=300000, class=java.util.Hashtable$Entry@500000d3)
	key		500018d3
	value		500018d2
OBJ 5000353f (sz=32, trace=300000, class=java.util.Hashtable$Entry@500000d3)
	key		500018cf
	value		500018ce
OBJ 50003540 (sz=32, trace=300000, class=java.util.Hashtable$Entry@500000d3)
	key		500018cb
	value		500018ca
	next		5000357d
OBJ 50003541 (sz=32, trace=300000, class=java.util.Hashtable$Entry@500000d3)
	key		500018be
	value		500018bd
OBJ 50003542 (sz=32, trace=300000, class=java.util.Hashtable$Entry@500000d3)
	key		500018ba
	value		500018b9
OBJ 50003543 (sz=32, trace=300000, class=java.util.Hashtable$Entry@500000d3)
	key		500018b6
	value		500018b5
	next		5000357c
OBJ 50003544 (sz=32, trace=300000, class=java.util.Hashtable$Entry@500000d3)
	key		500018ad
	value		500018ac
OBJ 50003545 (sz=32, trace=300000, class=java.util.Hashtable$Entry@500000d3)
	key		500018a9
	value		500018a8
OBJ 50003546 (sz=32, trace=300000, class=java.util.Hashtable$Entry@500000d3)
	key		500018a5
	value		50001c29
OBJ 50003547 (sz=32, trace=300000, class=java.util.Hashtable$Entry@500000d3)
	key		5000189d
	value		5000357a
OBJ 50003548 (sz=32, trace=300000, class=java.util.Hashtable$Entry@500000d3)
	key		50001898
	value		50001897
OBJ 50003549 (sz=32, trace=300000, class=java.util.Hashtable$Entry@500000d3)
	key		50001894
	value		50001893
	next		50003579
OBJ 5000354a (sz=32, trace=300000, class=java.util.Hashtable$Entry@500000d3)
	key		5000188b
	value		5000188a
	next		50003578
OBJ 5000354b (sz=32, trace=300000, class=java.util.Hashtable$Entry@500000d3)
	key		50001882
	value		50001881
OBJ 5000354c (sz=32, trace=300000, class=java.util.Hashtable$Entry@500000d3)
	key		5000187e
	value		5000187d
	next		50003577
OBJ 5000354d (sz=32, trace=300000, class=java.util.Hashtable$Entry@500000d3)
	key		50001871
	value		50001870
	next		50003576
OBJ 5000354e (sz=32, trace=300000, class=java.util.Hashtable$Entry@500000d3)
	key		5000186c
	value		5000186b
OBJ 5000354f (sz=32, trace=300000, class=java.util.Hashtable$Entry@500000d3)
	key		50001868
	value		50001867
OBJ 50003550 (sz=32, trace=300000, class=java.util.Hashtable$Entry@500000d3)
	key		50001864
	value		50001863
OBJ 50003551 (sz=32, trace=300000, class=java.util.Hashtable$Entry@500000d3)
	key		50001860
	value		5000185f
OBJ 50003552 (sz=32, trace=300000, class=java.util.Hashtable$Entry@500000d3)
	key		5000185c
	value		5000185b
OBJ 50003553 (sz=32, trace=300000, class=java.util.Hashtable$Entry@500000d3)
	key		50001854
	value		50001853
	next		50003575
OBJ 50003554 (sz=32, trace=300000, class=java.util.Hashtable$Entry@500000d3)
	key		5000184f
	value		5000184e
OBJ 50003555 (sz=32, trace=300000, class=java.util.Hashtable$Entry@500000d3)
	key		5000184b
	value		50001649
OBJ 50003556 (sz=32, trace=300000, class=java.util.Hashtable$Entry@500000d3)
	key		50001848
	value		50001847
OBJ 50003557 (sz=32, trace=300000, class=java.util.Hashtable$Entry@500000d3)
	key		50001844
	value		50001843
OBJ 50003558 (sz=32, trace=300000, class=java.util.Hashtable$Entry@500000d3)
	key		50001840
	value		5000183f
OBJ 50003559 (sz=32, trace=300000, class=java.util.Hashtable$Entry@500000d3)
	key		50001839
	value		50001838
	next		50003574
OBJ 5000355a (sz=32, trace=300000, class=java.util.Hashtable$Entry@500000d3)
	key		50001830
	value		5000182f
	next		50003573
OBJ 5000355b (sz=32, trace=300000, class=java.util.Hashtable$Entry@500000d3)
	key		5000182b
	value		5000182a
OBJ 5000355c (sz=32, trace=300000, class=java.util.Hashtable$Entry@500000d3)
	key		50003570
	value		5000356f
OBJ 5000355d (sz=32, trace=300000, class=java.util.Hashtable$Entry@500000d3)
	key		50001823
	value		50001822
	next		5000356e
OBJ 5000355e (sz=32, trace=300000, class=java.util.Hashtable$Entry@500000d3)
	key		50001815
	value		50001814
	next		5000356b
OBJ 5000355f (sz=32, trace=300000, class=java.util.Hashtable$Entry@500000d3)
	key		50001807
	value		50001806
	next		5000356a
OBJ 50003560 (sz=32, trace=300000, class=java.util.Hashtable$Entry@500000d3)
	key		50001802
	value		50001801
OBJ 50003561 (sz=32, trace=300000, class=java.util.Hashtable$Entry@500000d3)
	key		500017fa
	value		500017f9
	next		50003569
OBJ 50003562 (sz=32, trace=300000, class=java.util.Hashtable$Entry@500000d3)
	key		500017f1
	value		500017f0
	next		50003568
OBJ 50003563 (sz=32, trace=300000, class=java.util.Hashtable$Entry@500000d3)
	key		50003565
	value		50003564
OBJ 50003564 (sz=24, trace=300000, class=java.lang.String@50000181)
	value		50003567
OBJ 50003565 (sz=24, trace=300000, class=java.lang.String@50000181)
	value		50003566
ARR 50003566 (sz=34, trace=300000, nelems=17, elem type=char[])
ARR 50003567 (sz=62, trace=300000, nelems=31, elem type=char[])
OBJ 50003568 (sz=32, trace=300000, class=java.util.Hashtable$Entry@500000d3)
	key		500017f5
	value		500017f4
OBJ 50003569 (sz=32, trace=300000, class=java.util.Hashtable$Entry@500000d3)
	key		500017fe
	value		500017fd
OBJ 5000356a (sz=32, trace=300000, class=java.util.Hashtable$Entry@500000d3)
	key		5000180b
	value		5000180a
OBJ 5000356b (sz=32, trace=300000, class=java.util.Hashtable$Entry@500000d3)
	key		50001810
	value		5000180f
	next		5000356c
OBJ 5000356c (sz=32, trace=300000, class=java.util.Hashtable$Entry@500000d3)
	key		5000181a
	value		50001819
	next		5000356d
OBJ 5000356d (sz=32, trace=300000, class=java.util.Hashtable$Entry@500000d3)
	key		5000181e
	value		5000181d
OBJ 5000356e (sz=32, trace=300000, class=java.util.Hashtable$Entry@500000d3)
	key		50001827
	value		50001826
OBJ 5000356f (sz=24, trace=300000, class=java.lang.String@50000181)
	value		50003572
OBJ 50003570 (sz=24, trace=300000, class=java.lang.String@50000181)
	value		50003571
ARR 50003571 (sz=40, trace=300000, nelems=20, elem type=char[])
ARR 50003572 (sz=26, trace=300000, nelems=13, elem type=char[])
OBJ 50003573 (sz=32, trace=300000, class=java.util.Hashtable$Entry@500000d3)
	key		50001834
	value		50001833
OBJ 50003574 (sz=32, trace=300000, class=java.util.Hashtable$Entry@500000d3)
	key		5000183c
	value		5000177f
OBJ 50003575 (sz=32, trace=300000, class=java.util.Hashtable$Entry@500000d3)
	key		50001858
	value		50001857
OBJ 50003576 (sz=32, trace=300000, class=java.util.Hashtable$Entry@500000d3)
	key		50001875
	value		50001874
OBJ 50003577 (sz=32, trace=300000, class=java.util.Hashtable$Entry@500000d3)
	key		5000187a
	value		50001879
OBJ 50003578 (sz=32, trace=300000, class=java.util.Hashtable$Entry@500000d3)
	key		50001887
	value		50001886
OBJ 50003579 (sz=32, trace=300000, class=java.util.Hashtable$Entry@500000d3)
	key		50001890
	value		5000188f
OBJ 5000357a (sz=24, trace=300000, class=java.lang.String@50000181)
	value		5000357b
ARR 5000357b (sz=20, trace=300000, nelems=10, elem type=char[])
OBJ 5000357c (sz=32, trace=300000, class=java.util.Hashtable$Entry@500000d3)
	key		500018b2
	value		500018b1
OBJ 5000357d (sz=32, trace=300000, class=java.util.Hashtable$Entry@500000d3)
	key		500018c7
	value		500018c6
OBJ 5000357e (sz=16, trace=300000, class=java.util.Hashtable$EntrySet@50000094)
	this$0		50001780
OBJ 5000357f (sz=24, trace=300000, class=java.lang.String@50000181)
	value		50003580
ARR 50003580 (sz=8, trace=300000, nelems=4, elem type=char[])
OBJ 50003581 (sz=24, trace=300000, class=java.lang.String@50000181)
	value		5000358e
OBJ 50003582 (sz=24, trace=300000, class=java.lang.String@50000181)
	value		5000358c
OBJ 50003583 (sz=16, trace=300000, class=java.lang.Terminator$1@50000050)
OBJ 50003584 (sz=24, trace=300000, class=sun.misc.NativeSignalHandler@5000004e)
OBJ 50003585 (sz=24, trace=300000, class=sun.misc.NativeSignalHandler@5000004e)
OBJ 50003586 (sz=48, trace=300000, class=java.util.Hashtable@50000158)
	table		5000358f
OBJ 50003587 (sz=48, trace=300000, class=java.util.Hashtable@50000158)
	table		50003588
ARR 50003588 (sz=32, trace=300000, nelems=4, elem type=java.util.Hashtable$Entry[]@500000d2)
	[2]		50003589
	[3]		5000358a
OBJ 50003589 (sz=32, trace=300000, class=java.util.Hashtable$Entry@500000d3)
	key		5000358d
	value		50003583
OBJ 5000358a (sz=32, trace=300000, class=java.util.Hashtable$Entry@500000d3)
	key		5000358b
	value		50003583
OBJ 5000358b (sz=24, trace=300000, class=sun.misc.Signal@5000004f)
	name		50003582
ARR 5000358c (sz=8, trace=300000, nelems=4, elem type=char[])
OBJ 5000358d (sz=24, trace=300000, class=sun.misc.Signal@5000004f)
	name		50003581
ARR 5000358e (sz=6, trace=300000, nelems=3, elem type=char[])
ARR 5000358f (sz=32, trace=300000, nelems=4, elem type=java.util.Hashtable$Entry[]@500000d2)
	[2]		50003590
	[3]		50003591
OBJ 50003590 (sz=32, trace=300000, class=java.util.Hashtable$Entry@500000d3)
	key		500019ac
	value		5000358d
OBJ 50003591 (sz=32, trace=300000, class=java.util.Hashtable$Entry@500000d3)
	key		500019b9
	value		5000358b
ARR 50003592 (sz=6, trace=300000, nelems=3, elem type=char[])
ARR 50003593 (sz=38, trace=300000, nelems=19, elem type=char[])
ARR 50003594 (sz=38, trace=300000, nelems=19, elem type=char[])
ARR 50003595 (sz=32, trace=300000, nelems=1, elem type=java.lang.ThreadGroup[]@50000108)
	[0]		5000176e
ARR 50003596 (sz=32, trace=300000, nelems=4, elem type=java.lang.Thread[]@500000e2)
	[0]		50001647
	[1]		50001643
	[2]		50001642
	[3]		50001641
OBJ 50003597 (sz=16, trace=300000, class=java.lang.Object@50000185)
OBJ 50003598 (sz=40, trace=300000, class=java.security.AccessControlContext@50000172)
OBJ 50003599 (sz=24, trace=300000, class=java.lang.String@50000181)
	value		5000359a
ARR 5000359a (sz=30, trace=300000, nelems=15, elem type=char[])
OBJ 5000359b (sz=16, trace=300000, class=java.lang.Object@50000185)
OBJ 5000359c (sz=40, trace=300000, class=java.security.AccessControlContext@50000172)
OBJ 5000359d (sz=24, trace=300000, class=java.lang.String@50000181)
	value		5000359e
ARR 5000359e (sz=34, trace=300000, nelems=17, elem type=char[])
OBJ 5000359f (sz=16, trace=300000, class=java.lang.Object@50000185)
OBJ 500035a0 (sz=40, trace=300000, class=java.security.AccessControlContext@50000172)
OBJ 500035a1 (sz=24, trace=300000, class=java.lang.String@50000181)
	value		500035a2
ARR 500035a2 (sz=18, trace=300000, nelems=9, elem type=char[])
OBJ 500035a3 (sz=16, trace=300000, class=java.lang.Object@50000185)
OBJ 500035a4 (sz=40, trace=300000, class=java.lang.ref.Finalizer@50000160)
	referent	500035a6
	queue		50001644
	next		500035a5
	prev		50000220
OBJ 500035a5 (sz=40, trace=300000, class=java.lang.ref.Finalizer@50000160)
	referent	500034a8
	queue		50001644
	next		500035ab
	prev		500035a4
OBJ 500035a6 (sz=32, trace=300000, class=java.io.FileInputStream@5000008b)
	fd		500035a9
	path		500035a8
	closeLock	500035a7
OBJ 500035a7 (sz=16, trace=300000, class=java.lang.Object@50000185)
OBJ 500035a8 (sz=24, trace=300000, class=java.lang.String@50000181)
	value		500035aa
OBJ 500035a9 (sz=40, trace=300000, class=java.io.FileDescriptor@5000008a)
	parent		500035a6
ARR 500035aa (sz=122, trace=300000, nelems=61, elem type=char[])
OBJ 500035ab (sz=40, trace=300000, class=java.lang.ref.Finalizer@50000160)
	referent	5000351c
	queue		50001644
	next		500035ac
	prev		500035a5
OBJ 500035ac (sz=40, trace=300000, class=java.lang.ref.Finalizer@50000160)
	referent	5000178a
	queue		50001644
	next		500035ad
	prev		500035ab
OBJ 500035ad (sz=40, trace=300000, class=java.lang.ref.Finalizer@50000160)
	referent	50001785
	queue		50001644
	prev		500035ac
OBJ 500035ae (sz=16, trace=300000, class=java.lang.Object@50000185)
OBJ 500035af (sz=40, trace=300000, class=java.security.AccessControlContext@50000172)
ARR 500035b0 (sz=32, trace=300000, nelems=1, elem type=java.lang.Thread[]@500000e2)
	[0]		50001634
OBJ 500035b1 (sz=24, trace=300000, class=java.lang.String@50000181)
	value		500035b2
ARR 500035b2 (sz=8, trace=300000, nelems=4, elem type=char[])
OBJ 500035b3 (sz=40, trace=300000, class=java.security.AccessControlContext@50000172)
OBJ 500035b4 (sz=24, trace=300000, class=java.lang.String@50000181)
	value		500035b5
ARR 500035b5 (sz=26, trace=300000, nelems=13, elem type=char[])
OBJ 500035b6 (sz=24, trace=300000, class=java.lang.String@50000181)
	value		500035b7
ARR 500035b7 (sz=18, trace=300000, nelems=9, elem type=char[])
OBJ 500035b8 (sz=32, trace=300000, class=java.lang.OutOfMemoryError@50000169)
OBJ 500035b9 (sz=32, trace=300000, class=java.lang.OutOfMemoryError@50000169)
OBJ 500035ba (sz=32, trace=300000, class=java.lang.OutOfMemoryError@50000169)
OBJ 500035bb (sz=32, trace=300000, class=java.lang.OutOfMemoryError@50000169)
OBJ 500035bc (sz=24, trace=300000, class=java.lang.String@50000181)
	value		500035bd
ARR 500035bd (sz=126, trace=300000, nelems=63, elem type=char[])
OBJ 500035be (sz=24, trace=300000, class=java.lang.String@50000181)
	value		500035bf
ARR 500035bf (sz=52, trace=300000, nelems=26, elem type=char[])
OBJ 500035c0 (sz=24, trace=300000, class=java.lang.String@50000181)
	value		500035c1
ARR 500035c1 (sz=74, trace=300000, nelems=37, elem type=char[])
OBJ 500035c2 (sz=24, trace=300000, class=java.lang.String@50000181)
	value		500035c3
ARR 500035c3 (sz=44, trace=300000, nelems=22, elem type=char[])
OBJ 500035c4 (sz=24, trace=300000, class=java.lang.String@50000181)
	value		500035c5
ARR 500035c5 (sz=18, trace=300000, nelems=9, elem type=char[])
OBJ 500035c6 (sz=24, trace=300000, class=java.lang.String@50000181)
	value		500035c7
ARR 500035c7 (sz=30, trace=300000, nelems=15, elem type=char[])
ARR 500035c8 (sz=22, trace=300000, nelems=11, elem type=char[])
OBJ 500035c9 (sz=24, trace=300000, class=java.lang.String@50000181)
	value		500035e0
OBJ 500035ca (sz=24, trace=300000, class=java.lang.String@50000181)
	value		500035db
OBJ 500035cb (sz=24, trace=300000, class=java.lang.String@50000181)
	value		500035da
OBJ 500035cc (sz=24, trace=300000, class=java.lang.String@50000181)
	value		500035d9
OBJ 500035cd (sz=24, trace=300000, class=java.lang.String@50000181)
	value		500035d8
OBJ 500035ce (sz=24, trace=300000, class=java.lang.String@50000181)
	value		500035d7
OBJ 500035cf (sz=24, trace=300000, class=java.lang.String@50000181)
	value		500035d6
OBJ 500035d0 (sz=24, trace=300000, class=java.lang.String@50000181)
	value		500035d5
OBJ 500035d1 (sz=24, trace=300000, class=java.lang.String@50000181)
	value		500035d4
OBJ 500035d2 (sz=24, trace=300000, class=java.lang.String@50000181)
	value		500035d3
ARR 500035d3 (sz=100, trace=300000, nelems=50, elem type=char[])
ARR 500035d4 (sz=94, trace=300000, nelems=47, elem type=char[])
ARR 500035d5 (sz=86, trace=300000, nelems=43, elem type=char[])
ARR 500035d6 (sz=82, trace=300000, nelems=41, elem type=char[])
ARR 500035d7 (sz=92, trace=300000, nelems=46, elem type=char[])
ARR 500035d8 (sz=102, trace=300000, nelems=51, elem type=char[])
ARR 500035d9 (sz=82, trace=300000, nelems=41, elem type=char[])
ARR 500035da (sz=98, trace=300000, nelems=49, elem type=char[])
ARR 500035db (sz=94, trace=300000, nelems=47, elem type=char[])
OBJ 500035dc (sz=24, trace=300000, class=java.lang.String@50000181)
	value		500035dd
ARR 500035dd (sz=20, trace=300000, nelems=10, elem type=char[])
OBJ 500035de (sz=24, trace=300000, class=java.lang.String@50000181)
	value		500035df
ARR 500035df (sz=12, trace=300000, nelems=6, elem type=char[])
ARR 500035e0 (sz=8, trace=300000, nelems=4, elem type=char[])
OBJ 500035e1 (sz=24, trace=300000, class=java.lang.String@50000181)
	value		500035e6
OBJ 500035e2 (sz=24, trace=300000, class=java.lang.String@50000181)
	value		500035e5
OBJ 500035e3 (sz=24, trace=300000, class=java.lang.String@50000181)
	value		500035e4
ARR 500035e4 (sz=24, trace=300000, nelems=12, elem type=char[])
ARR 500035e5 (sz=26, trace=300000, nelems=13, elem type=char[])
ARR 500035e6 (sz=14, trace=300000, nelems=7, elem type=char[])
OBJ 500035e7 (sz=24, trace=300000, class=java.lang.String@50000181)
	value		5000362e
OBJ 500035e8 (sz=24, trace=300000, class=java.lang.String@50000181)
	value		5000362d
OBJ 500035e9 (sz=24, trace=300000, class=java.lang.String@50000181)
	value		5000362c
OBJ 500035ea (sz=24, trace=300000, class=java.lang.String@50000181)
	value		5000360b
OBJ 500035eb (sz=24, trace=300000, class=java.lang.String@50000181)
	value		5000362b
OBJ 500035ec (sz=24, trace=300000, class=java.lang.String@50000181)
	value		5000362a
OBJ 500035ed (sz=24, trace=300000, class=java.lang.String@50000181)
	value		50003629
OBJ 500035ee (sz=24, trace=300000, class=java.lang.String@50000181)
	value		50003628
OBJ 500035ef (sz=24, trace=300000, class=java.lang.String@50000181)
	value		50003627
OBJ 500035f0 (sz=24, trace=300000, class=java.lang.String@50000181)
	value		50003626
OBJ 500035f1 (sz=24, trace=300000, class=java.lang.String@50000181)
	value		5000360e
OBJ 500035f2 (sz=24, trace=300000, class=java.lang.String@50000181)
	value		5000361c
OBJ 500035f3 (sz=24, trace=300000, class=java.lang.String@50000181)
	value		50003625
OBJ 500035f4 (sz=24, trace=300000, class=java.lang.String@50000181)
	value		50003624
OBJ 500035f5 (sz=24, trace=300000, class=java.lang.String@50000181)
	value		50003623
OBJ 500035f6 (sz=24, trace=300000, class=java.lang.String@50000181)
	value		5000360a
OBJ 500035f7 (sz=24, trace=300000, class=java.lang.String@50000181)
	value		50003622
OBJ 500035f8 (sz=24, trace=300000, class=java.lang.String@50000181)
	value		5000361f
OBJ 500035f9 (sz=24, trace=300000, class=java.lang.String@50000181)
	value		5000361e
OBJ 500035fa (sz=24, trace=300000, class=java.lang.String@50000181)
	value		5000361d
OBJ 500035fb (sz=24, trace=300000, class=java.lang.String@50000181)
	value		5000361b
OBJ 500035fc (sz=24, trace=300000, class=java.lang.String@50000181)
	value		5000361a
OBJ 500035fd (sz=24, trace=300000, class=java.lang.String@50000181)
	value		50003619
OBJ 500035fe (sz=24, trace=300000, class=java.lang.String@50000181)
	value		50003618
OBJ 500035ff (sz=24, trace=300000, class=java.lang.String@50000181)
	value		50003617
OBJ 50003600 (sz=24, trace=300000, class=java.lang.String@50000181)
	value		50003616
OBJ 50003601 (sz=24, trace=300000, class=java.lang.String@50000181)
	value		50003615
OBJ 50003602 (sz=24, trace=300000, class=java.lang.String@50000181)
	value		50003614
OBJ 50003603 (sz=24, trace=300000, class=java.lang.String@50000181)
	value		50003613
OBJ 50003604 (sz=24, trace=300000, class=java.lang.String@50000181)
	value		50003612
OBJ 50003605 (sz=24, trace=300000, class=java.lang.String@50000181)
	value		50003611
OBJ 50003606 (sz=24, trace=300000, class=java.lang.String@50000181)
	value		50003610
OBJ 50003607 (sz=24, trace=300000, class=java.lang.String@50000181)
	value		5000360f
OBJ 50003608 (sz=24, trace=300000, class=java.lang.String@50000181)
	value		5000360d
OBJ 50003609 (sz=24, trace=300000, class=java.lang.String@50000181)
	value		5000360c
ARR 5000360a (sz=46, trace=300000, nelems=23, elem type=char[])
ARR 5000360b (sz=34, trace=300000, nelems=17, elem type=char[])
ARR 5000360c (sz=48, trace=300000, nelems=24, elem type=char[])
ARR 5000360d (sz=78, trace=300000, nelems=39, elem type=char[])
ARR 5000360e (sz=70, trace=300000, nelems=35, elem type=char[])
ARR 5000360f (sz=66, trace=300000, nelems=33, elem type=char[])
ARR 50003610 (sz=76, trace=300000, nelems=38, elem type=char[])
ARR 50003611 (sz=64, trace=300000, nelems=32, elem type=char[])
ARR 50003612 (sz=62, trace=300000, nelems=31, elem type=char[])
ARR 50003613 (sz=72, trace=300000, nelems=36, elem type=char[])
ARR 50003614 (sz=88, trace=300000, nelems=44, elem type=char[])
ARR 50003615 (sz=80, trace=300000, nelems=40, elem type=char[])
ARR 50003616 (sz=62, trace=300000, nelems=31, elem type=char[])
ARR 50003617 (sz=58, trace=300000, nelems=29, elem type=char[])
ARR 50003618 (sz=88, trace=300000, nelems=44, elem type=char[])
ARR 50003619 (sz=66, trace=300000, nelems=33, elem type=char[])
ARR 5000361a (sz=58, trace=300000, nelems=29, elem type=char[])
ARR 5000361b (sz=68, trace=300000, nelems=34, elem type=char[])
ARR 5000361c (sz=56, trace=300000, nelems=28, elem type=char[])
ARR 5000361d (sz=2, trace=300000, nelems=1, elem type=char[])
ARR 5000361e (sz=2, trace=300000, nelems=1, elem type=char[])
ARR 5000361f (sz=24, trace=300000, nelems=12, elem type=char[])
OBJ 50003620 (sz=24, trace=300000, class=java.lang.String@50000181)
	value		50003621
ARR 50003621 (sz=68, trace=300000, nelems=34, elem type=char[])
ARR 50003622 (sz=6, trace=300000, nelems=3, elem type=char[])
ARR 50003623 (sz=10, trace=300000, nelems=5, elem type=char[])
ARR 50003624 (sz=20, trace=300000, nelems=10, elem type=char[])
ARR 50003625 (sz=6, trace=300000, nelems=3, elem type=char[])
ARR 50003626 (sz=26, trace=300000, nelems=13, elem type=char[])
ARR 50003627 (sz=36, trace=300000, nelems=18, elem type=char[])
ARR 50003628 (sz=22, trace=300000, nelems=11, elem type=char[])
ARR 50003629 (sz=12, trace=300000, nelems=6, elem type=char[])
ARR 5000362a (sz=8, trace=300000, nelems=4, elem type=char[])
ARR 5000362b (sz=20, trace=300000, nelems=10, elem type=char[])
ARR 5000362c (sz=30, trace=300000, nelems=15, elem type=char[])
ARR 5000362d (sz=32, trace=300000, nelems=16, elem type=char[])
ARR 5000362e (sz=16, trace=300000, nelems=8, elem type=char[])
OBJ 5000362f (sz=24, trace=300000, class=java.lang.String@50000181)
	value		500036e4
OBJ 50003630 (sz=24, trace=300000, class=java.lang.String@50000181)
	value		50003636
OBJ 50003631 (sz=24, trace=300000, class=java.lang.String@50000181)
	value		5000363b
OBJ 50003632 (sz=24, trace=300000, class=java.lang.String@50000181)
	value		5000363a
OBJ 50003633 (sz=24, trace=300000, class=java.lang.String@50000181)
	value		50003639
OBJ 50003634 (sz=24, trace=300000, class=java.lang.String@50000181)
	value		50003638
OBJ 50003635 (sz=24, trace=300000, class=java.lang.String@50000181)
	value		50003637
ARR 50003636 (sz=16, trace=300000, nelems=8, elem type=char[])
ARR 50003637 (sz=8, trace=300000, nelems=4, elem type=char[])
ARR 50003638 (sz=24, trace=300000, nelems=12, elem type=char[])
ARR 50003639 (sz=36, trace=300000, nelems=18, elem type=char[])
ARR 5000363a (sz=32, trace=300000, nelems=16, elem type=char[])
ARR 5000363b (sz=32, trace=300000, nelems=16, elem type=char[])
OBJ 5000363c (sz=24, trace=300000, class=java.lang.String@50000181)
	value		50003645
OBJ 5000363d (sz=24, trace=300000, class=java.lang.String@50000181)
	value		5000364b
OBJ 5000363e (sz=24, trace=300000, class=java.lang.String@50000181)
	value		50003647
OBJ 5000363f (sz=24, trace=300000, class=java.lang.String@50000181)
	value		5000364c
OBJ 50003640 (sz=24, trace=300000, class=java.lang.String@50000181)
	value		50003649
OBJ 50003641 (sz=24, trace=300000, class=java.lang.String@50000181)
	value		5000364d
OBJ 50003642 (sz=24, trace=300000, class=java.lang.String@50000181)
	value		50003648
OBJ 50003643 (sz=24, trace=300000, class=java.lang.String@50000181)
	value		5000364a
OBJ 50003644 (sz=24, trace=300000, class=java.lang.String@50000181)
	value		50003646
ARR 50003645 (sz=12, trace=300000, nelems=6, elem type=char[])
ARR 50003646 (sz=8, trace=300000, nelems=4, elem type=char[])
ARR 50003647 (sz=8, trace=300000, nelems=4, elem type=char[])
ARR 50003648 (sz=12, trace=300000, nelems=6, elem type=char[])
ARR 50003649 (sz=14, trace=300000, nelems=7, elem type=char[])
ARR 5000364a (sz=14, trace=300000, nelems=7, elem type=char[])
ARR 5000364b (sz=16, trace=300000, nelems=8, elem type=char[])
ARR 5000364c (sz=8, trace=300000, nelems=4, elem type=char[])
ARR 5000364d (sz=12, trace=300000, nelems=6, elem type=char[])
OBJ 5000364e (sz=24, trace=300000, class=java.lang.String@50000181)
	value		500036e1
OBJ 5000364f (sz=24, trace=300000, class=java.lang.String@50000181)
	value		500036e0
OBJ 50003650 (sz=24, trace=300000, class=java.lang.String@50000181)
	value		500036df
OBJ 50003651 (sz=24, trace=300000, class=java.lang.String@50000181)
	value		500036de
OBJ 50003652 (sz=24, trace=300000, class=java.lang.String@50000181)
	value		50003653
ARR 50003653 (sz=6, trace=300000, nelems=3, elem type=char[])
OBJ 50003654 (sz=24, trace=300000, class=java.lang.String@50000181)
	value		5000365f
OBJ 50003655 (sz=24, trace=300000, class=java.lang.String@50000181)
	value		50003663
OBJ 50003656 (sz=24, trace=300000, class=java.lang.String@50000181)
	value		50003662
OBJ 50003657 (sz=24, trace=300000, class=java.lang.String@50000181)
	value		5000365c
OBJ 50003658 (sz=24, trace=300000, class=java.lang.String@50000181)
	value		5000365e
OBJ 50003659 (sz=24, trace=300000, class=java.lang.String@50000181)
	value		50003661
OBJ 5000365a (sz=24, trace=300000, class=java.lang.String@50000181)
	value		5000365d
OBJ 5000365b (sz=24, trace=300000, class=java.lang.String@50000181)
	value		50003660
ARR 5000365c (sz=6, trace=300000, nelems=3, elem type=char[])
ARR 5000365d (sz=36, trace=300000, nelems=18, elem type=char[])
ARR 5000365e (sz=36, trace=300000, nelems=18, elem type=char[])
ARR 5000365f (sz=8, trace=300000, nelems=4, elem type=char[])
ARR 50003660 (sz=46, trace=300000, nelems=23, elem type=char[])
ARR 50003661 (sz=46, trace=300000, nelems=23, elem type=char[])
ARR 50003662 (sz=8, trace=300000, nelems=4, elem type=char[])
ARR 50003663 (sz=16, trace=300000, nelems=8, elem type=char[])
OBJ 50003664 (sz=24, trace=300000, class=java.lang.String@50000181)
	value		50003665
ARR 50003665 (sz=20, trace=300000, nelems=10, elem type=char[])
OBJ 50003666 (sz=24, trace=300000, class=java.lang.String@50000181)
	value		50003667
ARR 50003667 (sz=26, trace=300000, nelems=13, elem type=char[])
OBJ 50003668 (sz=24, trace=300000, class=java.lang.String@50000181)
	value		500036dd
OBJ 50003669 (sz=24, trace=300000, class=java.lang.String@50000181)
	value		500036dc
OBJ 5000366a (sz=24, trace=300000, class=java.lang.String@50000181)
	value		5000366b
ARR 5000366b (sz=10, trace=300000, nelems=5, elem type=char[])
OBJ 5000366c (sz=24, trace=300000, class=java.lang.String@50000181)
	value		500036db
OBJ 5000366d (sz=24, trace=300000, class=java.lang.String@50000181)
	value		500036da
OBJ 5000366e (sz=24, trace=300000, class=java.lang.String@50000181)
	value		500036d9
OBJ 5000366f (sz=24, trace=300000, class=java.lang.String@50000181)
	value		500036d8
OBJ 50003670 (sz=24, trace=300000, class=java.lang.String@50000181)
	value		50003671
ARR 50003671 (sz=28, trace=300000, nelems=14, elem type=char[])
OBJ 50003672 (sz=24, trace=300000, class=java.lang.String@50000181)
	value		5000368b
OBJ 50003673 (sz=24, trace=300000, class=java.lang.String@50000181)
	value		50003683
OBJ 50003674 (sz=24, trace=300000, class=java.lang.String@50000181)
	value		50003682
OBJ 50003675 (sz=24, trace=300000, class=java.lang.String@50000181)
	value		50003688
OBJ 50003676 (sz=24, trace=300000, class=java.lang.String@50000181)
	value		5000368a
OBJ 50003677 (sz=24, trace=300000, class=java.lang.String@50000181)
	value		50003689
OBJ 50003678 (sz=24, trace=300000, class=java.lang.String@50000181)
	value		50003687
OBJ 50003679 (sz=24, trace=300000, class=java.lang.String@50000181)
	value		50003686
OBJ 5000367a (sz=24, trace=300000, class=java.lang.String@50000181)
	value		50003685
OBJ 5000367b (sz=24, trace=300000, class=java.lang.String@50000181)
	value		50003684
OBJ 5000367c (sz=24, trace=300000, class=java.lang.String@50000181)
	value		50003681
OBJ 5000367d (sz=24, trace=300000, class=java.lang.String@50000181)
	value		50003680
OBJ 5000367e (sz=24, trace=300000, class=java.lang.String@50000181)
	value		5000367f
ARR 5000367f (sz=8, trace=300000, nelems=4, elem type=char[])
ARR 50003680 (sz=10, trace=300000, nelems=5, elem type=char[])
ARR 50003681 (sz=8, trace=300000, nelems=4, elem type=char[])
ARR 50003682 (sz=8, trace=300000, nelems=4, elem type=char[])
ARR 50003683 (sz=6, trace=300000, nelems=3, elem type=char[])
ARR 50003684 (sz=6, trace=300000, nelems=3, elem type=char[])
ARR 50003685 (sz=8, trace=300000, nelems=4, elem type=char[])
ARR 50003686 (sz=6, trace=300000, nelems=3, elem type=char[])
ARR 50003687 (sz=10, trace=300000, nelems=5, elem type=char[])
ARR 50003688 (sz=4, trace=300000, nelems=2, elem type=char[])
ARR 50003689 (sz=8, trace=300000, nelems=4, elem type=char[])
ARR 5000368a (sz=4, trace=300000, nelems=2, elem type=char[])
ARR 5000368b (sz=30, trace=300000, nelems=15, elem type=char[])
OBJ 5000368c (sz=24, trace=300000, class=java.lang.String@50000181)
	value		50003691
OBJ 5000368d (sz=24, trace=300000, class=java.lang.String@50000181)
	value		50003690
OBJ 5000368e (sz=24, trace=300000, class=java.lang.String@50000181)
	value		5000368f
ARR 5000368f (sz=46, trace=300000, nelems=23, elem type=char[])
ARR 50003690 (sz=38, trace=300000, nelems=19, elem type=char[])
ARR 50003691 (sz=26, trace=300000, nelems=13, elem type=char[])
OBJ 50003692 (sz=24, trace=300000, class=java.lang.String@50000181)
	value		500036b9
OBJ 50003693 (sz=24, trace=300000, class=java.lang.String@50000181)
	value		500036a2
OBJ 50003694 (sz=24, trace=300000, class=java.lang.String@50000181)
	value		5000369c
OBJ 50003695 (sz=24, trace=300000, class=java.lang.String@50000181)
	value		5000369f
OBJ 50003696 (sz=24, trace=300000, class=java.lang.String@50000181)
	value		500036a0
OBJ 50003697 (sz=24, trace=300000, class=java.lang.String@50000181)
	value		5000369b
OBJ 50003698 (sz=24, trace=300000, class=java.lang.String@50000181)
	value		5000369e
OBJ 50003699 (sz=24, trace=300000, class=java.lang.String@50000181)
	value		5000369d
OBJ 5000369a (sz=24, trace=300000, class=java.lang.String@50000181)
	value		500036a1
ARR 5000369b (sz=16, trace=300000, nelems=8, elem type=char[])
ARR 5000369c (sz=16, trace=300000, nelems=8, elem type=char[])
ARR 5000369d (sz=18, trace=300000, nelems=9, elem type=char[])
ARR 5000369e (sz=36, trace=300000, nelems=18, elem type=char[])
ARR 5000369f (sz=26, trace=300000, nelems=13, elem type=char[])
ARR 500036a0 (sz=30, trace=300000, nelems=15, elem type=char[])
ARR 500036a1 (sz=8, trace=300000, nelems=4, elem type=char[])
ARR 500036a2 (sz=34, trace=300000, nelems=17, elem type=char[])
OBJ 500036a3 (sz=24, trace=300000, class=java.lang.String@50000181)
	value		500036a5
OBJ 500036a4 (sz=24, trace=300000, class=java.lang.String@50000181)
	value		500036a6
ARR 500036a5 (sz=40, trace=300000, nelems=20, elem type=char[])
ARR 500036a6 (sz=14, trace=300000, nelems=7, elem type=char[])
OBJ 500036a7 (sz=24, trace=300000, class=java.lang.String@50000181)
	value		500036b8
OBJ 500036a8 (sz=24, trace=300000, class=java.lang.String@50000181)
	value		500036b2
OBJ 500036a9 (sz=24, trace=300000, class=java.lang.String@50000181)
	value		500036b1
OBJ 500036aa (sz=24, trace=300000, class=java.lang.String@50000181)
	value		500036b3
OBJ 500036ab (sz=24, trace=300000, class=java.lang.String@50000181)
	value		500036b5
OBJ 500036ac (sz=24, trace=300000, class=java.lang.String@50000181)
	value		500036b6
OBJ 500036ad (sz=24, trace=300000, class=java.lang.String@50000181)
	value		500036b4
OBJ 500036ae (sz=24, trace=300000, class=java.lang.String@50000181)
	value		500036b7
OBJ 500036af (sz=24, trace=300000, class=java.lang.String@50000181)
	value		500036b0
ARR 500036b0 (sz=4, trace=300000, nelems=2, elem type=char[])
ARR 500036b1 (sz=8, trace=300000, nelems=4, elem type=char[])
ARR 500036b2 (sz=14, trace=300000, nelems=7, elem type=char[])
ARR 500036b3 (sz=10, trace=300000, nelems=5, elem type=char[])
ARR 500036b4 (sz=14, trace=300000, nelems=7, elem type=char[])
ARR 500036b5 (sz=18, trace=300000, nelems=9, elem type=char[])
ARR 500036b6 (sz=18, trace=300000, nelems=9, elem type=char[])
ARR 500036b7 (sz=22, trace=300000, nelems=11, elem type=char[])
ARR 500036b8 (sz=38, trace=300000, nelems=19, elem type=char[])
ARR 500036b9 (sz=4, trace=300000, nelems=2, elem type=char[])
OBJ 500036ba (sz=24, trace=300000, class=java.lang.String@50000181)
	value		500036cf
OBJ 500036bb (sz=24, trace=300000, class=java.lang.String@50000181)
	value		500036cc
OBJ 500036bc (sz=24, trace=300000, class=java.lang.String@50000181)
	value		500036d3
OBJ 500036bd (sz=24, trace=300000, class=java.lang.String@50000181)
	value		500036ce
OBJ 500036be (sz=24, trace=300000, class=java.lang.String@50000181)
	value		500036d6
OBJ 500036bf (sz=24, trace=300000, class=java.lang.String@50000181)
	value		500036d1
OBJ 500036c0 (sz=24, trace=300000, class=java.lang.String@50000181)
	value		500036ca
OBJ 500036c1 (sz=24, trace=300000, class=java.lang.String@50000181)
	value		500036d5
OBJ 500036c2 (sz=24, trace=300000, class=java.lang.String@50000181)
	value		500036d4
OBJ 500036c3 (sz=24, trace=300000, class=java.lang.String@50000181)
	value		500036c9
OBJ 500036c4 (sz=24, trace=300000, class=java.lang.String@50000181)
	value		500036d7
OBJ 500036c5 (sz=24, trace=300000, class=java.lang.String@50000181)
	value		500036d2
OBJ 500036c6 (sz=24, trace=300000, class=java.lang.String@50000181)
	value		500036d0
OBJ 500036c7 (sz=24, trace=300000, class=java.lang.String@50000181)
	value		500036cd
OBJ 500036c8 (sz=24, trace=300000, class=java.lang.String@50000181)
	value		500036cb
ARR 500036c9 (sz=34, trace=300000, nelems=17, elem type=char[])
ARR 500036ca (sz=16, trace=300000, nelems=8, elem type=char[])
ARR 500036cb (sz=26, trace=300000, nelems=13, elem type=char[])
ARR 500036cc (sz=148, trace=300000, nelems=74, elem type=char[])
ARR 500036cd (sz=22, trace=300000, nelems=11, elem type=char[])
ARR 500036ce (sz=416, trace=300000, nelems=208, elem type=char[])
ARR 500036cf (sz=1416, trace=300000, nelems=708, elem type=char[])
ARR 500036d0 (sz=26, trace=300000, nelems=13, elem type=char[])
ARR 500036d1 (sz=260, trace=300000, nelems=130, elem type=char[])
ARR 500036d2 (sz=24, trace=300000, nelems=12, elem type=char[])
ARR 500036d3 (sz=466, trace=300000, nelems=233, elem type=char[])
ARR 500036d4 (sz=32, trace=300000, nelems=16, elem type=char[])
ARR 500036d5 (sz=1702, trace=300000, nelems=851, elem type=char[])
ARR 500036d6 (sz=1420, trace=300000, nelems=710, elem type=char[])
ARR 500036d7 (sz=36, trace=300000, nelems=18, elem type=char[])
ARR 500036d8 (sz=6, trace=300000, nelems=3, elem type=char[])
ARR 500036d9 (sz=40, trace=300000, nelems=20, elem type=char[])
ARR 500036da (sz=56, trace=300000, nelems=28, elem type=char[])
ARR 500036db (sz=40, trace=300000, nelems=20, elem type=char[])
ARR 500036dc (sz=22, trace=300000, nelems=11, elem type=char[])
ARR 500036dd (sz=28, trace=300000, nelems=14, elem type=char[])
ARR 500036de (sz=16, trace=300000, nelems=8, elem type=char[])
ARR 500036df (sz=16, trace=300000, nelems=8, elem type=char[])
ARR 500036e0 (sz=42, trace=300000, nelems=21, elem type=char[])
ARR 500036e1 (sz=16, trace=300000, nelems=8, elem type=char[])
OBJ 500036e2 (sz=24, trace=300000, class=java.lang.String@50000181)
	value		500036e3
ARR 500036e3 (sz=44, trace=300000, nelems=22, elem type=char[])
ARR 500036e4 (sz=6, trace=300000, nelems=3, elem type=char[])
OBJ 500036e5 (sz=16, trace=300000, class=java.lang.Object@50000185)
OBJ 500036e6 (sz=24, trace=300000, class=java.lang.String@50000181)
	value		500036e7
ARR 500036e7 (sz=46, trace=300000, nelems=23, elem type=char[])
CLS 50000185 (name=java.lang.Object, trace=300000)
	constant pool entry 76	5000010a
	constant pool entry 49	50000185
CLS 50000001 (name=java.lang.SystemClassLoaderAction, trace=300000)
	super		50000185
	constant pool entry 36	50000001
	constant pool entry 35	5000017a
	constant pool entry 33	50000185
	constant pool entry 1	500034f2
CLS 50000002 (name=sun.misc.Launcher$AppClassLoader$1, trace=300000)
	super		50000185
	constant pool entry 30	50000002
	constant pool entry 29	50000129
	constant pool entry 28	5000012a
	constant pool entry 25	50000185
CLS 5000000f (name=java.net.URLStreamHandler, trace=300000)
	super		50000185
	constant pool entry 112	5000000f
	constant pool entry 111	5000012c
	constant pool entry 107	50000135
	constant pool entry 106	50000181
	constant pool entry 104	50000185
	constant pool entry 10	50001e4d
	constant pool entry 1	5000177a
CLS 50000003 (name=sun.net.www.protocol.jar.Handler, trace=300000)
	super		5000000f
	static separator	50001e64
	constant pool entry 83	50000003
	constant pool entry 82	50000012
	constant pool entry 81	5000000f
	constant pool entry 80	5000012c
	constant pool entry 78	50000134
	constant pool entry 77	50000181
	constant pool entry 9	50003483
	constant pool entry 8	50001c23
	constant pool entry 5	50001c22
	constant pool entry 1	5000177a
CLS 50000004 (name=sun.misc.URLClassPath, trace=300000)
	super		50000185
	static USER_AGENT_JAVA_VERSION	50001c2a
	static JAVA_VERSION	50001c29
	constant pool entry 246	50000064
	constant pool entry 244	500004d8
	constant pool entry 243	500000d4
	constant pool entry 242	500004e0
	constant pool entry 239	500004de
	constant pool entry 238	500004ce
	constant pool entry 237	500004d2
	constant pool entry 236	50000004
	constant pool entry 234	500000f5
	constant pool entry 230	500000d9
	constant pool entry 228	500000f0
	constant pool entry 227	50000544
	constant pool entry 225	50000102
	constant pool entry 223	50000043
	constant pool entry 221	5000012c
	constant pool entry 215	50000181
	constant pool entry 212	50000185
	constant pool entry 209	50000541
	constant pool entry 23	50001794
	constant pool entry 22	50001c28
	constant pool entry 21	50001c27
	constant pool entry 20	50001c26
	constant pool entry 19	500017c0
	constant pool entry 17	50001c25
	constant pool entry 16	50001c24
	constant pool entry 15	50001c23
CLS 500000f8 (name=java.util.AbstractCollection, trace=300000)
	super		50000185
	constant pool entry 75	5000008f
	constant pool entry 72	500000f8
	constant pool entry 66	50000185
CLS 500000ed (name=java.util.AbstractSet, trace=300000)
	super		500000f8
	constant pool entry 34	500000f8
CLS 50000005 (name=java.util.HashSet, trace=300000)
	super		500000ed
	static PRESENT	50001772
	constant pool entry 125	50000005
	constant pool entry 123	500000d9
	constant pool entry 121	500000ed
	constant pool entry 119	50000185
CLS 50000006 (name=java.security.Principal[], trace=300000)
	super		50000185
CLS 50000007 (name=java.security.Principal, trace=300000)
CLS 50000008 (name=java.security.ProtectionDomain$Key, trace=300000)
	super		50000185
	constant pool entry 12	50000008
	constant pool entry 10	50000185
CLS 50000009 (name=java.security.ProtectionDomain$2, trace=300000)
	super		50000185
	constant pool entry 15	50000185
CLS 5000000a (name=sun.misc.JavaSecurityProtectionDomainAccess, trace=300000)
CLS 5000000b (name=java.security.ProtectionDomain$JavaSecurityAccessImpl, trace=300000)
	super		50000185
	constant pool entry 27	5000000b
	constant pool entry 22	50000185
CLS 5000000c (name=sun.misc.JavaSecurityAccess, trace=300000)
CLS 5000000d (name=java.net.URL[], trace=300000)
	super		50000185
CLS 5000000e (name=sun.net.www.protocol.file.Handler, trace=300000)
	super		5000000f
	constant pool entry 64	5000000e
	constant pool entry 63	50000e7d
	constant pool entry 62	50000012
	constant pool entry 61	5000000f
	constant pool entry 59	5000012c
	constant pool entry 56	50000181
	constant pool entry 54	5000012e
	constant pool entry 6	50001c43
	constant pool entry 1	5000177a
CLS 50000010 (name=java.net.Parts, trace=300000)
	super		50000185
	constant pool entry 25	50000010
	constant pool entry 24	50000181
	constant pool entry 23	50000185
CLS 50000011 (name=java.util.BitSet, trace=300000)
	super		50000185
	static serialPersistentFields	50001c61
	constant pool entry 391	5000010a
	constant pool entry 196	50000185
	constant pool entry 187	5000017d
	constant pool entry 184	5000010f
	constant pool entry 11	50000011
	constant pool entry 10	50000186
	constant pool entry 4	50001c60
CLS 50000012 (name=sun.net.www.ParseUtil, trace=300000)
	super		50000185
	static encodedInPath	50001c5e
	static hexDigits	50001c5d
	constant pool entry 505	5000010a
	constant pool entry 241	50000011
	constant pool entry 233	5000012c
	constant pool entry 228	50000134
	constant pool entry 226	50000181
	constant pool entry 225	50000185
	constant pool entry 223	500000d1
	constant pool entry 220	5000017d
	constant pool entry 217	5000012e
	constant pool entry 26	50000012
	constant pool entry 25	50001c30
	constant pool entry 19	50001c5c
	constant pool entry 18	50001c5b
	constant pool entry 17	50001c5a
	constant pool entry 16	50001c59
	constant pool entry 11	50001c58
	constant pool entry 10	50001c57
	constant pool entry 9	50001c56
	constant pool entry 8	50001c55
	constant pool entry 7	50001c22
	constant pool entry 6	50001c54
	constant pool entry 5	50001c53
	constant pool entry 4	50001c52
	constant pool entry 3	50001c51
	constant pool entry 2	5000177a
CLS 50000013 (name=java.io.FileInputStream$1, trace=300000)
	super		50000185
	constant pool entry 19	50000185
	constant pool entry 17	50000013
	constant pool entry 16	5000008b
CLS 500000d7 (name=java.util.HashMap$Node, trace=300000)
	super		50000185
	constant pool entry 44	500000d7
	constant pool entry 41	50000185
CLS 50000054 (name=java.util.LinkedHashMap$Entry, trace=300000)
	super		500000d7
	constant pool entry 14	500000d7
CLS 50000014 (name=java.util.HashMap$TreeNode, trace=300000)
	super		50000054
CLS 50000016 (name=java.lang.CharacterData, trace=300000)
	super		50000185
	constant pool entry 50	50000185
	constant pool entry 47	50000015
CLS 50000015 (name=java.lang.CharacterDataLatin1, trace=300000)
	super		50000016
	static sharpsMap	50001a2f
	static instance	50001779
	static A	50001778
	static A_DATA	50001a2d
	static B	50001a2e
	constant pool entry 94	5000010a
	constant pool entry 67	50000181
	constant pool entry 66	5000017d
	constant pool entry 65	50000016
	constant pool entry 8	50000015
	constant pool entry 7	50001a2d
	constant pool entry 6	50001a2c
CLS 50000017 (name=sun.util.locale.LocaleUtils, trace=300000)
	super		50000185
	constant pool entry 87	5000010a
	constant pool entry 47	50000017
	constant pool entry 43	50000181
CLS 50000018 (name=java.util.Locale$LocaleKey, trace=300000)
	super		50000185
	constant pool entry 26	5000001c
	constant pool entry 25	50000018
	constant pool entry 22	50000185
CLS 50000166 (name=java.lang.ref.Reference, trace=300000)
	super		50000185
	static lock	50001648
	constant pool entry 67	500000df
	constant pool entry 65	5000015f
	constant pool entry 64	500000f2
	constant pool entry 63	500000f3
	constant pool entry 62	500000e0
	constant pool entry 61	50000166
	constant pool entry 59	5000015b
	constant pool entry 58	5000015d
	constant pool entry 56	50000185
	constant pool entry 1	50001c1b
CLS 50000165 (name=java.lang.ref.SoftReference, trace=300000)
	super		50000166
	constant pool entry 17	50000165
	constant pool entry 16	50000166
CLS 50000019 (name=sun.util.locale.LocaleObjectCache$CacheEntry, trace=300000)
	super		50000165
	constant pool entry 16	50000019
	constant pool entry 14	50000165
CLS 5000001a (name=sun.util.locale.BaseLocale$Key, trace=300000)
	super		50000185
	constant pool entry 63	50000017
	constant pool entry 62	5000001a
	constant pool entry 60	50000165
	constant pool entry 59	50000181
	constant pool entry 58	50000185
	constant pool entry 57	5000017d
	constant pool entry 2	5000001c
	constant pool entry 1	5000177a
CLS 5000002e (name=sun.util.locale.LocaleObjectCache, trace=300000)
	super		50000185
	constant pool entry 36	50000019
	constant pool entry 35	5000002e
	constant pool entry 34	5000002c
	constant pool entry 33	5000002b
	constant pool entry 32	5000015f
	constant pool entry 31	50000185
CLS 5000001b (name=sun.util.locale.BaseLocale$Cache, trace=300000)
	super		5000002e
	constant pool entry 40	5000002e
	constant pool entry 39	5000001a
	constant pool entry 38	5000001b
	constant pool entry 36	50000165
	constant pool entry 35	50000181
	constant pool entry 34	5000017d
	constant pool entry 1	5000001c
CLS 5000001c (name=sun.util.locale.BaseLocale, trace=300000)
	super		50000185
	static SEP	50001bfe
	static CACHE	50001bfd
	constant pool entry 83	50000017
	constant pool entry 82	5000001a
	constant pool entry 81	5000001b
	constant pool entry 79	5000001c
	constant pool entry 77	50000181
	constant pool entry 76	50000185
	constant pool entry 12	50001bfc
	constant pool entry 4	50001bfb
	constant pool entry 3	50001bfa
	constant pool entry 1	5000177a
CLS 50000020 (name=java.util.concurrent.ConcurrentHashMap$CollectionView, trace=300000)
	super		50000185
	static oomeMsg	50001a3f
	constant pool entry 75	50000020
	constant pool entry 67	50000185
CLS 5000001d (name=java.util.concurrent.ConcurrentHashMap$EntrySetView, trace=300000)
	super		50000020
CLS 5000001e (name=java.util.concurrent.ConcurrentHashMap$ValuesView, trace=300000)
	super		50000020
CLS 5000001f (name=java.util.concurrent.ConcurrentHashMap$KeySetView, trace=300000)
	super		50000020
	constant pool entry 73	5000001f
	constant pool entry 71	50000020
	constant pool entry 70	5000002b
CLS 50000021 (name=java.util.concurrent.ConcurrentHashMap$CounterCell[], trace=300000)
	super		50000185
CLS 50000022 (name=java.util.concurrent.ConcurrentHashMap$CounterCell, trace=300000)
	super		50000185
CLS 50000023 (name=java.util.concurrent.ConcurrentHashMap$Node[], trace=300000)
	super		50000185
CLS 50000024 (name=java.util.concurrent.ConcurrentHashMap$Node, trace=300000)
	super		50000185
	constant pool entry 48	50000024
	constant pool entry 42	50000185
CLS 50000025 (name=java.util.concurrent.ConcurrentHashMap$Segment[], trace=300000)
	super		50000185
CLS 50000026 (name=java.util.concurrent.locks.ReentrantLock[], trace=300000)
	super		50000185
CLS 50000027 (name=java.util.concurrent.locks.Lock[], trace=300000)
	super		50000185
CLS 50000029 (name=java.util.concurrent.locks.ReentrantLock, trace=300000)
	super		50000185
CLS 50000028 (name=java.util.concurrent.ConcurrentHashMap$Segment, trace=300000)
	super		50000029
CLS 5000002a (name=java.util.concurrent.locks.Lock, trace=300000)
CLS 500000ea (name=java.util.AbstractMap, trace=300000)
	super		50000185
	constant pool entry 63	50000185
CLS 5000002b (name=java.util.concurrent.ConcurrentHashMap, trace=300000)
	super		500000ea
	static serialPersistentFields	5000191b
	static U	500017bd
	constant pool entry 1010	5000010a
	constant pool entry 435	50000133
	constant pool entry 411	50000024
	constant pool entry 392	5000001f
	constant pool entry 390	50000f2c
	constant pool entry 370	500000ea
	constant pool entry 364	5000008d
	constant pool entry 363	50000185
	constant pool entry 360	5000011d
	constant pool entry 354	5000017d
	constant pool entry 351	5000010f
	constant pool entry 344	5000191a
	constant pool entry 343	50001919
	constant pool entry 342	50001918
	constant pool entry 340	50001917
	constant pool entry 339	50001916
	constant pool entry 14	50000022
	constant pool entry 13	5000002b
	constant pool entry 10	50000025
	constant pool entry 9	50000023
	constant pool entry 8	50001915
	constant pool entry 7	50001914
	constant pool entry 6	50001913
CLS 5000002c (name=java.util.concurrent.ConcurrentMap, trace=300000)
CLS 5000002d (name=java.util.Locale$Cache, trace=300000)
	super		5000002e
	constant pool entry 19	5000002e
	constant pool entry 18	50000018
	constant pool entry 17	5000002d
	constant pool entry 15	5000002f
CLS 5000002f (name=java.util.Locale, trace=300000)
	super		50000185
	static LOCALECACHE	50001d1d
	static ENGLISH	50001d1c
	static FRENCH	50001d1b
	static GERMAN	50001d1a
	static ITALIAN	50001d19
	static JAPANESE	50001d18
	static KOREAN	50001d17
	static CHINESE	50001d16
	static SIMPLIFIED_CHINESE	50001d0a
	static TRADITIONAL_CHINESE	50001d10
	static FRANCE	50001d15
	static GERMANY	50001d14
	static ITALY	50001d13
	static JAPAN	50001d12
	static KOREA	50001d11
	static CHINA	50001d0a
	static PRC	50001d0a
	static TAIWAN	50001d10
	static UK	50001d0f
	static US	50001d0e
	static CANADA	50001d0d
	static CANADA_FRENCH	50001d0c
	static ROOT	50001d0b
	static defaultLocale	50001d0a
	static defaultFormatLocale	50001d0a
	static serialPersistentFields	50001d09
	constant pool entry 889	5000010a
	constant pool entry 443	50000017
	constant pool entry 439	50000a95
	constant pool entry 437	5000001c
	constant pool entry 436	50000064
	constant pool entry 431	50000018
	constant pool entry 428	5000084a
	constant pool entry 427	5000002d
	constant pool entry 425	5000084f
	constant pool entry 424	500000fa
	constant pool entry 423	5000008f
	constant pool entry 417	50000102
	constant pool entry 414	50000134
	constant pool entry 412	50000185
	constant pool entry 409	5000011d
	constant pool entry 404	5000017d
	constant pool entry 400	5000010f
	constant pool entry 391	50001d08
	constant pool entry 390	50001d07
	constant pool entry 389	50001d06
	constant pool entry 388	50001d05
	constant pool entry 58	5000002f
	constant pool entry 57	50000181
	constant pool entry 56	50001bf5
	constant pool entry 52	50001d04
	constant pool entry 51	50001d03
	constant pool entry 50	50001d02
	constant pool entry 49	50001d01
	constant pool entry 48	50001d00
	constant pool entry 47	50001cff
	constant pool entry 46	50001cfe
	constant pool entry 45	50001cfd
	constant pool entry 44	50001cfc
	constant pool entry 43	50001cfb
	constant pool entry 40	50001cfa
	constant pool entry 38	50001cf9
	constant pool entry 34	50001cf8
	constant pool entry 33	50001c16
	constant pool entry 32	50001cf7
	constant pool entry 31	50001cf6
	constant pool entry 30	50001cf5
	constant pool entry 29	50001cf4
	constant pool entry 27	50001cf3
	constant pool entry 24	50001cf2
	constant pool entry 18	50001cf1
	constant pool entry 15	50001cf0
	constant pool entry 13	50001cef
	constant pool entry 11	50001cee
	constant pool entry 6	50001bf3
	constant pool entry 4	50001c52
	constant pool entry 1	5000177a
CLS 50000030 (name=java.lang.reflect.Array, trace=300000)
	super		50000185
	constant pool entry 37	50000030
CLS 50000035 (name=java.io.Reader, trace=300000)
	super		50000185
	constant pool entry 57	50000185
	constant pool entry 53	50000035
CLS 50000031 (name=sun.nio.cs.StreamDecoder, trace=300000)
	super		50000035
	constant pool entry 136	50000095
	constant pool entry 135	50000069
	constant pool entry 134	50000097
	constant pool entry 133	500000cf
	constant pool entry 130	5000006b
	constant pool entry 129	50000073
	constant pool entry 122	5000017d
	constant pool entry 119	50000035
	constant pool entry 118	50000130
	constant pool entry 5	50000031
CLS 50000033 (name=java.io.InputStreamReader, trace=300000)
	super		50000035
	constant pool entry 45	50000031
	constant pool entry 38	50000035
	constant pool entry 37	50000033
CLS 50000032 (name=java.io.FileReader, trace=300000)
	super		50000033
	constant pool entry 12	50000033
	constant pool entry 9	5000008b
CLS 50000034 (name=java.io.BufferedReader, trace=300000)
	super		50000035
	constant pool entry 176	5000010a
	constant pool entry 93	50000135
	constant pool entry 92	50000181
	constant pool entry 87	50000035
	constant pool entry 84	50000034
	constant pool entry 4	50001773
CLS 50000036 (name=sun.misc.MetaIndex, trace=300000)
	super		50000185
	static jarMap	50002ebc
	constant pool entry 149	5000010a
	constant pool entry 78	5000015a
	constant pool entry 77	500000fa
	constant pool entry 76	500000d9
	constant pool entry 75	500000f0
	constant pool entry 73	50000181
	constant pool entry 72	50000185
	constant pool entry 70	5000017d
	constant pool entry 67	50000032
	constant pool entry 66	5000012e
	constant pool entry 65	50000034
	constant pool entry 64	500000db
	constant pool entry 4	50000036
	constant pool entry 3	50002ebb
	constant pool entry 2	50002eba
	constant pool entry 1	50002eb9
CLS 50000037 (name=java.io.File[], trace=300000)
	super		50000185
CLS 50000038 (name=java.util.StringTokenizer, trace=300000)
	super		50000185
	constant pool entry 63	50000038
	constant pool entry 60	50000181
	constant pool entry 59	50000185
	constant pool entry 57	50000123
	constant pool entry 3	50001e5d
CLS 50000039 (name=sun.misc.Launcher$ExtClassLoader$1, trace=300000)
	super		50000185
	constant pool entry 31	50000036
	constant pool entry 30	50000039
	constant pool entry 29	50000128
	constant pool entry 26	50000185
CLS 5000003a (name=java.net.URLClassLoader$7, trace=300000)
	super		50000185
	constant pool entry 20	5000012d
	constant pool entry 17	50000185
CLS 5000003b (name=sun.misc.JavaNetAccess, trace=300000)
CLS 5000003c (name=java.util.WeakHashMap$KeySet, trace=300000)
	super		500000ed
	constant pool entry 28	5000003c
	constant pool entry 24	500000ed
CLS 5000003d (name=java.util.Collections$SetFromMap, trace=300000)
	super		500000ed
	constant pool entry 72	5000015a
	constant pool entry 71	5000003d
	constant pool entry 69	500000ed
	constant pool entry 65	50000124
CLS 5000003e (name=java.util.WeakHashMap$Entry[], trace=300000)
	super		50000185
CLS 50000164 (name=java.lang.ref.WeakReference, trace=300000)
	super		50000166
	constant pool entry 7	50000166
CLS 5000003f (name=java.util.WeakHashMap$Entry, trace=300000)
	super		50000164
	constant pool entry 48	5000003f
	constant pool entry 43	50000164
CLS 50000040 (name=java.lang.ClassLoader$ParallelLoaders, trace=300000)
	super		50000185
	static loaderTypes	500034f4
	constant pool entry 31	500000ba
	constant pool entry 30	500000ee
	constant pool entry 29	500000ef
	constant pool entry 26	50000040
	constant pool entry 25	5000017d
	constant pool entry 1	5000017b
CLS 50000041 (name=sun.security.util.Debug, trace=300000)
	super		50000185
	static hexDigits	50001e8c
	constant pool entry 202	50000041
	constant pool entry 201	50000064
	constant pool entry 197	50000102
	constant pool entry 192	50000181
	constant pool entry 50	50001e8b
	constant pool entry 49	50001e8a
	constant pool entry 23	50001e89
CLS 50000042 (name=sun.misc.Launcher$Factory, trace=300000)
	super		50000185
	static PREFIX	50001c37
	constant pool entry 48	50000042
	constant pool entry 44	5000000f
	constant pool entry 43	50000134
	constant pool entry 40	50000185
	constant pool entry 38	5000017d
	constant pool entry 4	50001c37
	constant pool entry 2	50001c2e
	constant pool entry 1	50001798
CLS 50000043 (name=java.net.URLStreamHandlerFactory, trace=300000)
CLS 50000044 (name=java.lang.Compiler$1, trace=300000)
	super		50000185
	constant pool entry 55	5000017a
	constant pool entry 54	50000134
	constant pool entry 52	50000185
	constant pool entry 51	50000044
	constant pool entry 8	500035e3
	constant pool entry 7	500035e2
	constant pool entry 4	500035e1
CLS 50000045 (name=java.lang.Compiler, trace=300000)
	super		50000185
	constant pool entry 25	50000102
	constant pool entry 23	50000044
	constant pool entry 22	50000045
CLS 50000179 (name=java.lang.Throwable, trace=300000)
	super		50000185
	static UNASSIGNED_STACK	50002f7f
	static SUPPRESSED_SENTINEL	50002f7e
	static NULL_CAUSE_MESSAGE	50002f7d
	static SELF_SUPPRESSION_MESSAGE	50002f7c
	static CAUSE_CAPTION	50002f7b
	static SUPPRESSED_CAPTION	50002f7a
	static EMPTY_THROWABLE_ARRAY	50002f79
	constant pool entry 325	5000010a
	constant pool entry 171	500000ef
	constant pool entry 170	500000f0
	constant pool entry 160	50000126
	constant pool entry 159	50000185
	constant pool entry 154	5000017d
	constant pool entry 18	50000179
CLS 50000176 (name=java.lang.Exception, trace=300000)
	super		50000179
	constant pool entry 14	50000179
CLS 50000175 (name=java.lang.RuntimeException, trace=300000)
	super		50000176
CLS 50000046 (name=java.lang.IllegalArgumentException, trace=300000)
	super		50000175
CLS 50000047 (name=java.lang.System$2, trace=300000)
	super		50000185
	constant pool entry 44	50000185
CLS 50000048 (name=sun.misc.JavaLangAccess, trace=300000)
CLS 50000049 (name=sun.io.Win32ErrorMode, trace=300000)
	super		50000185
	constant pool entry 44	500000d4
	constant pool entry 43	50000049
	constant pool entry 42	5000017a
	constant pool entry 1	500018e3
CLS 5000004a (name=sun.misc.OSEnvironment, trace=300000)
	super		50000185
	constant pool entry 9	50000049
CLS 5000004b (name=java.lang.Integer[], trace=300000)
	super		50000185
CLS 5000004c (name=java.lang.Number[], trace=300000)
	super		50000185
CLS 5000004d (name=java.lang.Integer$IntegerCache, trace=300000)
	super		50000185
	static cache	50001929
	constant pool entry 70	5000010a
	constant pool entry 46	500000d4
	constant pool entry 41	5000004d
	constant pool entry 40	5000017d
	constant pool entry 3	5000011d
	constant pool entry 2	500017bf
CLS 5000004e (name=sun.misc.NativeSignalHandler, trace=300000)
	super		50000185
	constant pool entry 19	5000004e
	constant pool entry 18	50000185
CLS 5000004f (name=sun.misc.Signal, trace=300000)
	super		50000185
	static handlers	50003587
	static signals	50003586
	constant pool entry 84	50000051
	constant pool entry 82	5000004f
	constant pool entry 81	5000004e
	constant pool entry 80	50000158
	constant pool entry 74	50000185
	constant pool entry 73	5000011d
CLS 50000050 (name=java.lang.Terminator$1, trace=300000)
	super		50000185
	constant pool entry 18	50000185
CLS 50000051 (name=sun.misc.SignalHandler, trace=300000)
	static SIG_DFL	50003585
	static SIG_IGN	50003584
	constant pool entry 14	50000051
	constant pool entry 13	5000004e
CLS 50000052 (name=java.lang.Terminator, trace=300000)
	super		50000185
	static handler	50003583
	constant pool entry 26	5000004f
	constant pool entry 25	50000050
	constant pool entry 24	50000052
	constant pool entry 2	50003582
	constant pool entry 1	50003581
CLS 50000053 (name=java.lang.ClassLoader$NativeLibrary, trace=300000)
	super		50000185
	constant pool entry 54	500000f5
	constant pool entry 51	50000185
	constant pool entry 50	50000053
	constant pool entry 49	5000017b
CLS 50000055 (name=java.io.ExpiringCache$Entry, trace=300000)
	super		50000185
	constant pool entry 21	50000185
	constant pool entry 20	50000055
CLS 50000056 (name=java.io.File$PathStatus[], trace=300000)
	super		50000185
CLS 50000057 (name=java.lang.Enum[], trace=300000)
	super		50000185
CLS 50000058 (name=java.lang.ClassLoader$3, trace=300000)
	super		50000185
	constant pool entry 25	50000185
	constant pool entry 24	50000058
	constant pool entry 22	50000124
	constant pool entry 21	5000012e
CLS 50000059 (name=java.lang.StringCoding$StringEncoder, trace=300000)
	super		50000185
	constant pool entry 143	5000010a
	constant pool entry 72	500000a5
	constant pool entry 71	50000076
	constant pool entry 70	50000095
	constant pool entry 68	50000075
	constant pool entry 67	500000cf
	constant pool entry 63	50000059
	constant pool entry 61	500000a1
	constant pool entry 59	50000185
	constant pool entry 57	5000017d
CLS 5000005a (name=java.nio.file.Path, trace=300000)
CLS 5000005b (name=java.nio.file.Watchable, trace=300000)
CLS 5000005d (name=java.lang.Enum, trace=300000)
	super		50000185
	constant pool entry 70	50000185
	constant pool entry 5	5000005d
CLS 5000005c (name=java.io.File$PathStatus, trace=300000)
	super		5000005d
	static INVALID	50001e33
	static CHECKED	50001e32
	static $VALUES	50001e31
	constant pool entry 45	5000010a
	constant pool entry 23	5000005d
	constant pool entry 3	5000005c
	constant pool entry 2	50001e30
	constant pool entry 1	50001e2f
CLS 500000d9 (name=java.util.HashMap, trace=300000)
	super		500000ea
	constant pool entry 480	5000010a
	constant pool entry 233	5000015a
	constant pool entry 228	50000014
	constant pool entry 227	500000d7
	constant pool entry 225	500014d7
	constant pool entry 218	500000d9
	constant pool entry 215	500000ea
	constant pool entry 211	50000185
	constant pool entry 206	50000121
	constant pool entry 196	500000d5
CLS 5000005f (name=java.util.LinkedHashMap, trace=300000)
	super		500000d9
	constant pool entry 98	5000025c
	constant pool entry 96	50000054
	constant pool entry 95	5000005f
	constant pool entry 93	500000d7
	constant pool entry 92	500000d9
CLS 5000005e (name=java.io.ExpiringCache$1, trace=300000)
	super		5000005f
	constant pool entry 24	5000005f
	constant pool entry 22	5000005e
	constant pool entry 21	50000060
CLS 50000060 (name=java.io.ExpiringCache, trace=300000)
	super		50000185
	constant pool entry 62	5000015a
	constant pool entry 60	5000017a
	constant pool entry 58	50000185
	constant pool entry 57	50000055
	constant pool entry 56	5000005e
	constant pool entry 55	50000060
CLS 50000062 (name=java.io.FileSystem, trace=300000)
	super		50000185
	constant pool entry 75	5000017a
	constant pool entry 73	50000185
	constant pool entry 71	50000062
	constant pool entry 2	50001e27
	constant pool entry 1	50001e26
CLS 50000061 (name=java.io.WinNTFileSystem, trace=300000)
	super		50000062
	static driveDirCache	50001ced
	constant pool entry 310	5000010a
	constant pool entry 153	50000064
	constant pool entry 152	5000002f
	constant pool entry 151	50000102
	constant pool entry 150	5000017a
	constant pool entry 149	50000134
	constant pool entry 148	50000135
	constant pool entry 147	50000181
	constant pool entry 143	50000061
	constant pool entry 141	50000062
	constant pool entry 140	5000012e
	constant pool entry 139	50000060
	constant pool entry 9	50001cec
	constant pool entry 8	50001ceb
	constant pool entry 7	50001cea
CLS 50000063 (name=java.io.DefaultFileSystem, trace=300000)
	super		50000185
	constant pool entry 9	50000061
CLS 50000064 (name=sun.security.action.GetPropertyAction, trace=300000)
	super		50000185
	constant pool entry 30	50000064
	constant pool entry 27	5000017a
	constant pool entry 25	50000185
CLS 50000079 (name=java.io.Writer, trace=300000)
	super		50000185
	constant pool entry 50	50000181
	constant pool entry 49	50000185
	constant pool entry 45	50000079
CLS 50000065 (name=java.io.BufferedWriter, trace=300000)
	super		50000079
	constant pool entry 117	5000010a
	constant pool entry 64	50000064
	constant pool entry 63	50000102
	constant pool entry 60	50000181
	constant pool entry 56	50000079
	constant pool entry 54	50000065
	constant pool entry 3	5000177b
CLS 50000068 (name=java.nio.charset.CoderResult$Cache, trace=300000)
	super		50000185
	constant pool entry 33	50000068
	constant pool entry 29	50000185
CLS 50000066 (name=java.nio.charset.CoderResult$2, trace=300000)
	super		50000068
	constant pool entry 14	50000068
CLS 50000067 (name=java.nio.charset.CoderResult$1, trace=300000)
	super		50000068
	constant pool entry 12	50000068
CLS 50000069 (name=java.nio.charset.CoderResult, trace=300000)
	super		50000185
	static names	500022f3
	static UNDERFLOW	500022f2
	static OVERFLOW	500022f1
	static malformedCache	500022f0
	static unmappableCache	500022ef
	constant pool entry 137	5000010a
	constant pool entry 82	50000066
	constant pool entry 81	50000067
	constant pool entry 75	50000181
	constant pool entry 74	50000185
	constant pool entry 73	5000017d
	constant pool entry 7	50000069
	constant pool entry 4	500022ee
	constant pool entry 3	500022ed
	constant pool entry 2	500022ec
	constant pool entry 1	500022eb
CLS 50000125 (name=java.nio.Buffer, trace=300000)
	super		50000185
	constant pool entry 64	50000125
	constant pool entry 62	50000185
CLS 5000006b (name=java.nio.CharBuffer, trace=300000)
	super		50000125
	constant pool entry 114	5000006a
	constant pool entry 112	5000006b
	constant pool entry 109	50000125
CLS 5000006a (name=java.nio.HeapCharBuffer, trace=300000)
	super		5000006b
	constant pool entry 136	5000010a
	constant pool entry 65	5000006b
CLS 5000006c (name=java.lang.Readable, trace=300000)
CLS 5000006d (name=java.nio.Bits$1, trace=300000)
	super		50000185
	constant pool entry 18	50000185
CLS 5000006e (name=sun.misc.JavaNioAccess, trace=300000)
CLS 50000122 (name=java.lang.Number, trace=300000)
	super		50000185
	constant pool entry 26	50000185
CLS 5000006f (name=java.util.concurrent.atomic.AtomicLong, trace=300000)
	super		50000122
	static unsafe	500017bd
	constant pool entry 79	50000133
	constant pool entry 76	50000122
	constant pool entry 72	5000017d
	constant pool entry 2	5000006f
	constant pool entry 1	5000191a
CLS 50000070 (name=java.nio.ByteOrder, trace=300000)
	super		50000185
	static BIG_ENDIAN	50001eb8
	static LITTLE_ENDIAN	50001eb7
	constant pool entry 21	50000070
	constant pool entry 20	50000071
	constant pool entry 19	50000185
	constant pool entry 2	50001eb6
	constant pool entry 1	50001eb5
CLS 50000071 (name=java.nio.Bits, trace=300000)
	super		50000185
	static unsafe	500017bd
	static byteOrder	50001eb7
	static reservedMemory	50001ec1
	static totalCapacity	50001ec0
	static count	50001ebf
	constant pool entry 273	50000064
	constant pool entry 272	500000d4
	constant pool entry 271	50000133
	constant pool entry 270	500000df
	constant pool entry 268	5000006f
	constant pool entry 267	50000102
	constant pool entry 266	50000070
	constant pool entry 264	5000006d
	constant pool entry 260	50000181
	constant pool entry 250	5000017d
	constant pool entry 10	50000071
	constant pool entry 8	50001ebe
	constant pool entry 5	50001ebd
	constant pool entry 4	50001ebc
	constant pool entry 3	50001ebb
CLS 50000073 (name=java.nio.ByteBuffer, trace=300000)
	super		50000125
	constant pool entry 138	50000072
	constant pool entry 136	50000070
	constant pool entry 135	50000073
	constant pool entry 132	50000125
	constant pool entry 131	50000071
CLS 50000072 (name=java.nio.HeapByteBuffer, trace=300000)
	super		50000073
	constant pool entry 257	5000010a
	constant pool entry 120	50000072
	constant pool entry 104	50000073
	constant pool entry 100	5000017a
CLS 50000075 (name=java.nio.charset.CharsetEncoder, trace=300000)
	super		50000185
	static stateNames	500022dd
	constant pool entry 355	5000010a
	constant pool entry 164	500000b5
	constant pool entry 163	50000095
	constant pool entry 162	50000069
	constant pool entry 160	50000097
	constant pool entry 159	500000cf
	constant pool entry 157	5000006b
	constant pool entry 156	50000073
	constant pool entry 153	50000164
	constant pool entry 150	50000181
	constant pool entry 149	50000185
	constant pool entry 146	5000017d
	constant pool entry 16	50000075
	constant pool entry 13	500022dc
	constant pool entry 7	500022db
	constant pool entry 4	500022da
	constant pool entry 3	500022d9
	constant pool entry 2	500021b2
CLS 50000074 (name=sun.nio.cs.ext.DoubleByte$Encoder, trace=300000)
	super		50000075
	constant pool entry 190	5000010a
	constant pool entry 87	50000074
	constant pool entry 82	500000b5
	constant pool entry 81	50000069
	constant pool entry 80	50000075
	constant pool entry 79	5000006b
	constant pool entry 78	50000073
	constant pool entry 76	50000181
	constant pool entry 72	5000018c
CLS 50000076 (name=sun.nio.cs.ArrayEncoder, trace=300000)
CLS 50000077 (name=sun.nio.cs.StreamEncoder, trace=300000)
	super		50000079
	constant pool entry 119	50000095
	constant pool entry 118	50000069
	constant pool entry 117	50000075
	constant pool entry 116	500000cf
	constant pool entry 114	5000006b
	constant pool entry 113	50000073
	constant pool entry 108	5000017d
	constant pool entry 106	50000079
	constant pool entry 104	50000086
	constant pool entry 2	50000077
CLS 50000078 (name=java.io.OutputStreamWriter, trace=300000)
	super		50000079
	constant pool entry 45	50000077
	constant pool entry 39	50000079
	constant pool entry 37	50000078
CLS 500000cf (name=java.nio.charset.Charset, trace=300000)
	super		50000185
	static bugLevel	5000177a
	static standardProvider	500021b7
	static cache1	50000c5b
	static cache2	50000bbf
	static gate	500021b6
	static defaultCharset	500021b5
	constant pool entry 316	5000010a
	constant pool entry 157	50000064
	constant pool entry 155	500000cc
	constant pool entry 154	500000d4
	constant pool entry 148	50000102
	constant pool entry 147	500000ce
	constant pool entry 141	500000b4
	constant pool entry 134	500000c7
	constant pool entry 133	50000181
	constant pool entry 132	50000185
	constant pool entry 9	500000cf
	constant pool entry 7	500021b4
	constant pool entry 6	500021b3
	constant pool entry 2	500021b2
	constant pool entry 1	5000177a
CLS 5000007a (name=sun.nio.cs.ext.MS936, trace=300000)
	super		500000cf
	static b2cSBStr	50002dfa
	static b2cStr	50002e01
	static b2c	50002e00
	static b2cSB	50002dff
	static c2b	50002dfe
	static c2bIndex	50002dfd
	constant pool entry 364	5000010a
	constant pool entry 309	5000007a
	constant pool entry 308	500000b1
	constant pool entry 307	50000074
	constant pool entry 306	50000096
	constant pool entry 305	5000009a
	constant pool entry 303	500000cf
	constant pool entry 301	50000181
	constant pool entry 299	5000018c
	constant pool entry 130	5000238d
	constant pool entry 129	5000238c
	constant pool entry 128	5000238b
	constant pool entry 127	5000238a
	constant pool entry 126	50002389
	constant pool entry 125	50002388
	constant pool entry 124	50002dfc
	constant pool entry 123	50002386
	constant pool entry 122	50002385
	constant pool entry 121	50002384
	constant pool entry 120	50002383
	constant pool entry 119	50002382
	constant pool entry 118	50002381
	constant pool entry 117	50002380
	constant pool entry 116	5000237f
	constant pool entry 115	5000237e
	constant pool entry 114	5000237d
	constant pool entry 113	5000237c
	constant pool entry 112	5000237b
	constant pool entry 111	5000237a
	constant pool entry 110	50002379
	constant pool entry 109	50002378
	constant pool entry 108	50002377
	constant pool entry 107	50002376
	constant pool entry 106	50002375
	constant pool entry 105	50002374
	constant pool entry 104	50002373
	constant pool entry 103	50002372
	constant pool entry 102	50002371
	constant pool entry 101	50002370
	constant pool entry 100	5000236f
	constant pool entry 99	5000236e
	constant pool entry 98	5000236d
	constant pool entry 97	5000236c
	constant pool entry 96	5000236b
	constant pool entry 95	5000236a
	constant pool entry 94	50002369
	constant pool entry 93	50002368
	constant pool entry 92	50002367
	constant pool entry 91	50002366
	constant pool entry 90	50002365
	constant pool entry 89	50002364
	constant pool entry 88	50002363
	constant pool entry 87	50002362
	constant pool entry 86	50002361
	constant pool entry 85	50002360
	constant pool entry 84	5000235f
	constant pool entry 83	5000235e
	constant pool entry 82	5000235d
	constant pool entry 81	5000235c
	constant pool entry 80	5000235b
	constant pool entry 79	5000235a
	constant pool entry 78	50002359
	constant pool entry 77	50002358
	constant pool entry 76	50002357
	constant pool entry 75	50002356
	constant pool entry 74	50002355
	constant pool entry 73	50002354
	constant pool entry 72	50002353
	constant pool entry 71	50002352
	constant pool entry 70	50002351
	constant pool entry 69	50002350
	constant pool entry 68	5000234f
	constant pool entry 67	5000234e
	constant pool entry 66	5000234d
	constant pool entry 65	5000234c
	constant pool entry 64	5000234b
	constant pool entry 63	5000234a
	constant pool entry 62	50002349
	constant pool entry 61	50002348
	constant pool entry 60	50002347
	constant pool entry 59	50002346
	constant pool entry 58	50002345
	constant pool entry 57	50002344
	constant pool entry 56	50002343
	constant pool entry 55	50002342
	constant pool entry 54	50002341
	constant pool entry 53	50002340
	constant pool entry 52	5000233f
	constant pool entry 51	5000233e
	constant pool entry 50	5000233d
	constant pool entry 49	5000233c
	constant pool entry 48	5000233b
	constant pool entry 47	5000233a
	constant pool entry 46	50002339
	constant pool entry 45	50002338
	constant pool entry 44	50002337
	constant pool entry 43	50002336
	constant pool entry 42	50002335
	constant pool entry 41	50002334
	constant pool entry 40	50002333
	constant pool entry 39	50002332
	constant pool entry 38	50002331
	constant pool entry 37	50002330
	constant pool entry 36	5000232f
	constant pool entry 35	5000232e
	constant pool entry 34	5000232d
	constant pool entry 33	5000232c
	constant pool entry 32	5000232b
	constant pool entry 31	5000232a
	constant pool entry 30	50002329
	constant pool entry 29	50002328
	constant pool entry 28	50002327
	constant pool entry 27	50002326
	constant pool entry 26	50002325
	constant pool entry 25	50002324
	constant pool entry 24	50002323
	constant pool entry 23	50002322
	constant pool entry 22	50002321
	constant pool entry 21	50002320
	constant pool entry 20	5000231f
	constant pool entry 19	5000231e
	constant pool entry 18	5000231d
	constant pool entry 17	5000231c
	constant pool entry 16	5000231b
	constant pool entry 15	5000231a
	constant pool entry 14	50002319
	constant pool entry 13	50002318
	constant pool entry 12	50002317
	constant pool entry 11	50002316
	constant pool entry 10	50002315
	constant pool entry 9	50002314
	constant pool entry 8	50002313
	constant pool entry 7	50002312
	constant pool entry 6	50002311
	constant pool entry 5	50002dfb
	constant pool entry 4	5000257f
	constant pool entry 1	50002dfa
CLS 50000086 (name=java.io.OutputStream, trace=300000)
	super		50000185
	constant pool entry 25	50000185
CLS 5000007d (name=java.io.FilterOutputStream, trace=300000)
	super		50000086
	constant pool entry 22	50000086
	constant pool entry 20	5000007d
CLS 5000007b (name=java.io.BufferedOutputStream, trace=300000)
	super		5000007d
	constant pool entry 57	5000010a
	constant pool entry 31	5000017a
	constant pool entry 29	50000086
	constant pool entry 27	5000007d
	constant pool entry 26	5000007b
CLS 5000007c (name=java.io.PrintStream, trace=300000)
	super		5000007d
	constant pool entry 113	500000cf
	constant pool entry 110	50000181
	constant pool entry 103	5000007c
	constant pool entry 102	50000078
	constant pool entry 101	50000086
	constant pool entry 98	5000007d
	constant pool entry 94	50000065
	constant pool entry 3	50001792
	constant pool entry 1	5000352c
CLS 5000007e (name=sun.reflect.misc.ReflectUtil, trace=300000)
	super		50000185
	static PROXY_PACKAGE	50001e99
	constant pool entry 115	500000da
	constant pool entry 113	500000b8
CLS 5000007f (name=java.util.concurrent.atomic.AtomicReferenceFieldUpdater$AtomicReferenceFieldUpdaterImpl$1, trace=300000)
	super		50000185
	constant pool entry 31	5000007f
	constant pool entry 27	50000185
	constant pool entry 24	5000017d
CLS 50000080 (name=java.security.PrivilegedExceptionAction, trace=300000)
CLS 50000082 (name=java.util.concurrent.atomic.AtomicReferenceFieldUpdater, trace=300000)
	super		50000185
	constant pool entry 38	500000da
	constant pool entry 35	50000081
	constant pool entry 33	50000185
CLS 50000081 (name=java.util.concurrent.atomic.AtomicReferenceFieldUpdater$AtomicReferenceFieldUpdaterImpl, trace=300000)
	super		50000082
	static U	500017bd
	constant pool entry 123	5000007e
	constant pool entry 122	50000133
	constant pool entry 121	5000007f
	constant pool entry 120	50000081
	constant pool entry 119	50000082
	constant pool entry 118	50000091
	constant pool entry 116	50000102
	constant pool entry 115	500000b8
	constant pool entry 114	50000154
	constant pool entry 112	50000181
	constant pool entry 104	5000017d
CLS 50000130 (name=java.io.InputStream, trace=300000)
	super		50000185
	constant pool entry 45	50000185
CLS 50000084 (name=java.io.FilterInputStream, trace=300000)
	super		50000130
	constant pool entry 24	50000130
	constant pool entry 22	50000084
CLS 50000083 (name=java.io.BufferedInputStream, trace=300000)
	super		50000084
	static bufUpdater	50001e98
	constant pool entry 130	5000010a
	constant pool entry 69	50000082
	constant pool entry 68	5000017a
	constant pool entry 64	50000130
	constant pool entry 62	50000084
	constant pool entry 9	50000083
	constant pool entry 8	50000189
	constant pool entry 7	50001e97
	constant pool entry 6	50001773
CLS 50000085 (name=java.io.FileOutputStream, trace=300000)
	super		50000086
	constant pool entry 74	5000017a
	constant pool entry 71	50000185
	constant pool entry 69	50000086
	constant pool entry 67	50000243
	constant pool entry 66	50000085
	constant pool entry 64	5000008a
	constant pool entry 63	5000012e
CLS 50000087 (name=java.io.Flushable, trace=300000)
CLS 50000088 (name=java.io.FileDescriptor$1, trace=300000)
	super		50000185
	constant pool entry 20	50000185
CLS 50000089 (name=sun.misc.JavaIOFileDescriptorAccess, trace=300000)
CLS 5000008a (name=java.io.FileDescriptor, trace=300000)
	super		50000185
	static in	50001787
	static out	50001789
	static err	50001788
	constant pool entry 66	500000df
	constant pool entry 61	50000185
	constant pool entry 58	50000088
	constant pool entry 57	5000008a
	constant pool entry 56	50000131
CLS 5000008b (name=java.io.FileInputStream, trace=300000)
	super		50000130
	constant pool entry 74	5000017a
	constant pool entry 71	50000185
	constant pool entry 69	50000130
	constant pool entry 66	50000013
	constant pool entry 65	5000008b
	constant pool entry 64	5000008a
	constant pool entry 63	5000012e
CLS 5000008c (name=sun.misc.Version, trace=300000)
	super		50000185
	static launcher_name	5000357f
	static java_version	50001c29
	static java_runtime_name	50003564
	static java_profile_name	5000177a
	static java_runtime_version	5000356f
	constant pool entry 143	5000008c
	constant pool entry 142	5000017a
	constant pool entry 17	50001c24
	constant pool entry 16	50003570
	constant pool entry 15	50003565
	constant pool entry 11	50003564
	constant pool entry 9	5000356f
	constant pool entry 8	50001c29
CLS 5000008d (name=java.lang.Runtime, trace=300000)
	super		50000185
	static currentRuntime	500018e5
	constant pool entry 105	5000017a
	constant pool entry 103	50000181
	constant pool entry 98	5000008d
	constant pool entry 96	50000185
	constant pool entry 94	5000017b
	constant pool entry 91	5000012e
CLS 5000008e (name=java.util.Hashtable$Enumerator, trace=300000)
	super		50000185
	constant pool entry 59	5000008e
	constant pool entry 58	500000d3
	constant pool entry 57	50000158
	constant pool entry 52	50000185
CLS 5000008f (name=java.util.Iterator, trace=300000)
CLS 50000090 (name=java.util.Enumeration, trace=300000)
CLS 50000091 (name=java.util.Objects, trace=300000)
	super		50000185
	constant pool entry 37	50000185
CLS 50000093 (name=java.util.Collections$SynchronizedCollection, trace=300000)
	super		50000185
	constant pool entry 65	50000091
	constant pool entry 64	50000093
	constant pool entry 62	500000fb
	constant pool entry 60	50000185
CLS 50000092 (name=java.util.Collections$SynchronizedSet, trace=300000)
	super		50000093
	constant pool entry 29	50000093
CLS 50000094 (name=java.util.Hashtable$EntrySet, trace=300000)
	super		500000ed
	constant pool entry 47	50000094
	constant pool entry 44	50000158
	constant pool entry 43	500000ed
CLS 50000095 (name=java.nio.charset.CodingErrorAction, trace=300000)
	super		50000185
	static IGNORE	500022e7
	static REPLACE	500022e6
	static REPORT	500022e5
	constant pool entry 19	50000095
	constant pool entry 18	50000185
	constant pool entry 3	500022e4
	constant pool entry 2	500022e3
	constant pool entry 1	500022e2
CLS 50000097 (name=java.nio.charset.CharsetDecoder, trace=300000)
	super		50000185
	static stateNames	500022f9
	constant pool entry 273	5000010a
	constant pool entry 140	50000095
	constant pool entry 139	50000069
	constant pool entry 137	500000cf
	constant pool entry 134	50000073
	constant pool entry 129	50000181
	constant pool entry 128	50000185
	constant pool entry 125	5000017d
	constant pool entry 16	50000097
	constant pool entry 15	500022f8
	constant pool entry 12	500022dc
	constant pool entry 7	500022db
	constant pool entry 4	500022da
	constant pool entry 3	500022d9
	constant pool entry 2	500021b2
CLS 50000096 (name=sun.nio.cs.ext.DoubleByte$Decoder, trace=300000)
	super		50000097
	constant pool entry 68	50000096
	constant pool entry 64	50000069
	constant pool entry 63	50000097
	constant pool entry 62	5000006b
	constant pool entry 61	50000073
	constant pool entry 59	50000181
CLS 50000098 (name=sun.nio.cs.ArrayDecoder, trace=300000)
CLS 50000099 (name=sun.nio.cs.ext.DelegatableDecoder, trace=300000)
CLS 5000009a (name=sun.nio.cs.ext.DoubleByte, trace=300000)
	super		50000185
	static B2C_UNMAPPABLE	50002412
	constant pool entry 48	5000010a
	constant pool entry 22	5000009a
	constant pool entry 21	500000b5
CLS 5000009b (name=java.lang.StringCoding$StringDecoder, trace=300000)
	super		50000185
	constant pool entry 143	5000010a
	constant pool entry 72	500000a5
	constant pool entry 71	50000098
	constant pool entry 70	50000095
	constant pool entry 68	50000097
	constant pool entry 67	500000cf
	constant pool entry 63	5000009b
	constant pool entry 61	500000a1
	constant pool entry 59	50000185
	constant pool entry 57	5000017d
CLS 5000009c (name=java.lang.ThreadLocal$ThreadLocalMap$Entry[], trace=300000)
	super		50000185
CLS 5000009d (name=java.lang.ref.WeakReference[], trace=300000)
	super		50000185
CLS 5000009e (name=java.lang.ref.Reference[], trace=300000)
	super		50000185
CLS 5000009f (name=java.lang.ThreadLocal$ThreadLocalMap$Entry, trace=300000)
	super		50000164
	constant pool entry 15	50000164
	constant pool entry 14	5000009f
CLS 500000a0 (name=java.lang.ThreadLocal$ThreadLocalMap, trace=300000)
	super		50000185
	constant pool entry 121	5000010a
	constant pool entry 54	5000009f
	constant pool entry 53	500000a0
	constant pool entry 51	500000c7
	constant pool entry 50	50000185
CLS 500000a1 (name=java.lang.StringCoding, trace=300000)
	super		50000185
	static decoder	50003512
	static encoder	50003511
	constant pool entry 134	500000b5
	constant pool entry 127	500000cf
	constant pool entry 123	50000165
	constant pool entry 122	500000c7
	constant pool entry 120	50000059
	constant pool entry 119	5000009b
	constant pool entry 117	500000a1
	constant pool entry 115	50000181
CLS 500000a2 (name=char[][], trace=300000)
	super		50000185
CLS 500000a3 (name=java.lang.Cloneable[], trace=300000)
	super		50000185
CLS 500000a4 (name=sun.nio.cs.ext.GBK, trace=300000)
	super		500000cf
	static b2cSBStr	5000230f
	static b2cStr	50002392
	static b2c	50002391
	static b2cSB	50002390
	static c2b	5000238f
	static c2bIndex	5000238e
	constant pool entry 362	5000010a
	constant pool entry 307	500000a4
	constant pool entry 306	500000b1
	constant pool entry 305	50000074
	constant pool entry 304	50000096
	constant pool entry 303	5000009a
	constant pool entry 301	500000cf
	constant pool entry 299	50000181
	constant pool entry 297	5000018c
	constant pool entry 129	5000238d
	constant pool entry 128	5000238c
	constant pool entry 127	5000238b
	constant pool entry 126	5000238a
	constant pool entry 125	50002389
	constant pool entry 124	50002388
	constant pool entry 123	50002387
	constant pool entry 122	50002386
	constant pool entry 121	50002385
	constant pool entry 120	50002384
	constant pool entry 119	50002383
	constant pool entry 118	50002382
	constant pool entry 117	50002381
	constant pool entry 116	50002380
	constant pool entry 115	5000237f
	constant pool entry 114	5000237e
	constant pool entry 113	5000237d
	constant pool entry 112	5000237c
	constant pool entry 111	5000237b
	constant pool entry 110	5000237a
	constant pool entry 109	50002379
	constant pool entry 108	50002378
	constant pool entry 107	50002377
	constant pool entry 106	50002376
	constant pool entry 105	50002375
	constant pool entry 104	50002374
	constant pool entry 103	50002373
	constant pool entry 102	50002372
	constant pool entry 101	50002371
	constant pool entry 100	50002370
	constant pool entry 99	5000236f
	constant pool entry 98	5000236e
	constant pool entry 97	5000236d
	constant pool entry 96	5000236c
	constant pool entry 95	5000236b
	constant pool entry 94	5000236a
	constant pool entry 93	50002369
	constant pool entry 92	50002368
	constant pool entry 91	50002367
	constant pool entry 90	50002366
	constant pool entry 89	50002365
	constant pool entry 88	50002364
	constant pool entry 87	50002363
	constant pool entry 86	50002362
	constant pool entry 85	50002361
	constant pool entry 84	50002360
	constant pool entry 83	5000235f
	constant pool entry 82	5000235e
	constant pool entry 81	5000235d
	constant pool entry 80	5000235c
	constant pool entry 79	5000235b
	constant pool entry 78	5000235a
	constant pool entry 77	50002359
	constant pool entry 76	50002358
	constant pool entry 75	50002357
	constant pool entry 74	50002356
	constant pool entry 73	50002355
	constant pool entry 72	50002354
	constant pool entry 71	50002353
	constant pool entry 70	50002352
	constant pool entry 69	50002351
	constant pool entry 68	50002350
	constant pool entry 67	5000234f
	constant pool entry 66	5000234e
	constant pool entry 65	5000234d
	constant pool entry 64	5000234c
	constant pool entry 63	5000234b
	constant pool entry 62	5000234a
	constant pool entry 61	50002349
	constant pool entry 60	50002348
	constant pool entry 59	50002347
	constant pool entry 58	50002346
	constant pool entry 57	50002345
	constant pool entry 56	50002344
	constant pool entry 55	50002343
	constant pool entry 54	50002342
	constant pool entry 53	50002341
	constant pool entry 52	50002340
	constant pool entry 51	5000233f
	constant pool entry 50	5000233e
	constant pool entry 49	5000233d
	constant pool entry 48	5000233c
	constant pool entry 47	5000233b
	constant pool entry 46	5000233a
	constant pool entry 45	50002339
	constant pool entry 44	50002338
	constant pool entry 43	50002337
	constant pool entry 42	50002336
	constant pool entry 41	50002335
	constant pool entry 40	50002334
	constant pool entry 39	50002333
	constant pool entry 38	50002332
	constant pool entry 37	50002331
	constant pool entry 36	50002330
	constant pool entry 35	5000232f
	constant pool entry 34	5000232e
	constant pool entry 33	5000232d
	constant pool entry 32	5000232c
	constant pool entry 31	5000232b
	constant pool entry 30	5000232a
	constant pool entry 29	50002329
	constant pool entry 28	50002328
	constant pool entry 27	50002327
	constant pool entry 26	50002326
	constant pool entry 25	50002325
	constant pool entry 24	50002324
	constant pool entry 23	50002323
	constant pool entry 22	50002322
	constant pool entry 21	50002321
	constant pool entry 20	50002320
	constant pool entry 19	5000231f
	constant pool entry 18	5000231e
	constant pool entry 17	5000231d
	constant pool entry 16	5000231c
	constant pool entry 15	5000231b
	constant pool entry 14	5000231a
	constant pool entry 13	50002319
	constant pool entry 12	50002318
	constant pool entry 11	50002317
	constant pool entry 10	50002316
	constant pool entry 9	50002315
	constant pool entry 8	50002314
	constant pool entry 7	50002313
	constant pool entry 6	50002312
	constant pool entry 5	50002311
	constant pool entry 4	50002310
	constant pool entry 2	50002309
	constant pool entry 1	5000230f
CLS 500000a5 (name=sun.nio.cs.HistoricallyNamedCharset, trace=300000)
CLS 500000a6 (name=java.util.TreeMap$Entry, trace=300000)
	super		50000185
	constant pool entry 47	500000a6
	constant pool entry 42	50000185
CLS 500000a7 (name=sun.misc.ASCIICaseInsensitiveComparator, trace=300000)
	super		50000185
	static CASE_INSENSITIVE_ORDER	5000277d
	constant pool entry 36	50000181
	constant pool entry 35	50000185
	constant pool entry 34	5000017d
	constant pool entry 1	500000a7
CLS 500000a8 (name=java.util.TreeMap, trace=300000)
	super		500000ea
	static UNBOUNDED	500028ea
	constant pool entry 218	500000a6
	constant pool entry 213	500000a8
	constant pool entry 201	5000010c
	constant pool entry 198	500000ea
	constant pool entry 197	50000185
CLS 500000a9 (name=java.util.NavigableMap, trace=300000)
CLS 500000aa (name=java.util.SortedMap, trace=300000)
CLS 5000014f (name=sun.reflect.MagicAccessorImpl, trace=300000)
	super		50000185
	constant pool entry 6	50000185
CLS 5000014b (name=sun.reflect.ConstructorAccessorImpl, trace=300000)
	super		5000014f
	constant pool entry 18	5000014f
CLS 500000ab (name=sun.reflect.DelegatingConstructorAccessorImpl, trace=300000)
	super		5000014b
	constant pool entry 18	500000ab
	constant pool entry 17	5000014b
CLS 500000ac (name=sun.reflect.NativeConstructorAccessorImpl, trace=300000)
	super		5000014b
	constant pool entry 42	500000f4
	constant pool entry 41	500000ac
	constant pool entry 38	5000014b
CLS 500000ad (name=sun.reflect.ReflectionFactory$1, trace=300000)
	super		50000185
	constant pool entry 49	500000ad
	constant pool entry 48	500000f4
	constant pool entry 46	5000017a
	constant pool entry 43	50000185
	constant pool entry 3	500017a5
	constant pool entry 2	500017a4
CLS 500000ae (name=java.lang.Class$1, trace=300000)
	super		50000185
	constant pool entry 23	50000150
	constant pool entry 22	50000185
	constant pool entry 21	500000ae
CLS 500000af (name=java.lang.reflect.Constructor[], trace=300000)
	super		50000185
CLS 500000b0 (name=java.lang.reflect.Executable[], trace=300000)
	super		50000185
CLS 500000ce (name=java.nio.charset.spi.CharsetProvider, trace=300000)
	super		50000185
	constant pool entry 21	5000017a
	constant pool entry 18	50000185
CLS 500000b2 (name=sun.nio.cs.AbstractCharsetProvider, trace=300000)
	super		500000ce
	constant pool entry 86	500000a7
	constant pool entry 85	500000a8
	constant pool entry 84	5000015a
	constant pool entry 82	500000ce
	constant pool entry 81	500000cf
	constant pool entry 80	50000165
	constant pool entry 78	50000134
	constant pool entry 77	50000181
	constant pool entry 76	50000185
	constant pool entry 72	5000017d
	constant pool entry 70	500000db
	constant pool entry 3	500000b2
	constant pool entry 1	50001798
CLS 500000b1 (name=sun.nio.cs.ext.ExtendedCharsets, trace=300000)
	super		500000b2
	static instance	50002777
	constant pool entry 1580	5000010a
	constant pool entry 1542	50000064
	constant pool entry 1541	500000b1
	constant pool entry 1540	500000b2
	constant pool entry 1539	500000d4
	constant pool entry 1538	50000102
	constant pool entry 1537	50000181
	constant pool entry 1530	50002776
	constant pool entry 1529	50002775
	constant pool entry 1528	50002774
	constant pool entry 1527	50002773
	constant pool entry 1526	50002772
	constant pool entry 1525	50002771
	constant pool entry 1524	50002770
	constant pool entry 1523	5000276f
	constant pool entry 1522	5000276e
	constant pool entry 1521	5000276d
	constant pool entry 1520	5000276c
	constant pool entry 1519	5000276b
	constant pool entry 1518	5000276a
	constant pool entry 1517	50002769
	constant pool entry 1516	50002768
	constant pool entry 1515	50002767
	constant pool entry 1514	50002766
	constant pool entry 1513	50002765
	constant pool entry 1512	50002764
	constant pool entry 1511	50002763
	constant pool entry 1510	50002762
	constant pool entry 1509	50002761
	constant pool entry 1508	50002760
	constant pool entry 1507	5000275f
	constant pool entry 1506	5000275e
	constant pool entry 1505	5000275d
	constant pool entry 1504	5000275c
	constant pool entry 1503	5000275b
	constant pool entry 1502	5000275a
	constant pool entry 1501	50002759
	constant pool entry 1500	50002758
	constant pool entry 1499	50002757
	constant pool entry 1498	50002756
	constant pool entry 1497	50002755
	constant pool entry 1496	50002754
	constant pool entry 1495	50002753
	constant pool entry 1494	50002752
	constant pool entry 1493	50002751
	constant pool entry 1492	50002750
	constant pool entry 1491	5000274f
	constant pool entry 1490	5000274e
	constant pool entry 1489	5000274d
	constant pool entry 1488	5000274c
	constant pool entry 1487	5000274b
	constant pool entry 1486	5000274a
	constant pool entry 1485	50002749
	constant pool entry 1484	50002748
	constant pool entry 1483	50002747
	constant pool entry 1482	50002746
	constant pool entry 1480	50002745
	constant pool entry 1479	50002744
	constant pool entry 1477	50002743
	constant pool entry 1476	50002742
	constant pool entry 1475	50002741
	constant pool entry 1474	50002740
	constant pool entry 1473	5000273f
	constant pool entry 1472	5000273e
	constant pool entry 1471	5000273d
	constant pool entry 1470	5000273c
	constant pool entry 1469	5000273b
	constant pool entry 1468	5000273a
	constant pool entry 1467	50002739
	constant pool entry 1466	50002738
	constant pool entry 1465	50002737
	constant pool entry 1464	50002736
	constant pool entry 1463	50002735
	constant pool entry 1462	50002734
	constant pool entry 1461	50002733
	constant pool entry 1460	50002732
	constant pool entry 1459	50002731
	constant pool entry 1458	50002730
	constant pool entry 1457	5000272f
	constant pool entry 1456	5000272e
	constant pool entry 1455	5000272d
	constant pool entry 1454	5000272c
	constant pool entry 1453	5000272b
	constant pool entry 1452	5000272a
	constant pool entry 1451	50002729
	constant pool entry 1450	50002728
	constant pool entry 1449	50002727
	constant pool entry 1448	50002726
	constant pool entry 1447	50002725
	constant pool entry 1446	50002724
	constant pool entry 1445	50002723
	constant pool entry 1444	50002722
	constant pool entry 1443	50002721
	constant pool entry 1442	50002720
	constant pool entry 1441	5000271f
	constant pool entry 1440	5000271e
	constant pool entry 1439	5000271d
	constant pool entry 1438	5000271c
	constant pool entry 1437	5000271b
	constant pool entry 1436	5000271a
	constant pool entry 1435	50002719
	constant pool entry 1434	50002718
	constant pool entry 1433	50002717
	constant pool entry 1432	50002716
	constant pool entry 1431	50002715
	constant pool entry 1430	50002714
	constant pool entry 1429	50002713
	constant pool entry 1428	50002712
	constant pool entry 1427	50002711
	constant pool entry 1426	50002710
	constant pool entry 1425	5000270f
	constant pool entry 1424	5000270e
	constant pool entry 1423	5000270d
	constant pool entry 1422	5000270c
	constant pool entry 1421	5000270b
	constant pool entry 1420	5000270a
	constant pool entry 1419	50002709
	constant pool entry 1418	50002708
	constant pool entry 1417	50002707
	constant pool entry 1416	50002706
	constant pool entry 1415	50002705
	constant pool entry 1414	50002704
	constant pool entry 1413	50002703
	constant pool entry 1412	50002702
	constant pool entry 1411	50002701
	constant pool entry 1410	50002700
	constant pool entry 1409	500026ff
	constant pool entry 1408	500026fe
	constant pool entry 1407	500026fd
	constant pool entry 1406	500026fc
	constant pool entry 1405	500026fb
	constant pool entry 1404	500026fa
	constant pool entry 1403	500026f9
	constant pool entry 1402	500026f8
	constant pool entry 1401	500026f7
	constant pool entry 1400	500026f6
	constant pool entry 1399	500026f5
	constant pool entry 1398	500026f4
	constant pool entry 1397	500026f3
	constant pool entry 1396	500026f2
	constant pool entry 1395	500026f1
	constant pool entry 1394	500026f0
	constant pool entry 1393	500026ef
	constant pool entry 1392	500026ee
	constant pool entry 1391	500026ed
	constant pool entry 1390	500026ec
	constant pool entry 1389	500026eb
	constant pool entry 1388	500026ea
	constant pool entry 1387	500026e9
	constant pool entry 1386	500026e8
	constant pool entry 1385	500026e7
	constant pool entry 1384	500026e6
	constant pool entry 1383	500026e5
	constant pool entry 1382	500026e4
	constant pool entry 1381	500026e3
	constant pool entry 1380	500026e2
	constant pool entry 1379	500026e1
	constant pool entry 1378	500026e0
	constant pool entry 1377	500026df
	constant pool entry 1376	500026de
	constant pool entry 1375	500026dd
	constant pool entry 1374	500026dc
	constant pool entry 1373	500026db
	constant pool entry 1372	500026da
	constant pool entry 1371	500026d9
	constant pool entry 1370	500026d8
	constant pool entry 1369	500026d7
	constant pool entry 1368	500026d6
	constant pool entry 1367	500026d5
	constant pool entry 1366	500026d4
	constant pool entry 1365	500026d3
	constant pool entry 1364	500026d2
	constant pool entry 1363	500026d1
	constant pool entry 1362	500026d0
	constant pool entry 1361	500026cf
	constant pool entry 1360	500026ce
	constant pool entry 1359	500026cd
	constant pool entry 1358	500026cc
	constant pool entry 1357	500026cb
	constant pool entry 1356	500026ca
	constant pool entry 1355	500026c9
	constant pool entry 1354	500026c8
	constant pool entry 1353	500026c7
	constant pool entry 1352	500026c6
	constant pool entry 1351	500026c5
	constant pool entry 1350	500026c4
	constant pool entry 1349	500026c3
	constant pool entry 1348	500026c2
	constant pool entry 1347	500026c1
	constant pool entry 1346	500026c0
	constant pool entry 1345	500026bf
	constant pool entry 1344	500026be
	constant pool entry 1343	500026bd
	constant pool entry 1342	500026bc
	constant pool entry 1341	500026bb
	constant pool entry 1340	500026ba
	constant pool entry 1339	500026b9
	constant pool entry 1338	500026b8
	constant pool entry 1337	500026b7
	constant pool entry 1336	500026b6
	constant pool entry 1335	500026b5
	constant pool entry 1334	500026b4
	constant pool entry 1333	500026b3
	constant pool entry 1332	500026b2
	constant pool entry 1331	500026b1
	constant pool entry 1330	500026b0
	constant pool entry 1329	500026af
	constant pool entry 1328	500026ae
	constant pool entry 1327	500026ad
	constant pool entry 1326	500026ac
	constant pool entry 1325	500026ab
	constant pool entry 1324	500026aa
	constant pool entry 1323	500026a9
	constant pool entry 1322	500026a8
	constant pool entry 1321	500026a7
	constant pool entry 1320	500026a6
	constant pool entry 1319	500026a5
	constant pool entry 1318	500026a4
	constant pool entry 1317	500026a3
	constant pool entry 1316	500026a2
	constant pool entry 1315	500026a1
	constant pool entry 1314	500026a0
	constant pool entry 1313	5000269f
	constant pool entry 1312	5000269e
	constant pool entry 1311	5000269d
	constant pool entry 1310	5000269c
	constant pool entry 1309	5000269b
	constant pool entry 1308	5000269a
	constant pool entry 1307	50002699
	constant pool entry 1306	50002698
	constant pool entry 1305	50002697
	constant pool entry 1304	50002696
	constant pool entry 1303	50002695
	constant pool entry 1302	50002694
	constant pool entry 1301	50002693
	constant pool entry 1300	50002692
	constant pool entry 1299	50002691
	constant pool entry 1298	50002690
	constant pool entry 1297	5000268f
	constant pool entry 1296	5000268e
	constant pool entry 1295	5000268d
	constant pool entry 1294	5000268c
	constant pool entry 1293	5000268b
	constant pool entry 1292	5000268a
	constant pool entry 1291	50002689
	constant pool entry 1290	50002688
	constant pool entry 1289	50002687
	constant pool entry 1288	50002686
	constant pool entry 1287	50002685
	constant pool entry 1286	50002684
	constant pool entry 1285	50002683
	constant pool entry 1284	50002682
	constant pool entry 1283	50002681
	constant pool entry 1282	50002680
	constant pool entry 1281	5000267f
	constant pool entry 1280	5000267e
	constant pool entry 1279	5000267d
	constant pool entry 1278	5000267c
	constant pool entry 1277	5000267b
	constant pool entry 1276	5000267a
	constant pool entry 1275	50002679
	constant pool entry 1274	50002678
	constant pool entry 1273	50002677
	constant pool entry 1272	50002676
	constant pool entry 1271	50002675
	constant pool entry 1270	50002674
	constant pool entry 1269	50002673
	constant pool entry 1268	50002672
	constant pool entry 1267	50002671
	constant pool entry 1266	50002670
	constant pool entry 1265	5000266f
	constant pool entry 1264	5000266e
	constant pool entry 1263	5000266d
	constant pool entry 1262	5000266c
	constant pool entry 1261	5000266b
	constant pool entry 1260	5000266a
	constant pool entry 1259	50002669
	constant pool entry 1258	50002668
	constant pool entry 1257	50002667
	constant pool entry 1256	50002666
	constant pool entry 1255	50002665
	constant pool entry 1254	50002664
	constant pool entry 1253	50002663
	constant pool entry 1252	50002662
	constant pool entry 1251	50002661
	constant pool entry 1250	50002660
	constant pool entry 1249	5000265f
	constant pool entry 1248	5000265e
	constant pool entry 1247	5000265d
	constant pool entry 1246	5000265c
	constant pool entry 1245	5000265b
	constant pool entry 1244	5000265a
	constant pool entry 1243	50002659
	constant pool entry 1242	50002658
	constant pool entry 1241	50002657
	constant pool entry 1240	50002656
	constant pool entry 1239	50002655
	constant pool entry 1238	50002654
	constant pool entry 1237	50002653
	constant pool entry 1236	50002652
	constant pool entry 1235	50002651
	constant pool entry 1234	50002650
	constant pool entry 1233	5000264f
	constant pool entry 1232	5000264e
	constant pool entry 1231	5000264d
	constant pool entry 1230	5000264c
	constant pool entry 1229	5000264b
	constant pool entry 1228	5000264a
	constant pool entry 1227	50002649
	constant pool entry 1226	50002648
	constant pool entry 1225	50002647
	constant pool entry 1224	50002646
	constant pool entry 1223	50002645
	constant pool entry 1222	50002644
	constant pool entry 1221	50002643
	constant pool entry 1220	50002642
	constant pool entry 1219	50002641
	constant pool entry 1218	50002640
	constant pool entry 1217	5000263f
	constant pool entry 1216	5000263e
	constant pool entry 1215	5000263d
	constant pool entry 1214	5000263c
	constant pool entry 1213	5000263b
	constant pool entry 1212	5000263a
	constant pool entry 1211	50002639
	constant pool entry 1210	50002638
	constant pool entry 1209	50002637
	constant pool entry 1208	50002636
	constant pool entry 1207	50002635
	constant pool entry 1206	50002634
	constant pool entry 1205	50002633
	constant pool entry 1203	50002632
	constant pool entry 1202	50002631
	constant pool entry 1201	50002630
	constant pool entry 1200	5000262f
	constant pool entry 1199	5000262e
	constant pool entry 1198	5000262d
	constant pool entry 1197	5000262c
	constant pool entry 1196	5000262b
	constant pool entry 1195	5000262a
	constant pool entry 1194	50002629
	constant pool entry 1193	50002628
	constant pool entry 1192	50002627
	constant pool entry 1191	50002626
	constant pool entry 1190	50002625
	constant pool entry 1189	50002624
	constant pool entry 1188	50002623
	constant pool entry 1187	50002622
	constant pool entry 1186	50002621
	constant pool entry 1185	50002620
	constant pool entry 1184	5000261f
	constant pool entry 1183	5000261e
	constant pool entry 1182	5000261d
	constant pool entry 1181	5000261c
	constant pool entry 1180	5000261b
	constant pool entry 1179	5000261a
	constant pool entry 1178	50002619
	constant pool entry 1177	50002618
	constant pool entry 1176	50002617
	constant pool entry 1175	50002616
	constant pool entry 1174	50002615
	constant pool entry 1173	50002614
	constant pool entry 1172	50002613
	constant pool entry 1171	50002612
	constant pool entry 1170	50002611
	constant pool entry 1169	50002610
	constant pool entry 1168	5000260f
	constant pool entry 1167	5000260e
	constant pool entry 1166	5000260d
	constant pool entry 1165	5000260c
	constant pool entry 1164	5000260b
	constant pool entry 1163	5000260a
	constant pool entry 1162	50002609
	constant pool entry 1161	50002608
	constant pool entry 1160	50002607
	constant pool entry 1159	50002606
	constant pool entry 1158	50002605
	constant pool entry 1157	50002604
	constant pool entry 1156	50002603
	constant pool entry 1155	50002602
	constant pool entry 1154	50002601
	constant pool entry 1153	50002600
	constant pool entry 1152	500025ff
	constant pool entry 1151	500025fe
	constant pool entry 1150	500025fd
	constant pool entry 1149	500025fc
	constant pool entry 1148	500025fb
	constant pool entry 1147	500025fa
	constant pool entry 1146	500025f9
	constant pool entry 1145	500025f8
	constant pool entry 1144	500025f7
	constant pool entry 1143	500025f6
	constant pool entry 1142	500025f5
	constant pool entry 1141	500025f4
	constant pool entry 1140	500025f3
	constant pool entry 1139	500025f2
	constant pool entry 1138	500025f1
	constant pool entry 1137	500025f0
	constant pool entry 1136	500025ef
	constant pool entry 1135	500025ee
	constant pool entry 1134	500025ed
	constant pool entry 1133	500025ec
	constant pool entry 1132	500025eb
	constant pool entry 1131	500025ea
	constant pool entry 1130	500025e9
	constant pool entry 1129	500025e8
	constant pool entry 1128	500025e7
	constant pool entry 1127	500025e6
	constant pool entry 1126	500025e5
	constant pool entry 1125	500025e4
	constant pool entry 1124	500025e3
	constant pool entry 1123	500025e2
	constant pool entry 1122	500025e1
	constant pool entry 1121	500025e0
	constant pool entry 1120	500025df
	constant pool entry 1119	500025de
	constant pool entry 1118	500025dd
	constant pool entry 1117	500025dc
	constant pool entry 1116	500025db
	constant pool entry 1115	500025da
	constant pool entry 1114	500025d9
	constant pool entry 1113	500025d8
	constant pool entry 1112	500025d7
	constant pool entry 1111	500025d6
	constant pool entry 1110	500025d5
	constant pool entry 1109	500025d4
	constant pool entry 1108	500025d3
	constant pool entry 1107	500025d2
	constant pool entry 1106	500025d1
	constant pool entry 1105	500025d0
	constant pool entry 1103	500025cf
	constant pool entry 1102	500025ce
	constant pool entry 1101	500025cd
	constant pool entry 1100	500025cc
	constant pool entry 1099	500025cb
	constant pool entry 1098	500025ca
	constant pool entry 1097	500025c9
	constant pool entry 1096	500025c8
	constant pool entry 1095	500025c7
	constant pool entry 1094	500025c6
	constant pool entry 1093	500025c5
	constant pool entry 1092	500025c4
	constant pool entry 1091	500025c3
	constant pool entry 1090	500025c2
	constant pool entry 1089	500025c1
	constant pool entry 1088	500025c0
	constant pool entry 1087	500025bf
	constant pool entry 1086	500025be
	constant pool entry 1085	500025bd
	constant pool entry 1084	500025bc
	constant pool entry 1083	500025bb
	constant pool entry 1082	500025ba
	constant pool entry 1081	500025b9
	constant pool entry 1080	500025b8
	constant pool entry 1079	500025b7
	constant pool entry 1078	500025b6
	constant pool entry 1077	500025b5
	constant pool entry 1076	500025b4
	constant pool entry 1075	500025b3
	constant pool entry 1074	500025b2
	constant pool entry 1073	500025b1
	constant pool entry 1072	500025b0
	constant pool entry 1071	500025af
	constant pool entry 1070	500025ae
	constant pool entry 1069	500025ad
	constant pool entry 1068	500025ac
	constant pool entry 1067	500025ab
	constant pool entry 1066	500025aa
	constant pool entry 1065	500025a9
	constant pool entry 1064	500025a8
	constant pool entry 1063	500025a7
	constant pool entry 1062	500025a6
	constant pool entry 1061	500025a5
	constant pool entry 1060	500025a4
	constant pool entry 1059	500025a3
	constant pool entry 1058	500025a2
	constant pool entry 1057	500025a1
	constant pool entry 1056	500025a0
	constant pool entry 1055	5000259f
	constant pool entry 1054	5000259e
	constant pool entry 1053	5000259d
	constant pool entry 1052	5000259c
	constant pool entry 1051	5000259b
	constant pool entry 1050	5000259a
	constant pool entry 1049	50002599
	constant pool entry 1048	50002598
	constant pool entry 1047	50002597
	constant pool entry 1046	50002596
	constant pool entry 1045	50002595
	constant pool entry 1044	50002594
	constant pool entry 1043	50002593
	constant pool entry 1042	50002592
	constant pool entry 1041	50002591
	constant pool entry 1040	50002590
	constant pool entry 1039	5000258f
	constant pool entry 1038	5000258e
	constant pool entry 1037	5000258d
	constant pool entry 1036	5000258c
	constant pool entry 1035	5000258b
	constant pool entry 1034	5000258a
	constant pool entry 1033	50002589
	constant pool entry 251	50002588
	constant pool entry 250	50002587
	constant pool entry 249	50002586
	constant pool entry 248	50002585
	constant pool entry 247	50002584
	constant pool entry 246	50002583
	constant pool entry 245	50002582
	constant pool entry 244	50002581
	constant pool entry 243	50002580
	constant pool entry 242	5000257f
	constant pool entry 241	5000257e
	constant pool entry 240	5000257d
	constant pool entry 239	5000257c
	constant pool entry 238	5000257b
	constant pool entry 237	5000257a
	constant pool entry 236	50002579
	constant pool entry 235	50002578
	constant pool entry 234	50002577
	constant pool entry 233	50002576
	constant pool entry 232	50002575
	constant pool entry 231	50002574
	constant pool entry 230	50002573
	constant pool entry 229	50002572
	constant pool entry 228	50002571
	constant pool entry 227	50002570
	constant pool entry 226	5000256f
	constant pool entry 225	5000256e
	constant pool entry 224	5000256d
	constant pool entry 223	5000256c
	constant pool entry 222	5000256b
	constant pool entry 221	5000256a
	constant pool entry 220	50002569
	constant pool entry 219	50002568
	constant pool entry 218	50002567
	constant pool entry 217	50002566
	constant pool entry 216	5000230b
	constant pool entry 215	50002565
	constant pool entry 214	50002564
	constant pool entry 213	50002563
	constant pool entry 212	50002562
	constant pool entry 211	50002561
	constant pool entry 210	50002560
	constant pool entry 209	5000255f
	constant pool entry 208	5000255e
	constant pool entry 207	5000255d
	constant pool entry 206	5000255c
	constant pool entry 205	5000255b
	constant pool entry 204	5000255a
	constant pool entry 203	50002559
	constant pool entry 202	50002558
	constant pool entry 201	50002557
	constant pool entry 200	50002556
	constant pool entry 199	50002555
	constant pool entry 198	50002554
	constant pool entry 197	50002553
	constant pool entry 196	50002552
	constant pool entry 195	50002551
	constant pool entry 194	50002550
	constant pool entry 193	5000254f
	constant pool entry 192	5000254e
	constant pool entry 191	5000254d
	constant pool entry 190	5000254c
	constant pool entry 189	5000254b
	constant pool entry 188	5000254a
	constant pool entry 187	50002549
	constant pool entry 186	50002548
	constant pool entry 185	50002547
	constant pool entry 184	50002546
	constant pool entry 183	50002545
	constant pool entry 182	50002544
	constant pool entry 181	50002543
	constant pool entry 180	50002542
	constant pool entry 179	50002541
	constant pool entry 178	50002540
	constant pool entry 177	5000253f
	constant pool entry 176	5000253e
	constant pool entry 175	5000253d
	constant pool entry 174	5000253c
	constant pool entry 173	5000253b
	constant pool entry 172	5000253a
	constant pool entry 171	50002539
	constant pool entry 170	50002538
	constant pool entry 169	50002537
	constant pool entry 168	50002536
	constant pool entry 167	50002535
	constant pool entry 166	50002534
	constant pool entry 165	50002533
	constant pool entry 164	50002532
	constant pool entry 163	50002531
	constant pool entry 162	50002530
	constant pool entry 161	5000252f
	constant pool entry 160	5000252e
	constant pool entry 159	5000252d
	constant pool entry 158	5000252c
	constant pool entry 157	5000252b
	constant pool entry 156	5000252a
	constant pool entry 155	50002529
	constant pool entry 154	50002528
	constant pool entry 153	50002527
	constant pool entry 152	50002526
	constant pool entry 151	50002525
	constant pool entry 150	50002524
	constant pool entry 149	50002523
	constant pool entry 148	50002522
	constant pool entry 147	50002521
	constant pool entry 146	50002520
	constant pool entry 145	5000251f
	constant pool entry 144	5000251e
	constant pool entry 143	5000251d
	constant pool entry 142	5000251c
	constant pool entry 141	5000251b
	constant pool entry 140	5000251a
	constant pool entry 139	50002519
	constant pool entry 138	50002518
	constant pool entry 137	50002517
	constant pool entry 136	50002516
	constant pool entry 135	50002515
	constant pool entry 134	50002514
	constant pool entry 133	50002513
	constant pool entry 132	50002512
	constant pool entry 131	50002511
	constant pool entry 130	50002510
	constant pool entry 129	5000250f
	constant pool entry 128	5000250e
	constant pool entry 127	5000250d
	constant pool entry 126	5000250c
	constant pool entry 125	5000250b
	constant pool entry 124	5000250a
	constant pool entry 123	50002509
	constant pool entry 122	50002508
	constant pool entry 121	50002507
	constant pool entry 120	50002506
	constant pool entry 119	50002505
	constant pool entry 118	50002504
	constant pool entry 117	50002503
	constant pool entry 116	50002502
	constant pool entry 115	50002501
	constant pool entry 114	50002500
	constant pool entry 113	500024ff
	constant pool entry 112	500024fe
	constant pool entry 111	500024fd
	constant pool entry 110	500024fc
	constant pool entry 109	500024fb
	constant pool entry 108	500024fa
	constant pool entry 107	500024f9
	constant pool entry 106	500024f8
	constant pool entry 105	500024f7
	constant pool entry 104	500024f6
	constant pool entry 103	500024f5
	constant pool entry 102	500024f4
	constant pool entry 101	500024f3
	constant pool entry 100	500024f2
	constant pool entry 99	500024f1
	constant pool entry 98	500024f0
	constant pool entry 97	500024ef
	constant pool entry 96	500024ee
	constant pool entry 95	500024ed
	constant pool entry 94	500024ec
	constant pool entry 93	500024eb
	constant pool entry 92	500024ea
	constant pool entry 91	500024e9
	constant pool entry 90	500024e8
	constant pool entry 89	500024e7
	constant pool entry 88	500024e6
	constant pool entry 87	500024e5
	constant pool entry 86	500024e4
	constant pool entry 85	500024e3
	constant pool entry 84	500024e2
	constant pool entry 83	500024e1
	constant pool entry 82	500024e0
	constant pool entry 81	500024df
	constant pool entry 80	500024de
	constant pool entry 79	500024dd
	constant pool entry 78	500024dc
	constant pool entry 77	500024db
	constant pool entry 76	500024da
	constant pool entry 75	500024d9
	constant pool entry 74	500024d8
	constant pool entry 73	500024d7
	constant pool entry 72	500024d6
	constant pool entry 71	500024d5
	constant pool entry 70	500024d4
	constant pool entry 69	500024d3
	constant pool entry 68	500024d2
	constant pool entry 67	500024d1
	constant pool entry 66	500024d0
	constant pool entry 65	500024cf
	constant pool entry 64	500024ce
	constant pool entry 63	500024cd
	constant pool entry 62	500024cc
	constant pool entry 61	500024cb
	constant pool entry 60	500024ca
	constant pool entry 59	500024c9
	constant pool entry 58	500024c8
	constant pool entry 57	500024c7
	constant pool entry 56	500024c6
	constant pool entry 55	500024c5
	constant pool entry 54	500024c4
	constant pool entry 53	500024c3
	constant pool entry 52	500024c2
	constant pool entry 51	500024c1
	constant pool entry 50	500024c0
	constant pool entry 49	500024bf
	constant pool entry 48	500024be
	constant pool entry 47	500024bd
	constant pool entry 46	500024bc
	constant pool entry 45	500024bb
	constant pool entry 44	500024ba
	constant pool entry 43	500024b9
	constant pool entry 42	500024b8
	constant pool entry 41	500024b7
	constant pool entry 40	500024b6
	constant pool entry 39	500024b5
	constant pool entry 38	500024b4
	constant pool entry 37	500024b3
	constant pool entry 36	500024b2
	constant pool entry 35	500024b1
	constant pool entry 34	500024b0
	constant pool entry 33	500024af
	constant pool entry 32	500024ae
	constant pool entry 31	500024ad
	constant pool entry 30	500024ac
	constant pool entry 29	50002309
	constant pool entry 28	500024ab
	constant pool entry 27	500024aa
	constant pool entry 26	500024a9
	constant pool entry 25	500024a8
	constant pool entry 24	500024a7
	constant pool entry 23	500024a6
	constant pool entry 22	500024a5
	constant pool entry 21	500024a4
	constant pool entry 20	500024a3
	constant pool entry 19	500024a2
	constant pool entry 18	500024a1
	constant pool entry 17	500024a0
	constant pool entry 16	5000249f
	constant pool entry 15	5000249e
	constant pool entry 14	5000230c
	constant pool entry 13	5000249d
	constant pool entry 12	5000249c
	constant pool entry 11	5000249b
	constant pool entry 10	5000249a
	constant pool entry 9	50002499
	constant pool entry 8	50002498
	constant pool entry 7	50002497
	constant pool entry 6	50002496
	constant pool entry 5	50002495
	constant pool entry 4	50002494
	constant pool entry 3	50002493
	constant pool entry 2	50002492
	constant pool entry 1	50002491
CLS 500000b3 (name=java.nio.charset.Charset$ExtendedProviderHolder$1, trace=300000)
	super		50000185
	constant pool entry 39	500000ce
	constant pool entry 38	500000b3
	constant pool entry 34	50000185
	constant pool entry 29	5000017d
	constant pool entry 1	50002e8b
CLS 500000b4 (name=java.nio.charset.Charset$ExtendedProviderHolder, trace=300000)
	super		50000185
	static extendedProvider	50002777
	constant pool entry 19	50000102
	constant pool entry 18	500000ce
	constant pool entry 17	500000b3
	constant pool entry 16	500000b4
CLS 500000b5 (name=java.util.Arrays, trace=300000)
	super		50000185
	constant pool entry 798	5000010a
	constant pool entry 298	50000746
	constant pool entry 292	50000030
	constant pool entry 288	5000017a
	constant pool entry 285	50000185
	constant pool entry 284	500000d1
	constant pool entry 279	5000017d
	constant pool entry 19	500000b5
	constant pool entry 16	5000011b
	constant pool entry 2	50001777
CLS 500000b6 (name=java.lang.reflect.ReflectAccess, trace=300000)
	super		50000185
	constant pool entry 39	50000154
	constant pool entry 37	50000150
	constant pool entry 36	50000185
CLS 500000b7 (name=sun.reflect.LangReflectAccess, trace=300000)
CLS 500000b8 (name=java.lang.reflect.Modifier, trace=300000)
	super		50000185
	constant pool entry 127	500000ff
	constant pool entry 126	500000f4
	constant pool entry 125	50000102
	constant pool entry 124	500000b6
CLS 500000ba (name=java.util.WeakHashMap, trace=300000)
	super		500000ea
	static NULL_KEY	50002e8f
	constant pool entry 318	5000010a
	constant pool entry 145	5000003c
	constant pool entry 139	5000003f
	constant pool entry 137	500000ba
	constant pool entry 128	500000ea
	constant pool entry 127	5000015f
	constant pool entry 124	50000185
	constant pool entry 121	50000121
	constant pool entry 120	5000003e
CLS 500000b9 (name=java.lang.ClassValue$ClassValueMap, trace=300000)
	super		500000ba
CLS 500000bb (name=sun.reflect.annotation.AnnotationType, trace=300000)
	super		50000185
CLS 500000bc (name=java.lang.Class$AnnotationData, trace=300000)
	super		50000185
CLS 500000bf (name=sun.reflect.generics.repository.AbstractRepository, trace=300000)
	super		50000185
CLS 500000be (name=sun.reflect.generics.repository.GenericDeclRepository, trace=300000)
	super		500000bf
CLS 500000bd (name=sun.reflect.generics.repository.ClassRepository, trace=300000)
	super		500000be
CLS 500000c0 (name=java.lang.reflect.Field[], trace=300000)
	super		50000185
CLS 500000c1 (name=java.lang.reflect.Member[], trace=300000)
	super		50000185
CLS 500000c2 (name=java.lang.reflect.AccessibleObject[], trace=300000)
	super		50000185
CLS 500000c3 (name=java.lang.Class$Atomic, trace=300000)
	super		50000185
	static unsafe	500017bd
	constant pool entry 52	50000133
	constant pool entry 46	500000c3
	constant pool entry 6	5000017d
	constant pool entry 5	5000350a
	constant pool entry 4	50003509
	constant pool entry 3	50003508
CLS 500000c4 (name=java.lang.Class$ReflectionData, trace=300000)
	super		50000185
	constant pool entry 27	50000185
	constant pool entry 26	500000c4
CLS 500000c5 (name=java.lang.Class$3, trace=300000)
	super		50000185
	constant pool entry 34	5000017a
	constant pool entry 32	50000185
	constant pool entry 31	500000c5
	constant pool entry 30	5000017d
	constant pool entry 1	5000350e
CLS 500000c6 (name=java.util.concurrent.atomic.AtomicInteger, trace=300000)
	super		50000122
	static unsafe	500017bd
	constant pool entry 75	50000133
	constant pool entry 72	50000122
	constant pool entry 68	5000017d
	constant pool entry 2	500000c6
	constant pool entry 1	5000191a
CLS 500000c7 (name=java.lang.ThreadLocal, trace=300000)
	super		50000185
	static nextHashCode	50002e8a
	constant pool entry 58	500000c6
	constant pool entry 56	5000009f
	constant pool entry 55	500000a0
	constant pool entry 52	500000c7
	constant pool entry 51	5000015d
	constant pool entry 50	50000185
CLS 500000cb (name=sun.util.PreHashedMap, trace=300000)
	super		500000ea
	constant pool entry 91	5000010a
	constant pool entry 47	500000cb
	constant pool entry 44	500000ea
	constant pool entry 42	50000181
	constant pool entry 41	50000185
	constant pool entry 40	5000011b
CLS 500000c8 (name=sun.nio.cs.StandardCharsets$Cache, trace=300000)
	super		500000cb
	constant pool entry 115	5000010a
	constant pool entry 105	500000cb
	constant pool entry 104	500000c8
	constant pool entry 101	50000185
	constant pool entry 39	500020de
	constant pool entry 38	500020dd
	constant pool entry 37	500020dc
	constant pool entry 36	500020db
	constant pool entry 35	500020da
	constant pool entry 34	500020d9
	constant pool entry 33	500020d8
	constant pool entry 32	500020d7
	constant pool entry 31	500020d6
	constant pool entry 30	500020d5
	constant pool entry 29	500020d4
	constant pool entry 28	500020d3
	constant pool entry 27	500020d2
	constant pool entry 26	500020d1
	constant pool entry 25	500020d0
	constant pool entry 24	500020cf
	constant pool entry 23	500020ce
	constant pool entry 22	500020cd
	constant pool entry 21	500020cc
	constant pool entry 20	500020cb
	constant pool entry 19	500020ca
	constant pool entry 18	500020c9
	constant pool entry 17	500020c8
	constant pool entry 16	500020c7
	constant pool entry 15	500020c6
	constant pool entry 14	500020c5
	constant pool entry 13	500020c4
	constant pool entry 12	500020c3
	constant pool entry 11	500020c2
	constant pool entry 10	50001f8f
	constant pool entry 9	50001f8e
	constant pool entry 8	50001f8d
	constant pool entry 7	50001f8c
	constant pool entry 6	50001f8b
	constant pool entry 5	50001f8a
	constant pool entry 4	50001f88
	constant pool entry 3	50001f86
	constant pool entry 2	500020c1
	constant pool entry 1	500020c0
CLS 500000c9 (name=sun.nio.cs.StandardCharsets$Classes, trace=300000)
	super		500000cb
	constant pool entry 193	5000010a
	constant pool entry 183	500000cb
	constant pool entry 182	500000c9
	constant pool entry 179	50000185
	constant pool entry 78	500020de
	constant pool entry 77	500020dd
	constant pool entry 76	500020dc
	constant pool entry 75	500020db
	constant pool entry 74	500020da
	constant pool entry 73	500020d9
	constant pool entry 72	500020d8
	constant pool entry 71	500020d7
	constant pool entry 70	500020d6
	constant pool entry 69	500020d5
	constant pool entry 68	500020d4
	constant pool entry 67	500020d3
	constant pool entry 66	500020d2
	constant pool entry 65	500020d1
	constant pool entry 64	500020d0
	constant pool entry 63	500020cf
	constant pool entry 62	500020ce
	constant pool entry 61	500020cd
	constant pool entry 60	500020cc
	constant pool entry 59	500020cb
	constant pool entry 58	500020ca
	constant pool entry 57	500020c9
	constant pool entry 56	500020c8
	constant pool entry 55	500020c7
	constant pool entry 54	500020c6
	constant pool entry 53	500020c5
	constant pool entry 52	500020c4
	constant pool entry 51	500020c3
	constant pool entry 50	500020c2
	constant pool entry 49	50001f8f
	constant pool entry 48	50001f8e
	constant pool entry 47	50001f8d
	constant pool entry 46	50001f8c
	constant pool entry 45	50001f8b
	constant pool entry 44	50001f8a
	constant pool entry 43	50001f88
	constant pool entry 42	50001f86
	constant pool entry 41	500020c1
	constant pool entry 40	500020c0
	constant pool entry 39	500020bf
	constant pool entry 38	50001f39
	constant pool entry 37	50001f38
	constant pool entry 36	50001f37
	constant pool entry 35	50001f36
	constant pool entry 34	50001f35
	constant pool entry 33	500020be
	constant pool entry 32	50001f34
	constant pool entry 31	50001f33
	constant pool entry 30	50001f32
	constant pool entry 29	500020bd
	constant pool entry 28	500020bc
	constant pool entry 27	500020bb
	constant pool entry 26	500020ba
	constant pool entry 25	500020b9
	constant pool entry 24	500020b8
	constant pool entry 23	500020b7
	constant pool entry 22	500020b6
	constant pool entry 21	500020b5
	constant pool entry 20	500020b4
	constant pool entry 19	500020b3
	constant pool entry 18	500020b2
	constant pool entry 17	500020b1
	constant pool entry 16	500020b0
	constant pool entry 15	500020af
	constant pool entry 14	500020ae
	constant pool entry 13	50001f29
	constant pool entry 12	500020ad
	constant pool entry 11	500020ac
	constant pool entry 10	500020ab
	constant pool entry 9	500020aa
	constant pool entry 8	500020a9
	constant pool entry 7	500020a8
	constant pool entry 6	500020a7
	constant pool entry 5	500020a6
	constant pool entry 4	500020a5
	constant pool entry 3	500020a4
	constant pool entry 2	500020a3
	constant pool entry 1	500020a2
CLS 500000ca (name=sun.nio.cs.StandardCharsets$Aliases, trace=300000)
	super		500000cb
	constant pool entry 519	5000010a
	constant pool entry 509	500000cb
	constant pool entry 508	500000ca
	constant pool entry 505	50000185
	constant pool entry 241	500020de
	constant pool entry 240	50002166
	constant pool entry 239	500020dd
	constant pool entry 238	50002165
	constant pool entry 237	500020dc
	constant pool entry 236	50002164
	constant pool entry 235	50002163
	constant pool entry 234	500020db
	constant pool entry 233	500020da
	constant pool entry 232	50001fb3
	constant pool entry 231	500020d9
	constant pool entry 230	500020d8
	constant pool entry 229	500020d7
	constant pool entry 228	500020d6
	constant pool entry 227	500020d5
	constant pool entry 226	500020d4
	constant pool entry 225	50002162
	constant pool entry 224	50002161
	constant pool entry 223	50002160
	constant pool entry 222	5000215f
	constant pool entry 221	5000215e
	constant pool entry 220	5000215d
	constant pool entry 219	5000215c
	constant pool entry 218	5000215b
	constant pool entry 217	5000215a
	constant pool entry 216	50002159
	constant pool entry 215	50001fb2
	constant pool entry 214	500020d3
	constant pool entry 213	50002158
	constant pool entry 212	500020d2
	constant pool entry 211	50002157
	constant pool entry 210	500020d1
	constant pool entry 209	500020d0
	constant pool entry 208	500020cf
	constant pool entry 207	500020ce
	constant pool entry 206	500020cd
	constant pool entry 205	500020cc
	constant pool entry 204	50001eda
	constant pool entry 203	50002156
	constant pool entry 202	50002155
	constant pool entry 201	50002154
	constant pool entry 200	50002153
	constant pool entry 199	50001fb1
	constant pool entry 198	50001fb0
	constant pool entry 197	50001faf
	constant pool entry 196	50002152
	constant pool entry 195	50002151
	constant pool entry 194	50001fad
	constant pool entry 193	50001fac
	constant pool entry 192	50001fab
	constant pool entry 191	50001faa
	constant pool entry 190	50002150
	constant pool entry 189	5000214f
	constant pool entry 188	50001fa9
	constant pool entry 187	50001fa8
	constant pool entry 186	50001fa7
	constant pool entry 185	50001fa6
	constant pool entry 184	50001fa5
	constant pool entry 183	50001fa4
	constant pool entry 182	500020cb
	constant pool entry 181	500020ca
	constant pool entry 180	50001fa3
	constant pool entry 179	5000214e
	constant pool entry 178	5000214d
	constant pool entry 177	5000214c
	constant pool entry 176	5000214b
	constant pool entry 175	5000214a
	constant pool entry 174	50002149
	constant pool entry 173	50002148
	constant pool entry 172	50002147
	constant pool entry 171	50002146
	constant pool entry 170	50002145
	constant pool entry 169	50002144
	constant pool entry 168	50002143
	constant pool entry 167	50002142
	constant pool entry 166	50001fa2
	constant pool entry 165	50002141
	constant pool entry 164	50002140
	constant pool entry 163	50001ee0
	constant pool entry 162	50001fa1
	constant pool entry 161	50001fa0
	constant pool entry 160	50001f9f
	constant pool entry 159	50001f9e
	constant pool entry 158	50001f9d
	constant pool entry 157	5000213f
	constant pool entry 156	5000213e
	constant pool entry 155	50001f9c
	constant pool entry 154	5000213d
	constant pool entry 153	5000213c
	constant pool entry 152	50001f9b
	constant pool entry 151	5000213b
	constant pool entry 150	50001f9a
	constant pool entry 149	5000213a
	constant pool entry 148	50002139
	constant pool entry 147	50002138
	constant pool entry 146	50002137
	constant pool entry 145	50002136
	constant pool entry 144	50001ed5
	constant pool entry 143	50001f99
	constant pool entry 142	50001f98
	constant pool entry 141	50001f97
	constant pool entry 140	50001f96
	constant pool entry 139	50001f95
	constant pool entry 138	50001f94
	constant pool entry 137	500020c9
	constant pool entry 136	500020c8
	constant pool entry 135	500020c7
	constant pool entry 134	500020c6
	constant pool entry 133	500020c5
	constant pool entry 132	500020c4
	constant pool entry 131	500020c3
	constant pool entry 130	500020c2
	constant pool entry 129	50002135
	constant pool entry 128	50002134
	constant pool entry 127	50001f93
	constant pool entry 126	50001f92
	constant pool entry 125	50001f91
	constant pool entry 124	50001f90
	constant pool entry 123	50001fb6
	constant pool entry 122	50001f8f
	constant pool entry 121	50001f8e
	constant pool entry 120	50001f8d
	constant pool entry 119	50001f8c
	constant pool entry 118	50001f8b
	constant pool entry 117	50001f8a
	constant pool entry 116	50002133
	constant pool entry 115	50001f89
	constant pool entry 114	50001f88
	constant pool entry 113	50001f87
	constant pool entry 112	50001f86
	constant pool entry 111	50002132
	constant pool entry 110	500020c1
	constant pool entry 109	50002131
	constant pool entry 108	50001f85
	constant pool entry 107	50001f84
	constant pool entry 106	50001f83
	constant pool entry 105	50001f82
	constant pool entry 104	50001fb5
	constant pool entry 103	50001f81
	constant pool entry 102	50001f80
	constant pool entry 101	50001f7f
	constant pool entry 100	50001f7e
	constant pool entry 99	50001f7d
	constant pool entry 98	50001f7c
	constant pool entry 97	50002130
	constant pool entry 96	50001f7b
	constant pool entry 95	50001f7a
	constant pool entry 94	50001f79
	constant pool entry 93	50001f78
	constant pool entry 92	50001f77
	constant pool entry 91	50001f76
	constant pool entry 90	5000212f
	constant pool entry 89	5000212e
	constant pool entry 88	50001ede
	constant pool entry 87	50001f75
	constant pool entry 86	50001f74
	constant pool entry 85	5000212d
	constant pool entry 84	50001f73
	constant pool entry 83	50001f72
	constant pool entry 82	50001f71
	constant pool entry 81	50001f70
	constant pool entry 80	5000212c
	constant pool entry 79	5000212b
	constant pool entry 78	5000212a
	constant pool entry 77	50002129
	constant pool entry 76	50002128
	constant pool entry 75	50002127
	constant pool entry 74	50002126
	constant pool entry 73	50002125
	constant pool entry 72	50002124
	constant pool entry 71	50002123
	constant pool entry 70	50002122
	constant pool entry 69	50002121
	constant pool entry 68	50002120
	constant pool entry 67	50001f62
	constant pool entry 66	50001f61
	constant pool entry 65	50001f60
	constant pool entry 64	50001f5f
	constant pool entry 63	50001f5e
	constant pool entry 62	50001f5d
	constant pool entry 61	50001f5c
	constant pool entry 60	50001f5b
	constant pool entry 59	50001f5a
	constant pool entry 58	50001f59
	constant pool entry 57	50001f58
	constant pool entry 56	50001f57
	constant pool entry 55	50001f56
	constant pool entry 54	50001f55
	constant pool entry 53	50001f54
	constant pool entry 52	50001f53
	constant pool entry 51	50001f52
	constant pool entry 50	50001f51
	constant pool entry 49	50001f50
	constant pool entry 48	50001f4f
	constant pool entry 47	50001f4e
	constant pool entry 46	50001f4d
	constant pool entry 45	50001f4c
	constant pool entry 44	50001f4b
	constant pool entry 43	50001edc
	constant pool entry 42	50001f4a
	constant pool entry 41	50001f49
	constant pool entry 40	50001f48
	constant pool entry 39	50001f47
	constant pool entry 38	50001f46
	constant pool entry 37	50001f45
	constant pool entry 36	50001f44
	constant pool entry 35	5000211f
	constant pool entry 34	500020c0
	constant pool entry 33	50001f43
	constant pool entry 32	50001ee2
	constant pool entry 31	5000211e
	constant pool entry 30	5000211d
	constant pool entry 29	5000211c
	constant pool entry 28	50001f42
	constant pool entry 27	50001f09
	constant pool entry 26	50001f08
	constant pool entry 25	50001f07
	constant pool entry 24	50001f06
	constant pool entry 23	50001f05
	constant pool entry 22	50001f04
	constant pool entry 21	50001f03
	constant pool entry 20	50001f02
	constant pool entry 19	50001f01
	constant pool entry 18	50001f00
	constant pool entry 17	50001eff
	constant pool entry 16	50001efe
	constant pool entry 15	50001efd
	constant pool entry 14	50001fb4
	constant pool entry 13	50001efc
	constant pool entry 12	50001efb
	constant pool entry 11	50001efa
	constant pool entry 10	50001ef9
	constant pool entry 9	50001ef8
	constant pool entry 8	50001ef7
	constant pool entry 7	50001ef6
	constant pool entry 6	50001ef5
	constant pool entry 5	50001ef4
	constant pool entry 4	50001ef3
	constant pool entry 3	50001ef2
	constant pool entry 2	50001edf
	constant pool entry 1	50001ef1
CLS 500000cd (name=sun.nio.cs.FastCharsetProvider, trace=300000)
	super		500000ce
	constant pool entry 135	5000010a
	constant pool entry 73	50000b60
	constant pool entry 71	500000cd
	constant pool entry 70	5000015a
	constant pool entry 69	500000ce
	constant pool entry 68	500000cf
	constant pool entry 66	50000134
	constant pool entry 65	50000181
	constant pool entry 63	50000185
	constant pool entry 59	5000017d
	constant pool entry 2	500020bd
	constant pool entry 1	50001798
CLS 500000cc (name=sun.nio.cs.StandardCharsets, trace=300000)
	super		500000cd
	static aliases_US_ASCII	50001ed3
	static aliases_UTF_8	50001fdc
	static aliases_CESU_8	50001fdb
	static aliases_UTF_16	50001fda
	static aliases_UTF_16BE	50001fd9
	static aliases_UTF_16LE	50001fd8
	static aliases_UTF_16LE_BOM	50001fd7
	static aliases_UTF_32	50001fd6
	static aliases_UTF_32LE	50001fd5
	static aliases_UTF_32BE	50001fd4
	static aliases_UTF_32LE_BOM	50001fd3
	static aliases_UTF_32BE_BOM	50001fd2
	static aliases_ISO_8859_1	50001fd1
	static aliases_ISO_8859_2	50001fd0
	static aliases_ISO_8859_4	50001fcf
	static aliases_ISO_8859_5	50001fce
	static aliases_ISO_8859_7	50001fcd
	static aliases_ISO_8859_9	50001fcc
	static aliases_ISO_8859_13	50001fcb
	static aliases_ISO_8859_15	50001fca
	static aliases_KOI8_R	50001fc9
	static aliases_KOI8_U	50001fc8
	static aliases_MS1250	50001fc7
	static aliases_MS1251	50001fc6
	static aliases_MS1252	50001fc5
	static aliases_MS1253	50001fc4
	static aliases_MS1254	50001fc3
	static aliases_MS1257	50001fc2
	static aliases_IBM437	50001fc1
	static aliases_IBM737	50001fc0
	static aliases_IBM775	50001fbf
	static aliases_IBM850	50001fbe
	static aliases_IBM852	50001fbd
	static aliases_IBM855	50001fbc
	static aliases_IBM857	50001fbb
	static aliases_IBM858	50001fba
	static aliases_IBM862	50001fb9
	static aliases_IBM866	50001fb8
	static aliases_IBM874	50001fb7
	constant pool entry 574	5000010a
	constant pool entry 483	500000c9
	constant pool entry 482	500000c8
	constant pool entry 481	500000ca
	constant pool entry 479	500000cc
	constant pool entry 478	500000cd
	constant pool entry 477	50000181
	constant pool entry 476	50001fb6
	constant pool entry 475	50001fb5
	constant pool entry 474	50001fb4
	constant pool entry 209	50001fb3
	constant pool entry 208	50001fb2
	constant pool entry 207	50001eda
	constant pool entry 206	50001fb1
	constant pool entry 205	50001fb0
	constant pool entry 204	50001faf
	constant pool entry 203	50001fae
	constant pool entry 202	50001fad
	constant pool entry 201	50001fac
	constant pool entry 200	50001fab
	constant pool entry 199	50001faa
	constant pool entry 198	50001fa9
	constant pool entry 197	50001fa8
	constant pool entry 196	50001fa7
	constant pool entry 195	50001fa6
	constant pool entry 194	50001fa5
	constant pool entry 193	50001fa4
	constant pool entry 192	50001fa3
	constant pool entry 191	50001fa2
	constant pool entry 190	50001ee0
	constant pool entry 189	50001fa1
	constant pool entry 188	50001fa0
	constant pool entry 187	50001f9f
	constant pool entry 186	50001f9e
	constant pool entry 185	50001f9d
	constant pool entry 184	50001f9c
	constant pool entry 183	50001f9b
	constant pool entry 182	50001f9a
	constant pool entry 181	50001ed5
	constant pool entry 180	50001f99
	constant pool entry 179	50001f98
	constant pool entry 178	50001f97
	constant pool entry 177	50001f96
	constant pool entry 176	50001f95
	constant pool entry 175	50001f94
	constant pool entry 174	50001f93
	constant pool entry 173	50001f92
	constant pool entry 172	50001f91
	constant pool entry 171	50001f90
	constant pool entry 170	50001f8f
	constant pool entry 169	50001f8e
	constant pool entry 168	50001f8d
	constant pool entry 167	50001f8c
	constant pool entry 166	50001f8b
	constant pool entry 165	50001f8a
	constant pool entry 164	50001f89
	constant pool entry 163	50001f88
	constant pool entry 162	50001f87
	constant pool entry 161	50001f86
	constant pool entry 160	50001f85
	constant pool entry 159	50001f84
	constant pool entry 158	50001f83
	constant pool entry 157	50001f82
	constant pool entry 156	50001f81
	constant pool entry 155	50001f80
	constant pool entry 154	50001f7f
	constant pool entry 153	50001f7e
	constant pool entry 152	50001f7d
	constant pool entry 151	50001f7c
	constant pool entry 150	50001f7b
	constant pool entry 149	50001f7a
	constant pool entry 148	50001f79
	constant pool entry 147	50001f78
	constant pool entry 146	50001f77
	constant pool entry 145	50001f76
	constant pool entry 144	50001ede
	constant pool entry 143	50001f75
	constant pool entry 142	50001f74
	constant pool entry 141	50001f73
	constant pool entry 140	50001f72
	constant pool entry 139	50001f71
	constant pool entry 138	50001f70
	constant pool entry 137	50001f6f
	constant pool entry 136	50001f6e
	constant pool entry 135	50001f6d
	constant pool entry 134	50001f6c
	constant pool entry 133	50001f6b
	constant pool entry 132	50001f6a
	constant pool entry 131	50001f69
	constant pool entry 130	50001f68
	constant pool entry 129	50001f67
	constant pool entry 128	50001f66
	constant pool entry 127	50001f65
	constant pool entry 126	50001f64
	constant pool entry 125	50001f63
	constant pool entry 124	50001edd
	constant pool entry 123	50001f62
	constant pool entry 122	50001f61
	constant pool entry 121	50001f60
	constant pool entry 120	50001f5f
	constant pool entry 119	50001f5e
	constant pool entry 118	50001f5d
	constant pool entry 117	50001f5c
	constant pool entry 116	50001f5b
	constant pool entry 115	50001f5a
	constant pool entry 114	50001f59
	constant pool entry 113	50001f58
	constant pool entry 112	50001f57
	constant pool entry 111	50001f56
	constant pool entry 110	50001f55
	constant pool entry 109	50001f54
	constant pool entry 108	50001f53
	constant pool entry 107	50001f52
	constant pool entry 106	50001f51
	constant pool entry 105	50001f50
	constant pool entry 104	50001f4f
	constant pool entry 103	50001f4e
	constant pool entry 102	50001f4d
	constant pool entry 101	50001f4c
	constant pool entry 100	50001f4b
	constant pool entry 99	50001edc
	constant pool entry 98	50001f4a
	constant pool entry 97	50001f49
	constant pool entry 96	50001f48
	constant pool entry 95	50001f47
	constant pool entry 94	50001f46
	constant pool entry 93	50001f45
	constant pool entry 92	50001f44
	constant pool entry 91	50001f43
	constant pool entry 90	50001ee2
	constant pool entry 89	50001f42
	constant pool entry 88	50001f41
	constant pool entry 87	50001f40
	constant pool entry 86	50001f3f
	constant pool entry 85	50001f3e
	constant pool entry 84	50001f3d
	constant pool entry 83	50001f3c
	constant pool entry 82	50001f3b
	constant pool entry 81	50001f3a
	constant pool entry 80	50001f39
	constant pool entry 79	50001f38
	constant pool entry 78	50001f37
	constant pool entry 77	50001f36
	constant pool entry 76	50001f35
	constant pool entry 75	50001f34
	constant pool entry 74	50001f33
	constant pool entry 73	50001f32
	constant pool entry 72	50001f31
	constant pool entry 71	50001f30
	constant pool entry 70	50001f2f
	constant pool entry 69	50001f2e
	constant pool entry 68	50001f2d
	constant pool entry 67	50001f2c
	constant pool entry 66	50001f2b
	constant pool entry 65	50001f2a
	constant pool entry 64	50001f29
	constant pool entry 63	50001f28
	constant pool entry 62	50001f27
	constant pool entry 61	50001f26
	constant pool entry 60	50001f25
	constant pool entry 59	50001f24
	constant pool entry 58	50001f23
	constant pool entry 57	50001f22
	constant pool entry 56	50001f21
	constant pool entry 55	50001f20
	constant pool entry 54	50001f1f
	constant pool entry 53	50001f1e
	constant pool entry 52	50001f1d
	constant pool entry 51	50001f1c
	constant pool entry 50	50001ed7
	constant pool entry 49	50001f1b
	constant pool entry 48	50001f1a
	constant pool entry 47	50001f19
	constant pool entry 46	50001f18
	constant pool entry 45	50001f17
	constant pool entry 44	50001f16
	constant pool entry 43	50001f15
	constant pool entry 42	50001f14
	constant pool entry 41	50001f13
	constant pool entry 40	50001ed9
	constant pool entry 39	50001f12
	constant pool entry 38	50001f11
	constant pool entry 37	50001f10
	constant pool entry 36	50001f0f
	constant pool entry 35	50001edb
	constant pool entry 34	50001f0e
	constant pool entry 33	50001f0d
	constant pool entry 32	50001f0c
	constant pool entry 31	50001f0b
	constant pool entry 30	50001f0a
	constant pool entry 29	50001ed8
	constant pool entry 28	50001ed6
	constant pool entry 27	50001ee1
	constant pool entry 26	50001f09
	constant pool entry 25	50001f08
	constant pool entry 24	50001f07
	constant pool entry 23	50001f06
	constant pool entry 22	50001f05
	constant pool entry 21	50001f04
	constant pool entry 20	50001f03
	constant pool entry 19	50001f02
	constant pool entry 18	50001f01
	constant pool entry 17	50001f00
	constant pool entry 16	50001eff
	constant pool entry 15	50001efe
	constant pool entry 14	50001efd
	constant pool entry 13	50001efc
	constant pool entry 12	50001efb
	constant pool entry 11	50001efa
	constant pool entry 10	50001ef9
	constant pool entry 9	50001ef8
	constant pool entry 8	50001ef7
	constant pool entry 7	50001ef6
	constant pool entry 6	50001ef5
	constant pool entry 5	50001ef4
	constant pool entry 4	50001ef3
	constant pool entry 3	50001ef2
	constant pool entry 2	50001edf
	constant pool entry 1	50001ef1
CLS 5000015d (name=java.lang.Thread, trace=300000)
	super		50000185
	static EMPTY_STACK_TRACE	5000178e
	static SUBCLASS_IMPLEMENTATION_PERMISSION	5000178d
	constant pool entry 537	5000010a
	constant pool entry 260	50000102
	constant pool entry 252	5000015b
	constant pool entry 245	5000017a
	constant pool entry 242	50000126
	constant pool entry 240	50000103
	constant pool entry 238	50000185
	constant pool entry 15	5000015d
	constant pool entry 9	5000178c
CLS 500000d0 (name=java.lang.ref.Finalizer$FinalizerThread, trace=300000)
	super		5000015d
	constant pool entry 33	500000d4
	constant pool entry 32	500000df
	constant pool entry 30	5000015f
	constant pool entry 29	500000d0
	constant pool entry 28	50000160
	constant pool entry 27	5000015d
	constant pool entry 1	500035a1
CLS 500000d1 (name=java.lang.Math, trace=300000)
	super		50000185
	constant pool entry 166	50000121
	constant pool entry 165	50000120
	constant pool entry 164	5000017d
	constant pool entry 14	500000d1
CLS 500000d2 (name=java.util.Hashtable$Entry[], trace=300000)
	super		50000185
CLS 500000d3 (name=java.util.Hashtable$Entry, trace=300000)
	super		50000185
	constant pool entry 46	500000d3
	constant pool entry 43	50000185
CLS 500000d4 (name=sun.misc.VM, trace=300000)
	super		50000185
	static lock	500017c7
	static savedProps	500017c6
	constant pool entry 156	500000d4
	constant pool entry 155	5000004a
	constant pool entry 152	50000157
	constant pool entry 147	50000181
	constant pool entry 146	5000008d
	constant pool entry 145	50000185
	constant pool entry 11	50001794
	constant pool entry 10	500017c5
	constant pool entry 9	500017c4
	constant pool entry 8	500017c3
	constant pool entry 7	500017c2
	constant pool entry 6	500017c1
	constant pool entry 5	500017c0
	constant pool entry 4	500017bf
	constant pool entry 1	500017be
CLS 500000d5 (name=java.util.HashMap$Node[], trace=300000)
	super		50000185
CLS 500000d6 (name=java.util.Map$Entry[], trace=300000)
	super		50000185
CLS 500000d8 (name=java.util.Map$Entry, trace=300000)
CLS 500000da (name=sun.reflect.Reflection, trace=300000)
	super		50000185
	static fieldFilterMap	500017ad
	static methodFilterMap	500017ac
	constant pool entry 231	5000010a
	constant pool entry 114	5000015a
	constant pool entry 113	500000d9
	constant pool entry 112	500000b8
	constant pool entry 107	50000181
	constant pool entry 99	500000c0
	constant pool entry 14	500000da
	constant pool entry 12	5000017a
	constant pool entry 11	5000017d
	constant pool entry 10	500017ab
	constant pool entry 9	500017aa
	constant pool entry 8	500017a9
	constant pool entry 7	500017a8
CLS 500000db (name=java.lang.String[], trace=300000)
	super		50000185
CLS 500000dc (name=java.lang.CharSequence[], trace=300000)
	super		50000185
CLS 50000178 (name=java.lang.Error, trace=300000)
	super		50000179
	constant pool entry 14	50000179
CLS 5000016e (name=java.lang.LinkageError, trace=300000)
	super		50000178
	constant pool entry 12	50000178
CLS 500000de (name=java.lang.IncompatibleClassChangeError, trace=300000)
	super		5000016e
	constant pool entry 13	5000016e
CLS 500000dd (name=java.lang.NoSuchMethodError, trace=300000)
	super		500000de
	constant pool entry 12	500000de
CLS 500000df (name=sun.misc.SharedSecrets, trace=300000)
	super		50000185
	static unsafe	500017bd
	static javaUtilJarAccess	50000b53
	static javaLangAccess	50001646
	static javaLangRefAccess	50001c21
	static javaNetAccess	50001c20
	static javaNioAccess	50001c1f
	static javaIOFileDescriptorAccess	50001c1e
	static javaSecurityProtectionDomainAccess	50001c1d
	static javaSecurityAccess	50001c1c
	static javaUtilZipFileAccess	500004e6
	constant pool entry 78	50000133
	constant pool entry 77	500000df
	constant pool entry 9	500004e3
CLS 500000e0 (name=java.lang.ref.Reference$1, trace=300000)
	super		50000185
	constant pool entry 14	50000185
CLS 500000e1 (name=sun.misc.JavaLangRefAccess, trace=300000)
CLS 500000e2 (name=java.lang.Thread[], trace=300000)
	super		50000185
CLS 500000e3 (name=java.lang.Runnable[], trace=300000)
	super		50000185
CLS 500000e4 (name=java.lang.ref.ReferenceQueue$Lock, trace=300000)
	super		50000185
	constant pool entry 12	500000e4
	constant pool entry 9	50000185
CLS 5000015f (name=java.lang.ref.ReferenceQueue, trace=300000)
	super		50000185
	static NULL	50001c15
	static ENQUEUED	50001c19
	constant pool entry 67	500000e5
	constant pool entry 66	500000e4
	constant pool entry 60	50000185
	constant pool entry 57	5000017d
	constant pool entry 2	5000015f
CLS 500000e5 (name=java.lang.ref.ReferenceQueue$Null, trace=300000)
	super		5000015f
	constant pool entry 13	500000e5
	constant pool entry 11	5000015f
CLS 500000e8 (name=java.util.Collections$UnmodifiableCollection, trace=300000)
	super		50000185
	constant pool entry 51	500008cc
	constant pool entry 50	500000e8
	constant pool entry 48	500000fb
	constant pool entry 46	50000185
CLS 500000e7 (name=java.util.Collections$UnmodifiableList, trace=300000)
	super		500000e8
	constant pool entry 49	500000fa
	constant pool entry 46	500000e7
	constant pool entry 45	500000e8
CLS 500000e6 (name=java.util.Collections$UnmodifiableRandomAccessList, trace=300000)
	super		500000e7
	constant pool entry 20	500000e7
CLS 500000e9 (name=java.util.Collections$EmptyMap, trace=300000)
	super		500000ea
	constant pool entry 58	500000e9
	constant pool entry 55	500000ea
CLS 500000f7 (name=java.util.AbstractList, trace=300000)
	super		500000f8
	constant pool entry 74	50000dcc
	constant pool entry 72	500000f7
	constant pool entry 71	500000f8
CLS 500000eb (name=java.util.Collections$EmptyList, trace=300000)
	super		500000f7
	constant pool entry 67	500000eb
	constant pool entry 65	500000ef
	constant pool entry 63	500000f7
CLS 500000ec (name=java.util.Collections$EmptySet, trace=300000)
	super		500000ed
	constant pool entry 46	500000ec
	constant pool entry 42	500000ed
CLS 500000ee (name=java.util.Set, trace=300000)
CLS 500000ef (name=java.util.Collections, trace=300000)
	super		50000185
	static EMPTY_SET	500018dd
	static EMPTY_LIST	500018dc
	static EMPTY_MAP	500018db
	constant pool entry 267	500000f9
	constant pool entry 257	500000e6
	constant pool entry 248	50000092
	constant pool entry 238	5000003d
	constant pool entry 235	500000ec
	constant pool entry 234	500000e9
	constant pool entry 232	500000eb
	constant pool entry 231	50000adf
	constant pool entry 214	500000ef
CLS 500000f0 (name=java.util.ArrayList, trace=300000)
	super		500000f7
	static EMPTY_ELEMENTDATA	50001e48
	static DEFAULTCAPACITY_EMPTY_ELEMENTDATA	50001e47
	constant pool entry 354	5000010a
	constant pool entry 178	500000fb
	constant pool entry 176	500000b5
	constant pool entry 175	50000dac
	constant pool entry 173	500008ce
	constant pool entry 171	500000f0
	constant pool entry 170	500000f7
	constant pool entry 168	5000017a
	constant pool entry 165	50000185
	constant pool entry 164	500000d1
	constant pool entry 11	5000011b
CLS 500000f1 (name=java.lang.InterruptedException, trace=300000)
	super		50000176
CLS 500000f2 (name=java.lang.ref.Reference$ReferenceHandler, trace=300000)
	super		5000015d
	constant pool entry 36	500000f2
	constant pool entry 35	50000166
	constant pool entry 34	5000015d
	constant pool entry 30	5000017d
	constant pool entry 2	50000161
	constant pool entry 1	500000f1
CLS 500000f3 (name=java.lang.ref.Reference$Lock, trace=300000)
	super		50000185
	constant pool entry 12	500000f3
	constant pool entry 9	50000185
CLS 500000f4 (name=sun.reflect.ReflectionFactory, trace=300000)
	super		50000185
	static reflectionFactoryAccessPerm	5000179d
	static soleInstance	50001799
	static langReflectAccess	5000179c
	constant pool entry 210	500000ad
	constant pool entry 209	500000f4
	constant pool entry 208	500000da
	constant pool entry 206	500000ac
	constant pool entry 204	500000b7
	constant pool entry 201	500000ab
	constant pool entry 198	50000102
	constant pool entry 197	500000b8
	constant pool entry 194	50000150
	constant pool entry 190	5000017a
	constant pool entry 186	50000103
	constant pool entry 21	5000014b
	constant pool entry 20	50000185
	constant pool entry 19	5000017d
	constant pool entry 9	5000179b
CLS 500000f6 (name=java.util.Vector, trace=300000)
	super		500000f7
	constant pool entry 375	5000010a
	constant pool entry 184	500000f6
	constant pool entry 175	500000b5
	constant pool entry 174	500000f7
	constant pool entry 172	5000017a
	constant pool entry 169	50000185
CLS 500000f5 (name=java.util.Stack, trace=300000)
	super		500000f6
	constant pool entry 33	500000f6
	constant pool entry 32	500000f5
CLS 500000f9 (name=java.util.RandomAccess, trace=300000)
CLS 500000fa (name=java.util.List, trace=300000)
CLS 500000fb (name=java.util.Collection, trace=300000)
CLS 500000fc (name=java.lang.Iterable, trace=300000)
CLS 500000fd (name=java.security.cert.Certificate[], trace=300000)
	super		50000185
CLS 500000fe (name=java.security.cert.Certificate, trace=300000)
	super		50000185
CLS 500000ff (name=sun.reflect.ReflectionFactory$GetReflectionFactoryAction, trace=300000)
	super		50000185
	constant pool entry 16	500000ff
	constant pool entry 15	500000f4
	constant pool entry 13	50000185
CLS 50000100 (name=java.security.PrivilegedAction, trace=300000)
CLS 50000105 (name=java.security.Permission, trace=300000)
	super		50000185
	constant pool entry 55	50000105
	constant pool entry 48	50000185
CLS 50000104 (name=java.security.BasicPermission, trace=300000)
	super		50000105
	constant pool entry 72	50000105
	constant pool entry 70	50000104
	constant pool entry 69	50000181
	constant pool entry 2	5000179f
CLS 50000101 (name=java.lang.reflect.ReflectPermission, trace=300000)
	super		50000104
	constant pool entry 13	50000104
CLS 50000102 (name=java.security.AccessController, trace=300000)
	super		50000185
	constant pool entry 77	50000102
	constant pool entry 75	50000172
CLS 50000103 (name=java.lang.RuntimePermission, trace=300000)
	super		50000104
	constant pool entry 13	50000104
CLS 50000106 (name=java.security.Guard, trace=300000)
CLS 50000107 (name=java.lang.StackTraceElement[], trace=300000)
	super		50000185
CLS 50000108 (name=java.lang.ThreadGroup[], trace=300000)
	super		50000185
CLS 50000109 (name=java.lang.Thread$UncaughtExceptionHandler[], trace=300000)
	super		50000185
CLS 5000010a (name=com.sun.demo.jvmti.hprof.Tracker, trace=300000)
	super		50000185
	constant pool entry 33	5000015d
	constant pool entry 30	5000010a
	constant pool entry 3	50001771
CLS 5000010b (name=java.lang.String$CaseInsensitiveComparator, trace=300000)
	super		50000185
	constant pool entry 40	5000010b
	constant pool entry 38	50000181
	constant pool entry 37	50000185
	constant pool entry 36	500000d1
CLS 5000010c (name=java.util.Comparator, trace=300000)
CLS 5000010d (name=java.io.ObjectStreamField[], trace=300000)
	super		50000185
CLS 5000010e (name=java.lang.Comparable[], trace=300000)
	super		50000185
CLS 5000010f (name=java.io.ObjectStreamField, trace=300000)
	super		50000185
	constant pool entry 90	50000134
	constant pool entry 89	50000181
	constant pool entry 88	5000011e
	constant pool entry 86	5000011c
	constant pool entry 84	5000011d
	constant pool entry 82	50000121
	constant pool entry 81	50000120
	constant pool entry 79	5000017d
	constant pool entry 78	50000123
	constant pool entry 77	5000011f
	constant pool entry 76	50000124
	constant pool entry 75	5000010f
	constant pool entry 2	50000185
CLS 50000110 (name=java.lang.OutOfMemoryError[], trace=300000)
	super		50000185
CLS 50000111 (name=java.lang.VirtualMachineError[], trace=300000)
	super		50000185
CLS 50000112 (name=java.lang.Error[], trace=300000)
	super		50000185
CLS 50000113 (name=java.lang.Throwable[], trace=300000)
	super		50000185
CLS 50000114 (name=java.lang.ArithmeticException, trace=300000)
	super		50000175
CLS 50000115 (name=java.lang.NullPointerException, trace=300000)
	super		50000175
CLS 50000116 (name=java.lang.Class[], trace=300000)
	super		50000185
CLS 50000117 (name=java.io.Serializable[], trace=300000)
	super		50000185
CLS 50000118 (name=java.lang.reflect.GenericDeclaration[], trace=300000)
	super		50000185
CLS 50000119 (name=java.lang.reflect.AnnotatedElement[], trace=300000)
	super		50000185
CLS 5000011a (name=java.lang.reflect.Type[], trace=300000)
	super		50000185
CLS 5000011b (name=java.lang.Object[], trace=300000)
	super		50000185
CLS 5000011c (name=java.lang.Long, trace=300000)
	super		50000122
	static TYPE	50001758
	constant pool entry 354	5000010a
	constant pool entry 208	50000181
	constant pool entry 202	500000d1
	constant pool entry 200	5000011c
	constant pool entry 199	5000011d
	constant pool entry 196	5000017d
	constant pool entry 17	50001923
CLS 5000011d (name=java.lang.Integer, trace=300000)
	super		50000122
	static TYPE	50001759
	static digits	50001928
	static DigitTens	50001927
	static DigitOnes	50001926
	static sizeTable	50001925
	constant pool entry 307	5000010a
	constant pool entry 192	5000017a
	constant pool entry 190	50000181
	constant pool entry 186	50000122
	constant pool entry 182	5000004d
	constant pool entry 181	5000011d
	constant pool entry 178	5000017d
	constant pool entry 177	50000123
	constant pool entry 29	50001924
CLS 5000011e (name=java.lang.Short, trace=300000)
	super		50000122
	static TYPE	5000175a
	constant pool entry 93	5000011e
	constant pool entry 88	5000017d
	constant pool entry 7	50001a35
CLS 5000011f (name=java.lang.Byte, trace=300000)
	super		50000122
	static TYPE	5000175b
	constant pool entry 86	5000017d
	constant pool entry 84	5000011f
	constant pool entry 5	50001a39
CLS 50000120 (name=java.lang.Double, trace=300000)
	super		50000122
	static TYPE	5000175c
	constant pool entry 140	50000120
	constant pool entry 138	5000017d
	constant pool entry 10	50001a37
CLS 50000121 (name=java.lang.Float, trace=300000)
	super		50000122
	static TYPE	5000175d
	constant pool entry 108	50000121
	constant pool entry 105	5000017d
	constant pool entry 8	50001797
CLS 50000123 (name=java.lang.Character, trace=300000)
	super		50000185
	static TYPE	5000175e
	constant pool entry 273	5000017d
	constant pool entry 271	50000016
	constant pool entry 11	50000123
	constant pool entry 10	50001a2b
CLS 50000124 (name=java.lang.Boolean, trace=300000)
	super		50000185
	static TRUE	500018e0
	static FALSE	500018df
	static TYPE	5000175f
	constant pool entry 70	5000017a
	constant pool entry 69	50000181
	constant pool entry 67	50000185
	constant pool entry 63	5000017d
	constant pool entry 62	50000124
	constant pool entry 3	50001794
	constant pool entry 1	500018de
CLS 50000126 (name=java.lang.StackTraceElement, trace=300000)
	super		50000185
CLS 50000127 (name=java.security.CodeSource, trace=300000)
	super		50000185
	constant pool entry 152	50000127
	constant pool entry 150	5000012c
	constant pool entry 146	50000185
CLS 5000017b (name=java.lang.ClassLoader, trace=300000)
	super		50000185
	static nocerts	500018ee
	static scl	5000164a
	static loadedLibraryNames	500018ed
	static systemNativeLibraries	500018ec
	static nativeLibraryContext	500018eb
	static usr_paths	500018ea
	static sys_paths	500018e9
	constant pool entry 840	5000010a
	constant pool entry 356	500000da
	constant pool entry 355	500000d4
	constant pool entry 354	50000004
	constant pool entry 352	50000bcd
	constant pool entry 351	5000012a
	constant pool entry 350	500004d6
	constant pool entry 349	5000002b
	constant pool entry 348	500000f6
	constant pool entry 347	500000f5
	constant pool entry 346	500000ee
	constant pool entry 344	50000158
	constant pool entry 343	50000005
	constant pool entry 342	500000d9
	constant pool entry 341	50000090
	constant pool entry 340	500000ef
	constant pool entry 338	500000fe
	constant pool entry 337	50000173
	constant pool entry 335	50000127
	constant pool entry 334	50000102
	constant pool entry 331	5000012c
	constant pool entry 326	50000001
	constant pool entry 325	5000017a
	constant pool entry 323	50000181
	constant pool entry 320	50000c91
	constant pool entry 319	50000185
	constant pool entry 312	50000040
	constant pool entry 311	50000053
	constant pool entry 310	50000058
	constant pool entry 309	500004d0
	constant pool entry 306	5000017d
	constant pool entry 301	5000012e
	constant pool entry 300	50000267
	constant pool entry 299	500000fd
	constant pool entry 19	5000017b
	constant pool entry 18	500018e8
	constant pool entry 15	500018e7
	constant pool entry 14	500018e6
	constant pool entry 6	50001798
	constant pool entry 1	5000177a
CLS 50000171 (name=java.security.SecureClassLoader, trace=300000)
	super		5000017b
	constant pool entry 60	50000041
	constant pool entry 59	500000d9
	constant pool entry 58	50000171
	constant pool entry 57	50000173
	constant pool entry 56	50000e55
	constant pool entry 54	5000017a
	constant pool entry 49	5000017b
	constant pool entry 4	50002f8c
CLS 5000012d (name=java.net.URLClassLoader, trace=300000)
	super		50000171
	constant pool entry 243	50000004
	constant pool entry 242	500000df
	constant pool entry 241	50000c34
	constant pool entry 240	50000bcd
	constant pool entry 239	5000012b
	constant pool entry 237	50000c60
	constant pool entry 236	50000c4d
	constant pool entry 235	500000ba
	constant pool entry 231	50000171
	constant pool entry 229	50000e54
	constant pool entry 228	50000105
	constant pool entry 227	50000127
	constant pool entry 226	50000102
	constant pool entry 222	50000e7b
	constant pool entry 221	5000003a
	constant pool entry 217	500004d4
	constant pool entry 216	500007c5
	constant pool entry 215	500007b2
	constant pool entry 214	5000012d
	constant pool entry 213	5000012c
	constant pool entry 209	5000017a
	constant pool entry 207	50000181
	constant pool entry 203	50000c91
	constant pool entry 200	5000016f
	constant pool entry 199	5000017b
	constant pool entry 198	5000017d
	constant pool entry 194	50000e86
	constant pool entry 193	5000012e
	constant pool entry 12	50001794
	constant pool entry 3	50001c22
CLS 50000128 (name=sun.misc.Launcher$ExtClassLoader, trace=300000)
	super		5000012d
	static instance	5000164c
	constant pool entry 235	5000010a
	constant pool entry 121	50000004
	constant pool entry 120	500000df
	constant pool entry 118	50000039
	constant pool entry 117	5000012a
	constant pool entry 116	5000003b
	constant pool entry 115	500000f6
	constant pool entry 114	50000038
	constant pool entry 110	50000102
	constant pool entry 106	5000012d
	constant pool entry 105	5000012c
	constant pool entry 101	5000017a
	constant pool entry 100	50000181
	constant pool entry 98	5000017b
	constant pool entry 96	5000012e
	constant pool entry 4	50000128
	constant pool entry 2	50002ebb
	constant pool entry 1	50003488
CLS 50000129 (name=sun.misc.Launcher$AppClassLoader, trace=300000)
	super		5000012d
	constant pool entry 103	50000004
	constant pool entry 102	500000df
	constant pool entry 100	50000002
	constant pool entry 99	50000129
	constant pool entry 98	5000003b
	constant pool entry 94	50000102
	constant pool entry 92	5000012d
	constant pool entry 89	5000017a
	constant pool entry 84	5000017b
	constant pool entry 83	5000017d
	constant pool entry 3	5000012a
	constant pool entry 2	5000348d
CLS 5000012a (name=sun.misc.Launcher, trace=300000)
	super		50000185
	static factory	5000348c
	static launcher	5000348b
	static bootClassPath	500018ac
	constant pool entry 216	5000010a
	constant pool entry 119	50000012
	constant pool entry 118	50000042
	constant pool entry 117	50000128
	constant pool entry 116	50000269
	constant pool entry 115	50000129
	constant pool entry 113	5000012a
	constant pool entry 112	5000012c
	constant pool entry 110	5000015d
	constant pool entry 109	5000017a
	constant pool entry 107	50000181
	constant pool entry 105	50000185
	constant pool entry 96	5000012e
	constant pool entry 8	5000348a
	constant pool entry 7	50003489
CLS 5000012b (name=java.util.jar.Manifest, trace=300000)
	super		50000185
	constant pool entry 228	5000010a
	constant pool entry 108	50000c51
	constant pool entry 107	5000012b
	constant pool entry 106	50000c4d
	constant pool entry 103	5000015a
	constant pool entry 101	500000d9
	constant pool entry 97	50000185
CLS 5000012c (name=java.net.URL, trace=300000)
	super		50000185
	static BUILTIN_HANDLERS_PREFIX	50001c37
	static protocolPathProp	50001c33
	static handlers	50001c3c
	static streamHandlerLock	50001c3b
	static serialPersistentFields	50001c3a
	constant pool entry 548	5000010a
	constant pool entry 261	50000064
	constant pool entry 259	50000038
	constant pool entry 258	50000158
	constant pool entry 257	50000102
	constant pool entry 254	5000000f
	constant pool entry 252	5000012c
	constant pool entry 247	50000010
	constant pool entry 242	5000017a
	constant pool entry 241	50000134
	constant pool entry 239	50000185
	constant pool entry 238	5000011d
	constant pool entry 232	5000017d
	constant pool entry 229	5000010f
	constant pool entry 26	50000181
	constant pool entry 25	50001c39
	constant pool entry 24	50001c38
	constant pool entry 22	50001c37
	constant pool entry 21	50001c36
	constant pool entry 19	50001c35
	constant pool entry 18	50001c34
	constant pool entry 16	50001c33
	constant pool entry 15	50001c32
	constant pool entry 14	50001c31
	constant pool entry 13	50001c30
	constant pool entry 11	50001c2f
	constant pool entry 4	50001c22
	constant pool entry 3	50001c2e
	constant pool entry 2	50001798
	constant pool entry 1	5000177a
CLS 5000012e (name=java.io.File, trace=300000)
	super		50000185
	static fs	50001c6a
	static separator	50001c69
	static pathSeparator	50001c68
	static UNSAFE	500017bd
	constant pool entry 277	50000133
	constant pool entry 266	5000017a
	constant pool entry 265	50000134
	constant pool entry 264	50000181
	constant pool entry 259	50000185
	constant pool entry 253	5000017d
	constant pool entry 245	50000062
	constant pool entry 242	5000005c
	constant pool entry 240	50000063
	constant pool entry 20	5000012e
	constant pool entry 19	50001c67
	constant pool entry 18	50001c66
	constant pool entry 1	5000177a
CLS 5000012f (name=java.io.ByteArrayInputStream, trace=300000)
	super		50000130
	constant pool entry 41	5000017a
	constant pool entry 37	50000130
	constant pool entry 35	5000012f
CLS 50000131 (name=java.io.Closeable, trace=300000)
CLS 50000132 (name=java.lang.AutoCloseable, trace=300000)
CLS 50000133 (name=sun.misc.Unsafe, trace=300000)
	super		50000185
	static theUnsafe	500017bd
	constant pool entry 387	5000010a
	constant pool entry 190	500000da
	constant pool entry 189	500000d4
	constant pool entry 186	50000181
	constant pool entry 184	50000185
	constant pool entry 181	5000017d
	constant pool entry 12	50000133
	constant pool entry 11	5000018d
	constant pool entry 10	50000188
	constant pool entry 9	5000011b
	constant pool entry 8	50000186
	constant pool entry 7	50000187
	constant pool entry 6	5000018b
	constant pool entry 5	5000018a
	constant pool entry 4	5000018c
	constant pool entry 3	50000189
	constant pool entry 2	500017bc
CLS 50000136 (name=java.lang.AbstractStringBuilder, trace=300000)
	super		50000185
	constant pool entry 316	5000010a
	constant pool entry 149	500000b5
	constant pool entry 148	5000017a
	constant pool entry 144	50000181
	constant pool entry 142	50000185
	constant pool entry 141	5000011c
	constant pool entry 134	50000136
CLS 50000134 (name=java.lang.StringBuilder, trace=300000)
	super		50000136
	constant pool entry 79	50000134
	constant pool entry 78	50000181
	constant pool entry 75	50000136
CLS 50000135 (name=java.lang.StringBuffer, trace=300000)
	super		50000136
	static serialPersistentFields	50001e1c
	constant pool entry 369	5000010a
	constant pool entry 109	500000b5
	constant pool entry 107	50000135
	constant pool entry 106	50000181
	constant pool entry 105	5000011d
	constant pool entry 102	50000124
	constant pool entry 101	50000136
	constant pool entry 99	5000010f
	constant pool entry 4	5000018c
	constant pool entry 3	5000191a
	constant pool entry 2	50001e1b
	constant pool entry 1	50001e1a
CLS 50000137 (name=java.lang.Appendable, trace=300000)
CLS 5000013b (name=java.lang.invoke.CallSite, trace=300000)
	super		50000185
CLS 50000138 (name=java.lang.invoke.VolatileCallSite, trace=300000)
	super		5000013b
CLS 50000139 (name=java.lang.invoke.MutableCallSite, trace=300000)
	super		5000013b
CLS 5000013a (name=java.lang.invoke.ConstantCallSite, trace=300000)
	super		5000013b
CLS 5000013c (name=java.lang.BootstrapMethodError, trace=300000)
	super		5000016e
CLS 5000013d (name=java.lang.invoke.MethodType, trace=300000)
	super		50000185
CLS 5000013e (name=java.lang.invoke.LambdaForm, trace=300000)
	super		50000185
CLS 5000013f (name=java.lang.invoke.MethodHandleNatives, trace=300000)
	super		50000185
	constant pool entry 227	50000197
	constant pool entry 203	5000017d
	constant pool entry 32	5000013f
CLS 50000140 (name=java.lang.invoke.MemberName, trace=300000)
	super		50000185
	static CONSTRUCTOR_NAME	500035de
	constant pool entry 290	5000017d
	constant pool entry 45	50000140
CLS 50000142 (name=java.lang.invoke.MethodHandle, trace=300000)
	super		50000185
	constant pool entry 194	50000133
	constant pool entry 189	500001bc
	constant pool entry 187	50000197
	constant pool entry 171	5000017d
	constant pool entry 14	50000142
	constant pool entry 11	500035c9
CLS 50000141 (name=java.lang.invoke.DirectMethodHandle, trace=300000)
	super		50000142
CLS 50000143 (name=sun.reflect.CallerSensitive, trace=300000)
CLS 50000144 (name=java.lang.annotation.Annotation, trace=300000)
CLS 50000147 (name=sun.reflect.FieldAccessorImpl, trace=300000)
	super		5000014f
CLS 50000146 (name=sun.reflect.UnsafeFieldAccessorImpl, trace=300000)
	super		50000147
CLS 50000145 (name=sun.reflect.UnsafeStaticFieldAccessorImpl, trace=300000)
	super		50000146
CLS 50000148 (name=sun.reflect.FieldAccessor, trace=300000)
CLS 50000149 (name=sun.reflect.ConstantPool, trace=300000)
	super		50000185
CLS 5000014a (name=sun.reflect.DelegatingClassLoader, trace=300000)
	super		5000017b
CLS 5000014c (name=sun.reflect.ConstructorAccessor, trace=300000)
CLS 5000014d (name=sun.reflect.MethodAccessorImpl, trace=300000)
	super		5000014f
CLS 5000014e (name=sun.reflect.MethodAccessor, trace=300000)
CLS 50000156 (name=java.lang.reflect.AccessibleObject, trace=300000)
	super		50000185
	static ACCESS_PERMISSION	500017a2
	static reflectionFactory	50001799
	constant pool entry 77	500000ff
	constant pool entry 76	500000f4
	constant pool entry 74	50000102
	constant pool entry 73	50000101
	constant pool entry 71	50000150
	constant pool entry 69	50000156
	constant pool entry 68	5000017a
	constant pool entry 65	50000185
	constant pool entry 4	5000017d
	constant pool entry 3	500017a1
CLS 50000152 (name=java.lang.reflect.Executable, trace=300000)
	super		50000156
	constant pool entry 163	50000156
CLS 50000150 (name=java.lang.reflect.Constructor, trace=300000)
	super		50000152
	constant pool entry 146	500000f4
	constant pool entry 144	5000014c
	constant pool entry 138	50000152
	constant pool entry 137	50000150
	constant pool entry 130	5000017d
	constant pool entry 128	50000116
CLS 50000151 (name=java.lang.reflect.Method, trace=300000)
	super		50000152
CLS 50000153 (name=java.lang.reflect.Parameter, trace=300000)
	super		50000185
CLS 50000154 (name=java.lang.reflect.Field, trace=300000)
	super		50000156
	constant pool entry 138	50000154
	constant pool entry 137	50000156
CLS 50000155 (name=java.lang.reflect.Member, trace=300000)
CLS 50000159 (name=java.util.Dictionary, trace=300000)
	super		50000185
	constant pool entry 18	50000185
CLS 50000158 (name=java.util.Hashtable, trace=300000)
	super		50000159
	constant pool entry 414	5000010a
	constant pool entry 204	500000ee
	constant pool entry 202	500000d8
	constant pool entry 201	5000015a
	constant pool entry 200	5000008f
	constant pool entry 197	5000008e
	constant pool entry 196	50000094
	constant pool entry 195	500000d3
	constant pool entry 193	50000158
	constant pool entry 192	50000159
	constant pool entry 190	500000ef
	constant pool entry 186	50000185
	constant pool entry 184	500000d1
	constant pool entry 181	50000121
CLS 50000157 (name=java.util.Properties, trace=300000)
	super		50000158
	static hexDigit	500018da
	constant pool entry 261	5000010a
	constant pool entry 127	50000ceb
	constant pool entry 126	50000157
	constant pool entry 123	50000158
	constant pool entry 117	50000181
CLS 5000015a (name=java.util.Map, trace=300000)
CLS 5000015b (name=java.lang.ThreadGroup, trace=300000)
	super		50000185
	constant pool entry 266	5000010a
	constant pool entry 120	5000015b
	constant pool entry 117	5000015d
	constant pool entry 116	5000017a
	constant pool entry 113	50000185
	constant pool entry 7	50002f96
CLS 5000015c (name=java.lang.Thread$UncaughtExceptionHandler, trace=300000)
CLS 5000015e (name=java.lang.Runnable, trace=300000)
CLS 50000163 (name=java.lang.ref.FinalReference, trace=300000)
	super		50000166
	constant pool entry 7	50000166
CLS 50000160 (name=java.lang.ref.Finalizer, trace=300000)
	super		50000163
	static queue	50001644
	static unfinalized	5000130c
	static lock	500035a3
	constant pool entry 70	5000015f
	constant pool entry 69	500000d0
	constant pool entry 65	50000160
	constant pool entry 64	50000163
	constant pool entry 62	5000015b
	constant pool entry 61	5000015d
	constant pool entry 60	50000185
CLS 50000162 (name=java.lang.ref.PhantomReference, trace=300000)
	super		50000166
CLS 50000161 (name=sun.misc.Cleaner, trace=300000)
	super		50000162
	static dummyQueue	50002f94
	constant pool entry 31	50000161
	constant pool entry 29	5000015f
CLS 50000167 (name=java.lang.IllegalMonitorStateException, trace=300000)
	super		50000175
CLS 5000016a (name=java.lang.VirtualMachineError, trace=300000)
	super		50000178
CLS 50000168 (name=java.lang.StackOverflowError, trace=300000)
	super		5000016a
CLS 50000169 (name=java.lang.OutOfMemoryError, trace=300000)
	super		5000016a
CLS 5000016b (name=java.lang.ArrayStoreException, trace=300000)
	super		50000175
CLS 5000016c (name=java.lang.ClassCastException, trace=300000)
	super		50000175
CLS 5000016d (name=java.lang.NoClassDefFoundError, trace=300000)
	super		5000016e
CLS 50000170 (name=java.lang.ReflectiveOperationException, trace=300000)
	super		50000176
	constant pool entry 13	50000176
CLS 5000016f (name=java.lang.ClassNotFoundException, trace=300000)
	super		50000170
	constant pool entry 18	50000170
CLS 50000172 (name=java.security.AccessControlContext, trace=300000)
	super		50000185
	constant pool entry 135	50000102
	constant pool entry 132	50000172
	constant pool entry 126	50000185
CLS 50000173 (name=java.security.ProtectionDomain, trace=300000)
	super		50000185
	constant pool entry 270	5000010a
	constant pool entry 134	50000041
	constant pool entry 133	500000df
	constant pool entry 129	50000008
	constant pool entry 128	5000000b
	constant pool entry 127	50000009
	constant pool entry 125	50000173
	constant pool entry 124	50000007
	constant pool entry 122	50000e55
	constant pool entry 121	50000e54
	constant pool entry 111	50000185
	constant pool entry 10	50002f8d
CLS 50000174 (name=java.lang.SecurityManager, trace=300000)
	super		50000185
CLS 50000177 (name=java.lang.ThreadDeath, trace=300000)
	super		50000178
CLS 5000017a (name=java.lang.System, trace=300000)
	super		50000185
	static in	50001783
	static out	50001782
	static err	50001781
	static props	50001780
	static lineSeparator	5000177f
	constant pool entry 183	500000da
	constant pool entry 182	5000008c
	constant pool entry 181	500000d4
	constant pool entry 180	500000df
	constant pool entry 177	50000157
	constant pool entry 173	5000015b
	constant pool entry 172	5000015d
	constant pool entry 171	50000052
	constant pool entry 170	50000047
	constant pool entry 167	50000181
	constant pool entry 164	5000008d
	constant pool entry 156	5000007c
	constant pool entry 154	50000085
	constant pool entry 153	5000008b
	constant pool entry 152	5000008a
	constant pool entry 151	5000007b
	constant pool entry 150	50000083
	constant pool entry 14	5000017a
	constant pool entry 13	5000177e
	constant pool entry 11	5000177d
	constant pool entry 10	5000177c
	constant pool entry 7	5000177b
	constant pool entry 1	5000177a
CLS 5000017c (name=java.lang.Cloneable, trace=300000)
CLS 5000017d (name=java.lang.Class, trace=300000)
	super		50000185
	static serialPersistentFields	5000179a
	static reflectionFactory	50001799
	constant pool entry 1188	5000010a
	constant pool entry 504	500000ff
	constant pool entry 503	500000f4
	constant pool entry 502	500000da
	constant pool entry 486	50000102
	constant pool entry 477	50000154
	constant pool entry 476	50000150
	constant pool entry 473	50000165
	constant pool entry 469	5000017a
	constant pool entry 467	50000181
	constant pool entry 449	5000017b
	constant pool entry 447	500000c4
	constant pool entry 444	500000c3
	constant pool entry 441	500000c5
	constant pool entry 439	500000ae
	constant pool entry 437	5000010f
	constant pool entry 19	5000017d
	constant pool entry 4	50001798
CLS 5000017e (name=java.lang.reflect.Type, trace=300000)
CLS 5000017f (name=java.lang.reflect.GenericDeclaration, trace=300000)
CLS 50000180 (name=java.lang.reflect.AnnotatedElement, trace=300000)
CLS 50000181 (name=java.lang.String, trace=300000)
	super		50000185
	static serialPersistentFields	50001796
	static CASE_INSENSITIVE_ORDER	50001795
	constant pool entry 538	5000010a
	constant pool entry 257	50000ca9
	constant pool entry 256	50000dc4
	constant pool entry 253	5000002f
	constant pool entry 252	500000fa
	constant pool entry 249	5000010c
	constant pool entry 248	500000b5
	constant pool entry 247	500000f0
	constant pool entry 244	5000017a
	constant pool entry 242	500000a1
	constant pool entry 239	5000010b
	constant pool entry 237	50000181
	constant pool entry 236	50000185
	constant pool entry 234	500000d1
	constant pool entry 224	50000123
	constant pool entry 223	50000182
	constant pool entry 219	5000010f
	constant pool entry 218	500000db
	constant pool entry 14	50001794
	constant pool entry 13	50001774
	constant pool entry 12	50001762
	constant pool entry 11	50001776
	constant pool entry 10	50001793
	constant pool entry 9	50001792
	constant pool entry 8	50001791
	constant pool entry 7	50001775
	constant pool entry 6	50001790
	constant pool entry 5	5000177a
CLS 50000182 (name=java.lang.CharSequence, trace=300000)
CLS 50000183 (name=java.lang.Comparable, trace=300000)
CLS 50000184 (name=java.io.Serializable, trace=300000)
CLS 50000186 (name=long[], trace=300000)
	super		50000185
CLS 50000187 (name=int[], trace=300000)
	super		50000185
CLS 50000188 (name=short[], trace=300000)
	super		50000185
CLS 50000189 (name=byte[], trace=300000)
	super		50000185
CLS 5000018a (name=double[], trace=300000)
	super		50000185
CLS 5000018b (name=float[], trace=300000)
	super		50000185
CLS 5000018c (name=char[], trace=300000)
	super		50000185
CLS 5000018d (name=boolean[], trace=300000)
	super		50000185
CLS 50000197 (name=java.lang.invoke.MethodHandleImpl, trace=300003)
	super		50000185
	static PRODUCE_BLOCK_INLINING_FORM	500001a5
	static PRODUCE_REINVOKER_FORM	500001a7
	static FAKE_METHOD_HANDLE_INVOKE	500001a9
	static NO_ARGS_ARRAY	500001aa
	static FILL_ARRAY_TO_RIGHT	500001ab
	static TYPED_COLLECTORS	500001b3
	constant pool entry 966	5000010a
	constant pool entry 380	50000102
	constant pool entry 364	500001ad
	constant pool entry 363	500001a6
	constant pool entry 362	500001a4
	constant pool entry 361	5000019a
	constant pool entry 360	500001ba
	constant pool entry 340	5000017d
	constant pool entry 27	50000197
	constant pool entry 26	50000142
	constant pool entry 23	50000185
	constant pool entry 22	5000011d
CLS 5000019a (name=java.lang.invoke.MethodHandleImpl$1, trace=300006)
	super		50000185
	constant pool entry 30	5000019a
	constant pool entry 29	50000134
	constant pool entry 28	50000185
	constant pool entry 27	5000011d
	constant pool entry 26	5000017d
	constant pool entry 2	50000197
	constant pool entry 1	500035dc
CLS 500001a3 (name=java.util.function.Function, trace=300014)
CLS 500001a4 (name=java.lang.invoke.MethodHandleImpl$2, trace=300014)
	super		50000185
	constant pool entry 24	50000185
CLS 500001a6 (name=java.lang.invoke.MethodHandleImpl$3, trace=300016)
	super		50000185
	constant pool entry 20	50000185
CLS 500001a8 (name=java.lang.invoke.MethodHandle[], trace=300018)
	super		50000185
CLS 500001ac (name=java.lang.ClassValue, trace=300021)
	super		50000185
	static EMPTY_CACHE	500001b0
	static nextHashCode	500001b1
	static CRITICAL_SECTION	500001b2
	constant pool entry 171	5000010a
	constant pool entry 69	500000c6
	constant pool entry 67	50000185
	constant pool entry 66	500001b6
	constant pool entry 65	500001b4
	constant pool entry 64	500001ae
	constant pool entry 62	500001ac
CLS 500001ad (name=java.lang.invoke.MethodHandleImpl$4, trace=300021)
	super		500001ac
	constant pool entry 12	500001ac
CLS 500001ae (name=java.lang.ClassValue$Entry, trace=300022)
	super		50000164
	static DEAD_ENTRY	500001b8
	constant pool entry 39	50000164
	constant pool entry 37	500001ae
	constant pool entry 36	5000017d
	constant pool entry 1	500001ac
CLS 500001af (name=java.lang.ClassValue$Entry[], trace=300023)
	super		50000185
CLS 500001b4 (name=java.lang.ClassValue$Identity, trace=300027)
	super		50000185
	constant pool entry 10	50000185
CLS 500001b6 (name=java.lang.ClassValue$Version, trace=300029)
	super		50000185
	constant pool entry 21	50000185
	constant pool entry 20	500001b6
	constant pool entry 19	500001ae
CLS 500001ba (name=java.lang.invoke.MemberName$Factory, trace=300033)
	super		50000185
	static INSTANCE	500001bb
	constant pool entry 100	500001ba
	constant pool entry 96	50000185
	constant pool entry 91	5000017d
	constant pool entry 10	50000140
CLS 500001bc (name=java.lang.invoke.MethodHandleStatics, trace=300035)
	super		50000185
	static UNSAFE	500017bd
	constant pool entry 193	5000010a
	constant pool entry 95	50000133
	constant pool entry 94	50000102
	constant pool entry 92	500001be
	constant pool entry 91	500001bc
	constant pool entry 85	50000185
	constant pool entry 83	5000011d
	constant pool entry 79	50000124
CLS 500001be (name=java.lang.invoke.MethodHandleStatics$1, trace=300037)
	super		50000185
	constant pool entry 49	500001be
	constant pool entry 47	5000017a
	constant pool entry 46	50000185
	constant pool entry 45	5000011d
	constant pool entry 44	50000124
	constant pool entry 10	50001794
	constant pool entry 9	500035d2
	constant pool entry 8	500035d1
	constant pool entry 7	500035d0
	constant pool entry 6	500035cf
	constant pool entry 5	500035ce
	constant pool entry 4	500035cd
	constant pool entry 3	500035cc
	constant pool entry 2	500035cb
	constant pool entry 1	500035ca
CLS 500001c5 (name=sun.misc.PostVMInitHook, trace=300000)
	super		50000185
	constant pool entry 20	500001c6
	constant pool entry 19	500001c5
	constant pool entry 18	5000017a
	constant pool entry 2	500035e8
	constant pool entry 1	500035e7
CLS 500001c6 (name=sun.usagetracker.UsageTrackerClient, trace=300042)
	super		50000185
	static LOCK	500001c7
	static ORCL_UT_CONFIG_FILE_NAME	500035f6
	static ORCL_UT_USAGE_DIR	500035ea
	static ORCL_UT_PROPERTY_NAME	50003609
	static ORCL_UT_PROPERTY_RUN_SYNCHRONOUSLY	50003608
	static ORCL_UT_PROPERTY_CONFIG_FILE_NAME	500035f1
	static ORCL_UT_LOGTOFILE	50003607
	static ORCL_UT_LOGFILEMAXSIZE	50003606
	static ORCL_UT_LOGTOUDP	50003605
	static ORCL_UT_RECORD_MAXSIZE	50003604
	static ORCL_UT_RECORD_MAXFIELDSIZE	50003603
	static ORCL_UT_SEND_TRUNCATED	50003602
	static ORCL_UT_TRACK_LAST_USAGE	50003601
	static ORCL_UT_VERBOSE	50003600
	static ORCL_UT_DEBUG	500035ff
	static ORCL_UT_ADDITIONALPROPERTIES	500035fe
	static ORCL_UT_SEPARATOR	500035fd
	static ORCL_UT_QUOTE	500035fc
	static ORCL_UT_QUOTE_INNER	500035fb
	static DISABLE_LAST_USAGE_PROP_NAME	500035f2
	static DEFAULT_SEP	50001e90
	static DEFAULT_QUOTE	500035fa
	static DEFAULT_QUOTE_INNER	500035f9
	static isFirstRun	500001cc
	static javaHome	5000188a
	static userHomeKeyword	500035f8
	constant pool entry 531	5000010a
	constant pool entry 321	500001d7
	constant pool entry 320	500001f8
	constant pool entry 319	500001e5
	constant pool entry 318	500001cd
	constant pool entry 317	500001c6
	constant pool entry 316	500001c8
	constant pool entry 314	50000102
	constant pool entry 312	5000017a
	constant pool entry 311	50000134
	constant pool entry 310	50000181
	constant pool entry 308	50000185
	constant pool entry 306	5000011c
	constant pool entry 300	50000085
	constant pool entry 298	5000012e
	constant pool entry 53	500035f7
	constant pool entry 51	500035f6
	constant pool entry 48	500035f5
	constant pool entry 47	50002744
	constant pool entry 46	500035f4
	constant pool entry 45	500035f3
	constant pool entry 43	50001e94
	constant pool entry 42	500035f2
	constant pool entry 41	50001e91
	constant pool entry 27	500035f1
	constant pool entry 25	500035f0
	constant pool entry 18	500035ef
	constant pool entry 17	50001ed2
	constant pool entry 15	500035ee
	constant pool entry 14	500035ed
	constant pool entry 13	500035ec
	constant pool entry 10	500035eb
	constant pool entry 9	500035ea
	constant pool entry 8	500035e9
CLS 500001c8 (name=java.util.concurrent.atomic.AtomicBoolean, trace=300044)
	super		50000185
	static unsafe	500017bd
	constant pool entry 49	50000133
	constant pool entry 48	50000185
	constant pool entry 45	5000017d
	constant pool entry 2	500001c8
	constant pool entry 1	5000191a
CLS 500001cd (name=sun.usagetracker.UsageTrackerClient$1, trace=300046)
	super		50000185
	constant pool entry 25	500001cd
	constant pool entry 22	5000017a
	constant pool entry 21	50000185
CLS 500001d7 (name=sun.usagetracker.UsageTrackerClient$4, trace=300054)
	super		50000185
	constant pool entry 58	500001d7
	constant pool entry 57	500001c6
	constant pool entry 53	5000017a
	constant pool entry 50	50000185
	constant pool entry 49	50000124
	constant pool entry 4	50001794
	constant pool entry 3	50003608
	constant pool entry 2	50003620
CLS 500001e5 (name=sun.usagetracker.UsageTrackerClient$2, trace=300066)
	super		50000185
	constant pool entry 25	500001e5
	constant pool entry 23	500001e7
	constant pool entry 21	50000185
CLS 500001e7 (name=jdk.internal.util.EnvUtils, trace=300068)
	super		50000185
CLS 500001f8 (name=sun.usagetracker.UsageTrackerClient$3, trace=300081)
	super		50000185
	constant pool entry 25	500001f8
	constant pool entry 22	50000185
	constant pool entry 21	5000012e
CLS 50000230 (name=sun.nio.cs.Unicode, trace=300124)
	super		500000cf
	constant pool entry 109	500000cf
CLS 50000231 (name=sun.nio.cs.UTF_8, trace=300124)
	super		50000230
	constant pool entry 33	50000230
	constant pool entry 32	5000023c
	constant pool entry 31	50000c14
	constant pool entry 28	500000cc
	constant pool entry 2	50001f31
	constant pool entry 1	50001ed2
CLS 5000023c (name=sun.nio.cs.UTF_8$Encoder, trace=300134)
	super		50000075
	constant pool entry 77	5000023c
	constant pool entry 69	50000075
	constant pool entry 66	500000d1
CLS 50000243 (name=java.io.FileOutputStream$1, trace=300140)
	super		50000185
	constant pool entry 19	50000185
	constant pool entry 17	50000243
	constant pool entry 16	50000085
CLS 50000246 (name=sun.launcher.LauncherHelper, trace=300000)
	super		5000005d
	static INSTANCE	50000247
	static MAIN_CLASS	50002e9c
	static outBuf	5000024a
	static INDENT	50003635
	static VM_SETTINGS	50003634
	static PROP_SETTINGS	50003633
	static LOCALE_SETTINGS	50003632
	static diagprop	500017c1
	static defaultBundleName	5000190f
	static ostream	50001781
	static scloader	5000164a
	static encprop	50003631
	static $VALUES	50000249
	constant pool entry 695	5000010a
	constant pool entry 400	500000d4
	constant pool entry 397	5000024d
	constant pool entry 390	5000024e
	constant pool entry 380	50000840
	constant pool entry 370	5000017a
	constant pool entry 369	50000134
	constant pool entry 366	50000185
	constant pool entry 362	5000011d
	constant pool entry 360	5000005d
	constant pool entry 358	5000017b
	constant pool entry 355	5000007c
	constant pool entry 353	5000012e
	constant pool entry 70	50000246
	constant pool entry 66	500017c1
	constant pool entry 55	50003424
	constant pool entry 53	5000341c
	constant pool entry 52	50003440
	constant pool entry 51	50003418
	constant pool entry 46	50003430
	constant pool entry 26	50003630
	constant pool entry 19	5000362f
CLS 50000248 (name=sun.launcher.LauncherHelper[], trace=300143)
	super		50000185
CLS 5000024d (name=sun.launcher.LauncherHelper$ResourceBundleHolder, trace=300147)
	super		50000185
	static RB	500007d9
	constant pool entry 18	5000024d
	constant pool entry 16	5000024e
	constant pool entry 1	5000190f
CLS 5000024e (name=java.util.ResourceBundle, trace=300148)
	super		50000185
	static NONEXISTENT_BUNDLE	50000250
	static cacheList	50000251
	static referenceQueue	50000252
	constant pool entry 214	500000da
	constant pool entry 213	5000002c
	constant pool entry 212	5000002b
	constant pool entry 211	500000ee
	constant pool entry 210	50000255
	constant pool entry 209	50000afa
	constant pool entry 208	50000733
	constant pool entry 205	50000744
	constant pool entry 203	50000755
	constant pool entry 202	500007a7
	constant pool entry 201	5000024f
	constant pool entry 199	5000002f
	constant pool entry 198	500000fa
	constant pool entry 197	5000008f
	constant pool entry 193	5000015f
	constant pool entry 190	5000017a
	constant pool entry 188	50000181
	constant pool entry 187	50000185
	constant pool entry 180	5000017d
	constant pool entry 178	500000db
	constant pool entry 11	50000254
	constant pool entry 10	5000024e
CLS 5000024f (name=java.util.ResourceBundle$1, trace=300149)
	super		5000024e
	constant pool entry 16	5000024e
CLS 50000254 (name=java.util.spi.ResourceBundleControlProvider, trace=300154)
CLS 50000255 (name=java.util.ServiceLoader, trace=300155)
	super		50000185
	static PREFIX	50003450
	constant pool entry 133	50000258
	constant pool entry 132	5000025a
	constant pool entry 131	50000255
	constant pool entry 129	50000091
	constant pool entry 127	5000005f
	constant pool entry 120	5000017a
	constant pool entry 117	50000185
	constant pool entry 115	5000017b
	constant pool entry 114	5000017d
	constant pool entry 7	5000344f
CLS 50000258 (name=java.util.ServiceLoader$LazyIterator, trace=300158)
	super		50000185
	constant pool entry 99	50000258
	constant pool entry 97	50000255
	constant pool entry 93	50000090
	constant pool entry 88	50000134
	constant pool entry 86	50000185
	constant pool entry 83	5000017b
	constant pool entry 82	5000017d
	constant pool entry 5	50003450
CLS 5000025a (name=java.util.ServiceLoader$1, trace=300160)
	super		50000185
	constant pool entry 41	500000ee
	constant pool entry 40	50000258
	constant pool entry 39	5000025a
	constant pool entry 38	50000255
	constant pool entry 35	5000005f
	constant pool entry 34	5000008f
	constant pool entry 32	50000185
CLS 5000025c (name=java.util.LinkedHashMap$LinkedEntrySet, trace=300162)
	super		500000ed
	constant pool entry 54	5000025c
	constant pool entry 53	5000025f
	constant pool entry 47	500000ed
CLS 5000025e (name=java.util.LinkedHashMap$LinkedHashIterator, trace=300164)
	super		50000185
	constant pool entry 41	5000025e
	constant pool entry 39	5000005f
	constant pool entry 35	50000185
CLS 5000025f (name=java.util.LinkedHashMap$LinkedEntryIterator, trace=300164)
	super		5000025e
	constant pool entry 21	5000025e
	constant pool entry 20	5000025f
CLS 50000267 (name=java.util.Enumeration[], trace=300170)
	super		50000185
CLS 50000269 (name=sun.misc.Launcher$BootClassPathHolder, trace=300171)
	super		50000185
	static bcp	500004c1
	constant pool entry 28	50000004
	constant pool entry 27	5000026a
	constant pool entry 26	50000269
	constant pool entry 25	5000012a
	constant pool entry 24	50000102
	constant pool entry 21	5000000d
CLS 5000026a (name=sun.misc.Launcher$BootClassPathHolder$1, trace=300172)
	super		50000185
	constant pool entry 39	50000036
	constant pool entry 38	5000026a
	constant pool entry 36	5000012a
	constant pool entry 35	500000ee
	constant pool entry 34	50000005
	constant pool entry 32	50000185
	constant pool entry 31	5000012e
CLS 500004ce (name=sun.misc.URLClassPath$2, trace=300268)
	super		50000185
	constant pool entry 38	500004e0
	constant pool entry 37	500004ce
	constant pool entry 36	50000004
	constant pool entry 33	50000185
CLS 500004d0 (name=java.lang.ClassLoader$2, trace=300270)
	super		50000185
	constant pool entry 22	50000090
	constant pool entry 21	50000185
	constant pool entry 20	500004d0
CLS 500004d2 (name=sun.misc.URLClassPath$1, trace=300272)
	super		50000185
	constant pool entry 38	500004e0
	constant pool entry 37	500004d2
	constant pool entry 36	50000004
	constant pool entry 33	50000185
CLS 500004d4 (name=java.net.URLClassLoader$3, trace=300274)
	super		50000185
	constant pool entry 35	50000102
	constant pool entry 34	500005de
	constant pool entry 33	500004d4
	constant pool entry 32	5000012d
	constant pool entry 30	50000185
CLS 500004d6 (name=sun.misc.CompoundEnumeration, trace=300276)
	super		50000185
	constant pool entry 23	500004d6
	constant pool entry 21	50000090
	constant pool entry 20	50000185
CLS 500004d8 (name=sun.net.util.URLUtil, trace=300278)
	super		50000185
	constant pool entry 57	5000012c
	constant pool entry 56	50000134
	constant pool entry 55	50000181
	constant pool entry 3	50001c2d
CLS 500004de (name=sun.misc.URLClassPath$3, trace=300283)
	super		50000185
	constant pool entry 48	500004e1
	constant pool entry 46	500004de
	constant pool entry 45	50000004
	constant pool entry 43	5000012c
	constant pool entry 42	50000181
	constant pool entry 41	50000185
	constant pool entry 1	50001c22
CLS 500004e0 (name=sun.misc.URLClassPath$Loader, trace=300285)
	super		50000185
	constant pool entry 64	500004e0
	constant pool entry 54	50000185
CLS 500004e1 (name=sun.misc.URLClassPath$JarLoader, trace=300285)
	super		500004e0
	static zipAccess	500004e6
	constant pool entry 213	50000012
	constant pool entry 211	500004e0
	constant pool entry 209	50000c35
	constant pool entry 208	50000536
	constant pool entry 207	500004e1
	constant pool entry 205	500000df
	constant pool entry 203	50000036
	constant pool entry 198	50000538
	constant pool entry 194	50000b50
	constant pool entry 184	50000544
	constant pool entry 183	50000102
	constant pool entry 178	5000012c
	constant pool entry 175	5000017a
	constant pool entry 174	50000134
	constant pool entry 173	50000181
	constant pool entry 171	50000541
	constant pool entry 170	50000542
	constant pool entry 169	5000012e
	constant pool entry 8	50001c23
	constant pool entry 7	50001c30
	constant pool entry 2	50001e64
	constant pool entry 1	5000177a
CLS 500004e2 (name=java.util.zip.ZipConstants, trace=300286)
CLS 500004e3 (name=java.util.zip.ZipFile, trace=300286)
	super		50000185
	constant pool entry 263	500000d4
	constant pool entry 262	500000df
	constant pool entry 261	50000bcd
	constant pool entry 260	50000c44
	constant pool entry 257	500004e5
	constant pool entry 256	500004e3
	constant pool entry 254	50000c12
	constant pool entry 252	50000bb8
	constant pool entry 249	500000ba
	constant pool entry 245	5000015a
	constant pool entry 241	50000bb5
	constant pool entry 240	50000b5c
	constant pool entry 237	5000017a
	constant pool entry 233	50000185
	constant pool entry 226	5000012e
	constant pool entry 11	500017c5
	constant pool entry 9	50001ead
CLS 500004e4 (name=sun.misc.JavaUtilZipFileAccess, trace=300287)
CLS 500004e5 (name=java.util.zip.ZipFile$1, trace=300287)
	super		50000185
	constant pool entry 12	50000185
CLS 50000536 (name=sun.misc.URLClassPath$JarLoader$1, trace=300306)
	super		50000185
	constant pool entry 71	50000536
	constant pool entry 70	500004e1
	constant pool entry 69	50000004
	constant pool entry 68	50000beb
	constant pool entry 60	50000185
CLS 50000538 (name=sun.misc.FileURLMapper, trace=300308)
	super		50000185
	constant pool entry 43	50000012
	constant pool entry 42	50000538
	constant pool entry 41	5000012c
	constant pool entry 39	50000181
	constant pool entry 38	50000185
	constant pool entry 37	5000012e
	constant pool entry 1	5000177a
CLS 50000541 (name=java.io.IOException, trace=300317)
	super		50000176
	constant pool entry 14	50000176
CLS 50000542 (name=java.io.FileNotFoundException, trace=300317)
	super		50000541
	constant pool entry 26	50000541
CLS 50000544 (name=java.security.PrivilegedActionException, trace=300319)
	super		50000176
	constant pool entry 34	50000544
	constant pool entry 29	50000176
CLS 500005de (name=java.net.URLClassLoader$3$1, trace=300321)
	super		50000185
	constant pool entry 27	50000090
	constant pool entry 25	500005de
	constant pool entry 24	500004d4
	constant pool entry 22	50000185
CLS 50000733 (name=java.util.ResourceBundle$RBClassLoader, trace=300323)
	super		5000017b
	static INSTANCE	50000736
	static loader	5000164c
	constant pool entry 37	50000734
	constant pool entry 36	50000733
	constant pool entry 33	50000102
	constant pool entry 31	5000017b
CLS 50000734 (name=java.util.ResourceBundle$RBClassLoader$1, trace=300324)
	super		50000185
	constant pool entry 20	50000734
	constant pool entry 19	50000733
	constant pool entry 15	50000185
CLS 50000744 (name=java.util.ResourceBundle$Control, trace=300338)
	super		50000185
	static FORMAT_DEFAULT	50000748
	static FORMAT_CLASS	5000074b
	static FORMAT_PROPERTIES	5000074e
	static INSTANCE	5000074f
	static CANDIDATES_CACHE	50000751
	constant pool entry 315	5000010a
	constant pool entry 162	50000750
	constant pool entry 161	500007c3
	constant pool entry 160	50000744
	constant pool entry 157	5000002f
	constant pool entry 155	500000ef
	constant pool entry 154	500000fb
	constant pool entry 153	500000b5
	constant pool entry 152	500000f0
	constant pool entry 150	50000102
	constant pool entry 145	50000134
	constant pool entry 144	50000181
	constant pool entry 143	50000185
	constant pool entry 137	5000016f
	constant pool entry 136	5000017b
	constant pool entry 134	5000017d
	constant pool entry 8	5000024e
	constant pool entry 6	50001e95
	constant pool entry 5	50003453
	constant pool entry 4	50001bf2
	constant pool entry 3	50001c2d
	constant pool entry 1	5000177a
CLS 50000746 (name=java.util.Arrays$ArrayList, trace=300340)
	super		500000f7
	constant pool entry 58	50000091
	constant pool entry 57	50000746
	constant pool entry 55	500000f7
	constant pool entry 51	5000011b
CLS 50000750 (name=java.util.ResourceBundle$Control$CandidateListCache, trace=300346)
	super		5000002e
	constant pool entry 85	5000002e
	constant pool entry 84	5000001c
	constant pool entry 83	50000750
	constant pool entry 79	5000002f
	constant pool entry 78	500000fa
	constant pool entry 77	5000075d
	constant pool entry 75	50000181
	constant pool entry 14	50001bf5
	constant pool entry 13	50001daa
	constant pool entry 12	50001da9
	constant pool entry 11	50001da8
	constant pool entry 4	50001bf4
	constant pool entry 2	50001bf3
	constant pool entry 1	5000177a
CLS 50000755 (name=java.util.ResourceBundle$CacheKey, trace=300351)
	super		50000185
	constant pool entry 92	50000758
	constant pool entry 91	50000755
	constant pool entry 90	5000024e
	constant pool entry 89	5000002f
	constant pool entry 87	50000181
	constant pool entry 85	50000185
	constant pool entry 79	5000017b
CLS 50000757 (name=java.util.ResourceBundle$CacheKeyReference, trace=300353)
CLS 50000758 (name=java.util.ResourceBundle$LoaderReference, trace=300353)
	super		50000164
	constant pool entry 16	50000758
	constant pool entry 12	50000164
CLS 5000075a (name=java.util.Queue, trace=300355)
CLS 5000075b (name=java.util.Deque, trace=300355)
CLS 5000075c (name=java.util.AbstractSequentialList, trace=300355)
	super		500000f7
	constant pool entry 36	500000f7
CLS 5000075d (name=java.util.LinkedList, trace=300355)
	super		5000075c
	constant pool entry 301	5000010a
	constant pool entry 150	50000770
	constant pool entry 145	5000075d
	constant pool entry 142	5000075c
	constant pool entry 139	50000185
CLS 50000770 (name=java.util.LinkedList$Node, trace=300369)
	super		50000185
	constant pool entry 17	50000770
	constant pool entry 15	50000185
CLS 5000079c (name=java.util.ListResourceBundle, trace=300382)
	super		5000024e
	constant pool entry 38	5000024e
	constant pool entry 37	5000015a
	constant pool entry 36	5000079c
	constant pool entry 35	500000d9
	constant pool entry 33	50000181
CLS 5000079d (name=sun.launcher.resources.launcher, trace=300382)
	super		5000079c
	constant pool entry 87	5000079c
CLS 500007a7 (name=java.util.ResourceBundle$BundleReference, trace=300386)
	super		50000165
	constant pool entry 14	500007a7
	constant pool entry 12	50000165
CLS 500007b2 (name=java.net.URLClassLoader$1, trace=300394)
	super		50000185
	constant pool entry 43	50000004
	constant pool entry 40	500007b2
	constant pool entry 39	5000012d
	constant pool entry 38	50000181
	constant pool entry 37	50000185
	constant pool entry 1	50002eba
CLS 500007c3 (name=java.util.ResourceBundle$Control$1, trace=300407)
	super		50000185
	constant pool entry 46	500007c3
	constant pool entry 40	50000185
	constant pool entry 38	5000017b
CLS 500007c5 (name=java.net.URLClassLoader$2, trace=300409)
	super		50000185
	constant pool entry 23	50000004
	constant pool entry 21	500007c5
	constant pool entry 20	5000012d
	constant pool entry 19	50000185
CLS 500007d1 (name=sun.launcher.resources.launcher_zh_CN, trace=300382)
	super		5000079c
	constant pool entry 93	5000010a
	constant pool entry 87	5000079c
	constant pool entry 86	50000185
	constant pool entry 85	5000011b
	constant pool entry 38	50003413
	constant pool entry 37	50003447
	constant pool entry 36	50003443
	constant pool entry 35	5000340f
	constant pool entry 34	5000340b
	constant pool entry 33	50003403
	constant pool entry 32	5000341f
	constant pool entry 31	5000341b
	constant pool entry 30	5000344b
	constant pool entry 29	50003437
	constant pool entry 28	50003407
	constant pool entry 27	50003424
	constant pool entry 26	5000343c
	constant pool entry 25	5000341c
	constant pool entry 24	50003440
	constant pool entry 23	50003418
	constant pool entry 22	50003420
	constant pool entry 21	50003408
	constant pool entry 20	5000344c
	constant pool entry 19	50003444
	constant pool entry 18	50003438
	constant pool entry 17	50003428
	constant pool entry 16	50003430
	constant pool entry 15	50003414
	constant pool entry 14	50003410
	constant pool entry 13	5000340c
	constant pool entry 12	50003404
	constant pool entry 11	50003448
	constant pool entry 10	50003434
	constant pool entry 9	5000342c
	constant pool entry 8	50003423
	constant pool entry 7	5000343b
	constant pool entry 6	50003417
	constant pool entry 5	5000343f
	constant pool entry 4	50003433
	constant pool entry 3	5000342f
	constant pool entry 2	50003427
	constant pool entry 1	5000342b
CLS 50000815 (name=java.lang.Object[][], trace=300413)
	super		50000185
CLS 5000083f (name=java.text.Format, trace=300435)
	super		50000185
	constant pool entry 58	5000083f
	constant pool entry 57	50000874
	constant pool entry 53	50000135
	constant pool entry 52	50000185
CLS 50000840 (name=java.text.MessageFormat, trace=300435)
	super		5000083f
	static TYPE_KEYWORDS	50000841
	static NUMBER_MODIFIER_KEYWORDS	50000842
	static DATE_TIME_MODIFIER_KEYWORDS	50000843
	static DATE_TIME_MODIFIERS	50000844
	constant pool entry 508	5000010a
	constant pool entry 280	5000084a
	constant pool entry 279	5000002f
	constant pool entry 277	50000878
	constant pool entry 271	500008ad
	constant pool entry 270	5000087b
	constant pool entry 269	50000840
	constant pool entry 267	5000083f
	constant pool entry 266	50000874
	constant pool entry 257	50000134
	constant pool entry 256	50000135
	constant pool entry 255	50000181
	constant pool entry 252	50000122
	constant pool entry 250	5000011d
	constant pool entry 239	5000011b
	constant pool entry 31	50003644
	constant pool entry 30	50001a35
	constant pool entry 29	50003643
	constant pool entry 28	50003642
	constant pool entry 25	50003641
	constant pool entry 24	50001923
	constant pool entry 23	50003640
	constant pool entry 22	5000363f
	constant pool entry 20	5000363e
	constant pool entry 19	5000363d
	constant pool entry 18	5000363c
	constant pool entry 2	5000177a
CLS 50000846 (name=java.text.Format[], trace=300441)
	super		50000185
CLS 5000084a (name=java.util.Locale$Category, trace=300444)
	super		5000005d
	static DISPLAY	5000084b
	static FORMAT	5000084c
	static $VALUES	5000084e
	constant pool entry 77	5000010a
	constant pool entry 43	5000005d
	constant pool entry 42	5000084d
	constant pool entry 11	5000084a
	constant pool entry 10	50001e08
	constant pool entry 9	50001e07
	constant pool entry 8	50001e06
	constant pool entry 7	50001e05
	constant pool entry 6	50001e04
	constant pool entry 5	50001e03
	constant pool entry 4	50001e02
	constant pool entry 3	50001e01
	constant pool entry 2	50001e00
	constant pool entry 1	50001dff
CLS 5000084d (name=java.util.Locale$Category[], trace=300447)
	super		50000185
CLS 5000084f (name=java.util.Locale$1, trace=300448)
	super		50000185
	static $SwitchMap$java$util$Locale$Category	50000850
	constant pool entry 38	5000010a
	constant pool entry 23	5000084a
	constant pool entry 22	5000084f
CLS 5000085b (name=java.lang.StringBuilder[], trace=300454)
	super		50000185
CLS 50000874 (name=java.text.FieldPosition, trace=300466)
	super		50000185
	constant pool entry 55	5000150c
	constant pool entry 53	50000874
	constant pool entry 51	50000185
CLS 50000878 (name=java.util.Date, trace=300470)
	super		50000185
CLS 50000879 (name=java.text.AttributedCharacterIterator$Attribute, trace=300471)
	super		50000185
	static instanceMap	5000087c
	static LANGUAGE	5000087d
	static READING	50000880
	static INPUT_METHOD_SEGMENT	50000882
	constant pool entry 70	5000015a
	constant pool entry 69	500000d9
	constant pool entry 65	50000185
	constant pool entry 8	50000879
	constant pool entry 5	500036a4
	constant pool entry 4	50001cfc
	constant pool entry 3	500036a3
CLS 5000087a (name=java.text.Format$Field, trace=300471)
	super		50000879
	constant pool entry 17	50000879
CLS 5000087b (name=java.text.MessageFormat$Field, trace=300471)
	super		5000087a
	static ARGUMENT	50000884
	constant pool entry 33	5000087a
	constant pool entry 3	5000087b
	constant pool entry 1	500036e2
CLS 500008ad (name=java.text.NumberFormat, trace=300487)
	super		5000083f
	constant pool entry 172	500008b0
	constant pool entry 164	500008ad
	constant pool entry 163	5000083f
	constant pool entry 153	500000d1
	constant pool entry 5	500008af
CLS 500008ae (name=java.util.spi.LocaleServiceProvider, trace=300488)
	super		50000185
	constant pool entry 15	50000185
CLS 500008af (name=java.text.spi.NumberFormatProvider, trace=300488)
	super		500008ae
	constant pool entry 11	500008ae
CLS 500008b0 (name=sun.util.locale.provider.LocaleProviderAdapter, trace=300489)
	super		50000185
	static adapterPreference	500008c8
	static jreLocaleProviderAdapter	500008b3
	static spiLocaleProviderAdapter	500008ba
	static defaultLocaleProviderAdapter	500008c0
	static adapterCache	500008bc
	constant pool entry 169	500008b7
	constant pool entry 167	500008bf
	constant pool entry 166	500008d0
	constant pool entry 165	500008b2
	constant pool entry 160	50000064
	constant pool entry 159	500008ae
	constant pool entry 158	5000002c
	constant pool entry 157	5000002b
	constant pool entry 156	500000ee
	constant pool entry 153	5000002f
	constant pool entry 152	500000fa
	constant pool entry 151	5000008f
	constant pool entry 150	500000ef
	constant pool entry 149	500000f0
	constant pool entry 148	50000102
	constant pool entry 146	50000181
	constant pool entry 144	50000185
	constant pool entry 141	5000017d
	constant pool entry 8	500008b0
	constant pool entry 6	50003651
	constant pool entry 5	50003650
	constant pool entry 4	5000364f
	constant pool entry 3	5000364e
CLS 500008b1 (name=sun.util.locale.provider.ResourceBundleBasedAdapter, trace=300490)
CLS 500008b2 (name=sun.util.locale.provider.JRELocaleProviderAdapter, trace=300490)
	super		500008b0
	static LOCALE_DATA_JAR_NAME	50003670
	static isNonENSupported	500018e0
	constant pool entry 249	50000aeb
	constant pool entry 246	500008d5
	constant pool entry 245	50000ae5
	constant pool entry 244	500008bf
	constant pool entry 243	500008b0
	constant pool entry 241	500008d6
	constant pool entry 239	50000915
	constant pool entry 237	50000f42
	constant pool entry 234	500010fb
	constant pool entry 228	50000064
	constant pool entry 222	5000002c
	constant pool entry 221	5000002b
	constant pool entry 220	50000038
	constant pool entry 219	500000ee
	constant pool entry 217	50000005
	constant pool entry 209	50000102
	constant pool entry 207	50000134
	constant pool entry 206	50000181
	constant pool entry 203	5000017d
	constant pool entry 202	50000124
	constant pool entry 201	5000012e
	constant pool entry 30	500008b2
	constant pool entry 29	50001c39
	constant pool entry 25	50003670
	constant pool entry 24	50001e94
	constant pool entry 23	50001e91
	constant pool entry 21	5000366f
	constant pool entry 18	5000366e
	constant pool entry 14	50003664
	constant pool entry 13	5000366d
	constant pool entry 10	50003666
	constant pool entry 9	5000366c
CLS 500008b6 (name=sun.util.locale.provider.AuxLocaleProviderAdapter, trace=300494)
	super		500008b0
	static NULL_PROVIDER	500008b9
	constant pool entry 86	500008b0
	constant pool entry 85	500008b8
	constant pool entry 83	500008b6
	constant pool entry 81	5000002c
	constant pool entry 80	5000002b
CLS 500008b7 (name=sun.util.locale.provider.SPILocaleProviderAdapter, trace=300494)
	super		500008b6
	constant pool entry 63	5000126f
	constant pool entry 59	500008b6
	constant pool entry 52	50000102
CLS 500008b8 (name=sun.util.locale.provider.AuxLocaleProviderAdapter$NullProvider, trace=300495)
	super		500008ae
	constant pool entry 15	500008b8
	constant pool entry 12	500008ae
CLS 500008bf (name=sun.util.locale.provider.LocaleProviderAdapter$Type, trace=300502)
	super		5000005d
	static JRE	500008c0
	static CLDR	500008c1
	static SPI	500008c2
	static HOST	500008c3
	static FALLBACK	500008c4
	static $VALUES	500008c6
	constant pool entry 79	5000010a
	constant pool entry 44	5000005d
	constant pool entry 43	500008c5
	constant pool entry 10	500008bf
	constant pool entry 9	5000365b
	constant pool entry 8	5000365a
	constant pool entry 7	50003659
	constant pool entry 6	50003658
	constant pool entry 5	50003652
	constant pool entry 4	50003657
	constant pool entry 3	50003656
	constant pool entry 2	50003655
	constant pool entry 1	50003654
CLS 500008c5 (name=sun.util.locale.provider.LocaleProviderAdapter$Type[], trace=300508)
	super		50000185
CLS 500008cc (name=java.util.Collections$UnmodifiableCollection$1, trace=300512)
	super		50000185
	constant pool entry 31	5000008f
	constant pool entry 30	500008cc
	constant pool entry 29	500000e8
	constant pool entry 27	500000fb
	constant pool entry 25	50000185
CLS 500008ce (name=java.util.ArrayList$Itr, trace=300514)
	super		50000185
	constant pool entry 42	500008ce
	constant pool entry 41	500000f0
	constant pool entry 40	50000185
CLS 500008d0 (name=sun.util.locale.provider.LocaleProviderAdapter$1, trace=300516)
	super		50000185
	static $SwitchMap$sun$util$locale$provider$LocaleProviderAdapter$Type	500008d1
	constant pool entry 47	5000010a
	constant pool entry 27	500008bf
	constant pool entry 26	500008d0
CLS 500008d4 (name=sun.util.locale.provider.AvailableLanguageTags, trace=300520)
CLS 500008d5 (name=sun.util.locale.provider.NumberFormatProviderImpl, trace=300520)
	super		500008af
	constant pool entry 75	500008d5
	constant pool entry 74	50000ae5
	constant pool entry 72	500008b0
	constant pool entry 69	500008af
	constant pool entry 68	50000f3a
	constant pool entry 67	500014db
CLS 500008d6 (name=sun.util.locale.provider.LocaleDataMetaInfo, trace=300521)
	super		50000185
	static resourceNameToLocales	500008d7
	constant pool entry 54	500008d6
	constant pool entry 53	500000d9
	constant pool entry 52	50000181
	constant pool entry 17	500036c8
	constant pool entry 16	500036c7
	constant pool entry 15	50003664
	constant pool entry 14	50003666
	constant pool entry 13	500036c6
	constant pool entry 12	500036c5
	constant pool entry 11	500036c4
	constant pool entry 10	500036c3
	constant pool entry 9	500036c2
	constant pool entry 8	500036c1
	constant pool entry 7	500036c0
	constant pool entry 6	500036bf
	constant pool entry 5	500036be
	constant pool entry 4	500036bd
	constant pool entry 3	500036bc
	constant pool entry 2	500036bb
	constant pool entry 1	500036ba
CLS 50000915 (name=sun.util.locale.provider.JRELocaleProviderAdapter$1, trace=300536)
	super		50000185
	constant pool entry 25	50000915
	constant pool entry 22	50000185
	constant pool entry 21	50000124
	constant pool entry 20	5000012e
CLS 50000a95 (name=sun.util.locale.LanguageTag, trace=300542)
	super		50000185
	static SEP	50001c52
	static PRIVATEUSE	50001dc3
	static UNDETERMINED	50001dc2
	static PRIVUSE_VARIANT_PREFIX	50001dc1
	static GRANDFATHERED	50000a96
	constant pool entry 474	5000010a
	constant pool entry 294	50000017
	constant pool entry 292	50000a95
	constant pool entry 290	5000001c
	constant pool entry 288	5000015a
	constant pool entry 287	500000fa
	constant pool entry 285	500000d9
	constant pool entry 284	500000ef
	constant pool entry 281	50000181
	constant pool entry 280	50000185
	constant pool entry 277	500000db
	constant pool entry 72	50001dc0
	constant pool entry 71	50001dbf
	constant pool entry 70	50001dbe
	constant pool entry 69	50001dbd
	constant pool entry 68	50001dbc
	constant pool entry 66	50001dbb
	constant pool entry 64	50001dba
	constant pool entry 63	50001db9
	constant pool entry 61	50001db8
	constant pool entry 60	50001db7
	constant pool entry 59	50001db6
	constant pool entry 58	50001db5
	constant pool entry 57	50001db4
	constant pool entry 56	50001db3
	constant pool entry 55	50001db2
	constant pool entry 54	50001db1
	constant pool entry 53	50001db0
	constant pool entry 52	50001daf
	constant pool entry 51	50001dae
	constant pool entry 50	50001dad
	constant pool entry 49	50001dac
	constant pool entry 48	50001dab
	constant pool entry 47	50001daa
	constant pool entry 46	50001da9
	constant pool entry 45	50001da8
	constant pool entry 44	50001da7
	constant pool entry 43	50001da6
	constant pool entry 40	50001da5
	constant pool entry 39	50001da4
	constant pool entry 38	50001da3
	constant pool entry 37	50001da2
	constant pool entry 36	50001da1
	constant pool entry 34	50001da0
	constant pool entry 33	50001d9f
	constant pool entry 32	50001d9e
	constant pool entry 31	50001d9d
	constant pool entry 30	50001d9c
	constant pool entry 29	50001d9b
	constant pool entry 28	50001d9a
	constant pool entry 27	50001d99
	constant pool entry 26	50001d98
	constant pool entry 25	50001d97
	constant pool entry 24	50001d96
	constant pool entry 23	50001d95
	constant pool entry 22	50001d94
	constant pool entry 21	50001d93
	constant pool entry 19	50001d92
	constant pool entry 18	50001d91
	constant pool entry 17	50001d90
	constant pool entry 16	50001d8f
	constant pool entry 15	50001d8e
	constant pool entry 14	50001d8d
	constant pool entry 13	50001d8c
	constant pool entry 12	50001d8b
	constant pool entry 11	50001d8a
	constant pool entry 1	5000177a
CLS 50000a97 (name=java.lang.String[][], trace=300544)
	super		50000185
CLS 50000adf (name=java.util.Collections$EmptyIterator, trace=300579)
	super		50000185
	static EMPTY_ITERATOR	50000ae0
	constant pool entry 29	50000adf
	constant pool entry 26	50000185
CLS 50000ae5 (name=sun.util.locale.provider.LocaleResources, trace=300585)
	super		50000185
	static BREAK_ITERATOR_INFO	5000367e
	static CALENDAR_DATA	5000367d
	static COLLATION_DATA_CACHEKEY	5000367c
	static DECIMAL_FORMAT_SYMBOLS_DATA_CACHEKEY	50003674
	static CURRENCY_NAMES	50003673
	static LOCALE_NAMES	5000367b
	static TIME_ZONE_NAMES	5000367a
	static ZONE_IDS_CACHEKEY	50003679
	static CALENDAR_NAMES	50003678
	static NUMBER_PATTERNS_CACHEKEY	50003675
	static DATE_TIME_PATTERN	50003677
	static NULLOBJECT	50000ae6
	constant pool entry 393	5000010a
	constant pool entry 218	500012b0
	constant pool entry 217	50000aeb
	constant pool entry 216	500008b1
	constant pool entry 215	50000f36
	constant pool entry 213	500008b0
	constant pool entry 210	5000002c
	constant pool entry 209	5000002b
	constant pool entry 207	5000024e
	constant pool entry 204	5000002f
	constant pool entry 199	5000015f
	constant pool entry 198	50000134
	constant pool entry 197	50000181
	constant pool entry 196	50000185
	constant pool entry 193	5000017d
	constant pool entry 190	500000db
	constant pool entry 189	5000011b
	constant pool entry 28	50000ae5
	constant pool entry 25	50003676
	constant pool entry 18	50003082
	constant pool entry 17	5000303e
	constant pool entry 15	50003675
	constant pool entry 13	5000313e
	constant pool entry 9	50003674
	constant pool entry 7	50003673
	constant pool entry 3	50003672
CLS 50000aeb (name=sun.util.resources.LocaleData, trace=300591)
	super		50000185
	constant pool entry 74	500012b0
	constant pool entry 70	50000af4
	constant pool entry 69	50000aeb
	constant pool entry 68	500008bf
	constant pool entry 66	5000024e
	constant pool entry 65	50000102
	constant pool entry 64	50000134
	constant pool entry 62	50000185
	constant pool entry 5	50003669
	constant pool entry 4	50003668
CLS 50000af4 (name=sun.util.resources.LocaleData$1, trace=300599)
	super		50000185
	constant pool entry 29	50000af6
	constant pool entry 28	50000af4
	constant pool entry 25	5000024e
	constant pool entry 23	50000185
CLS 50000af6 (name=sun.util.resources.LocaleData$LocaleDataResourceBundleControl, trace=300601)
	super		50000744
	static INSTANCE	50000af7
	static DOTCLDR	5000366a
	constant pool entry 95	50000af6
	constant pool entry 93	500008bf
	constant pool entry 92	500008b0
	constant pool entry 91	500008b2
	constant pool entry 90	500000ee
	constant pool entry 89	50000744
	constant pool entry 87	5000002f
	constant pool entry 86	500000fa
	constant pool entry 85	5000008f
	constant pool entry 84	50000134
	constant pool entry 83	50000181
	constant pool entry 81	5000017d
	constant pool entry 4	50000aeb
	constant pool entry 3	50001cf6
	constant pool entry 1	5000366a
CLS 50000afa (name=java.util.ResourceBundle$SingleFormatControl, trace=300604)
	super		50000744
CLS 50000b1e (name=sun.util.resources.ParallelListResourceBundle, trace=300382)
	super		5000024e
	constant pool entry 68	50000f50
	constant pool entry 66	50000b1e
	constant pool entry 64	50000b28
	constant pool entry 63	5000002c
	constant pool entry 62	5000002b
	constant pool entry 61	500000ee
	constant pool entry 60	5000024e
	constant pool entry 57	50000181
CLS 50000b1f (name=sun.text.resources.FormatData, trace=300382)
	super		50000b1e
	constant pool entry 447	5000010a
	constant pool entry 442	50000b1e
	constant pool entry 440	50000181
	constant pool entry 439	50000185
	constant pool entry 438	5000011b
	constant pool entry 214	500022f8
	constant pool entry 213	5000316e
	constant pool entry 212	50003138
	constant pool entry 211	500030ee
	constant pool entry 210	5000317c
	constant pool entry 209	50003132
	constant pool entry 208	50003124
	constant pool entry 207	50003044
	constant pool entry 206	50003022
	constant pool entry 205	50003021
	constant pool entry 204	5000301e
	constant pool entry 203	50003176
	constant pool entry 202	50003146
	constant pool entry 201	50003066
	constant pool entry 200	500030ca
	constant pool entry 199	50003172
	constant pool entry 198	50003154
	constant pool entry 197	5000307c
	constant pool entry 196	50003128
	constant pool entry 195	5000316a
	constant pool entry 194	50003192
	constant pool entry 193	50003160
	constant pool entry 192	500030ce
	constant pool entry 191	50003150
	constant pool entry 190	5000313c
	constant pool entry 189	50003180
	constant pool entry 188	50003074
	constant pool entry 187	500030ea
	constant pool entry 186	50003142
	constant pool entry 185	50003078
	constant pool entry 184	50003080
	constant pool entry 183	500030f2
	constant pool entry 182	5000312c
	constant pool entry 181	500030d2
	constant pool entry 180	500030d6
	constant pool entry 179	50003196
	constant pool entry 178	500030db
	constant pool entry 177	500030da
	constant pool entry 176	500030dd
	constant pool entry 175	500030de
	constant pool entry 174	500030df
	constant pool entry 173	500030dc
	constant pool entry 172	500030e0
	constant pool entry 171	50003197
	constant pool entry 170	50003085
	constant pool entry 169	500030a8
	constant pool entry 168	50003062
	constant pool entry 167	50003042
	constant pool entry 166	500030cc
	constant pool entry 165	5000313a
	constant pool entry 164	500030e8
	constant pool entry 163	50003140
	constant pool entry 162	50003152
	constant pool entry 161	50003144
	constant pool entry 160	50003014
	constant pool entry 159	50003122
	constant pool entry 158	5000311b
	constant pool entry 157	50003076
	constant pool entry 156	5000301a
	constant pool entry 155	500030d4
	constant pool entry 154	50003148
	constant pool entry 153	50003118
	constant pool entry 152	50003190
	constant pool entry 151	5000315e
	constant pool entry 150	50003136
	constant pool entry 149	50003126
	constant pool entry 148	5000317e
	constant pool entry 147	5000307a
	constant pool entry 146	50003174
	constant pool entry 145	5000311e
	constant pool entry 144	5000314e
	constant pool entry 143	500030c8
	constant pool entry 142	50003170
	constant pool entry 141	50003072
	constant pool entry 140	50003168
	constant pool entry 139	50003130
	constant pool entry 138	5000317a
	constant pool entry 137	5000318e
	constant pool entry 136	50003164
	constant pool entry 135	50003156
	constant pool entry 134	5000312e
	constant pool entry 133	5000302c
	constant pool entry 132	50003060
	constant pool entry 131	5000310e
	constant pool entry 130	50003158
	constant pool entry 129	50003159
	constant pool entry 128	5000315a
	constant pool entry 127	500030f0
	constant pool entry 126	5000307e
	constant pool entry 125	5000316c
	constant pool entry 124	500030d0
	constant pool entry 123	500030b3
	constant pool entry 122	500030b1
	constant pool entry 121	500030b2
	constant pool entry 120	500030ec
	constant pool entry 119	5000319b
	constant pool entry 118	50003162
	constant pool entry 117	5000318c
	constant pool entry 116	50003036
	constant pool entry 115	500030aa
	constant pool entry 114	500030a6
	constant pool entry 113	500030ae
	constant pool entry 112	5000312a
	constant pool entry 111	50003064
	constant pool entry 110	50003194
	constant pool entry 109	500030d8
	constant pool entry 108	5000311a
	constant pool entry 107	500030bd
	constant pool entry 106	5000309b
	constant pool entry 105	5000308f
	constant pool entry 104	500030bc
	constant pool entry 103	5000309a
	constant pool entry 102	50003178
	constant pool entry 101	500030be
	constant pool entry 100	5000309c
	constant pool entry 99	5000302f
	constant pool entry 98	5000308e
	constant pool entry 97	500030ba
	constant pool entry 96	50003098
	constant pool entry 95	50003030
	constant pool entry 94	500031a7
	constant pool entry 93	50003050
	constant pool entry 92	500030c0
	constant pool entry 91	5000309e
	constant pool entry 90	5000308c
	constant pool entry 89	50003185
	constant pool entry 88	500031a8
	constant pool entry 87	50003051
	constant pool entry 86	50003082
	constant pool entry 85	5000303e
	constant pool entry 84	500031a9
	constant pool entry 83	50003052
	constant pool entry 82	50003023
	constant pool entry 81	500030f4
	constant pool entry 80	5000319e
	constant pool entry 79	50003046
	constant pool entry 78	500030bb
	constant pool entry 77	50003099
	constant pool entry 76	5000302e
	constant pool entry 75	5000304c
	constant pool entry 74	500031a2
	constant pool entry 73	5000304a
	constant pool entry 72	5000306b
	constant pool entry 71	5000306c
	constant pool entry 70	5000306d
	constant pool entry 69	5000308d
	constant pool entry 68	500031a4
	constant pool entry 67	5000304d
	constant pool entry 66	500031a5
	constant pool entry 65	5000304e
	constant pool entry 64	500031a0
	constant pool entry 63	50003048
	constant pool entry 62	5000319a
	constant pool entry 61	50003031
	constant pool entry 60	50003038
	constant pool entry 59	50003039
	constant pool entry 58	5000303a
	constant pool entry 57	50003166
	constant pool entry 56	50003188
	constant pool entry 55	50003113
	constant pool entry 54	50003110
	constant pool entry 53	50003111
	constant pool entry 52	50003112
	constant pool entry 51	500030bf
	constant pool entry 50	5000309d
	constant pool entry 49	500031a1
	constant pool entry 48	50003049
	constant pool entry 47	50003090
	constant pool entry 46	50003134
	constant pool entry 45	5000306a
	constant pool entry 44	500030b0
	constant pool entry 43	50003020
	constant pool entry 42	5000313e
	constant pool entry 41	500031aa
	constant pool entry 40	50003053
	constant pool entry 39	5000308a
	constant pool entry 38	500030b8
	constant pool entry 37	50003096
	constant pool entry 36	50003120
	constant pool entry 35	50003189
	constant pool entry 34	50003068
	constant pool entry 33	50003016
	constant pool entry 32	500030ac
	constant pool entry 31	5000314a
	constant pool entry 30	500031a6
	constant pool entry 29	5000304f
	constant pool entry 28	500031a3
	constant pool entry 27	5000304b
	constant pool entry 26	50003182
	constant pool entry 25	50003184
	constant pool entry 24	50003017
	constant pool entry 23	5000314b
	constant pool entry 22	5000301c
	constant pool entry 21	500030fe
	constant pool entry 20	500030fd
	constant pool entry 19	500030fc
	constant pool entry 18	500030fb
	constant pool entry 17	500030fa
	constant pool entry 16	500030f9
	constant pool entry 15	500030f8
	constant pool entry 14	500030f7
	constant pool entry 13	50003101
	constant pool entry 12	50003100
	constant pool entry 11	500030ff
	constant pool entry 10	500030f6
	constant pool entry 9	50003040
	constant pool entry 8	50001798
	constant pool entry 7	50001c52
	constant pool entry 6	50001e90
	constant pool entry 5	5000301d
	constant pool entry 4	50003084
	constant pool entry 3	50003086
	constant pool entry 2	5000301f
	constant pool entry 1	5000177a
CLS 50000b28 (name=java.util.concurrent.atomic.AtomicMarkableReference, trace=300616)
	super		50000185
	static UNSAFE	500017bd
	constant pool entry 52	50000133
	constant pool entry 51	50000b2b
	constant pool entry 50	50000185
	constant pool entry 47	5000017d
	constant pool entry 2	50000b28
	constant pool entry 1	500031b6
CLS 50000b2b (name=java.util.concurrent.atomic.AtomicMarkableReference$Pair, trace=300617)
	super		50000185
	constant pool entry 18	50000b2b
	constant pool entry 16	50000185
CLS 50000b50 (name=java.util.jar.JarFile, trace=300632)
	super		500004e3
	static MANIFEST_NAME	50001e65
	static CLASSPATH_CHARS	50000b54
	static CLASSPATH_LASTOCC	50000b55
	static CLASSPATH_OPTOSFT	50000b56
	constant pool entry 448	5000010a
	constant pool entry 219	50000ca4
	constant pool entry 218	50000e3b
	constant pool entry 215	500000df
	constant pool entry 214	50000c48
	constant pool entry 213	500004e3
	constant pool entry 212	50000c12
	constant pool entry 210	5000012b
	constant pool entry 209	50000b52
	constant pool entry 207	50000c7b
	constant pool entry 206	50000c1a
	constant pool entry 201	50000b50
	constant pool entry 199	50000c19
	constant pool entry 197	5000002f
	constant pool entry 192	50000165
	constant pool entry 189	50000181
	constant pool entry 186	50000130
	constant pool entry 184	5000012e
	constant pool entry 183	5000012f
	constant pool entry 5	50001e65
CLS 50000b51 (name=sun.misc.JavaUtilJarAccess, trace=300633)
CLS 50000b52 (name=java.util.jar.JavaUtilJarAccessImpl, trace=300633)
	super		50000185
	constant pool entry 22	50000185
CLS 50000b5c (name=java.nio.charset.StandardCharsets, trace=300639)
	super		50000185
	static US_ASCII	50000b61
	static ISO_8859_1	50000b73
	static UTF_8	50000239
	static UTF_16BE	50000b89
	static UTF_16LE	50000b9b
	static UTF_16	50000bad
	constant pool entry 33	50000b5c
	constant pool entry 32	500000cf
	constant pool entry 7	50001ed2
	constant pool entry 6	50001ed1
	constant pool entry 5	50001ed0
	constant pool entry 4	50001ecf
	constant pool entry 3	50001ece
	constant pool entry 1	50001ecd
CLS 50000b60 (name=sun.nio.cs.US_ASCII, trace=300640)
	super		500000cf
	constant pool entry 25	500000cc
	constant pool entry 23	500000cf
	constant pool entry 2	50001ece
CLS 50000b6b (name=sun.nio.cs.ISO_8859_1, trace=300124)
	super		500000cf
	constant pool entry 31	500000cc
	constant pool entry 25	500000cf
	constant pool entry 1	50001ecd
CLS 50000b81 (name=sun.nio.cs.UTF_16BE, trace=300124)
	super		50000230
	constant pool entry 24	50000230
	constant pool entry 20	500000cc
	constant pool entry 1	50001ed0
CLS 50000b93 (name=sun.nio.cs.UTF_16LE, trace=300124)
	super		50000230
	constant pool entry 24	50000230
	constant pool entry 20	500000cc
	constant pool entry 1	50001ed1
CLS 50000ba5 (name=sun.nio.cs.UTF_16, trace=300124)
	super		50000230
	constant pool entry 22	50000230
	constant pool entry 18	500000cc
	constant pool entry 1	50001ecf
CLS 50000bb5 (name=java.util.ArrayDeque, trace=300652)
	super		500000f8
	constant pool entry 264	5000010a
	constant pool entry 135	500000f8
	constant pool entry 132	50000185
	constant pool entry 126	5000017d
	constant pool entry 3	50000bb5
CLS 50000bb8 (name=java.util.zip.ZipCoder, trace=300655)
	super		50000185
	constant pool entry 192	5000010a
	constant pool entry 84	50000076
	constant pool entry 83	50000098
	constant pool entry 82	50000bb8
	constant pool entry 81	500000b5
	constant pool entry 80	50000b5c
	constant pool entry 79	50000095
	constant pool entry 77	50000075
	constant pool entry 76	50000097
	constant pool entry 75	500000cf
	constant pool entry 72	50000181
	constant pool entry 71	50000185
CLS 50000bcd (name=sun.misc.PerfCounter, trace=300667)
	super		50000185
	static perf	50000bd1
	constant pool entry 78	50000bd2
	constant pool entry 77	50000bcd
	constant pool entry 76	50000bce
	constant pool entry 75	50000bd0
	constant pool entry 74	50000102
	constant pool entry 73	50000bd9
	constant pool entry 72	50000070
	constant pool entry 71	50000073
	constant pool entry 70	5000017a
	constant pool entry 68	50000185
CLS 50000bce (name=sun.misc.Perf$GetPerfAction, trace=300668)
	super		50000185
	constant pool entry 16	50000bce
	constant pool entry 15	50000bd0
	constant pool entry 13	50000185
CLS 50000bd0 (name=sun.misc.Perf, trace=300670)
	super		50000185
	static instance	50000bd1
	constant pool entry 76	50000bd0
	constant pool entry 73	5000017a
	constant pool entry 69	50000185
CLS 50000bd2 (name=sun.misc.PerfCounter$CoreCounters, trace=300672)
	super		50000185
	static pdt	50000bd3
	static lc	50000bdc
	static lct	50000bdf
	static rcbt	50000be2
	static zfc	50000be5
	static zfot	50000be8
	constant pool entry 30	50000bd2
	constant pool entry 29	50000bcd
	constant pool entry 6	50001eb3
	constant pool entry 5	50001eb2
	constant pool entry 4	50001eb1
	constant pool entry 3	50001eb0
	constant pool entry 2	50001eaf
	constant pool entry 1	50001eae
CLS 50000bd4 (name=sun.nio.ch.DirectBuffer, trace=300674)
CLS 50000bd5 (name=java.nio.MappedByteBuffer, trace=300674)
	super		50000073
	constant pool entry 42	50000bd5
	constant pool entry 41	50000073
CLS 50000bd6 (name=java.nio.DirectByteBuffer, trace=300674)
	super		50000bd5
	static unsafe	500017bd
	constant pool entry 239	50000133
	constant pool entry 236	50000bd5
	constant pool entry 229	50000bda
	constant pool entry 200	50000071
	constant pool entry 194	5000017d
	constant pool entry 2	50000bd6
	constant pool entry 1	50000189
CLS 50000bd9 (name=java.nio.LongBuffer, trace=300677)
	super		50000125
	constant pool entry 92	50000bd9
	constant pool entry 88	50000125
CLS 50000bda (name=java.nio.DirectLongBufferU, trace=300677)
	super		50000bd9
	static unsafe	500017bd
	constant pool entry 88	50000bd4
	constant pool entry 87	50000133
	constant pool entry 86	50000bd9
	constant pool entry 81	50000071
	constant pool entry 79	5000017d
	constant pool entry 2	50000bda
	constant pool entry 1	50000186
CLS 50000beb (name=sun.misc.JarIndex, trace=300684)
	super		50000185
	static INDEX_NAME	50002eb6
	constant pool entry 148	50000064
	constant pool entry 147	50000036
	constant pool entry 146	50000beb
	constant pool entry 133	50000102
	constant pool entry 131	50000181
	constant pool entry 10	50001794
	constant pool entry 9	50002eb7
	constant pool entry 6	50002eb6
CLS 50000c12 (name=java.util.zip.ZipEntry, trace=300689)
	super		50000185
	constant pool entry 141	50000c12
	constant pool entry 138	50000091
	constant pool entry 136	50000181
	constant pool entry 135	50000185
	constant pool entry 4	50001ecb
	constant pool entry 2	50001c22
CLS 50000c14 (name=sun.nio.cs.UTF_8$Decoder, trace=300691)
	super		50000097
	constant pool entry 96	50000c14
	constant pool entry 91	50000097
	constant pool entry 86	500000d1
	constant pool entry 85	5000017d
	constant pool entry 3	50000231
CLS 50000c19 (name=java.util.jar.JarEntry, trace=300696)
	super		50000c12
	constant pool entry 23	50000c12
CLS 50000c1a (name=java.util.jar.JarFile$JarFileEntry, trace=300696)
	super		50000c19
	constant pool entry 36	50000c1a
	constant pool entry 35	50000b50
	constant pool entry 34	50000c19
CLS 50000c34 (name=sun.misc.Resource, trace=300718)
	super		50000185
	constant pool entry 97	5000010a
	constant pool entry 59	50000e4f
	constant pool entry 58	50000c34
	constant pool entry 57	500000b5
	constant pool entry 55	5000015d
	constant pool entry 54	50000185
	constant pool entry 53	500000d1
	constant pool entry 51	50000130
CLS 50000c35 (name=sun.misc.URLClassPath$JarLoader$2, trace=300718)
	super		50000c34
	constant pool entry 40	50000c35
	constant pool entry 39	500004e1
	constant pool entry 37	50000c34
	constant pool entry 36	50000b50
	constant pool entry 35	50000c19
CLS 50000c44 (name=java.util.zip.ZipFile$ZipFileInputStream, trace=300725)
	super		50000130
	constant pool entry 53	50000c44
	constant pool entry 52	500004e3
	constant pool entry 51	5000015a
	constant pool entry 48	50000130
CLS 50000c48 (name=sun.misc.IOUtils, trace=300728)
	super		50000185
	constant pool entry 66	5000010a
	constant pool entry 39	500000b5
	constant pool entry 36	500000d1
	constant pool entry 35	50000130
CLS 50000c4d (name=java.util.jar.Attributes, trace=300733)
	super		50000185
	constant pool entry 125	50000c51
	constant pool entry 123	50000c60
	constant pool entry 120	5000015a
	constant pool entry 118	500000d9
	constant pool entry 114	50000181
	constant pool entry 113	50000185
	constant pool entry 11	50000c4d
	constant pool entry 5	50001f31
CLS 50000c51 (name=java.util.jar.Manifest$FastInputStream, trace=300737)
	super		50000084
	constant pool entry 77	5000010a
	constant pool entry 42	50000c51
	constant pool entry 40	5000017a
	constant pool entry 38	50000130
	constant pool entry 36	50000084
CLS 50000c60 (name=java.util.jar.Attributes$Name, trace=300746)
	super		50000185
	static MANIFEST_VERSION	50000c61
	static SIGNATURE_VERSION	50000c62
	static CONTENT_TYPE	50000c63
	static CLASS_PATH	50000c64
	static MAIN_CLASS	50000c65
	static SEALED	50000c66
	static EXTENSION_LIST	50000c67
	static EXTENSION_NAME	50000c68
	static EXTENSION_INSTALLATION	50000c69
	static IMPLEMENTATION_TITLE	50000c6a
	static IMPLEMENTATION_VERSION	50000c6b
	static IMPLEMENTATION_VENDOR	50000c6c
	static IMPLEMENTATION_VENDOR_ID	50000c6d
	static IMPLEMENTATION_URL	50000c6e
	static SPECIFICATION_TITLE	50000c6f
	static SPECIFICATION_VERSION	50000c70
	static SPECIFICATION_VENDOR	50000c71
	constant pool entry 101	500000a7
	constant pool entry 100	50000c60
	constant pool entry 97	50000181
	constant pool entry 96	50000185
	constant pool entry 17	50002ea2
	constant pool entry 16	50002ea1
	constant pool entry 15	50002ea0
	constant pool entry 14	50002e9f
	constant pool entry 13	50002e9e
	constant pool entry 12	50002e9d
	constant pool entry 11	50002e9c
	constant pool entry 10	50002e9b
	constant pool entry 9	50002e9a
	constant pool entry 8	50002e99
	constant pool entry 7	50002e98
	constant pool entry 6	50002e97
	constant pool entry 5	50002e96
	constant pool entry 4	50002e95
	constant pool entry 3	50002e94
	constant pool entry 2	50002e93
	constant pool entry 1	50002e92
CLS 50000c7b (name=java.util.jar.JarVerifier, trace=300766)
	super		50000185
	constant pool entry 550	5000010a
	constant pool entry 240	50000e3b
	constant pool entry 238	50000041
	constant pool entry 234	50000c83
	constant pool entry 231	50000c7b
	constant pool entry 229	50000c19
	constant pool entry 226	5000002f
	constant pool entry 223	50000158
	constant pool entry 221	500000d9
	constant pool entry 218	500000f0
	constant pool entry 211	50000c80
	constant pool entry 208	50000181
	constant pool entry 207	50000185
	constant pool entry 204	50000c8c
	constant pool entry 11	50001c23
	constant pool entry 8	50001e65
	constant pool entry 6	50002eb4
CLS 50000c80 (name=java.security.CodeSigner, trace=300771)
	super		50000185
CLS 50000c81 (name=java.security.CodeSigner[], trace=300772)
	super		50000185
CLS 50000c83 (name=java.util.jar.JarVerifier$3, trace=300773)
	super		50000185
	constant pool entry 22	50000c83
	constant pool entry 18	50000185
CLS 50000c8c (name=java.io.ByteArrayOutputStream, trace=300782)
	super		50000086
	constant pool entry 108	5000010a
	constant pool entry 55	50000086
	constant pool entry 53	50000c8c
CLS 50000c91 (name=java.lang.Package, trace=300787)
	super		50000185
	static pkgs	50000c92
	static urls	50000c93
	static mans	50000c94
	constant pool entry 176	5000015a
	constant pool entry 175	500000d9
	constant pool entry 168	50000181
	constant pool entry 166	50000c91
	constant pool entry 165	50000185
	constant pool entry 5	50001c22
CLS 50000ca4 (name=sun.security.util.SignatureFileVerifier, trace=300802)
	super		50000185
	static JAR_DISABLED_CHECK	50000cd6
	static ATTR_DIGEST	50000e30
	static hexc	50000e32
	constant pool entry 599	5000010a
	constant pool entry 315	50000ca4
	constant pool entry 312	50000ca7
	constant pool entry 311	50000041
	constant pool entry 298	5000002f
	constant pool entry 277	50000181
	constant pool entry 47	50001e6c
	constant pool entry 46	50001c23
	constant pool entry 20	50001e6b
	constant pool entry 19	50001e6a
	constant pool entry 18	50001e69
	constant pool entry 17	50001e68
	constant pool entry 14	50001e67
CLS 50000ca5 (name=java.security.AlgorithmConstraints, trace=300803)
CLS 50000ca6 (name=sun.security.util.AbstractAlgorithmConstraints, trace=300803)
	super		50000185
	constant pool entry 53	50000cd7
	constant pool entry 52	50000ca6
	constant pool entry 48	50000102
	constant pool entry 47	50000181
	constant pool entry 46	50000185
	constant pool entry 1	50001e90
CLS 50000ca7 (name=sun.security.util.DisabledAlgorithmConstraints, trace=300803)
	super		50000ca6
	static PROPERTY_CERTPATH_DISABLED_ALGS	50001e85
	static PROPERTY_TLS_DISABLED_ALGS	50001e84
	static PROPERTY_JAR_DISABLED_ALGS	50001e6c
	constant pool entry 86	50000db7
	constant pool entry 83	50000ca7
	constant pool entry 82	50000041
	constant pool entry 80	50000ca8
	constant pool entry 79	50000ca6
	constant pool entry 4	50001e83
CLS 50000ca8 (name=sun.security.util.AlgorithmDecomposer, trace=300804)
	super		50000185
	static transPattern	50000cb0
	static pattern	50000cc2
	constant pool entry 120	5000010a
	constant pool entry 75	50000ca8
	constant pool entry 74	50000ca9
	constant pool entry 71	500000b5
	constant pool entry 70	50000181
	constant pool entry 69	50000185
	constant pool entry 16	50001e6f
	constant pool entry 5	50001e6e
	constant pool entry 4	50001e6d
	constant pool entry 3	50001c22
	constant pool entry 2	50001c52
	constant pool entry 1	5000177a
CLS 50000ca9 (name=java.util.regex.Pattern, trace=300805)
	super		50000185
	static lookbehindEnd	50000cac
	static accept	50000cad
	static lastAccept	50000caf
	constant pool entry 1237	5000010a
	constant pool entry 595	50000cbe
	constant pool entry 589	50000cc9
	constant pool entry 588	50000cbb
	constant pool entry 584	50000cb8
	constant pool entry 577	50000caa
	constant pool entry 572	50000cae
	constant pool entry 567	50000cb3
	constant pool entry 565	50000cbd
	constant pool entry 553	50000ccd
	constant pool entry 552	50000ccf
	constant pool entry 549	50000dc0
	constant pool entry 543	50000cbc
	constant pool entry 537	50000cab
	constant pool entry 532	50000dc4
	constant pool entry 531	50000cc7
	constant pool entry 515	50000181
	constant pool entry 514	50000185
	constant pool entry 510	5000017d
	constant pool entry 507	50000123
	constant pool entry 34	50000ca9
CLS 50000caa (name=java.util.regex.Pattern$Node, trace=300806)
	super		50000185
	constant pool entry 27	50000cc0
	constant pool entry 26	50000caa
	constant pool entry 25	50000ca9
	constant pool entry 23	50000185
CLS 50000cab (name=java.util.regex.Pattern$4, trace=300806)
	super		50000caa
	constant pool entry 18	50000caa
CLS 50000cae (name=java.util.regex.Pattern$LastNode, trace=300809)
	super		50000caa
	constant pool entry 22	50000caa
CLS 50000cb3 (name=java.util.regex.Pattern$GroupHead, trace=300814)
	super		50000caa
CLS 50000cb4 (name=java.util.regex.Pattern$GroupHead[], trace=300815)
	super		50000185
CLS 50000cb6 (name=java.util.regex.Pattern$CharProperty, trace=300816)
	super		50000caa
	constant pool entry 37	50000cc0
	constant pool entry 36	50000caa
	constant pool entry 34	50000cb6
CLS 50000cb7 (name=java.util.regex.Pattern$BmpCharProperty, trace=300816)
	super		50000cb6
	constant pool entry 29	50000cb6
	constant pool entry 28	50000cb7
CLS 50000cb8 (name=java.util.regex.Pattern$Single, trace=300816)
	super		50000cb7
	constant pool entry 17	50000cb8
	constant pool entry 16	50000cb7
CLS 50000cba (name=java.util.regex.Pattern$SliceNode, trace=300818)
	super		50000caa
	constant pool entry 21	50000cc0
	constant pool entry 20	50000cba
	constant pool entry 19	50000caa
CLS 50000cbb (name=java.util.regex.Pattern$Slice, trace=300818)
	super		50000cba
	constant pool entry 29	50000cba
	constant pool entry 28	50000cbb
	constant pool entry 25	50000dc4
	constant pool entry 24	50000182
CLS 50000cbc (name=java.util.regex.Pattern$Begin, trace=300819)
	super		50000caa
CLS 50000cbd (name=java.util.regex.Pattern$First, trace=300820)
	super		50000caa
CLS 50000cbe (name=java.util.regex.Pattern$Start, trace=300821)
	super		50000caa
	constant pool entry 31	50000cc0
	constant pool entry 30	50000cbe
	constant pool entry 29	50000caa
	constant pool entry 27	50000dc4
CLS 50000cc0 (name=java.util.regex.Pattern$TreeInfo, trace=300823)
	super		50000185
	constant pool entry 17	50000cc0
	constant pool entry 15	50000185
CLS 50000cc7 (name=java.util.regex.ASCII, trace=300830)
	super		50000185
	static ctype	50000cc8
	constant pool entry 101	5000010a
	constant pool entry 87	50000cc7
CLS 50000cc9 (name=java.util.regex.Pattern$SliceI, trace=300832)
	super		50000cba
	constant pool entry 33	50000cba
CLS 50000ccd (name=java.util.regex.Pattern$BranchConn, trace=300834)
	super		50000caa
	constant pool entry 18	50000cc0
	constant pool entry 17	50000caa
CLS 50000ccf (name=java.util.regex.Pattern$Branch, trace=300836)
	super		50000caa
	constant pool entry 78	5000010a
	constant pool entry 37	50000cc0
	constant pool entry 36	50000caa
	constant pool entry 35	50000ccf
	constant pool entry 32	500000d1
CLS 50000cd1 (name=java.util.regex.Pattern$Node[], trace=300838)
	super		50000185
CLS 50000cd7 (name=sun.security.util.AbstractAlgorithmConstraints$1, trace=300841)
	super		50000185
	constant pool entry 25	50000cd7
	constant pool entry 23	50000cd9
	constant pool entry 21	50000185
CLS 50000cd9 (name=java.security.Security, trace=300843)
	super		50000185
	static props	50000cdc
	static spiMap	50000da0
	constant pool entry 300	50000041
	constant pool entry 295	5000002b
	constant pool entry 293	50000157
	constant pool entry 280	50000cda
	constant pool entry 279	50000cd9
	constant pool entry 273	50000102
	constant pool entry 270	5000017a
	constant pool entry 269	50000134
	constant pool entry 268	50000181
	constant pool entry 259	50000130
	constant pool entry 257	5000008b
	constant pool entry 256	5000012e
	constant pool entry 255	50000083
	constant pool entry 42	50001794
	constant pool entry 31	50001e96
	constant pool entry 30	500017ab
	constant pool entry 27	50001e95
	constant pool entry 23	50001e94
	constant pool entry 22	50001e93
	constant pool entry 20	50001e92
	constant pool entry 19	50001e91
CLS 50000cda (name=java.security.Security$1, trace=300844)
	super		50000185
	constant pool entry 17	50000cda
	constant pool entry 16	50000cd9
	constant pool entry 14	50000185
CLS 50000ceb (name=java.util.Properties$LineReader, trace=300858)
	super		50000185
	constant pool entry 71	5000010a
	constant pool entry 38	50000ceb
	constant pool entry 36	5000017a
	constant pool entry 35	50000185
	constant pool entry 33	50000130
CLS 50000dac (name=java.util.ArrayList$SubList, trace=300879)
	super		500000f7
	constant pool entry 63	50000daf
	constant pool entry 62	50000dac
	constant pool entry 60	500000f0
	constant pool entry 59	500000f7
CLS 50000dae (name=java.util.ListIterator, trace=300881)
CLS 50000daf (name=java.util.ArrayList$SubList$1, trace=300881)
	super		50000185
	constant pool entry 57	50000daf
	constant pool entry 56	50000dac
	constant pool entry 55	500000f0
	constant pool entry 54	50000185
CLS 50000db7 (name=sun.security.util.DisabledAlgorithmConstraints$Constraints, trace=300885)
	super		50000185
	constant pool entry 167	50000dff
	constant pool entry 166	50000dd1
	constant pool entry 163	50000db7
	constant pool entry 162	50000e02
	constant pool entry 160	50000ca7
	constant pool entry 157	50000ca8
	constant pool entry 154	50000038
	constant pool entry 152	5000015a
	constant pool entry 151	5000002f
	constant pool entry 150	500000fa
	constant pool entry 149	5000008f
	constant pool entry 147	500000d9
	constant pool entry 146	500000fb
	constant pool entry 145	500000f0
	constant pool entry 139	50000181
	constant pool entry 138	50000185
	constant pool entry 137	5000011d
	constant pool entry 15	50001e82
	constant pool entry 3	50001e81
CLS 50000dc0 (name=java.util.regex.Pattern$BnM, trace=300894)
	super		50000caa
	constant pool entry 46	50000cbb
CLS 50000dc3 (name=java.util.regex.MatchResult, trace=300897)
CLS 50000dc4 (name=java.util.regex.Matcher, trace=300897)
	super		50000185
	constant pool entry 342	5000010a
	constant pool entry 182	50000caa
	constant pool entry 181	50000ca9
	constant pool entry 180	50000dc4
	constant pool entry 173	50000181
	constant pool entry 172	50000185
	constant pool entry 170	500000d1
	constant pool entry 165	50000182
CLS 50000dcc (name=java.util.AbstractList$Itr, trace=300904)
	super		50000185
	constant pool entry 37	50000dcc
	constant pool entry 35	500000f7
	constant pool entry 34	50000185
CLS 50000dd0 (name=sun.security.util.DisabledAlgorithmConstraints$Constraint, trace=300908)
	super		50000185
	constant pool entry 45	50000dd0
	constant pool entry 37	50000185
CLS 50000dd1 (name=sun.security.util.DisabledAlgorithmConstraints$DisabledConstraint, trace=300908)
	super		50000dd0
	constant pool entry 33	50000dd1
	constant pool entry 32	50000dd0
CLS 50000dff (name=sun.security.util.DisabledAlgorithmConstraints$KeySizeConstraint, trace=300917)
	super		50000dd0
	constant pool entry 84	50000dff
	constant pool entry 83	50000e02
	constant pool entry 82	50000dd0
	constant pool entry 81	50000e0e
CLS 50000e02 (name=sun.security.util.DisabledAlgorithmConstraints$Constraint$Operator, trace=300919)
	super		5000005d
	static EQ	50000e03
	static NE	50000e04
	static LT	50000e05
	static LE	50000e06
	static GT	50000e07
	static GE	50000e08
	static $VALUES	50000e0a
	constant pool entry 109	5000010a
	constant pool entry 62	50000181
	constant pool entry 60	5000005d
	constant pool entry 59	50000e09
	constant pool entry 15	50000e02
	constant pool entry 14	50001e79
	constant pool entry 13	50001e78
	constant pool entry 12	50001e77
	constant pool entry 11	50001e76
	constant pool entry 10	50001e75
	constant pool entry 8	50001e74
	constant pool entry 3	50001e73
CLS 50000e09 (name=sun.security.util.DisabledAlgorithmConstraints$Constraint$Operator[], trace=300926)
	super		50000185
CLS 50000e0e (name=sun.security.util.DisabledAlgorithmConstraints$1, trace=300929)
	super		50000185
	static $SwitchMap$sun$security$util$DisabledAlgorithmConstraints$Constraint$Operator	50000e0f
	constant pool entry 53	5000010a
	constant pool entry 29	50000e02
	constant pool entry 27	50000e0e
CLS 50000e3b (name=sun.security.util.ManifestEntryVerifier, trace=300935)
	super		50000185
	static hexc	50000e3c
	constant pool entry 283	5000010a
	constant pool entry 145	50000e3b
	constant pool entry 144	50000041
	constant pool entry 133	500000d9
	constant pool entry 130	500000f0
	constant pool entry 123	50000185
	constant pool entry 10	50001c23
CLS 50000e4f (name=sun.nio.ByteBuffered, trace=300948)
CLS 50000e54 (name=java.security.PermissionCollection, trace=300952)
	super		50000185
	constant pool entry 44	50000e54
	constant pool entry 41	50000185
CLS 50000e55 (name=java.security.Permissions, trace=300952)
	super		50000e54
	static serialPersistentFields	50000e56
	constant pool entry 211	5000010a
	constant pool entry 111	5000015a
	constant pool entry 109	500000d9
	constant pool entry 102	50000e55
	constant pool entry 101	50000105
	constant pool entry 100	50000ea5
	constant pool entry 97	50000185
	constant pool entry 93	5000010f
	constant pool entry 6	50000158
	constant pool entry 5	50000ea6
	constant pool entry 4	50000e54
	constant pool entry 3	50002f8f
	constant pool entry 1	50002f8e
CLS 50000e7b (name=java.net.URLConnection, trace=300971)
	super		50000185
	static handlers	50000e7e
	static contentClassPrefix	50001c4e
	static contentPathProp	50001c4d
	constant pool entry 300	50000158
	constant pool entry 293	50000e7b
	constant pool entry 285	50000185
CLS 50000e7c (name=sun.net.www.URLConnection, trace=300971)
	super		50000e7b
	static proxiedHosts	50000e80
	constant pool entry 110	50000e7c
	constant pool entry 109	50000e82
	constant pool entry 108	500000d9
	constant pool entry 106	50000e7b
CLS 50000e7d (name=sun.net.www.protocol.file.FileURLConnection, trace=300971)
	super		50000e7c
	static CONTENT_LENGTH	50001c44
	static CONTENT_TYPE	50001c45
	static TEXT_PLAIN	50001c48
	static LAST_MODIFIED	50001c46
	constant pool entry 157	50000e7d
	constant pool entry 156	50000e7c
	constant pool entry 155	50000012
	constant pool entry 141	5000012c
	constant pool entry 137	50000181
	constant pool entry 135	50000e86
	constant pool entry 132	5000012e
	constant pool entry 10	50001c48
	constant pool entry 9	50001c47
	constant pool entry 8	50001c46
	constant pool entry 7	50001c45
	constant pool entry 6	50001c44
CLS 50000e82 (name=sun.net.www.MessageHeader, trace=300976)
	super		50000185
	constant pool entry 247	5000010a
	constant pool entry 132	50000e82
	constant pool entry 118	50000181
	constant pool entry 117	50000185
CLS 50000e86 (name=java.io.FilePermission, trace=300980)
	super		50000105
	constant pool entry 130	50000105
	constant pool entry 129	50000102
	constant pool entry 127	50000181
	constant pool entry 119	50000e91
	constant pool entry 118	50000e8a
	constant pool entry 117	50000e86
	constant pool entry 8	50001c47
	constant pool entry 2	50001e44
CLS 50000e8a (name=java.io.FilePermission$1, trace=300984)
	super		50000185
	constant pool entry 42	50000181
	constant pool entry 41	50000185
	constant pool entry 39	50000e8a
	constant pool entry 38	50000e86
	constant pool entry 37	5000012e
	constant pool entry 1	50001e49
CLS 50000e91 (name=java.io.FilePermissionCollection, trace=300987)
	super		50000e54
	static serialPersistentFields	50000e92
	constant pool entry 173	5000010a
	constant pool entry 96	500000fa
	constant pool entry 93	500000f0
	constant pool entry 92	50000e54
	constant pool entry 83	5000010f
	constant pool entry 77	50000e91
	constant pool entry 76	50000e86
	constant pool entry 4	500000f6
	constant pool entry 3	50001e45
CLS 50000ea5 (name=java.security.AllPermission, trace=300993)
	super		50000105
CLS 50000ea6 (name=java.security.UnresolvedPermission, trace=300994)
	super		50000105
CLS 50000eb8 (name=sun.text.resources.zh.FormatData_zh, trace=301004)
	super		50000b1e
	loader		5000164c
	domain		50000ea7
	constant pool entry 229	5000010a
	constant pool entry 223	50000b1e
	constant pool entry 221	50000181
	constant pool entry 220	50000185
	constant pool entry 219	5000011b
	constant pool entry 105	50003249
	constant pool entry 104	50003248
	constant pool entry 103	500031d8
	constant pool entry 102	50003208
	constant pool entry 101	5000320c
	constant pool entry 100	5000320e
	constant pool entry 99	5000320d
	constant pool entry 98	5000320a
	constant pool entry 97	5000320b
	constant pool entry 96	50003209
	constant pool entry 95	500031d6
	constant pool entry 94	500031de
	constant pool entry 93	500031d9
	constant pool entry 92	500031d7
	constant pool entry 91	500031f1
	constant pool entry 90	500031e2
	constant pool entry 89	50003238
	constant pool entry 88	5000323c
	constant pool entry 87	5000323e
	constant pool entry 86	5000323d
	constant pool entry 85	5000323a
	constant pool entry 84	5000323b
	constant pool entry 83	50003239
	constant pool entry 82	500031f7
	constant pool entry 81	500031f9
	constant pool entry 80	500031f8
	constant pool entry 79	500031f3
	constant pool entry 78	500031e4
	constant pool entry 77	500031b8
	constant pool entry 76	500031b9
	constant pool entry 75	500031f5
	constant pool entry 74	50003216
	constant pool entry 73	500031f2
	constant pool entry 72	500031e3
	constant pool entry 71	500031ef
	constant pool entry 70	500031e0
	constant pool entry 69	500031f6
	constant pool entry 68	50003233
	constant pool entry 67	50003232
	constant pool entry 66	500031f0
	constant pool entry 65	500031e1
	constant pool entry 64	500031f4
	constant pool entry 63	500031ee
	constant pool entry 62	500031df
	constant pool entry 61	50003062
	constant pool entry 60	50003226
	constant pool entry 59	50003224
	constant pool entry 58	50003225
	constant pool entry 57	50003227
	constant pool entry 56	500031bc
	constant pool entry 55	500031ec
	constant pool entry 54	50003206
	constant pool entry 53	50003246
	constant pool entry 52	50003222
	constant pool entry 51	50003236
	constant pool entry 50	5000302c
	constant pool entry 49	5000310e
	constant pool entry 48	500030aa
	constant pool entry 47	500030ae
	constant pool entry 46	5000322c
	constant pool entry 45	5000322d
	constant pool entry 44	5000322e
	constant pool entry 43	50003178
	constant pool entry 42	500030f4
	constant pool entry 41	5000319e
	constant pool entry 40	50003046
	constant pool entry 39	50003039
	constant pool entry 38	50003218
	constant pool entry 37	50003219
	constant pool entry 36	5000321a
	constant pool entry 35	50003220
	constant pool entry 34	5000321b
	constant pool entry 33	50003134
	constant pool entry 32	5000308a
	constant pool entry 31	500030b8
	constant pool entry 30	50003096
	constant pool entry 29	50003120
	constant pool entry 28	50003068
	constant pool entry 27	50003016
	constant pool entry 26	50003182
	constant pool entry 25	500031c6
	constant pool entry 24	500030fe
	constant pool entry 23	500031c5
	constant pool entry 22	500030fd
	constant pool entry 21	500031c4
	constant pool entry 20	500030fc
	constant pool entry 19	500031c3
	constant pool entry 18	500030fb
	constant pool entry 17	500031c2
	constant pool entry 16	500030fa
	constant pool entry 15	500031c1
	constant pool entry 14	500030f9
	constant pool entry 13	500031c0
	constant pool entry 12	500030f8
	constant pool entry 11	500031bf
	constant pool entry 10	500030f7
	constant pool entry 9	500031be
	constant pool entry 8	500031c9
	constant pool entry 7	50003101
	constant pool entry 6	500031c8
	constant pool entry 5	50003100
	constant pool entry 4	500031c7
	constant pool entry 3	500030ff
	constant pool entry 2	500030f6
	constant pool entry 1	5000177a
CLS 50000f14 (name=sun.text.resources.zh.FormatData_zh_CN, trace=301004)
	super		50000b1e
	loader		5000164c
	domain		50000ea7
	constant pool entry 31	5000010a
	constant pool entry 25	50000b1e
	constant pool entry 23	50000181
	constant pool entry 22	50000185
	constant pool entry 21	5000011b
	constant pool entry 6	5000324f
	constant pool entry 5	50003082
	constant pool entry 4	50003251
	constant pool entry 3	50003189
	constant pool entry 2	50003084
	constant pool entry 1	50003086
CLS 50000f2c (name=java.util.concurrent.ConcurrentHashMap$ForwardingNode, trace=301024)
	super		50000024
	constant pool entry 26	50000024
	constant pool entry 25	50000f2c
CLS 50000f36 (name=sun.util.locale.provider.LocaleResources$ResourceReference, trace=301031)
	super		50000165
	constant pool entry 14	50000f36
	constant pool entry 12	50000165
CLS 50000f3a (name=java.text.DecimalFormatSymbols, trace=301035)
	super		50000185
	constant pool entry 153	500008b1
	constant pool entry 151	50000ae5
	constant pool entry 150	500008b0
	constant pool entry 148	5000002f
	constant pool entry 147	50001080
	constant pool entry 146	50000f3a
	constant pool entry 145	50000181
	constant pool entry 144	50000185
	constant pool entry 133	500000db
	constant pool entry 3	50000f3b
CLS 50000f3b (name=java.text.spi.DecimalFormatSymbolsProvider, trace=301036)
	super		500008ae
	constant pool entry 8	500008ae
CLS 50000f42 (name=sun.util.locale.provider.DecimalFormatSymbolsProviderImpl, trace=301039)
	super		50000f3b
	constant pool entry 28	500008b0
	constant pool entry 27	50000f42
	constant pool entry 25	50000f3b
	constant pool entry 24	50000f3a
CLS 50000f50 (name=sun.util.resources.ParallelListResourceBundle$KeySet, trace=301047)
	super		500000ed
	constant pool entry 36	50000f50
	constant pool entry 33	500000ee
	constant pool entry 32	5000024e
	constant pool entry 30	500000ed
	constant pool entry 29	50000181
CLS 50001080 (name=java.util.Currency, trace=301232)
	super		50000185
	static instances	50001081
	static mainTable	50001097
	static scCutOverTimes	50001098
	static scOldCurrencies	50001099
	static scNewCurrencies	500010bc
	static scOldCurrenciesDFD	500010d0
	static scNewCurrenciesDFD	500010d1
	static scOldCurrenciesNumericCode	500010d2
	static scNewCurrenciesNumericCode	500010d3
	static otherCurrencies	500010d6
	static otherCurrenciesDFD	500010d8
	static otherCurrenciesNumericCode	500010d9
	constant pool entry 448	5000010a
	constant pool entry 241	500010ea
	constant pool entry 238	5000002c
	constant pool entry 237	5000002b
	constant pool entry 232	5000002f
	constant pool entry 229	50001289
	constant pool entry 228	50001082
	constant pool entry 225	50000102
	constant pool entry 222	50000134
	constant pool entry 221	50000181
	constant pool entry 220	50000185
	constant pool entry 218	5000011d
	constant pool entry 214	5000108b
	constant pool entry 15	500010e9
	constant pool entry 14	50001080
CLS 50001082 (name=java.util.Currency$1, trace=301234)
	super		50000185
	constant pool entry 110	50001082
	constant pool entry 109	50001080
	constant pool entry 106	5000017a
	constant pool entry 105	50000134
	constant pool entry 103	50000185
	constant pool entry 99	5000008b
	constant pool entry 98	5000012e
	constant pool entry 97	5000108b
	constant pool entry 96	50000083
	constant pool entry 10	50001e94
	constant pool entry 9	5000368e
	constant pool entry 8	50001e91
	constant pool entry 6	5000368d
	constant pool entry 5	5000368c
CLS 5000108a (name=java.io.DataInput, trace=301240)
CLS 5000108b (name=java.io.DataInputStream, trace=301240)
	super		50000084
	constant pool entry 155	5000010a
	constant pool entry 89	50000181
	constant pool entry 83	50000130
	constant pool entry 81	50000084
	constant pool entry 79	5000108b
	constant pool entry 78	5000108a
CLS 500010e9 (name=java.util.spi.CurrencyNameProvider, trace=301278)
	super		500008ae
	constant pool entry 45	500008ae
CLS 500010ea (name=sun.util.locale.provider.LocaleServiceProviderPool, trace=301279)
	super		50000185
	static poolOfPools	500010eb
	static spiClasses	500010ec
	static NULL_LIST	500018dc
	constant pool entry 361	5000010a
	constant pool entry 170	50001288
	constant pool entry 168	500008bf
	constant pool entry 167	500008b0
	constant pool entry 165	500008ae
	constant pool entry 164	5000002c
	constant pool entry 163	5000002b
	constant pool entry 157	500000fa
	constant pool entry 156	5000008f
	constant pool entry 153	500000ef
	constant pool entry 147	50000185
	constant pool entry 145	5000017d
	constant pool entry 142	50000116
	constant pool entry 16	500010ea
	constant pool entry 15	500010f2
	constant pool entry 14	500010f1
	constant pool entry 13	500010e9
	constant pool entry 12	500010f3
	constant pool entry 11	500008af
	constant pool entry 10	50000f3b
	constant pool entry 9	500010f0
	constant pool entry 8	500010ef
	constant pool entry 7	500010ee
	constant pool entry 6	500010ed
CLS 500010ed (name=java.text.spi.BreakIteratorProvider, trace=301282)
	super		500008ae
CLS 500010ee (name=java.text.spi.CollatorProvider, trace=301283)
	super		500008ae
CLS 500010ef (name=java.text.spi.DateFormatProvider, trace=301284)
	super		500008ae
CLS 500010f0 (name=java.text.spi.DateFormatSymbolsProvider, trace=301285)
	super		500008ae
CLS 500010f1 (name=java.util.spi.LocaleNameProvider, trace=301286)
	super		500008ae
CLS 500010f2 (name=java.util.spi.TimeZoneNameProvider, trace=301287)
	super		500008ae
CLS 500010f3 (name=java.util.spi.CalendarDataProvider, trace=301288)
	super		500008ae
CLS 500010fb (name=sun.util.locale.provider.CurrencyNameProviderImpl, trace=301293)
	super		500010e9
	constant pool entry 41	50000ae5
	constant pool entry 39	500008b0
	constant pool entry 38	500010fb
	constant pool entry 36	500010e9
	constant pool entry 35	5000002f
	constant pool entry 34	50000181
CLS 5000126f (name=sun.util.locale.provider.SPILocaleProviderAdapter$1, trace=301297)
	super		50000185
	constant pool entry 65	5000126f
	constant pool entry 62	50000255
	constant pool entry 61	5000008f
	constant pool entry 57	50000185
CLS 50001288 (name=sun.util.locale.provider.LocaleServiceProviderPool$LocalizedObjectGetter, trace=301305)
CLS 50001289 (name=java.util.Currency$CurrencyNameGetter, trace=301305)
	super		50000185
	static INSTANCE	5000128a
	constant pool entry 34	500010e9
	constant pool entry 33	50001289
	constant pool entry 32	50000185
	constant pool entry 31	5000011d
	constant pool entry 30	5000017d
	constant pool entry 1	50001080
CLS 500012b0 (name=sun.util.resources.OpenListResourceBundle, trace=300382)
	super		5000024e
	constant pool entry 49	500012b0
	constant pool entry 46	5000024e
	constant pool entry 45	5000015a
	constant pool entry 43	500000d9
	constant pool entry 40	50000181
CLS 500012b1 (name=sun.util.resources.LocaleNamesBundle, trace=300382)
	super		500012b0
	constant pool entry 7	500012b0
CLS 500012b2 (name=sun.util.resources.CurrencyNames, trace=300382)
	super		500012b1
	constant pool entry 1326	500012b1
CLS 5000131d (name=sun.util.resources.zh.CurrencyNames_zh_CN, trace=301004)
	super		500012b1
	loader		5000164c
	domain		50000ea7
	constant pool entry 869	5000010a
	constant pool entry 862	500012b1
	constant pool entry 861	50000185
	constant pool entry 860	5000011b
	constant pool entry 859	50001bf0
	constant pool entry 858	50001bef
	constant pool entry 857	50001bee
	constant pool entry 856	50001bed
	constant pool entry 855	50001bec
	constant pool entry 854	50001beb
	constant pool entry 853	50001bea
	constant pool entry 852	50001be9
	constant pool entry 851	50001be8
	constant pool entry 850	50001be7
	constant pool entry 849	50001be6
	constant pool entry 848	50001be5
	constant pool entry 847	50001be4
	constant pool entry 846	50001be3
	constant pool entry 845	50001be2
	constant pool entry 844	50001be1
	constant pool entry 843	50001be0
	constant pool entry 842	50001bdf
	constant pool entry 841	50001bde
	constant pool entry 840	50001bdd
	constant pool entry 839	50001bdc
	constant pool entry 838	50001bdb
	constant pool entry 837	50001bda
	constant pool entry 836	50001bd9
	constant pool entry 835	50001bd8
	constant pool entry 834	50001bd7
	constant pool entry 833	50001bd6
	constant pool entry 832	50001bd5
	constant pool entry 831	50001bd4
	constant pool entry 830	50001bd3
	constant pool entry 829	50001bd2
	constant pool entry 828	50001bd1
	constant pool entry 827	50001bd0
	constant pool entry 826	50001bcf
	constant pool entry 825	50001bce
	constant pool entry 824	50001bcd
	constant pool entry 823	50001bcc
	constant pool entry 822	50001bcb
	constant pool entry 821	50001bca
	constant pool entry 820	50001bc9
	constant pool entry 819	50001bc8
	constant pool entry 818	50001bc7
	constant pool entry 817	50001bc6
	constant pool entry 816	50001bc5
	constant pool entry 815	50001bc4
	constant pool entry 814	50001bc3
	constant pool entry 813	50001bc2
	constant pool entry 812	50001bc1
	constant pool entry 811	50001bc0
	constant pool entry 810	50001bbf
	constant pool entry 809	50001bbe
	constant pool entry 808	50001bbd
	constant pool entry 807	50001bbc
	constant pool entry 806	50001bbb
	constant pool entry 805	50001bba
	constant pool entry 804	50001bb9
	constant pool entry 803	50001bb8
	constant pool entry 802	50001bb7
	constant pool entry 801	50001bb6
	constant pool entry 800	50001bb5
	constant pool entry 799	50001bb4
	constant pool entry 798	50001bb3
	constant pool entry 797	50001bb2
	constant pool entry 796	50001bb1
	constant pool entry 795	50001bb0
	constant pool entry 794	50001baf
	constant pool entry 793	50001bae
	constant pool entry 792	50001bad
	constant pool entry 791	50001bac
	constant pool entry 790	50001bab
	constant pool entry 789	50001baa
	constant pool entry 788	50001ba9
	constant pool entry 787	50001ba8
	constant pool entry 786	50001ba7
	constant pool entry 785	50001ba6
	constant pool entry 784	50001ba5
	constant pool entry 783	50001ba4
	constant pool entry 782	50001ba3
	constant pool entry 781	50001ba2
	constant pool entry 780	50001ba1
	constant pool entry 779	50001ba0
	constant pool entry 778	50001b9f
	constant pool entry 777	50001b9e
	constant pool entry 776	50001b9d
	constant pool entry 775	50001b9c
	constant pool entry 774	50001b9b
	constant pool entry 773	50001b9a
	constant pool entry 772	50001b99
	constant pool entry 771	50001b98
	constant pool entry 770	50001b97
	constant pool entry 769	50001b96
	constant pool entry 768	50001b95
	constant pool entry 767	50001b94
	constant pool entry 766	50001b93
	constant pool entry 765	50001b92
	constant pool entry 764	50001b91
	constant pool entry 763	50001b90
	constant pool entry 762	50001b8f
	constant pool entry 761	50001b8e
	constant pool entry 760	50001b8d
	constant pool entry 759	50001b8c
	constant pool entry 758	50001b8b
	constant pool entry 757	50001b8a
	constant pool entry 756	50001b89
	constant pool entry 755	50001b88
	constant pool entry 754	50001b87
	constant pool entry 753	50001b86
	constant pool entry 752	50001b85
	constant pool entry 751	50001b84
	constant pool entry 750	50001b83
	constant pool entry 749	50001b82
	constant pool entry 748	50001b81
	constant pool entry 747	50001b80
	constant pool entry 746	50001b7f
	constant pool entry 745	50001b7e
	constant pool entry 744	50001b7d
	constant pool entry 743	50001b7c
	constant pool entry 742	50001b7b
	constant pool entry 741	50001b7a
	constant pool entry 740	50001b79
	constant pool entry 739	50001b78
	constant pool entry 738	50001b77
	constant pool entry 737	50001b76
	constant pool entry 736	50001b75
	constant pool entry 735	50001b74
	constant pool entry 734	50001b73
	constant pool entry 733	50001b72
	constant pool entry 732	50001b71
	constant pool entry 731	50001b70
	constant pool entry 730	50001b6f
	constant pool entry 729	50001b6e
	constant pool entry 728	50001b6d
	constant pool entry 727	50001b6c
	constant pool entry 726	50001b6b
	constant pool entry 725	50001b6a
	constant pool entry 724	50001b69
	constant pool entry 723	50001b68
	constant pool entry 722	50001b67
	constant pool entry 721	50001b66
	constant pool entry 720	50001b65
	constant pool entry 719	50001b64
	constant pool entry 718	50001b63
	constant pool entry 717	50001b62
	constant pool entry 716	50001b61
	constant pool entry 715	50001b60
	constant pool entry 714	50001b5f
	constant pool entry 713	50001b5e
	constant pool entry 712	50001b5d
	constant pool entry 711	50001b5c
	constant pool entry 710	50001b5b
	constant pool entry 709	50001b5a
	constant pool entry 708	50001b59
	constant pool entry 707	50001b58
	constant pool entry 706	50001b57
	constant pool entry 705	50001b56
	constant pool entry 704	50001b55
	constant pool entry 703	50001b54
	constant pool entry 702	50001b53
	constant pool entry 701	50001b52
	constant pool entry 700	50001b51
	constant pool entry 699	50001b50
	constant pool entry 698	50001b4f
	constant pool entry 697	50001b4e
	constant pool entry 696	50001b4d
	constant pool entry 695	50001b4c
	constant pool entry 694	50001b4b
	constant pool entry 693	50001b4a
	constant pool entry 692	50001b49
	constant pool entry 691	50001b48
	constant pool entry 690	50001b47
	constant pool entry 689	50001b46
	constant pool entry 688	50001b45
	constant pool entry 687	50001b44
	constant pool entry 686	50001b43
	constant pool entry 252	50001b42
	constant pool entry 251	50001b41
	constant pool entry 250	50001b40
	constant pool entry 249	50001b3f
	constant pool entry 248	50001b3e
	constant pool entry 247	50001b3d
	constant pool entry 246	50001b3c
	constant pool entry 245	50001b3b
	constant pool entry 244	50001b3a
	constant pool entry 243	50001b39
	constant pool entry 242	50001b38
	constant pool entry 241	50001b37
	constant pool entry 240	50001b36
	constant pool entry 239	50001b35
	constant pool entry 238	50001b34
	constant pool entry 237	50001b33
	constant pool entry 236	50001b32
	constant pool entry 235	50001b31
	constant pool entry 234	50001b30
	constant pool entry 233	50001b2f
	constant pool entry 232	50001b2e
	constant pool entry 231	50001b2d
	constant pool entry 230	50001b2c
	constant pool entry 229	50001b2b
	constant pool entry 228	50001b2a
	constant pool entry 227	50001b29
	constant pool entry 226	50001b28
	constant pool entry 225	50001b27
	constant pool entry 224	50001b26
	constant pool entry 223	50001b25
	constant pool entry 222	50001b24
	constant pool entry 221	50001b23
	constant pool entry 220	50001b22
	constant pool entry 219	50001b21
	constant pool entry 218	50001b20
	constant pool entry 217	50001b1f
	constant pool entry 216	50001b1e
	constant pool entry 215	50001b1d
	constant pool entry 214	50001b1c
	constant pool entry 213	50001b1b
	constant pool entry 212	50001b1a
	constant pool entry 211	50001b19
	constant pool entry 210	50001b18
	constant pool entry 209	50001b17
	constant pool entry 208	50001b16
	constant pool entry 207	50001b15
	constant pool entry 206	50001b14
	constant pool entry 205	50001b13
	constant pool entry 204	50001b12
	constant pool entry 203	50001b11
	constant pool entry 202	50001b10
	constant pool entry 201	50001b0f
	constant pool entry 200	50001b0e
	constant pool entry 199	50001b0d
	constant pool entry 198	50001b0c
	constant pool entry 197	50001b0b
	constant pool entry 196	50001b0a
	constant pool entry 195	50001b09
	constant pool entry 194	50001b08
	constant pool entry 193	50001b07
	constant pool entry 192	50001b06
	constant pool entry 191	50001b05
	constant pool entry 190	50001b04
	constant pool entry 189	50001b03
	constant pool entry 188	50001b02
	constant pool entry 187	50001b01
	constant pool entry 186	50001b00
	constant pool entry 185	50001aff
	constant pool entry 184	50001afe
	constant pool entry 183	50001afd
	constant pool entry 182	50001afc
	constant pool entry 181	50001afb
	constant pool entry 180	50001afa
	constant pool entry 179	50001af9
	constant pool entry 178	50001af8
	constant pool entry 177	50001af7
	constant pool entry 176	50001af6
	constant pool entry 175	50001af5
	constant pool entry 174	50001af4
	constant pool entry 173	50001af3
	constant pool entry 172	50001af2
	constant pool entry 171	50001af1
	constant pool entry 170	50001af0
	constant pool entry 169	50001aef
	constant pool entry 168	50001aee
	constant pool entry 167	50001aed
	constant pool entry 166	50001aec
	constant pool entry 165	50001aeb
	constant pool entry 164	50001aea
	constant pool entry 163	50001ae9
	constant pool entry 162	50001ae8
	constant pool entry 161	50001ae7
	constant pool entry 160	50001ae6
	constant pool entry 159	50001ae5
	constant pool entry 158	50001ae4
	constant pool entry 157	50001ae3
	constant pool entry 156	50001ae2
	constant pool entry 155	50001ae1
	constant pool entry 154	50001ae0
	constant pool entry 153	50001adf
	constant pool entry 152	50001ade
	constant pool entry 151	50001add
	constant pool entry 150	50001adc
	constant pool entry 149	50001adb
	constant pool entry 148	50001ada
	constant pool entry 147	50001ad9
	constant pool entry 146	50001ad8
	constant pool entry 145	50001ad7
	constant pool entry 144	50001ad6
	constant pool entry 143	50001ad5
	constant pool entry 142	50001ad4
	constant pool entry 141	50001ad3
	constant pool entry 140	50001ad2
	constant pool entry 139	50001ad1
	constant pool entry 138	50001ad0
	constant pool entry 137	50001acf
	constant pool entry 136	50001ace
	constant pool entry 135	50001acd
	constant pool entry 134	50001acc
	constant pool entry 133	50001acb
	constant pool entry 132	50001aca
	constant pool entry 131	50001ac9
	constant pool entry 130	50001ac8
	constant pool entry 129	50001ac7
	constant pool entry 128	50001ac6
	constant pool entry 127	50001ac5
	constant pool entry 126	50001ac4
	constant pool entry 125	50001ac3
	constant pool entry 124	50001ac2
	constant pool entry 123	50001ac1
	constant pool entry 122	50001ac0
	constant pool entry 121	50001abf
	constant pool entry 120	50001abe
	constant pool entry 119	50001abd
	constant pool entry 118	50001abc
	constant pool entry 117	50001abb
	constant pool entry 116	50001aba
	constant pool entry 115	50001ab9
	constant pool entry 114	50001ab8
	constant pool entry 113	50001ab7
	constant pool entry 112	50001ab6
	constant pool entry 111	50001ab5
	constant pool entry 110	50001ab4
	constant pool entry 109	50001ab3
	constant pool entry 108	50001ab2
	constant pool entry 107	50001ab1
	constant pool entry 106	50001ab0
	constant pool entry 105	50001aaf
	constant pool entry 104	50001aae
	constant pool entry 103	50001aad
	constant pool entry 102	50001aac
	constant pool entry 101	50001aab
	constant pool entry 100	50001aaa
	constant pool entry 99	50001aa9
	constant pool entry 98	50001aa8
	constant pool entry 97	50001aa7
	constant pool entry 96	50001aa6
	constant pool entry 95	50001aa5
	constant pool entry 94	50001aa4
	constant pool entry 93	50001aa3
	constant pool entry 92	50001aa2
	constant pool entry 91	50001aa1
	constant pool entry 90	50001aa0
	constant pool entry 89	50001a9f
	constant pool entry 88	50001a9e
	constant pool entry 87	50001a9d
	constant pool entry 86	50001a9c
	constant pool entry 85	50001a9b
	constant pool entry 84	50001a9a
	constant pool entry 83	50001a99
	constant pool entry 82	50001a98
	constant pool entry 81	50001a97
	constant pool entry 80	50001a96
	constant pool entry 79	50001a95
	constant pool entry 78	50001a94
	constant pool entry 77	50001a93
	constant pool entry 76	50001a92
	constant pool entry 75	50001a91
	constant pool entry 74	50001a90
	constant pool entry 73	50001a8f
	constant pool entry 72	50001a8e
	constant pool entry 71	50001a8d
	constant pool entry 70	50001a8c
	constant pool entry 69	50001a8b
	constant pool entry 68	50001a8a
	constant pool entry 67	50001a89
	constant pool entry 66	50001a88
	constant pool entry 65	50001a87
	constant pool entry 64	50001a86
	constant pool entry 63	50001a85
	constant pool entry 62	50001a84
	constant pool entry 61	50001a83
	constant pool entry 60	50001a82
	constant pool entry 59	50001a81
	constant pool entry 58	50001a80
	constant pool entry 57	50001a7f
	constant pool entry 56	50001a7e
	constant pool entry 55	50001a7d
	constant pool entry 54	50001a7c
	constant pool entry 53	50001a7b
	constant pool entry 52	50001a7a
	constant pool entry 51	50001a79
	constant pool entry 50	50001a78
	constant pool entry 49	50001a77
	constant pool entry 48	50001a76
	constant pool entry 47	50001a75
	constant pool entry 46	50001a74
	constant pool entry 45	50001a73
	constant pool entry 44	50001a72
	constant pool entry 43	50001a71
	constant pool entry 42	50001a70
	constant pool entry 41	50001a6f
	constant pool entry 40	50001a6e
	constant pool entry 39	50001a6d
	constant pool entry 38	50001a6c
	constant pool entry 37	50001a6b
	constant pool entry 36	50001a6a
	constant pool entry 35	50001a69
	constant pool entry 34	50001a68
	constant pool entry 33	50001a67
	constant pool entry 32	50001a66
	constant pool entry 31	50001a65
	constant pool entry 30	50001a64
	constant pool entry 29	50001a63
	constant pool entry 28	50001a62
	constant pool entry 27	50001a61
	constant pool entry 26	50001a60
	constant pool entry 25	50001a5f
	constant pool entry 24	50001a5e
	constant pool entry 23	50001a5d
	constant pool entry 22	50001a5c
	constant pool entry 21	50001a5b
	constant pool entry 20	50001a5a
	constant pool entry 19	50001a59
	constant pool entry 18	50001a58
	constant pool entry 17	50001a57
	constant pool entry 16	50001a56
	constant pool entry 15	50001a55
	constant pool entry 14	50001a54
	constant pool entry 13	50001a53
	constant pool entry 12	50001a52
	constant pool entry 11	50001a51
	constant pool entry 10	50001a50
	constant pool entry 9	50001a4f
	constant pool entry 8	50001a4e
	constant pool entry 7	50001a4d
	constant pool entry 6	50001a4c
	constant pool entry 5	50001a4b
	constant pool entry 4	50001a4a
	constant pool entry 3	50001a49
	constant pool entry 2	50001a48
	constant pool entry 1	50001a47
CLS 500014d7 (name=java.util.HashMap$KeySet, trace=301536)
	super		500000ed
	constant pool entry 44	500014d7
	constant pool entry 42	500000d9
	constant pool entry 40	500000ed
CLS 500014db (name=java.text.DecimalFormat, trace=301540)
	super		500008ad
	static PATTERN_EXPONENT	50003020
	static EmptyFieldPositionArray	500014dd
	constant pool entry 1003	5000010a
	constant pool entry 469	5000150e
	constant pool entry 468	500008ad
	constant pool entry 467	5000150b
	constant pool entry 464	50000874
	constant pool entry 462	500014df
	constant pool entry 461	50000f3a
	constant pool entry 456	500014e3
	constant pool entry 450	50000135
	constant pool entry 449	50000181
	constant pool entry 446	50000122
	constant pool entry 444	500000d1
	constant pool entry 443	5000011c
	constant pool entry 442	5000011d
	constant pool entry 436	5000017d
	constant pool entry 418	50003020
	constant pool entry 413	50003692
	constant pool entry 6	500014db
	constant pool entry 3	50001c52
	constant pool entry 2	5000177a
CLS 500014dc (name=java.text.FieldPosition[], trace=301541)
	super		50000185
CLS 500014df (name=java.text.DigitList, trace=301543)
	super		50000185
	static LONG_MIN_REP	500014e0
	constant pool entry 276	5000010a
	constant pool entry 143	500014e3
	constant pool entry 140	5000017a
	constant pool entry 137	50000181
	constant pool entry 136	50000185
	constant pool entry 130	5000017d
	constant pool entry 7	500014df
	constant pool entry 4	500036a7
CLS 500014e3 (name=java.math.RoundingMode, trace=301547)
	super		5000005d
	static UP	500014e4
	static DOWN	500014e5
	static CEILING	500014e6
	static FLOOR	500014e7
	static HALF_UP	500014e8
	static HALF_DOWN	500014e9
	static HALF_EVEN	500014ea
	static UNNECESSARY	500014eb
	static $VALUES	500014ed
	constant pool entry 81	5000010a
	constant pool entry 40	5000005d
	constant pool entry 10	500014e3
	constant pool entry 8	500036af
	constant pool entry 7	500036ae
	constant pool entry 6	500036ad
	constant pool entry 5	500036ac
	constant pool entry 4	500036ab
	constant pool entry 3	500036aa
	constant pool entry 2	500036a9
	constant pool entry 1	500036a8
CLS 500014ec (name=java.math.RoundingMode[], trace=301556)
	super		50000185
CLS 5000150b (name=java.text.Format$FieldDelegate, trace=301582)
CLS 5000150c (name=java.text.FieldPosition$Delegate, trace=301582)
	super		50000185
	constant pool entry 29	5000150c
	constant pool entry 27	50000874
	constant pool entry 25	50000185
CLS 5000150e (name=java.text.NumberFormat$Field, trace=301584)
	super		5000087a
	static instanceMap	5000150f
	static INTEGER	50001510
	static FRACTION	50001513
	static EXPONENT	50001515
	static DECIMAL_SEPARATOR	50001517
	static SIGN	50001519
	static GROUPING_SEPARATOR	5000151b
	static EXPONENT_SYMBOL	5000151d
	static PERCENT	5000151f
	static PERMILLE	50001521
	static CURRENCY	50001523
	static EXPONENT_SIGN	50001525
	constant pool entry 80	5000015a
	constant pool entry 79	500000d9
	constant pool entry 77	5000087a
	constant pool entry 74	50000185
	constant pool entry 14	5000150e
	constant pool entry 11	5000369a
	constant pool entry 10	50003643
	constant pool entry 9	50003699
	constant pool entry 8	50003640
	constant pool entry 7	50003698
	constant pool entry 6	50003697
	constant pool entry 5	50003696
	constant pool entry 4	50003695
	constant pool entry 3	50003694
	constant pool entry 2	50003693
	constant pool entry 1	5000363d
CLS 50001636 (name=java.lang.Shutdown, trace=300000)
	super		50000185
	static hooks	50001637
	static lock	50001639
	static haltLock	5000163a
	constant pool entry 112	5000010a
	constant pool entry 64	50001638
	constant pool entry 62	5000015e
	constant pool entry 4	50001636
CLS 50001638 (name=java.lang.Shutdown$Lock, trace=301619)
	super		50000185
	constant pool entry 12	50001638
	constant pool entry 9	50000185
CLS 5000163b (name=java.io.Serializable[][], trace=300000)
	super		50000185
CLS 5000163c (name=java.lang.Comparable[][], trace=300000)
	super		50000185
CLS 5000163d (name=java.lang.CharSequence[][], trace=300000)
	super		50000185
CLS 5000163e (name=java.lang.AbstractStringBuilder[], trace=300000)
	super		50000185
CLS 5000163f (name=java.lang.Appendable[], trace=300000)
	super		50000185
